Archive member included because of file (symbol)

/opt/sparc-elf-4.4.2/bin/../lib/gcc/sparc-elf/4.4.2/../../../../sparc-elf/lib/soft/libm.a(s_floor.o)
                              biquad.o (floor)
/opt/sparc-elf-4.4.2/bin/../lib/gcc/sparc-elf/4.4.2/../../../../sparc-elf/lib/soft/libm.a(wf_sqrt.o)
                              biquad.o (sqrtf)
/opt/sparc-elf-4.4.2/bin/../lib/gcc/sparc-elf/4.4.2/../../../../sparc-elf/lib/soft/libm.a(ef_sqrt.o)
                              /opt/sparc-elf-4.4.2/bin/../lib/gcc/sparc-elf/4.4.2/../../../../sparc-elf/lib/soft/libm.a(wf_sqrt.o) (__ieee754_sqrtf)
/opt/sparc-elf-4.4.2/bin/../lib/gcc/sparc-elf/4.4.2/../../../../sparc-elf/lib/soft/libm.a(s_lib_ver.o)
                              /opt/sparc-elf-4.4.2/bin/../lib/gcc/sparc-elf/4.4.2/../../../../sparc-elf/lib/soft/libm.a(wf_sqrt.o) (__fdlib_version)
/opt/sparc-elf-4.4.2/bin/../lib/gcc/sparc-elf/4.4.2/../../../../sparc-elf/lib/soft/libm.a(s_matherr.o)
                              /opt/sparc-elf-4.4.2/bin/../lib/gcc/sparc-elf/4.4.2/../../../../sparc-elf/lib/soft/libm.a(wf_sqrt.o) (matherr)
/opt/sparc-elf-4.4.2/bin/../lib/gcc/sparc-elf/4.4.2/../../../../sparc-elf/lib/soft/libm.a(sf_isnan.o)
                              /opt/sparc-elf-4.4.2/bin/../lib/gcc/sparc-elf/4.4.2/../../../../sparc-elf/lib/soft/libm.a(wf_sqrt.o) (isnanf)
/opt/sparc-elf-4.4.2/bin/../lib/gcc/sparc-elf/4.4.2/soft/libgcc.a(_addsub_sf.o)
                              biquad.o (__subsf3)
/opt/sparc-elf-4.4.2/bin/../lib/gcc/sparc-elf/4.4.2/soft/libgcc.a(_mul_sf.o)
                              biquad.o (__mulsf3)
/opt/sparc-elf-4.4.2/bin/../lib/gcc/sparc-elf/4.4.2/soft/libgcc.a(_div_sf.o)
                              flex.o (__divsf3)
/opt/sparc-elf-4.4.2/bin/../lib/gcc/sparc-elf/4.4.2/soft/libgcc.a(_ge_sf.o)
                              biquad.o (__gesf2)
/opt/sparc-elf-4.4.2/bin/../lib/gcc/sparc-elf/4.4.2/soft/libgcc.a(_lt_sf.o)
                              biquad.o (__ltsf2)
/opt/sparc-elf-4.4.2/bin/../lib/gcc/sparc-elf/4.4.2/soft/libgcc.a(_si_to_sf.o)
                              flex.o (__floatsisf)
/opt/sparc-elf-4.4.2/bin/../lib/gcc/sparc-elf/4.4.2/soft/libgcc.a(_sf_to_si.o)
                              biquad.o (__fixsfsi)
/opt/sparc-elf-4.4.2/bin/../lib/gcc/sparc-elf/4.4.2/soft/libgcc.a(_sf_to_df.o)
                              biquad.o (__extendsfdf2)
/opt/sparc-elf-4.4.2/bin/../lib/gcc/sparc-elf/4.4.2/soft/libgcc.a(_thenan_sf.o)
                              /opt/sparc-elf-4.4.2/bin/../lib/gcc/sparc-elf/4.4.2/soft/libgcc.a(_addsub_sf.o) (__thenan_sf)
/opt/sparc-elf-4.4.2/bin/../lib/gcc/sparc-elf/4.4.2/soft/libgcc.a(_addsub_df.o)
                              /opt/sparc-elf-4.4.2/bin/../lib/gcc/sparc-elf/4.4.2/../../../../sparc-elf/lib/soft/libm.a(s_floor.o) (__adddf3)
/opt/sparc-elf-4.4.2/bin/../lib/gcc/sparc-elf/4.4.2/soft/libgcc.a(_mul_df.o)
                              biquad.o (__muldf3)
/opt/sparc-elf-4.4.2/bin/../lib/gcc/sparc-elf/4.4.2/soft/libgcc.a(_div_df.o)
                              /opt/sparc-elf-4.4.2/bin/../lib/gcc/sparc-elf/4.4.2/../../../../sparc-elf/lib/soft/libm.a(wf_sqrt.o) (__divdf3)
/opt/sparc-elf-4.4.2/bin/../lib/gcc/sparc-elf/4.4.2/soft/libgcc.a(_gt_df.o)
                              /opt/sparc-elf-4.4.2/bin/../lib/gcc/sparc-elf/4.4.2/../../../../sparc-elf/lib/soft/libm.a(s_floor.o) (__gtdf2)
/opt/sparc-elf-4.4.2/bin/../lib/gcc/sparc-elf/4.4.2/soft/libgcc.a(_df_to_si.o)
                              biquad.o (__fixdfsi)
/opt/sparc-elf-4.4.2/bin/../lib/gcc/sparc-elf/4.4.2/soft/libgcc.a(_make_df.o)
                              /opt/sparc-elf-4.4.2/bin/../lib/gcc/sparc-elf/4.4.2/soft/libgcc.a(_sf_to_df.o) (__make_dp)
/opt/sparc-elf-4.4.2/bin/../lib/gcc/sparc-elf/4.4.2/soft/libgcc.a(_df_to_sf.o)
                              biquad.o (__truncdfsf2)
/opt/sparc-elf-4.4.2/bin/../lib/gcc/sparc-elf/4.4.2/soft/libgcc.a(_thenan_df.o)
                              /opt/sparc-elf-4.4.2/bin/../lib/gcc/sparc-elf/4.4.2/soft/libgcc.a(_addsub_df.o) (__thenan_df)
/opt/sparc-elf-4.4.2/bin/../lib/gcc/sparc-elf/4.4.2/soft/libgcc.a(_muldi3.o)
                              /opt/sparc-elf-4.4.2/bin/../lib/gcc/sparc-elf/4.4.2/soft/libgcc.a(_mul_sf.o) (__muldi3)
/opt/sparc-elf-4.4.2/bin/../lib/gcc/sparc-elf/4.4.2/soft/libgcc.a(_ucmpdi2.o)
                              /opt/sparc-elf-4.4.2/bin/../lib/gcc/sparc-elf/4.4.2/soft/libgcc.a(_addsub_df.o) (__ucmpdi2)
/opt/sparc-elf-4.4.2/bin/../lib/gcc/sparc-elf/4.4.2/soft/libgcc.a(_clzsi2.o)
                              /opt/sparc-elf-4.4.2/bin/../lib/gcc/sparc-elf/4.4.2/soft/libgcc.a(_si_to_sf.o) (__clzsi2)
/opt/sparc-elf-4.4.2/bin/../lib/gcc/sparc-elf/4.4.2/soft/libgcc.a(_pack_sf.o)
                              /opt/sparc-elf-4.4.2/bin/../lib/gcc/sparc-elf/4.4.2/soft/libgcc.a(_addsub_sf.o) (__pack_f)
/opt/sparc-elf-4.4.2/bin/../lib/gcc/sparc-elf/4.4.2/soft/libgcc.a(_unpack_sf.o)
[...]
Memory Configuration

Name             Origin             Length             Attributes
rom              0x00000000         0x10000000
ram              0x40000000         0x80000000
*default*        0x00000000         0xffffffff

Linker script and memory map

LOAD /opt/sparc-elf-4.4.2/bin/../lib/gcc/sparc-elf/4.4.2/../../../../sparc-elf/lib/soft/locore_mvt.o
LOAD /opt/sparc-elf-4.4.2/bin/../lib/gcc/sparc-elf/4.4.2/../../../../sparc-elf/lib/soft/crt0.o
LOAD /opt/sparc-elf-4.4.2/bin/../lib/gcc/sparc-elf/4.4.2/soft/crti.o
LOAD /opt/sparc-elf-4.4.2/bin/../lib/gcc/sparc-elf/4.4.2/soft/crtbegin.o
LOAD /opt/sparc-elf-4.4.2/bin/../lib/gcc/sparc-elf/4.4.2/../../../../sparc-elf/lib/soft/pnpinit.o
LOAD wahwah.o
LOAD vibrato.o
LOAD tremolo.o
LOAD phaser.o
LOAD noiseGate.o
LOAD logScale.o
LOAD kTable.o
LOAD kDistortionTable.o
LOAD gainTable.o
LOAD gain.o
LOAD flex.o
LOAD flanger.o
LOAD distortion.o
LOAD delay.o
LOAD circularBuffer.o
LOAD chorus.o
LOAD c-irq.o
LOAD biquad.o
LOAD audio_io.o
LOAD audioKernel_03.o
LOAD SVFLookupTable.o
LOAD SVF.o
LOAD LFOSineWaveTable.o
LOAD LFO.o
LOAD /opt/sparc-elf-4.4.2/bin/../lib/gcc/sparc-elf/4.4.2/../../../../sparc-elf/lib/soft/libm.a
LOAD /opt/sparc-elf-4.4.2/bin/../lib/gcc/sparc-elf/4.4.2/soft/libgcc.a
START GROUP
LOAD /opt/sparc-elf-4.4.2/bin/../lib/gcc/sparc-elf/4.4.2/../../../../sparc-elf/lib/soft/libc.a
LOAD /opt/sparc-elf-4.4.2/bin/../lib/gcc/sparc-elf/4.4.2/soft/libgcc.a
LOAD /opt/sparc-elf-4.4.2/bin/../lib/gcc/sparc-elf/4.4.2/../../../../sparc-elf/lib/soft/libleonbare.a
END GROUP
LOAD /opt/sparc-elf-4.4.2/bin/../lib/gcc/sparc-elf/4.4.2/soft/libgcc.a
START GROUP
LOAD /opt/sparc-elf-4.4.2/bin/../lib/gcc/sparc-elf/4.4.2/../../../../sparc-elf/lib/soft/libc.a
LOAD /opt/sparc-elf-4.4.2/bin/../lib/gcc/sparc-elf/4.4.2/soft/libgcc.a
LOAD /opt/sparc-elf-4.4.2/bin/../lib/gcc/sparc-elf/4.4.2/../../../../sparc-elf/lib/soft/libleonbare.a
END GROUP
LOAD /opt/sparc-elf-4.4.2/bin/../lib/gcc/sparc-elf/4.4.2/soft/crtend.o
LOAD /opt/sparc-elf-4.4.2/bin/../lib/gcc/sparc-elf/4.4.2/soft/crtn.o

.text           0x40000000    0x165f0
 CREATE_OBJECT_SYMBOLS
 *(.text .text.*)
 .text          0x40000000     0x1000 /opt/sparc-elf-4.4.2/bin/../lib/gcc/sparc-elf/4.4.2/../../../../sparc-elf/lib/soft/locore_mvt.o
                0x40000000                _trap_table
                0x40000000                start
 .text          0x40001000       0x7c /opt/sparc-elf-4.4.2/bin/../lib/gcc/sparc-elf/4.4.2/../../../../sparc-elf/lib/soft/crt0.o
                0x40001000                _start
 .text          0x4000107c        0x0 /opt/sparc-elf-4.4.2/bin/../lib/gcc/sparc-elf/4.4.2/soft/crti.o
 .text          0x4000107c      0x11c /opt/sparc-elf-4.4.2/bin/../lib/gcc/sparc-elf/4.4.2/soft/crtbegin.o
 .text          0x40001198      0x78c /opt/sparc-elf-4.4.2/bin/../lib/gcc/sparc-elf/4.4.2/../../../../sparc-elf/lib/soft/pnpinit.o
                0x40001198                ambapp_addr_from
                0x40001894                pnpinit
                0x4000180c                find_apbslv
 .text          0x40001924      0x33c wahwah.o
                0x40001924                applyWahwah
                0x40001bc4                initWahwah
 .text          0x40001c60      0x164 vibrato.o
                0x40001c60                applyVibrato
                0x40001d3c                initVibrato
 .text          0x40001dc4       0xe4 tremolo.o
                0x40001dc4                applyTremolo
                0x40001e7c                initTremolo
 .text          0x40001ea8       0xb4 phaser.o
                0x40001f2c                initPhaser
                0x40001ea8                applyPhaser
 .text          0x40001f5c      0x200 noiseGate.o
                0x40001f5c                applyNoiseGate
                0x400020e4                initNoiseGate
 .text          0x4000215c        0x0 logScale.o
 .text          0x4000215c        0x0 kTable.o
 .text          0x4000215c        0x0 kDistortionTable.o
 .text          0x4000215c        0x0 gainTable.o
 .text          0x4000215c       0x74 gain.o
                0x4000215c                applyGain
 .text          0x400021d0      0xb54 flex.o
                0x40002b40                dummyOutGain
                0x40002c60                dummyFlanger
                0x40002c3c                dummyTremolo
                0x400021d0                dummyDummy
                0x40002ca8                dummyEQ
                0x40002c18                dummyVibrato
                0x40002bf4                dummyWahwah
                0x40002504                extractParams
                0x40002c84                dummyChorus
                0x40002bac                dummyDistortion
                0x40002b88                dummyNoiseGate
                0x40002cf0                dummyDelay
                0x400021d8                initialize
                0x40002bd0                dummyPhaser
                0x40002b64                dummyPreGain
 .text          0x40002d24      0x1c8 flanger.o
                0x40002e50                initFlanger
                0x40002d24                applyFlanger
 .text          0x40002eec      0x9d4 distortion.o
                0x40002fcc                initDistortion
                0x40002eec                applyDrive
                0x40003024                applyDistortion
 .text          0x400038c0      0x164 delay.o
                0x400038c0                delay
                0x400039b8                delayInitialize
 .text          0x40003a24      0x184 circularBuffer.o
                0x40003a9c                cbWrite
                0x40003a84                cbIsEmpty
                0x40003b1c                cbRead
                0x40003a24                cbInit
                0x40003b94                cbFree
                0x40003b5c                cbIncrement
                0x40003a3c                cbIsFull
 .text          0x40003ba8      0x1b0 chorus.o
                0x40003ccc                initChorus
                0x40003ba8                applyChorus
 .text          0x40003d58       0x7c c-irq.o
                0x40003db8                irqhandler
                0x40003d58                enable_irq
                0x40003da0                force_irq
                0x40003d80                disable_irq
 .text          0x40003dd4      0xad0 biquad.o
                0x40003edc                filterCoefficients
                0x40003dd4                filter
 .text          0x400048a4       0x50 audio_io.o
                0x400048d0                getByte
                0x400048e0                mergeByte
                0x400048c4                writeAddrConst
                0x400048b4                writeAddr
                0x400048a4                readAddr
 .text          0x400048f4      0x330 audioKernel_03.o
                0x40004b30                adcHandler
                0x40004b20                progHandler
                0x400048f4                selectHandler
                0x400048fc                main
 .text          0x40004c24        0x0 SVFLookupTable.o
 .text          0x40004c24      0x1a8 SVF.o
                0x40004c24                initSVF
                0x40004c60                applySVF
 .text          0x40004dcc        0x0 LFOSineWaveTable.o
 .text          0x40004dcc       0xa4 LFO.o
                0x40004e48                initLFO
                0x40004dcc                getLFOValue
 .text          0x40004e70      0x1f8 /opt/sparc-elf-4.4.2/bin/../lib/gcc/sparc-elf/4.4.2/../../../../sparc-elf/lib/soft/libm.a(s_floor.o)
                0x40004e70                floor
 .text          0x40005068      0x100 /opt/sparc-elf-4.4.2/bin/../lib/gcc/sparc-elf/4.4.2/../../../../sparc-elf/lib/soft/libm.a(wf_sqrt.o)
                0x40005068                sqrtf
 .text          0x40005168      0x13c /opt/sparc-elf-4.4.2/bin/../lib/gcc/sparc-elf/4.4.2/../../../../sparc-elf/lib/soft/libm.a(ef_sqrt.o)
                0x40005168                __ieee754_sqrtf
 .text          0x400052a4        0x0 /opt/sparc-elf-4.4.2/bin/../lib/gcc/sparc-elf/4.4.2/../../../../sparc-elf/lib/soft/libm.a(s_lib_ver.o)
 .text          0x400052a4        0x8 /opt/sparc-elf-4.4.2/bin/../lib/gcc/sparc-elf/4.4.2/../../../../sparc-elf/lib/soft/libm.a(s_matherr.o)
                0x400052a4                matherr
 .text          0x400052ac       0x24 /opt/sparc-elf-4.4.2/bin/../lib/gcc/sparc-elf/4.4.2/../../../../sparc-elf/lib/soft/libm.a(sf_isnan.o)
                0x400052ac                isnanf
 .text          0x400052d0      0x2d4 /opt/sparc-elf-4.4.2/bin/../lib/gcc/sparc-elf/4.4.2/soft/libgcc.a(_addsub_sf.o)
                0x40005500                __subsf3
                0x40005558                __addsf3
 .text          0x400055a4      0x1dc /opt/sparc-elf-4.4.2/bin/../lib/gcc/sparc-elf/4.4.2/soft/libgcc.a(_mul_sf.o)
                0x400055a4                __mulsf3
 .text          0x40005780      0x164 /opt/sparc-elf-4.4.2/bin/../lib/gcc/sparc-elf/4.4.2/soft/libgcc.a(_div_sf.o)
                0x40005780                __divsf3
 .text          0x400058e4       0x64 /opt/sparc-elf-4.4.2/bin/../lib/gcc/sparc-elf/4.4.2/soft/libgcc.a(_ge_sf.o)
                0x400058e4                __gesf2
 .text          0x40005948       0x64 /opt/sparc-elf-4.4.2/bin/../lib/gcc/sparc-elf/4.4.2/soft/libgcc.a(_lt_sf.o)
                0x40005948                __ltsf2
 .text          0x400059ac       0xa0 /opt/sparc-elf-4.4.2/bin/../lib/gcc/sparc-elf/4.4.2/soft/libgcc.a(_si_to_sf.o)
                0x400059ac                __floatsisf
 .text          0x40005a4c       0x94 /opt/sparc-elf-4.4.2/bin/../lib/gcc/sparc-elf/4.4.2/soft/libgcc.a(_sf_to_si.o)
                0x40005a4c                __fixsfsi
 .text          0x40005ae0       0x3c /opt/sparc-elf-4.4.2/bin/../lib/gcc/sparc-elf/4.4.2/soft/libgcc.a(_sf_to_df.o)
                0x40005ae0                __extendsfdf2
 .text          0x40005b1c        0x0 /opt/sparc-elf-4.4.2/bin/../lib/gcc/sparc-elf/4.4.2/soft/libgcc.a(_thenan_sf.o)
 .text          0x40005b1c      0x474 /opt/sparc-elf-4.4.2/bin/../lib/gcc/sparc-elf/4.4.2/soft/libgcc.a(_addsub_df.o)
                0x40005f40                __adddf3
                0x40005ee4                __subdf3
 .text          0x40005f90      0x364 /opt/sparc-elf-4.4.2/bin/../lib/gcc/sparc-elf/4.4.2/soft/libgcc.a(_mul_df.o)
                0x40005f90                __muldf3
 .text          0x400062f4      0x23c /opt/sparc-elf-4.4.2/bin/../lib/gcc/sparc-elf/4.4.2/soft/libgcc.a(_div_df.o)
                0x400062f4                __divdf3
 .text          0x40006530       0x64 /opt/sparc-elf-4.4.2/bin/../lib/gcc/sparc-elf/4.4.2/soft/libgcc.a(_gt_df.o)
                0x40006530                __gtdf2
 .text          0x40006594       0xdc /opt/sparc-elf-4.4.2/bin/../lib/gcc/sparc-elf/4.4.2/soft/libgcc.a(_df_to_si.o)
                0x40006594                __fixdfsi
 .text          0x40006670       0x2c /opt/sparc-elf-4.4.2/bin/../lib/gcc/sparc-elf/4.4.2/soft/libgcc.a(_make_df.o)
                0x40006670                __make_dp
 .text          0x4000669c       0x58 /opt/sparc-elf-4.4.2/bin/../lib/gcc/sparc-elf/4.4.2/soft/libgcc.a(_df_to_sf.o)
                0x4000669c                __truncdfsf2
 .text          0x400066f4        0x0 /opt/sparc-elf-4.4.2/bin/../lib/gcc/sparc-elf/4.4.2/soft/libgcc.a(_thenan_df.o)
 .text          0x400066f4       0xcc /opt/sparc-elf-4.4.2/bin/../lib/gcc/sparc-elf/4.4.2/soft/libgcc.a(_muldi3.o)
                0x400066f4                __muldi3
 .text          0x400067c0       0x3c /opt/sparc-elf-4.4.2/bin/../lib/gcc/sparc-elf/4.4.2/soft/libgcc.a(_ucmpdi2.o)
                0x400067c0                __ucmpdi2
 .text          0x400067fc       0x78 /opt/sparc-elf-4.4.2/bin/../lib/gcc/sparc-elf/4.4.2/soft/libgcc.a(_clzsi2.o)
                0x400067fc                __clzsi2
 .text          0x40006874      0x164 /opt/sparc-elf-4.4.2/bin/../lib/gcc/sparc-elf/4.4.2/soft/libgcc.a(_pack_sf.o)
                0x40006874                __pack_f
 .text          0x400069d8       0xd8 /opt/sparc-elf-4.4.2/bin/../lib/gcc/sparc-elf/4.4.2/soft/libgcc.a(_unpack_sf.o)
                0x400069d8                __unpack_f
 .text          0x40006ab0       0xfc /opt/sparc-elf-4.4.2/bin/../lib/gcc/sparc-elf/4.4.2/soft/libgcc.a(_fpcmp_parts_sf.o)
                0x40006ab0                __fpcmp_parts_f
 .text          0x40006bac       0x1c /opt/sparc-elf-4.4.2/bin/../lib/gcc/sparc-elf/4.4.2/soft/libgcc.a(_make_sf.o)
                0x40006bac                __make_fp
 .text          0x40006bc8      0x2a8 /opt/sparc-elf-4.4.2/bin/../lib/gcc/sparc-elf/4.4.2/soft/libgcc.a(_pack_df.o)
                0x40006bc8                __pack_d
 .text          0x40006e70      0x13c /opt/sparc-elf-4.4.2/bin/../lib/gcc/sparc-elf/4.4.2/soft/libgcc.a(_unpack_df.o)
                0x40006e70                __unpack_d
 .text          0x40006fac      0x138 /opt/sparc-elf-4.4.2/bin/../lib/gcc/sparc-elf/4.4.2/soft/libgcc.a(_fpcmp_parts_df.o)
                0x40006fac                __fpcmp_parts_d
 .text          0x400070e4       0xe8 /opt/sparc-elf-4.4.2/bin/../lib/gcc/sparc-elf/4.4.2/soft/libgcc.a(_mulsi3.o)
                0x400070e4                .umul
 .text          0x400071cc       0x40 /opt/sparc-elf-4.4.2/bin/../lib/gcc/sparc-elf/4.4.2/soft/libgcc.a(_lshrdi3.o)
                0x400071cc                __lshrdi3
 .text          0x4000720c       0x40 /opt/sparc-elf-4.4.2/bin/../lib/gcc/sparc-elf/4.4.2/soft/libgcc.a(_ashldi3.o)
                0x4000720c                __ashldi3
 .text          0x4000724c        0x0 /opt/sparc-elf-4.4.2/bin/../lib/gcc/sparc-elf/4.4.2/soft/libgcc.a(_clz.o)
 .text          0x4000724c       0x20 /opt/sparc-elf-4.4.2/bin/../lib/gcc/sparc-elf/4.4.2/../../../../sparc-elf/lib/soft/libc.a(atexit.o)
                0x4000724c                _atexit
                0x4000724c                atexit
 .text          0x4000726c        0xc /opt/sparc-elf-4.4.2/bin/../lib/gcc/sparc-elf/4.4.2/../../../../sparc-elf/lib/soft/libc.a(errno.o)
                0x4000726c                __errno
 .text          0x40007278        0x0 /opt/sparc-elf-4.4.2/bin/../lib/gcc/sparc-elf/4.4.2/../../../../sparc-elf/lib/soft/libc.a(impure.o)
 .text          0x40007278       0x38 /opt/sparc-elf-4.4.2/bin/../lib/gcc/sparc-elf/4.4.2/../../../../sparc-elf/lib/soft/libc.a(malloc.o)
                0x40007294                malloc
                0x40007278                free
 .text          0x400072b0      0x6d8 /opt/sparc-elf-4.4.2/bin/../lib/gcc/sparc-elf/4.4.2/../../../../sparc-elf/lib/soft/libc.a(mallocr.o)
                0x400072b0                _malloc_r
 .text          0x40007988       0xfc /opt/sparc-elf-4.4.2/bin/../lib/gcc/sparc-elf/4.4.2/../../../../sparc-elf/lib/soft/libc.a(memcpy.o)
                0x40007988                memcpy
 .text          0x40007a84       0x30 /opt/sparc-elf-4.4.2/bin/../lib/gcc/sparc-elf/4.4.2/../../../../sparc-elf/lib/soft/libc.a(mlock.o)
                0x40007a84                __malloc_unlock
                0x40007a9c                __malloc_lock
 .text          0x40007ab4       0x70 /opt/sparc-elf-4.4.2/bin/../lib/gcc/sparc-elf/4.4.2/../../../../sparc-elf/lib/soft/libc.a(printf.o)
                0x40007ab4                printf
                0x40007af0                _printf_r
 .text          0x40007b24       0x40 /opt/sparc-elf-4.4.2/bin/../lib/gcc/sparc-elf/4.4.2/../../../../sparc-elf/lib/soft/libc.a(sbrkr.o)
                0x40007b24                _sbrk_r
 .text          0x40007b64     0x1f74 /opt/sparc-elf-4.4.2/bin/../lib/gcc/sparc-elf/4.4.2/../../../../sparc-elf/lib/soft/libc.a(vfprintf.o)
                0x40007d00                _vfprintf_r
                0x40009aac                vfprintf
 .text          0x40009ad8       0x8c /opt/sparc-elf-4.4.2/bin/../lib/gcc/sparc-elf/4.4.2/../../../../sparc-elf/lib/soft/libc.a(wcrtomb.o)
                0x40009ad8                _wcrtomb_r
                0x40009b38                wcrtomb
 .text          0x40009b64      0x16c /opt/sparc-elf-4.4.2/bin/../lib/gcc/sparc-elf/4.4.2/../../../../sparc-elf/lib/soft/libc.a(wcsrtombs.o)
                0x40009b64                _wcsrtombs_r
                0x40009c9c                wcsrtombs
 .text          0x40009cd0      0x3f4 /opt/sparc-elf-4.4.2/bin/../lib/gcc/sparc-elf/4.4.2/../../../../sparc-elf/lib/soft/libc.a(wctomb_r.o)
                0x40009cd0                _wctomb_r
 .text          0x4000a0c4      0x134 /opt/sparc-elf-4.4.2/bin/../lib/gcc/sparc-elf/4.4.2/../../../../sparc-elf/lib/soft/libc.a(wsetup.o)
                0x4000a0c4                __swsetup
 .text          0x4000a1f8      0x12c /opt/sparc-elf-4.4.2/bin/../lib/gcc/sparc-elf/4.4.2/../../../../sparc-elf/lib/soft/libc.a(__atexit.o)
                0x4000a1f8                __register_exitproc
 .text          0x4000a324     0x1644 /opt/sparc-elf-4.4.2/bin/../lib/gcc/sparc-elf/4.4.2/../../../../sparc-elf/lib/soft/libc.a(dtoa.o)
                0x4000a53c                _dtoa_r
 .text          0x4000b968      0x15c /opt/sparc-elf-4.4.2/bin/../lib/gcc/sparc-elf/4.4.2/../../../../sparc-elf/lib/soft/libc.a(fflush.o)
                0x4000b968                fflush
 .text          0x4000bac4      0x350 /opt/sparc-elf-4.4.2/bin/../lib/gcc/sparc-elf/4.4.2/../../../../sparc-elf/lib/soft/libc.a(findfp.o)
                0x4000bc3c                __sinit
                0x4000bca8                __sfmoreglue
                0x4000badc                _cleanup
                0x4000bac4                _cleanup_r
                0x4000bb90                __fp_lock_all
                0x4000bb78                __sfp_lock_acquire
                0x4000bcf8                __sfp
                0x4000bb30                __fp_unlock_all
                0x4000bb18                __sfp_lock_release
 .text          0x4000be14      0x388 /opt/sparc-elf-4.4.2/bin/../lib/gcc/sparc-elf/4.4.2/../../../../sparc-elf/lib/soft/libc.a(freer.o)
                0x4000bf00                _free_r
                0x4000be14                _malloc_trim_r
 .text          0x4000c19c      0x420 /opt/sparc-elf-4.4.2/bin/../lib/gcc/sparc-elf/4.4.2/../../../../sparc-elf/lib/soft/libc.a(fvwrite.o)
                0x4000c19c                __sfvwrite
 .text          0x4000c5bc      0x1c4 /opt/sparc-elf-4.4.2/bin/../lib/gcc/sparc-elf/4.4.2/../../../../sparc-elf/lib/soft/libc.a(fwalk.o)
                0x4000c6a0                _fwalk
                0x4000c5bc                _fwalk_reent
 .text          0x4000c780       0xb0 /opt/sparc-elf-4.4.2/bin/../lib/gcc/sparc-elf/4.4.2/../../../../sparc-elf/lib/soft/libc.a(locale.o)
                0x4000c7a4                _setlocale_r
                0x4000c780                __locale_charset
                0x4000c78c                _localeconv_r
                0x4000c80c                setlocale
                0x4000c798                localeconv
 .text          0x4000c830      0x160 /opt/sparc-elf-4.4.2/bin/../lib/gcc/sparc-elf/4.4.2/../../../../sparc-elf/lib/soft/libc.a(makebuf.o)
                0x4000c830                __smakebuf
 .text          0x4000c990       0xf0 /opt/sparc-elf-4.4.2/bin/../lib/gcc/sparc-elf/4.4.2/../../../../sparc-elf/lib/soft/libc.a(memchr.o)
                0x4000c990                memchr
 .text          0x4000ca80      0x150 /opt/sparc-elf-4.4.2/bin/../lib/gcc/sparc-elf/4.4.2/../../../../sparc-elf/lib/soft/libc.a(memmove.o)
                0x4000ca80                memmove
 .text          0x4000cbd0       0xdc /opt/sparc-elf-4.4.2/bin/../lib/gcc/sparc-elf/4.4.2/../../../../sparc-elf/lib/soft/libc.a(memset.o)
                0x4000cbd0                memset
 .text          0x4000ccac      0xe2c /opt/sparc-elf-4.4.2/bin/../lib/gcc/sparc-elf/4.4.2/../../../../sparc-elf/lib/soft/libc.a(mprec.o)
                0x4000d0b8                _mprec_log10
                0x4000ccd8                _hi0bits
                0x4000d110                _Balloc
                0x4000d1b8                _d2b
                0x4000d5c8                _multiply
                0x4000d01c                _ratio
                0x4000da08                _s2b
                0x4000d7e8                _i2b
                0x4000cd5c                _lo0bits
                0x4000ce40                __mcmp
                0x4000d8f4                _pow5mult
                0x4000ceb4                _ulp
                0x4000cf28                _b2d
                0x4000d80c                _multadd
                0x4000d2e0                __mdiff
                0x4000d494                _lshift
                0x4000ccac                _Bfree
 .text          0x4000dad8      0x4f8 /opt/sparc-elf-4.4.2/bin/../lib/gcc/sparc-elf/4.4.2/../../../../sparc-elf/lib/soft/libc.a(reallocr.o)
                0x4000dad8                _realloc_r
 .text          0x4000dfd0      0x1b8 /opt/sparc-elf-4.4.2/bin/../lib/gcc/sparc-elf/4.4.2/../../../../sparc-elf/lib/soft/libc.a(reent.o)
                0x4000e05c                cleanup_glue
                0x4000e084                _reclaim_reent
                0x4000dfd0                _wrapup_reent
 .text          0x4000e188       0x34 /opt/sparc-elf-4.4.2/bin/../lib/gcc/sparc-elf/4.4.2/../../../../sparc-elf/lib/soft/libc.a(s_isinf.o)
                0x4000e188                isinf
 .text          0x4000e1bc       0x28 /opt/sparc-elf-4.4.2/bin/../lib/gcc/sparc-elf/4.4.2/../../../../sparc-elf/lib/soft/libc.a(s_isnan.o)
                0x4000e1bc                isnan
 .text          0x4000e1e4      0x11c /opt/sparc-elf-4.4.2/bin/../lib/gcc/sparc-elf/4.4.2/../../../../sparc-elf/lib/soft/libc.a(stdio.o)
                0x4000e200                __sseek
                0x4000e2b0                __sread
                0x4000e1e4                __sclose
                0x4000e258                __swrite
 .text          0x4000e300       0xe8 /opt/sparc-elf-4.4.2/bin/../lib/gcc/sparc-elf/4.4.2/../../../../sparc-elf/lib/soft/libc.a(strcmp.o)
                0x4000e300                strcmp
 .text          0x4000e3e8       0x94 /opt/sparc-elf-4.4.2/bin/../lib/gcc/sparc-elf/4.4.2/../../../../sparc-elf/lib/soft/libc.a(strlen.o)
                0x4000e3e8                strlen
 .text          0x4000e47c       0x48 /opt/sparc-elf-4.4.2/bin/../lib/gcc/sparc-elf/4.4.2/../../../../sparc-elf/lib/soft/libc.a(writer.o)
                0x4000e47c                _write_r
 .text          0x4000e4c4       0xa0 /opt/sparc-elf-4.4.2/bin/../lib/gcc/sparc-elf/4.4.2/../../../../sparc-elf/lib/soft/libc.a(callocr.o)
                0x4000e4c4                _calloc_r
 .text          0x4000e564       0x40 /opt/sparc-elf-4.4.2/bin/../lib/gcc/sparc-elf/4.4.2/../../../../sparc-elf/lib/soft/libc.a(closer.o)
                0x4000e564                _close_r
 .text          0x4000e5a4      0x18c /opt/sparc-elf-4.4.2/bin/../lib/gcc/sparc-elf/4.4.2/../../../../sparc-elf/lib/soft/libc.a(fclose.o)
                0x4000e5a4                _fclose_r
                0x4000e714                fclose
 .text          0x4000e730       0x44 /opt/sparc-elf-4.4.2/bin/../lib/gcc/sparc-elf/4.4.2/../../../../sparc-elf/lib/soft/libc.a(fstatr.o)
                0x4000e730                _fstat_r
 .text          0x4000e774       0x48 /opt/sparc-elf-4.4.2/bin/../lib/gcc/sparc-elf/4.4.2/../../../../sparc-elf/lib/soft/libc.a(lseekr.o)
                0x4000e774                _lseek_r
 .text          0x4000e7bc       0x48 /opt/sparc-elf-4.4.2/bin/../lib/gcc/sparc-elf/4.4.2/../../../../sparc-elf/lib/soft/libc.a(readr.o)
                0x4000e7bc                _read_r
 .text          0x4000e804      0x2b0 /opt/sparc-elf-4.4.2/bin/../lib/gcc/sparc-elf/4.4.2/soft/libgcc.a(_divsi3.o)
                0x4000e804                .udiv
                0x4000e80c                .div
 .text          0x4000eab4      0x2b0 /opt/sparc-elf-4.4.2/bin/../lib/gcc/sparc-elf/4.4.2/soft/libgcc.a(_modsi3.o)
                0x4000eab4                .urem
                0x4000eabc                .rem
 .text          0x4000ed64       0x64 /opt/sparc-elf-4.4.2/bin/../lib/gcc/sparc-elf/4.4.2/soft/libgcc.a(_eq_df.o)
                0x4000ed64                __eqdf2
 .text          0x4000edc8       0x64 /opt/sparc-elf-4.4.2/bin/../lib/gcc/sparc-elf/4.4.2/soft/libgcc.a(_ne_df.o)
                0x4000edc8                __nedf2
 .text          0x4000ee2c       0x64 /opt/sparc-elf-4.4.2/bin/../lib/gcc/sparc-elf/4.4.2/soft/libgcc.a(_ge_df.o)
                0x4000ee2c                __gedf2
 .text          0x4000ee90       0x64 /opt/sparc-elf-4.4.2/bin/../lib/gcc/sparc-elf/4.4.2/soft/libgcc.a(_lt_df.o)
                0x4000ee90                __ltdf2
 .text          0x4000eef4       0xd8 /opt/sparc-elf-4.4.2/bin/../lib/gcc/sparc-elf/4.4.2/soft/libgcc.a(_si_to_df.o)
                0x4000eef4                __floatsidf
 .text          0x4000efcc      0x13c /opt/sparc-elf-4.4.2/bin/../lib/gcc/sparc-elf/4.4.2/soft/libgcc.a(_usi_to_df.o)
                0x4000efcc                __floatunsidf
 .text          0x4000f108        0x8 /opt/sparc-elf-4.4.2/bin/../lib/gcc/sparc-elf/4.4.2/../../../../sparc-elf/lib/soft/libleonbare.a(close.o)
                0x4000f108                close
 .text          0x4000f110       0x14 /opt/sparc-elf-4.4.2/bin/../lib/gcc/sparc-elf/4.4.2/../../../../sparc-elf/lib/soft/libleonbare.a(fstat.o)
                0x4000f110                fstat
 .text          0x4000f124        0x8 /opt/sparc-elf-4.4.2/bin/../lib/gcc/sparc-elf/4.4.2/../../../../sparc-elf/lib/soft/libleonbare.a(isatty.o)
                0x4000f124                isatty
 .text          0x4000f12c       0x1c /opt/sparc-elf-4.4.2/bin/../lib/gcc/sparc-elf/4.4.2/../../../../sparc-elf/lib/soft/libleonbare.a(lseek.o)
                0x4000f12c                lseek
 .text          0x4000f148       0x5c /opt/sparc-elf-4.4.2/bin/../lib/gcc/sparc-elf/4.4.2/../../../../sparc-elf/lib/soft/libleonbare.a(read.o)
                0x4000f148                read
 .text          0x4000f1a4       0x3c /opt/sparc-elf-4.4.2/bin/../lib/gcc/sparc-elf/4.4.2/../../../../sparc-elf/lib/soft/libleonbare.a(sbrk.o)
                0x4000f1a4                sbrk
 .text          0x4000f1e0       0x78 /opt/sparc-elf-4.4.2/bin/../lib/gcc/sparc-elf/4.4.2/../../../../sparc-elf/lib/soft/libleonbare.a(write.o)
                0x4000f1e0                write
 .text          0x4000f258       0x84 /opt/sparc-elf-4.4.2/bin/../lib/gcc/sparc-elf/4.4.2/../../../../sparc-elf/lib/soft/libleonbare.a(io.o)
                0x4000f258                outbyte
                0x4000f2a8                inbyte
 .text          0x4000f2dc       0xcc /opt/sparc-elf-4.4.2/bin/../lib/gcc/sparc-elf/4.4.2/../../../../sparc-elf/lib/soft/libleonbare.a(regwin.o)
                0x4000f340                __window_overflow_slow1
                0x4000f2dc                _window_overflow
                0x4000f2dc                _window_overflow_svt
                0x4000f2dc                __window_overflow_rettseq
                0x4000f348                _window_underflow
                0x4000f348                _window_underflow_svt
                0x4000f2e8                __window_overflow_rettseq_ret
 .text          0x4000f3a8      0x230 /opt/sparc-elf-4.4.2/bin/../lib/gcc/sparc-elf/4.4.2/../../../../sparc-elf/lib/soft/libleonbare.a(regwinflush.o)
                0x4000f500                _irqcall_disableirq
                0x4000f3a8                _flush_windows_svt
                0x4000f51c                _irqcall_svt
                0x4000f3ac                _flush_windows
                0x4000f500                _irqcall_disableirq_svt
                0x4000f51c                _irqcall
                0x4000f5cc                leonbare_flush_windows
                0x4000f5c0                leonbare_disable_traps
                0x4000f5b4                leonbare_enable_traps
 .text          0x4000f5d8       0x18 /opt/sparc-elf-4.4.2/bin/../lib/gcc/sparc-elf/4.4.2/../../../../sparc-elf/lib/soft/libleonbare.a(bdinit.o)
                0x4000f5e8                prelibchook
                0x4000f5d8                bdinit1
                0x4000f5e0                bdinit2
 .text          0x4000f5f0       0xa0 /opt/sparc-elf-4.4.2/bin/../lib/gcc/sparc-elf/4.4.2/../../../../sparc-elf/lib/soft/libleonbare.a(irqtrap_fast.o)
                0x4000f5f8                leonbare_irq_entry
                0x4000f5f0                _leonbare_irq_entry_svt
 .text          0x4000f690      0x218 /opt/sparc-elf-4.4.2/bin/../lib/gcc/sparc-elf/4.4.2/../../../../sparc-elf/lib/soft/libleonbare.a(catch_interrupt.o)
                0x4000f89c                sparc_leon23_get_tbr_base
                0x4000f690                catch_interrupt
                0x4000f718                chained_catch_interrupt
                0x4000f734                handler_irq
                0x4000f854                traptable_genjmp
 .text          0x4000f8a8        0x0 /opt/sparc-elf-4.4.2/bin/../lib/gcc/sparc-elf/4.4.2/../../../../sparc-elf/lib/soft/libleonbare.a(rtc.o)
 .text          0x4000f8a8      0x110 /opt/sparc-elf-4.4.2/bin/../lib/gcc/sparc-elf/4.4.2/../../../../sparc-elf/lib/soft/libleonbare.a(lcpuinit.o)
                0x4000f8a8                cpuinit
 .text          0x4000f9b8        0x0 /opt/sparc-elf-4.4.2/bin/../lib/gcc/sparc-elf/4.4.2/../../../../sparc-elf/lib/soft/libleonbare.a(lcpudata.o)
 .text          0x4000f9b8        0x0 /opt/sparc-elf-4.4.2/bin/../lib/gcc/sparc-elf/4.4.2/../../../../sparc-elf/lib/soft/libleonbare.a(console.o)
 .text          0x4000f9b8       0x10 /opt/sparc-elf-4.4.2/bin/../lib/gcc/sparc-elf/4.4.2/../../../../sparc-elf/lib/soft/libleonbare.a(_exit.o)
                0x4000f9b8                _exit
 .text          0x4000f9c8      0x2c4 /opt/sparc-elf-4.4.2/bin/../lib/gcc/sparc-elf/4.4.2/../../../../sparc-elf/lib/soft/libleonbare.a(amba.o)
                0x4000fa80                amba_init
                0x4000f9c8                amba_find_apbslv_addr
 .text          0x4000fc8c      0x170 /opt/sparc-elf-4.4.2/bin/../lib/gcc/sparc-elf/4.4.2/../../../../sparc-elf/lib/soft/libleonbare.a(mutex.o)
                0x4000fd18                __st_pthread_mutex_trylock
                0x4000fcec                __st_pthread_mutex_lock
                0x4000fd9c                __st_pthread_mutexattr_destroy
                0x4000fd18                ___st_pthread_mutex_trylock
                0x4000fdc8                __st_pthread_mutexattr_settype
                0x4000fc8c                __st_pthread_mutex_init
                0x4000fcec                ___st_pthread_mutex_lock
                0x4000fd9c                ___st_pthread_mutexattr_destroy
                0x4000fc8c                ___st_pthread_mutex_init
                0x4000fcc0                ___st_pthread_mutex_destroy
                0x4000fd70                __st_pthread_mutexattr_init
                0x4000fd44                ___st_pthread_mutex_unlock
                0x4000fd70                ___st_pthread_mutexattr_init
                0x4000fdc8                ___st_pthread_mutexattr_settype
                0x4000fd44                __st_pthread_mutex_unlock
                0x4000fcc0                __st_pthread_mutex_destroy
 .text          0x4000fdfc       0xa8 /opt/sparc-elf-4.4.2/bin/../lib/gcc/sparc-elf/4.4.2/../../../../sparc-elf/lib/soft/libleonbare.a(locore.o)
                0x4000fdfc                _hardreset_real
                0x4000fe00                _hardreset
                0x4000fe78                _fpdis_svt
                0x4000fe78                _fpdis
 .text          0x4000fea4       0x10 /opt/sparc-elf-4.4.2/bin/../lib/gcc/sparc-elf/4.4.2/../../../../sparc-elf/lib/soft/libleonbare.a(locore_clean.o)
                0x4000fea4                _cleanregs_libgloss
                0x4000fea4                _cleanregs_custom_weak
 .text          0x4000feb4       0x68 /opt/sparc-elf-4.4.2/bin/../lib/gcc/sparc-elf/4.4.2/../../../../sparc-elf/lib/soft/libleonbare.a(locore_var.o)
                0x4000feb4                _hardreset_custom_weak
 .text          0x4000ff1c        0x8 /opt/sparc-elf-4.4.2/bin/../lib/gcc/sparc-elf/4.4.2/../../../../sparc-elf/lib/soft/libleonbare.a(locore_var_svt.o)
                0x4000ff1c                _hardreset_custom_svt_weak
 .text          0x4000ff24        0x0 /opt/sparc-elf-4.4.2/bin/../lib/gcc/sparc-elf/4.4.2/../../../../sparc-elf/lib/soft/libleonbare.a(jiffies.o)
 .text          0x4000ff24       0x18 /opt/sparc-elf-4.4.2/bin/../lib/gcc/sparc-elf/4.4.2/../../../../sparc-elf/lib/soft/libleonbare.a(mmu_asm.o)
                0x4000ff24                _srmmu_fault_svt
                0x4000ff24                _srmmu_fault
 .text          0x4000ff3c       0x38 /opt/sparc-elf-4.4.2/bin/../lib/gcc/sparc-elf/4.4.2/../../../../sparc-elf/lib/soft/libleonbare.a(locore_mvt_reset.o)
                0x4000ff3c                _hardreset_mvt
 .text          0x4000ff74       0x4c /opt/sparc-elf-4.4.2/bin/../lib/gcc/sparc-elf/4.4.2/../../../../sparc-elf/lib/soft/libleonbare.a(initcalls.o)
                0x4000ff74                _call_initcalls
 .text          0x4000ffc0       0x98 /opt/sparc-elf-4.4.2/bin/../lib/gcc/sparc-elf/4.4.2/../../../../sparc-elf/lib/soft/libleonbare.a(etrap.o)
                0x4000ffc0                leonbare_trapsetup
 .text          0x40010058      0x110 /opt/sparc-elf-4.4.2/bin/../lib/gcc/sparc-elf/4.4.2/../../../../sparc-elf/lib/soft/libleonbare.a(rtrap.o)
                0x40010058                leonbare_trapreturn
 .text          0x40010168       0x7c /opt/sparc-elf-4.4.2/bin/../lib/gcc/sparc-elf/4.4.2/../../../../sparc-elf/lib/soft/libleonbare.a(etrap_fast.o)
                0x40010168                leonbare_trapsetup_fast
 .text          0x400101e4       0xd8 /opt/sparc-elf-4.4.2/bin/../lib/gcc/sparc-elf/4.4.2/../../../../sparc-elf/lib/soft/libleonbare.a(rtrap_fast.o)
                0x400101e4                leonbare_trapreturn_fast
 .text          0x400102bc       0xe4 /opt/sparc-elf-4.4.2/bin/../lib/gcc/sparc-elf/4.4.2/../../../../sparc-elf/lib/soft/libleonbare.a(busscan.o)
                0x40010314                apbslv_scan
                0x40010368                iobar_getbase
                0x400102bc                ahbslv_scan
 .text          0x400103a0       0x48 /opt/sparc-elf-4.4.2/bin/../lib/gcc/sparc-elf/4.4.2/soft/crtend.o
 .text          0x400103e8        0x0 /opt/sparc-elf-4.4.2/bin/../lib/gcc/sparc-elf/4.4.2/soft/crtn.o
                0x400103e8                etext = .
                0x400103f0                . = ALIGN (0x10)
 *fill*         0x400103e8        0x8 00
 *(.eh_frame)
 .eh_frame      0x400103f0        0x0 /opt/sparc-elf-4.4.2/bin/../lib/gcc/sparc-elf/4.4.2/soft/crtbegin.o
 .eh_frame      0x400103f0       0xb4 /opt/sparc-elf-4.4.2/bin/../lib/gcc/sparc-elf/4.4.2/../../../../sparc-elf/lib/soft/pnpinit.o
 .eh_frame      0x400104a4       0x38 wahwah.o
                                 0x4c (size before relaxing)
 .eh_frame      0x400104dc       0x38 vibrato.o
                                 0x4c (size before relaxing)
 .eh_frame      0x40010514       0x38 tremolo.o
                                 0x4c (size before relaxing)
 .eh_frame      0x4001054c       0x38 phaser.o
                                 0x4c (size before relaxing)
 .eh_frame      0x40010584       0x38 noiseGate.o
                                 0x4c (size before relaxing)
 .eh_frame      0x400105bc       0x1c gain.o
                                 0x30 (size before relaxing)
 .eh_frame      0x400105d8      0x144 flex.o
                                0x158 (size before relaxing)
 .eh_frame      0x4001071c       0x38 flanger.o
                                 0x4c (size before relaxing)
 .eh_frame      0x40010754       0x54 distortion.o
                                 0x68 (size before relaxing)
 .eh_frame      0x400107a8       0x38 delay.o
                                 0x4c (size before relaxing)
 .eh_frame      0x400107e0       0x94 circularBuffer.o
                                 0xa8 (size before relaxing)
 .eh_frame      0x40010874       0x38 chorus.o
                                 0x4c (size before relaxing)
 .eh_frame      0x400108ac       0x50 c-irq.o
                                 0x64 (size before relaxing)
 .eh_frame      0x400108fc       0x38 biquad.o
                                 0x4c (size before relaxing)
 .eh_frame      0x40010934       0x64 audio_io.o
                                 0x78 (size before relaxing)
 .eh_frame      0x40010998       0x60 audioKernel_03.o
                                 0x74 (size before relaxing)
 .eh_frame      0x400109f8       0x30 SVF.o
                                 0x44 (size before relaxing)
 .eh_frame      0x40010a28       0x30 LFO.o
                                 0x44 (size before relaxing)
 .eh_frame      0x40010a58       0x1c /opt/sparc-elf-4.4.2/bin/../lib/gcc/sparc-elf/4.4.2/../../../../sparc-elf/lib/soft/libm.a(s_floor.o)
                                 0x30 (size before relaxing)
 .eh_frame      0x40010a74       0x18 /opt/sparc-elf-4.4.2/bin/../lib/gcc/sparc-elf/4.4.2/../../../../sparc-elf/lib/soft/libm.a(wf_sqrt.o)
                                 0x2c (size before relaxing)
 .eh_frame      0x40010a8c       0x1c /opt/sparc-elf-4.4.2/bin/../lib/gcc/sparc-elf/4.4.2/../../../../sparc-elf/lib/soft/libm.a(ef_sqrt.o)
                                 0x30 (size before relaxing)
 .eh_frame      0x40010aa8       0x14 /opt/sparc-elf-4.4.2/bin/../lib/gcc/sparc-elf/4.4.2/../../../../sparc-elf/lib/soft/libm.a(s_matherr.o)
                                 0x28 (size before relaxing)
 .eh_frame      0x40010abc       0x14 /opt/sparc-elf-4.4.2/bin/../lib/gcc/sparc-elf/4.4.2/../../../../sparc-elf/lib/soft/libm.a(sf_isnan.o)
                                 0x28 (size before relaxing)
 .eh_frame      0x40010ad0       0x54 /opt/sparc-elf-4.4.2/bin/../lib/gcc/sparc-elf/4.4.2/soft/libgcc.a(_addsub_sf.o)
                                 0x68 (size before relaxing)
 .eh_frame      0x40010b24       0x1c /opt/sparc-elf-4.4.2/bin/../lib/gcc/sparc-elf/4.4.2/soft/libgcc.a(_mul_sf.o)
                                 0x30 (size before relaxing)
 .eh_frame      0x40010b40       0x1c /opt/sparc-elf-4.4.2/bin/../lib/gcc/sparc-elf/4.4.2/soft/libgcc.a(_div_sf.o)
                                 0x30 (size before relaxing)
 .eh_frame      0x40010b5c       0x1c /opt/sparc-elf-4.4.2/bin/../lib/gcc/sparc-elf/4.4.2/soft/libgcc.a(_ge_sf.o)
                                 0x30 (size before relaxing)
 .eh_frame      0x40010b78       0x1c /opt/sparc-elf-4.4.2/bin/../lib/gcc/sparc-elf/4.4.2/soft/libgcc.a(_lt_sf.o)
                                 0x30 (size before relaxing)
 .eh_frame      0x40010b94       0x1c /opt/sparc-elf-4.4.2/bin/../lib/gcc/sparc-elf/4.4.2/soft/libgcc.a(_si_to_sf.o)
                                 0x30 (size before relaxing)
 .eh_frame      0x40010bb0       0x1c /opt/sparc-elf-4.4.2/bin/../lib/gcc/sparc-elf/4.4.2/soft/libgcc.a(_sf_to_si.o)
                                 0x30 (size before relaxing)
 .eh_frame      0x40010bcc       0x1c /opt/sparc-elf-4.4.2/bin/../lib/gcc/sparc-elf/4.4.2/soft/libgcc.a(_sf_to_df.o)
                                 0x30 (size before relaxing)
 .eh_frame      0x40010be8       0x54 /opt/sparc-elf-4.4.2/bin/../lib/gcc/sparc-elf/4.4.2/soft/libgcc.a(_addsub_df.o)
                                 0x68 (size before relaxing)
 .eh_frame      0x40010c3c       0x1c /opt/sparc-elf-4.4.2/bin/../lib/gcc/sparc-elf/4.4.2/soft/libgcc.a(_mul_df.o)
                                 0x30 (size before relaxing)
 .eh_frame      0x40010c58       0x1c /opt/sparc-elf-4.4.2/bin/../lib/gcc/sparc-elf/4.4.2/soft/libgcc.a(_div_df.o)
                                 0x30 (size before relaxing)
 .eh_frame      0x40010c74       0x1c /opt/sparc-elf-4.4.2/bin/../lib/gcc/sparc-elf/4.4.2/soft/libgcc.a(_gt_df.o)
                                 0x30 (size before relaxing)
 .eh_frame      0x40010c90       0x1c /opt/sparc-elf-4.4.2/bin/../lib/gcc/sparc-elf/4.4.2/soft/libgcc.a(_df_to_si.o)
                                 0x30 (size before relaxing)
 .eh_frame      0x40010cac       0x1c /opt/sparc-elf-4.4.2/bin/../lib/gcc/sparc-elf/4.4.2/soft/libgcc.a(_make_df.o)
                                 0x30 (size before relaxing)
 .eh_frame      0x40010cc8       0x1c /opt/sparc-elf-4.4.2/bin/../lib/gcc/sparc-elf/4.4.2/soft/libgcc.a(_df_to_sf.o)
                                 0x30 (size before relaxing)
 .eh_frame      0x40010ce4       0x1c /opt/sparc-elf-4.4.2/bin/../lib/gcc/sparc-elf/4.4.2/soft/libgcc.a(_muldi3.o)
                                 0x30 (size before relaxing)
 .eh_frame      0x40010d00       0x14 /opt/sparc-elf-4.4.2/bin/../lib/gcc/sparc-elf/4.4.2/soft/libgcc.a(_ucmpdi2.o)
                                 0x28 (size before relaxing)
 .eh_frame      0x40010d14       0x14 /opt/sparc-elf-4.4.2/bin/../lib/gcc/sparc-elf/4.4.2/soft/libgcc.a(_clzsi2.o)
                                 0x28 (size before relaxing)
 .eh_frame      0x40010d28       0x1c /opt/sparc-elf-4.4.2/bin/../lib/gcc/sparc-elf/4.4.2/soft/libgcc.a(_pack_sf.o)
                                 0x30 (size before relaxing)
 .eh_frame      0x40010d44       0x14 /opt/sparc-elf-4.4.2/bin/../lib/gcc/sparc-elf/4.4.2/soft/libgcc.a(_unpack_sf.o)
                                 0x28 (size before relaxing)
 .eh_frame      0x40010d58       0x14 /opt/sparc-elf-4.4.2/bin/../lib/gcc/sparc-elf/4.4.2/soft/libgcc.a(_fpcmp_parts_sf.o)
                                 0x28 (size before relaxing)
 .eh_frame      0x40010d6c       0x1c /opt/sparc-elf-4.4.2/bin/../lib/gcc/sparc-elf/4.4.2/soft/libgcc.a(_make_sf.o)
                                 0x30 (size before relaxing)
 .eh_frame      0x40010d88       0x1c /opt/sparc-elf-4.4.2/bin/../lib/gcc/sparc-elf/4.4.2/soft/libgcc.a(_pack_df.o)
                                 0x30 (size before relaxing)
 .eh_frame      0x40010da4       0x1c /opt/sparc-elf-4.4.2/bin/../lib/gcc/sparc-elf/4.4.2/soft/libgcc.a(_unpack_df.o)
                                 0x30 (size before relaxing)
 .eh_frame      0x40010dc0       0x1c /opt/sparc-elf-4.4.2/bin/../lib/gcc/sparc-elf/4.4.2/soft/libgcc.a(_fpcmp_parts_df.o)
                                 0x30 (size before relaxing)
 .eh_frame      0x40010ddc       0x14 /opt/sparc-elf-4.4.2/bin/../lib/gcc/sparc-elf/4.4.2/soft/libgcc.a(_lshrdi3.o)
                                 0x28 (size before relaxing)
 .eh_frame      0x40010df0       0x14 /opt/sparc-elf-4.4.2/bin/../lib/gcc/sparc-elf/4.4.2/soft/libgcc.a(_ashldi3.o)
                                 0x28 (size before relaxing)
 .eh_frame      0x40010e04       0x14 /opt/sparc-elf-4.4.2/bin/../lib/gcc/sparc-elf/4.4.2/../../../../sparc-elf/lib/soft/libc.a(atexit.o)
                                 0x28 (size before relaxing)
 .eh_frame      0x40010e18       0x14 /opt/sparc-elf-4.4.2/bin/../lib/gcc/sparc-elf/4.4.2/../../../../sparc-elf/lib/soft/libc.a(errno.o)
                                 0x28 (size before relaxing)
 .eh_frame      0x40010e2c       0x28 /opt/sparc-elf-4.4.2/bin/../lib/gcc/sparc-elf/4.4.2/../../../../sparc-elf/lib/soft/libc.a(malloc.o)
                                 0x3c (size before relaxing)
 .eh_frame      0x40010e54       0x1c /opt/sparc-elf-4.4.2/bin/../lib/gcc/sparc-elf/4.4.2/../../../../sparc-elf/lib/soft/libc.a(mallocr.o)
                                 0x30 (size before relaxing)
 .eh_frame      0x40010e70       0x1c /opt/sparc-elf-4.4.2/bin/../lib/gcc/sparc-elf/4.4.2/../../../../sparc-elf/lib/soft/libc.a(memcpy.o)
                                 0x30 (size before relaxing)
 .eh_frame      0x40010e8c       0x28 /opt/sparc-elf-4.4.2/bin/../lib/gcc/sparc-elf/4.4.2/../../../../sparc-elf/lib/soft/libc.a(mlock.o)
                                 0x3c (size before relaxing)
 .eh_frame      0x40010eb4       0x38 /opt/sparc-elf-4.4.2/bin/../lib/gcc/sparc-elf/4.4.2/../../../../sparc-elf/lib/soft/libc.a(printf.o)
                                 0x4c (size before relaxing)
 .eh_frame      0x40010eec       0x1c /opt/sparc-elf-4.4.2/bin/../lib/gcc/sparc-elf/4.4.2/../../../../sparc-elf/lib/soft/libc.a(sbrkr.o)
                                 0x30 (size before relaxing)
 .eh_frame      0x40010f08       0x48 /opt/sparc-elf-4.4.2/bin/../lib/gcc/sparc-elf/4.4.2/../../../../sparc-elf/lib/soft/libc.a(vfprintf.o)
                                 0x5c (size before relaxing)
 .eh_frame      0x40010f50       0x30 /opt/sparc-elf-4.4.2/bin/../lib/gcc/sparc-elf/4.4.2/../../../../sparc-elf/lib/soft/libc.a(wcrtomb.o)
                                 0x44 (size before relaxing)
 .eh_frame      0x40010f80       0x30 /opt/sparc-elf-4.4.2/bin/../lib/gcc/sparc-elf/4.4.2/../../../../sparc-elf/lib/soft/libc.a(wcsrtombs.o)
                                 0x44 (size before relaxing)
 .eh_frame      0x40010fb0       0x1c /opt/sparc-elf-4.4.2/bin/../lib/gcc/sparc-elf/4.4.2/../../../../sparc-elf/lib/soft/libc.a(wctomb_r.o)
                                 0x30 (size before relaxing)
 .eh_frame      0x40010fcc       0x1c /opt/sparc-elf-4.4.2/bin/../lib/gcc/sparc-elf/4.4.2/../../../../sparc-elf/lib/soft/libc.a(wsetup.o)
                                 0x30 (size before relaxing)
 .eh_frame      0x40010fe8       0x1c /opt/sparc-elf-4.4.2/bin/../lib/gcc/sparc-elf/4.4.2/../../../../sparc-elf/lib/soft/libc.a(__atexit.o)
                                 0x30 (size before relaxing)
 .eh_frame      0x40011004       0x38 /opt/sparc-elf-4.4.2/bin/../lib/gcc/sparc-elf/4.4.2/../../../../sparc-elf/lib/soft/libc.a(dtoa.o)
                                 0x4c (size before relaxing)
 .eh_frame      0x4001103c       0x1c /opt/sparc-elf-4.4.2/bin/../lib/gcc/sparc-elf/4.4.2/../../../../sparc-elf/lib/soft/libc.a(fflush.o)
                                 0x30 (size before relaxing)
 .eh_frame      0x40011058      0x128 /opt/sparc-elf-4.4.2/bin/../lib/gcc/sparc-elf/4.4.2/../../../../sparc-elf/lib/soft/libc.a(findfp.o)
                                0x13c (size before relaxing)
 .eh_frame      0x40011180       0x34 /opt/sparc-elf-4.4.2/bin/../lib/gcc/sparc-elf/4.4.2/../../../../sparc-elf/lib/soft/libc.a(freer.o)
                                 0x48 (size before relaxing)
 .eh_frame      0x400111b4       0x1c /opt/sparc-elf-4.4.2/bin/../lib/gcc/sparc-elf/4.4.2/../../../../sparc-elf/lib/soft/libc.a(fvwrite.o)
                                 0x30 (size before relaxing)
 .eh_frame      0x400111d0       0x30 /opt/sparc-elf-4.4.2/bin/../lib/gcc/sparc-elf/4.4.2/../../../../sparc-elf/lib/soft/libc.a(fwalk.o)
                                 0x44 (size before relaxing)
 .eh_frame      0x40011200       0x6c /opt/sparc-elf-4.4.2/bin/../lib/gcc/sparc-elf/4.4.2/../../../../sparc-elf/lib/soft/libc.a(locale.o)
                                 0x80 (size before relaxing)
 .eh_frame      0x4001126c       0x1c /opt/sparc-elf-4.4.2/bin/../lib/gcc/sparc-elf/4.4.2/../../../../sparc-elf/lib/soft/libc.a(makebuf.o)
                                 0x30 (size before relaxing)
 .eh_frame      0x40011288       0x1c /opt/sparc-elf-4.4.2/bin/../lib/gcc/sparc-elf/4.4.2/../../../../sparc-elf/lib/soft/libc.a(memchr.o)
                                 0x30 (size before relaxing)
 .eh_frame      0x400112a4       0x1c /opt/sparc-elf-4.4.2/bin/../lib/gcc/sparc-elf/4.4.2/../../../../sparc-elf/lib/soft/libc.a(memmove.o)
                                 0x30 (size before relaxing)
 .eh_frame      0x400112c0       0x1c /opt/sparc-elf-4.4.2/bin/../lib/gcc/sparc-elf/4.4.2/../../../../sparc-elf/lib/soft/libc.a(memset.o)
                                 0x30 (size before relaxing)
 .eh_frame      0x400112dc      0x1bc /opt/sparc-elf-4.4.2/bin/../lib/gcc/sparc-elf/4.4.2/../../../../sparc-elf/lib/soft/libc.a(mprec.o)
                                0x1d0 (size before relaxing)
 .eh_frame      0x40011498       0x1c /opt/sparc-elf-4.4.2/bin/../lib/gcc/sparc-elf/4.4.2/../../../../sparc-elf/lib/soft/libc.a(reallocr.o)
                                 0x30 (size before relaxing)
 .eh_frame      0x400114b4       0x54 /opt/sparc-elf-4.4.2/bin/../lib/gcc/sparc-elf/4.4.2/../../../../sparc-elf/lib/soft/libc.a(reent.o)
                                 0x68 (size before relaxing)
 .eh_frame      0x40011508       0x14 /opt/sparc-elf-4.4.2/bin/../lib/gcc/sparc-elf/4.4.2/../../../../sparc-elf/lib/soft/libc.a(s_isinf.o)
                                 0x28 (size before relaxing)
 .eh_frame      0x4001151c       0x14 /opt/sparc-elf-4.4.2/bin/../lib/gcc/sparc-elf/4.4.2/../../../../sparc-elf/lib/soft/libc.a(s_isnan.o)
                                 0x28 (size before relaxing)
 .eh_frame      0x40011530       0x68 /opt/sparc-elf-4.4.2/bin/../lib/gcc/sparc-elf/4.4.2/../../../../sparc-elf/lib/soft/libc.a(stdio.o)
                                 0x7c (size before relaxing)
 .eh_frame      0x40011598       0x14 /opt/sparc-elf-4.4.2/bin/../lib/gcc/sparc-elf/4.4.2/../../../../sparc-elf/lib/soft/libc.a(strcmp.o)
                                 0x28 (size before relaxing)
 .eh_frame      0x400115ac       0x1c /opt/sparc-elf-4.4.2/bin/../lib/gcc/sparc-elf/4.4.2/../../../../sparc-elf/lib/soft/libc.a(strlen.o)
                                 0x30 (size before relaxing)
 .eh_frame      0x400115c8       0x1c /opt/sparc-elf-4.4.2/bin/../lib/gcc/sparc-elf/4.4.2/../../../../sparc-elf/lib/soft/libc.a(writer.o)
                                 0x30 (size before relaxing)
 .eh_frame      0x400115e4       0x1c /opt/sparc-elf-4.4.2/bin/../lib/gcc/sparc-elf/4.4.2/../../../../sparc-elf/lib/soft/libc.a(callocr.o)
                                 0x30 (size before relaxing)
 .eh_frame      0x40011600       0x1c /opt/sparc-elf-4.4.2/bin/../lib/gcc/sparc-elf/4.4.2/../../../../sparc-elf/lib/soft/libc.a(closer.o)
                                 0x30 (size before relaxing)
 .eh_frame      0x4001161c       0x30 /opt/sparc-elf-4.4.2/bin/../lib/gcc/sparc-elf/4.4.2/../../../../sparc-elf/lib/soft/libc.a(fclose.o)
                                 0x44 (size before relaxing)
 .eh_frame      0x4001164c       0x1c /opt/sparc-elf-4.4.2/bin/../lib/gcc/sparc-elf/4.4.2/../../../../sparc-elf/lib/soft/libc.a(fstatr.o)
                                 0x30 (size before relaxing)
 .eh_frame      0x40011668       0x1c /opt/sparc-elf-4.4.2/bin/../lib/gcc/sparc-elf/4.4.2/../../../../sparc-elf/lib/soft/libc.a(lseekr.o)
                                 0x30 (size before relaxing)
 .eh_frame      0x40011684       0x1c /opt/sparc-elf-4.4.2/bin/../lib/gcc/sparc-elf/4.4.2/../../../../sparc-elf/lib/soft/libc.a(readr.o)
                                 0x30 (size before relaxing)
 .eh_frame      0x400116a0       0x1c /opt/sparc-elf-4.4.2/bin/../lib/gcc/sparc-elf/4.4.2/soft/libgcc.a(_eq_df.o)
                                 0x30 (size before relaxing)
 .eh_frame      0x400116bc       0x1c /opt/sparc-elf-4.4.2/bin/../lib/gcc/sparc-elf/4.4.2/soft/libgcc.a(_ne_df.o)
                                 0x30 (size before relaxing)
 .eh_frame      0x400116d8       0x1c /opt/sparc-elf-4.4.2/bin/../lib/gcc/sparc-elf/4.4.2/soft/libgcc.a(_ge_df.o)
                                 0x30 (size before relaxing)
 .eh_frame      0x400116f4       0x1c /opt/sparc-elf-4.4.2/bin/../lib/gcc/sparc-elf/4.4.2/soft/libgcc.a(_lt_df.o)
                                 0x30 (size before relaxing)
 .eh_frame      0x40011710       0x1c /opt/sparc-elf-4.4.2/bin/../lib/gcc/sparc-elf/4.4.2/soft/libgcc.a(_si_to_df.o)
                                 0x30 (size before relaxing)
 .eh_frame      0x4001172c       0x1c /opt/sparc-elf-4.4.2/bin/../lib/gcc/sparc-elf/4.4.2/soft/libgcc.a(_usi_to_df.o)
                                 0x30 (size before relaxing)
 .eh_frame      0x40011748       0x14 /opt/sparc-elf-4.4.2/bin/../lib/gcc/sparc-elf/4.4.2/../../../../sparc-elf/lib/soft/libleonbare.a(close.o)
                                 0x28 (size before relaxing)
 .eh_frame      0x4001175c       0x14 /opt/sparc-elf-4.4.2/bin/../lib/gcc/sparc-elf/4.4.2/../../../../sparc-elf/lib/soft/libleonbare.a(fstat.o)
                                 0x28 (size before relaxing)
 .eh_frame      0x40011770       0x14 /opt/sparc-elf-4.4.2/bin/../lib/gcc/sparc-elf/4.4.2/../../../../sparc-elf/lib/soft/libleonbare.a(isatty.o)
                                 0x28 (size before relaxing)
 .eh_frame      0x40011784       0x18 /opt/sparc-elf-4.4.2/bin/../lib/gcc/sparc-elf/4.4.2/../../../../sparc-elf/lib/soft/libleonbare.a(lseek.o)
                                 0x2c (size before relaxing)
 .eh_frame      0x4001179c       0x1c /opt/sparc-elf-4.4.2/bin/../lib/gcc/sparc-elf/4.4.2/../../../../sparc-elf/lib/soft/libleonbare.a(read.o)
                                 0x30 (size before relaxing)
 .eh_frame      0x400117b8       0x14 /opt/sparc-elf-4.4.2/bin/../lib/gcc/sparc-elf/4.4.2/../../../../sparc-elf/lib/soft/libleonbare.a(sbrk.o)
                                 0x28 (size before relaxing)
 .eh_frame      0x400117cc       0x1c /opt/sparc-elf-4.4.2/bin/../lib/gcc/sparc-elf/4.4.2/../../../../sparc-elf/lib/soft/libleonbare.a(write.o)
                                 0x30 (size before relaxing)
 .eh_frame      0x400117e8       0x28 /opt/sparc-elf-4.4.2/bin/../lib/gcc/sparc-elf/4.4.2/../../../../sparc-elf/lib/soft/libleonbare.a(io.o)
                                 0x3c (size before relaxing)
 .eh_frame      0x40011810       0x74 /opt/sparc-elf-4.4.2/bin/../lib/gcc/sparc-elf/4.4.2/../../../../sparc-elf/lib/soft/libleonbare.a(catch_interrupt.o)
                                 0x88 (size before relaxing)
 .eh_frame      0x40011884       0x14 /opt/sparc-elf-4.4.2/bin/../lib/gcc/sparc-elf/4.4.2/../../../../sparc-elf/lib/soft/libleonbare.a(_exit.o)
                                 0x28 (size before relaxing)
 .eh_frame      0x40011898       0x38 /opt/sparc-elf-4.4.2/bin/../lib/gcc/sparc-elf/4.4.2/../../../../sparc-elf/lib/soft/libleonbare.a(amba.o)
                                 0x4c (size before relaxing)
 .eh_frame      0x400118d0       0xe0 /opt/sparc-elf-4.4.2/bin/../lib/gcc/sparc-elf/4.4.2/../../../../sparc-elf/lib/soft/libleonbare.a(mutex.o)
                                 0xf4 (size before relaxing)
 .eh_frame      0x400119b0       0x1c /opt/sparc-elf-4.4.2/bin/../lib/gcc/sparc-elf/4.4.2/../../../../sparc-elf/lib/soft/libleonbare.a(initcalls.o)
                                 0x30 (size before relaxing)
 .eh_frame      0x400119cc        0x4 /opt/sparc-elf-4.4.2/bin/../lib/gcc/sparc-elf/4.4.2/soft/crtend.o
                0x400119d0                . = ALIGN (0x10)
 *fill*         0x400119d0        0x0 00
 *(.gnu.linkonce.t*)
                0x400119d0                ___CTOR_LIST__ = .
                0x400119d0        0x4 LONG 0x2 (((___CTOR_END__ - ___CTOR_LIST__) / 0x4) - 0x2)
 *(SORT(.ctors.*))
 *(.ctors)
 .ctors         0x400119d4        0x4 /opt/sparc-elf-4.4.2/bin/../lib/gcc/sparc-elf/4.4.2/soft/crtbegin.o
 .ctors         0x400119d8        0x4 /opt/sparc-elf-4.4.2/bin/../lib/gcc/sparc-elf/4.4.2/soft/crtend.o
                0x400119dc        0x4 LONG 0x0
                0x400119e0                ___CTOR_END__ = .
                0x400119e0                ___DTOR_LIST__ = .
                0x400119e0        0x4 LONG 0x2 (((___DTOR_END__ - ___DTOR_LIST__) / 0x4) - 0x2)
 *(SORT(.dtors.*))
 *(.dtors)
 .dtors         0x400119e4        0x4 /opt/sparc-elf-4.4.2/bin/../lib/gcc/sparc-elf/4.4.2/soft/crtbegin.o
 .dtors         0x400119e8        0x4 /opt/sparc-elf-4.4.2/bin/../lib/gcc/sparc-elf/4.4.2/soft/crtend.o
                0x400119e8                __DTOR_END__
                0x400119ec        0x4 LONG 0x0
                0x400119f0                ___DTOR_END__ = .
                0x400119f0                __leonbare_initcall_start = .
 *(.initcall1.init)
 *(.initcall2.init)
 *(.initcall3.init)
 *(.initcall4.init)
 *(.initcall5.init)
 *(.initcall6.init)
 *(.initcall7.init)
                0x400119f0                __leonbare_initcall_end = .
                0x400119f0                _rodata_start = .
 *(.rodata*)
 .rodata        0x400119f0     0x2000 logScale.o
                0x400119f0                logScale
 .rodata        0x400139f0      0x200 kTable.o
                0x400139f0                kTable
 .rodata        0x40013bf0      0x200 kDistortionTable.o
                0x40013bf0                kDistortionTable
 .rodata        0x40013df0      0x200 gainTable.o
                0x40013df0                gainTable
 .rodata.cst4   0x40013ff0        0x8 flex.o
                                  0xc (size before relaxing)
 .rodata.cst4   0x40013ff8       0x10 distortion.o
 .rodata.cst2   0x40014008        0x2 distortion.o
 *fill*         0x4001400a        0x6 00
 .rodata.str1.8
                0x40014010       0x10 c-irq.o
 .rodata.cst4   0x40014020       0x18 biquad.o
 .rodata.cst8   0x40014038        0x8 biquad.o
 .rodata.cst4   0x40014040       0x14 audioKernel_03.o
 .rodata        0x40014054     0x1fa0 SVFLookupTable.o
                0x40014054                SVFLookupTable
 .rodata        0x40015ff4      0x200 LFOSineWaveTable.o
                0x40015ff4                LFOSineWaveTable
 *fill*         0x400161f4        0x4 00
 .rodata.cst8   0x400161f8       0x10 /opt/sparc-elf-4.4.2/bin/../lib/gcc/sparc-elf/4.4.2/../../../../sparc-elf/lib/soft/libm.a(s_floor.o)
 .rodata.str1.8
                0x40016208        0x6 /opt/sparc-elf-4.4.2/bin/../lib/gcc/sparc-elf/4.4.2/../../../../sparc-elf/lib/soft/libm.a(wf_sqrt.o)
                                  0x8 (size before relaxing)
 .rodata.cst8   0x00000000        0x8 /opt/sparc-elf-4.4.2/bin/../lib/gcc/sparc-elf/4.4.2/../../../../sparc-elf/lib/soft/libm.a(wf_sqrt.o)
 *fill*         0x4001620e        0x2 00
 .rodata        0x40016210        0x4 /opt/sparc-elf-4.4.2/bin/../lib/gcc/sparc-elf/4.4.2/../../../../sparc-elf/lib/soft/libm.a(s_lib_ver.o)
                0x40016210                __fdlib_version
 .rodata.cst4   0x40016214        0x4 /opt/sparc-elf-4.4.2/bin/../lib/gcc/sparc-elf/4.4.2/soft/libgcc.a(_si_to_sf.o)
 .rodata        0x40016218       0x10 /opt/sparc-elf-4.4.2/bin/../lib/gcc/sparc-elf/4.4.2/soft/libgcc.a(_thenan_sf.o)
                0x40016218                __thenan_sf
 .rodata        0x40016228       0x18 /opt/sparc-elf-4.4.2/bin/../lib/gcc/sparc-elf/4.4.2/soft/libgcc.a(_thenan_df.o)
                0x40016228                __thenan_df
 .rodata        0x40016240      0x100 /opt/sparc-elf-4.4.2/bin/../lib/gcc/sparc-elf/4.4.2/soft/libgcc.a(_clz.o)
                0x40016240                __clz_tab
 .rodata        0x40016340        0x4 /opt/sparc-elf-4.4.2/bin/../lib/gcc/sparc-elf/4.4.2/../../../../sparc-elf/lib/soft/libc.a(impure.o)
                0x40016340                _global_impure_ptr
 *fill*         0x40016344        0x4 00
 .rodata.str1.8
                0x40016348        0x2 /opt/sparc-elf-4.4.2/bin/../lib/gcc/sparc-elf/4.4.2/../../../../sparc-elf/lib/soft/libc.a(impure.o)
                                  0x8 (size before relaxing)
 *fill*         0x4001634a        0x6 00
 .rodata.str1.8
                0x40016350       0x57 /opt/sparc-elf-4.4.2/bin/../lib/gcc/sparc-elf/4.4.2/../../../../sparc-elf/lib/soft/libc.a(vfprintf.o)
                                 0x58 (size before relaxing)
 .rodata.cst8   0x00000000        0x8 /opt/sparc-elf-4.4.2/bin/../lib/gcc/sparc-elf/4.4.2/../../../../sparc-elf/lib/soft/libc.a(vfprintf.o)
 *fill*         0x400163a7        0x1 00
 .rodata        0x400163a8       0x20 /opt/sparc-elf-4.4.2/bin/../lib/gcc/sparc-elf/4.4.2/../../../../sparc-elf/lib/soft/libc.a(vfprintf.o)
 .rodata.str1.8
                0x400163c8       0x1e /opt/sparc-elf-4.4.2/bin/../lib/gcc/sparc-elf/4.4.2/../../../../sparc-elf/lib/soft/libc.a(wctomb_r.o)
                                 0x20 (size before relaxing)
 *fill*         0x400163e6        0x2 00
 .rodata.str1.8
                0x400163e8        0x9 /opt/sparc-elf-4.4.2/bin/../lib/gcc/sparc-elf/4.4.2/../../../../sparc-elf/lib/soft/libc.a(dtoa.o)
                                 0x20 (size before relaxing)
 *fill*         0x400163f1        0x7 00
 .rodata.cst8   0x400163f8       0x48 /opt/sparc-elf-4.4.2/bin/../lib/gcc/sparc-elf/4.4.2/../../../../sparc-elf/lib/soft/libc.a(dtoa.o)
                                 0x50 (size before relaxing)
 .rodata.str1.8
                0x40016440       0x10 /opt/sparc-elf-4.4.2/bin/../lib/gcc/sparc-elf/4.4.2/../../../../sparc-elf/lib/soft/libc.a(locale.o)
                                 0x28 (size before relaxing)
 .rodata        0x40016450       0x34 /opt/sparc-elf-4.4.2/bin/../lib/gcc/sparc-elf/4.4.2/../../../../sparc-elf/lib/soft/libc.a(locale.o)
 .rodata.cst8   0x00000000       0x10 /opt/sparc-elf-4.4.2/bin/../lib/gcc/sparc-elf/4.4.2/../../../../sparc-elf/lib/soft/libc.a(mprec.o)
 *fill*         0x40016484        0x4 00
 .rodata        0x40016488      0x128 /opt/sparc-elf-4.4.2/bin/../lib/gcc/sparc-elf/4.4.2/../../../../sparc-elf/lib/soft/libc.a(mprec.o)
                0x40016578                __mprec_tinytens
                0x40016488                __mprec_tens
                0x40016550                __mprec_bigtens
 .rodata.cst8   0x400165b0        0x8 /opt/sparc-elf-4.4.2/bin/../lib/gcc/sparc-elf/4.4.2/soft/libgcc.a(_si_to_df.o)
 *(.gnu.linkonce.r*)
                0x400165c0                _erodata = ALIGN (0x10)
 *(.gnu.linkonce*)
 *(.init)
 .init          0x400165b8        0x4 /opt/sparc-elf-4.4.2/bin/../lib/gcc/sparc-elf/4.4.2/soft/crti.o
                0x400165b8                _init
 .init          0x400165bc        0x8 /opt/sparc-elf-4.4.2/bin/../lib/gcc/sparc-elf/4.4.2/soft/crtbegin.o
 .init          0x400165c4        0x8 /opt/sparc-elf-4.4.2/bin/../lib/gcc/sparc-elf/4.4.2/soft/crtend.o
 .init          0x400165cc        0x8 /opt/sparc-elf-4.4.2/bin/../lib/gcc/sparc-elf/4.4.2/soft/crtn.o
 *(.fini)
 .fini          0x400165d4        0x4 /opt/sparc-elf-4.4.2/bin/../lib/gcc/sparc-elf/4.4.2/soft/crti.o
                0x400165d4                _fini
 .fini          0x400165d8        0x8 /opt/sparc-elf-4.4.2/bin/../lib/gcc/sparc-elf/4.4.2/soft/crtbegin.o
 .fini          0x400165e0        0x8 /opt/sparc-elf-4.4.2/bin/../lib/gcc/sparc-elf/4.4.2/soft/crtn.o
 *(.lit)
 *(.shdata)
                0x400165f0                . = ALIGN (0x10)
 *fill*         0x400165e8        0x8 00
                0x400165f0                etext = .

.gcc_except_table
 *(.gcc_except_table)

.data           0x400165f0      0xad0
 *(.data .data.*)
 .data          0x400165f0        0x0 /opt/sparc-elf-4.4.2/bin/../lib/gcc/sparc-elf/4.4.2/../../../../sparc-elf/lib/soft/locore_mvt.o
 .data          0x400165f0        0x8 /opt/sparc-elf-4.4.2/bin/../lib/gcc/sparc-elf/4.4.2/../../../../sparc-elf/lib/soft/crt0.o
                0x400165f0                _environ
                0x400165f0                .bdata
 .data          0x400165f8        0x0 /opt/sparc-elf-4.4.2/bin/../lib/gcc/sparc-elf/4.4.2/soft/crti.o
 .data          0x400165f8        0x4 /opt/sparc-elf-4.4.2/bin/../lib/gcc/sparc-elf/4.4.2/soft/crtbegin.o
                0x400165f8                __dso_handle
 .data          0x400165fc        0x0 /opt/sparc-elf-4.4.2/bin/../lib/gcc/sparc-elf/4.4.2/../../../../sparc-elf/lib/soft/pnpinit.o
 .data          0x400165fc        0x0 wahwah.o
 .data          0x400165fc        0x0 vibrato.o
 .data          0x400165fc        0x0 tremolo.o
 .data          0x400165fc        0x0 phaser.o
 .data          0x400165fc        0x0 noiseGate.o
 .data          0x400165fc        0x0 logScale.o
 .data          0x400165fc        0x0 kTable.o
 .data          0x400165fc        0x0 kDistortionTable.o
 .data          0x400165fc        0x0 gainTable.o
 .data          0x400165fc        0x0 gain.o
 .data          0x400165fc        0x0 flex.o
 .data          0x400165fc        0x0 flanger.o
 .data          0x400165fc        0x0 distortion.o
 .data          0x400165fc        0x0 delay.o
 .data          0x400165fc        0x0 circularBuffer.o
 .data          0x400165fc        0x0 chorus.o
 .data          0x400165fc        0x4 c-irq.o
                0x400165fc                lreg
 .data          0x40016600        0x0 biquad.o
 .data          0x40016600        0x0 audio_io.o
 .data          0x40016600        0x0 audioKernel_03.o
 .data          0x40016600        0x0 SVFLookupTable.o
 .data          0x40016600        0x0 SVF.o
 .data          0x40016600        0x0 LFOSineWaveTable.o
 .data          0x40016600        0x0 LFO.o
 .data          0x40016600        0x0 /opt/sparc-elf-4.4.2/bin/../lib/gcc/sparc-elf/4.4.2/../../../../sparc-elf/lib/soft/libm.a(s_floor.o)
 .data          0x40016600        0x0 /opt/sparc-elf-4.4.2/bin/../lib/gcc/sparc-elf/4.4.2/../../../../sparc-elf/lib/soft/libm.a(wf_sqrt.o)
 .data          0x40016600        0x0 /opt/sparc-elf-4.4.2/bin/../lib/gcc/sparc-elf/4.4.2/../../../../sparc-elf/lib/soft/libm.a(ef_sqrt.o)
 .data          0x40016600        0x0 /opt/sparc-elf-4.4.2/bin/../lib/gcc/sparc-elf/4.4.2/../../../../sparc-elf/lib/soft/libm.a(s_lib_ver.o)
 .data          0x40016600        0x0 /opt/sparc-elf-4.4.2/bin/../lib/gcc/sparc-elf/4.4.2/../../../../sparc-elf/lib/soft/libm.a(s_matherr.o)
 .data          0x40016600        0x0 /opt/sparc-elf-4.4.2/bin/../lib/gcc/sparc-elf/4.4.2/../../../../sparc-elf/lib/soft/libm.a(sf_isnan.o)
 .data          0x40016600        0x0 /opt/sparc-elf-4.4.2/bin/../lib/gcc/sparc-elf/4.4.2/soft/libgcc.a(_addsub_sf.o)
 .data          0x40016600        0x0 /opt/sparc-elf-4.4.2/bin/../lib/gcc/sparc-elf/4.4.2/soft/libgcc.a(_mul_sf.o)
 .data          0x40016600        0x0 /opt/sparc-elf-4.4.2/bin/../lib/gcc/sparc-elf/4.4.2/soft/libgcc.a(_div_sf.o)
 .data          0x40016600        0x0 /opt/sparc-elf-4.4.2/bin/../lib/gcc/sparc-elf/4.4.2/soft/libgcc.a(_ge_sf.o)
 .data          0x40016600        0x0 /opt/sparc-elf-4.4.2/bin/../lib/gcc/sparc-elf/4.4.2/soft/libgcc.a(_lt_sf.o)
 .data          0x40016600        0x0 /opt/sparc-elf-4.4.2/bin/../lib/gcc/sparc-elf/4.4.2/soft/libgcc.a(_si_to_sf.o)
 .data          0x40016600        0x0 /opt/sparc-elf-4.4.2/bin/../lib/gcc/sparc-elf/4.4.2/soft/libgcc.a(_sf_to_si.o)
 .data          0x40016600        0x0 /opt/sparc-elf-4.4.2/bin/../lib/gcc/sparc-elf/4.4.2/soft/libgcc.a(_sf_to_df.o)
 .data          0x40016600        0x0 /opt/sparc-elf-4.4.2/bin/../lib/gcc/sparc-elf/4.4.2/soft/libgcc.a(_thenan_sf.o)
 .data          0x40016600        0x0 /opt/sparc-elf-4.4.2/bin/../lib/gcc/sparc-elf/4.4.2/soft/libgcc.a(_addsub_df.o)
 .data          0x40016600        0x0 /opt/sparc-elf-4.4.2/bin/../lib/gcc/sparc-elf/4.4.2/soft/libgcc.a(_mul_df.o)
 .data          0x40016600        0x0 /opt/sparc-elf-4.4.2/bin/../lib/gcc/sparc-elf/4.4.2/soft/libgcc.a(_div_df.o)
 .data          0x40016600        0x0 /opt/sparc-elf-4.4.2/bin/../lib/gcc/sparc-elf/4.4.2/soft/libgcc.a(_gt_df.o)
 .data          0x40016600        0x0 /opt/sparc-elf-4.4.2/bin/../lib/gcc/sparc-elf/4.4.2/soft/libgcc.a(_df_to_si.o)
 .data          0x40016600        0x0 /opt/sparc-elf-4.4.2/bin/../lib/gcc/sparc-elf/4.4.2/soft/libgcc.a(_make_df.o)
 .data          0x40016600        0x0 /opt/sparc-elf-4.4.2/bin/../lib/gcc/sparc-elf/4.4.2/soft/libgcc.a(_df_to_sf.o)
 .data          0x40016600        0x0 /opt/sparc-elf-4.4.2/bin/../lib/gcc/sparc-elf/4.4.2/soft/libgcc.a(_thenan_df.o)
 .data          0x40016600        0x0 /opt/sparc-elf-4.4.2/bin/../lib/gcc/sparc-elf/4.4.2/soft/libgcc.a(_muldi3.o)
 .data          0x40016600        0x0 /opt/sparc-elf-4.4.2/bin/../lib/gcc/sparc-elf/4.4.2/soft/libgcc.a(_ucmpdi2.o)
 .data          0x40016600        0x0 /opt/sparc-elf-4.4.2/bin/../lib/gcc/sparc-elf/4.4.2/soft/libgcc.a(_clzsi2.o)
 .data          0x40016600        0x0 /opt/sparc-elf-4.4.2/bin/../lib/gcc/sparc-elf/4.4.2/soft/libgcc.a(_pack_sf.o)
 .data          0x40016600        0x0 /opt/sparc-elf-4.4.2/bin/../lib/gcc/sparc-elf/4.4.2/soft/libgcc.a(_unpack_sf.o)
 .data          0x40016600        0x0 /opt/sparc-elf-4.4.2/bin/../lib/gcc/sparc-elf/4.4.2/soft/libgcc.a(_fpcmp_parts_sf.o)
 .data          0x40016600        0x0 /opt/sparc-elf-4.4.2/bin/../lib/gcc/sparc-elf/4.4.2/soft/libgcc.a(_make_sf.o)
 .data          0x40016600        0x0 /opt/sparc-elf-4.4.2/bin/../lib/gcc/sparc-elf/4.4.2/soft/libgcc.a(_pack_df.o)
 .data          0x40016600        0x0 /opt/sparc-elf-4.4.2/bin/../lib/gcc/sparc-elf/4.4.2/soft/libgcc.a(_unpack_df.o)
 .data          0x40016600        0x0 /opt/sparc-elf-4.4.2/bin/../lib/gcc/sparc-elf/4.4.2/soft/libgcc.a(_fpcmp_parts_df.o)
 .data          0x40016600        0x0 /opt/sparc-elf-4.4.2/bin/../lib/gcc/sparc-elf/4.4.2/soft/libgcc.a(_mulsi3.o)
 .data          0x40016600        0x0 /opt/sparc-elf-4.4.2/bin/../lib/gcc/sparc-elf/4.4.2/soft/libgcc.a(_lshrdi3.o)
 .data          0x40016600        0x0 /opt/sparc-elf-4.4.2/bin/../lib/gcc/sparc-elf/4.4.2/soft/libgcc.a(_ashldi3.o)
 .data          0x40016600        0x0 /opt/sparc-elf-4.4.2/bin/../lib/gcc/sparc-elf/4.4.2/soft/libgcc.a(_clz.o)
 .data          0x40016600        0x0 /opt/sparc-elf-4.4.2/bin/../lib/gcc/sparc-elf/4.4.2/../../../../sparc-elf/lib/soft/libc.a(atexit.o)
 .data          0x40016600        0x0 /opt/sparc-elf-4.4.2/bin/../lib/gcc/sparc-elf/4.4.2/../../../../sparc-elf/lib/soft/libc.a(errno.o)
 .data          0x40016600      0x558 /opt/sparc-elf-4.4.2/bin/../lib/gcc/sparc-elf/4.4.2/../../../../sparc-elf/lib/soft/libc.a(impure.o)
                0x40016600                _impure_ptr
 .data          0x40016b58        0x0 /opt/sparc-elf-4.4.2/bin/../lib/gcc/sparc-elf/4.4.2/../../../../sparc-elf/lib/soft/libc.a(malloc.o)
 .data          0x40016b58      0x410 /opt/sparc-elf-4.4.2/bin/../lib/gcc/sparc-elf/4.4.2/../../../../sparc-elf/lib/soft/libc.a(mallocr.o)
                0x40016f64                __malloc_sbrk_base
                0x40016b58                __malloc_av_
                0x40016f60                __malloc_trim_threshold
 .data          0x40016f68        0x0 /opt/sparc-elf-4.4.2/bin/../lib/gcc/sparc-elf/4.4.2/../../../../sparc-elf/lib/soft/libc.a(memcpy.o)
 .data          0x40016f68       0x74 /opt/sparc-elf-4.4.2/bin/../lib/gcc/sparc-elf/4.4.2/../../../../sparc-elf/lib/soft/libc.a(mlock.o)
 .data          0x40016fdc        0x0 /opt/sparc-elf-4.4.2/bin/../lib/gcc/sparc-elf/4.4.2/../../../../sparc-elf/lib/soft/libc.a(printf.o)
 .data          0x40016fdc        0x0 /opt/sparc-elf-4.4.2/bin/../lib/gcc/sparc-elf/4.4.2/../../../../sparc-elf/lib/soft/libc.a(sbrkr.o)
 .data          0x40016fdc        0x0 /opt/sparc-elf-4.4.2/bin/../lib/gcc/sparc-elf/4.4.2/../../../../sparc-elf/lib/soft/libc.a(vfprintf.o)
 .data          0x40016fdc        0x0 /opt/sparc-elf-4.4.2/bin/../lib/gcc/sparc-elf/4.4.2/../../../../sparc-elf/lib/soft/libc.a(wcrtomb.o)
 .data          0x40016fdc        0x0 /opt/sparc-elf-4.4.2/bin/../lib/gcc/sparc-elf/4.4.2/../../../../sparc-elf/lib/soft/libc.a(wcsrtombs.o)
 .data          0x40016fdc        0x0 /opt/sparc-elf-4.4.2/bin/../lib/gcc/sparc-elf/4.4.2/../../../../sparc-elf/lib/soft/libc.a(wctomb_r.o)
 .data          0x40016fdc        0x0 /opt/sparc-elf-4.4.2/bin/../lib/gcc/sparc-elf/4.4.2/../../../../sparc-elf/lib/soft/libc.a(wsetup.o)
 .data          0x40016fdc        0x0 /opt/sparc-elf-4.4.2/bin/../lib/gcc/sparc-elf/4.4.2/../../../../sparc-elf/lib/soft/libc.a(__atexit.o)
 .data          0x40016fdc        0x0 /opt/sparc-elf-4.4.2/bin/../lib/gcc/sparc-elf/4.4.2/../../../../sparc-elf/lib/soft/libc.a(dtoa.o)
 .data          0x40016fdc        0x0 /opt/sparc-elf-4.4.2/bin/../lib/gcc/sparc-elf/4.4.2/../../../../sparc-elf/lib/soft/libc.a(fflush.o)
 .data          0x40016fdc       0x74 /opt/sparc-elf-4.4.2/bin/../lib/gcc/sparc-elf/4.4.2/../../../../sparc-elf/lib/soft/libc.a(findfp.o)
 .data          0x40017050        0x0 /opt/sparc-elf-4.4.2/bin/../lib/gcc/sparc-elf/4.4.2/../../../../sparc-elf/lib/soft/libc.a(freer.o)
 .data          0x40017050        0x0 /opt/sparc-elf-4.4.2/bin/../lib/gcc/sparc-elf/4.4.2/../../../../sparc-elf/lib/soft/libc.a(fvwrite.o)
 .data          0x40017050        0x0 /opt/sparc-elf-4.4.2/bin/../lib/gcc/sparc-elf/4.4.2/../../../../sparc-elf/lib/soft/libc.a(fwalk.o)
 .data          0x40017050       0x18 /opt/sparc-elf-4.4.2/bin/../lib/gcc/sparc-elf/4.4.2/../../../../sparc-elf/lib/soft/libc.a(locale.o)
                0x40017050                __mb_cur_max
                0x40017058                __lc_ctype
 .data          0x40017068        0x0 /opt/sparc-elf-4.4.2/bin/../lib/gcc/sparc-elf/4.4.2/../../../../sparc-elf/lib/soft/libc.a(makebuf.o)
 .data          0x40017068        0x0 /opt/sparc-elf-4.4.2/bin/../lib/gcc/sparc-elf/4.4.2/../../../../sparc-elf/lib/soft/libc.a(memchr.o)
 .data          0x40017068        0x0 /opt/sparc-elf-4.4.2/bin/../lib/gcc/sparc-elf/4.4.2/../../../../sparc-elf/lib/soft/libc.a(memmove.o)
 .data          0x40017068        0x0 /opt/sparc-elf-4.4.2/bin/../lib/gcc/sparc-elf/4.4.2/../../../../sparc-elf/lib/soft/libc.a(memset.o)
 .data          0x40017068        0x0 /opt/sparc-elf-4.4.2/bin/../lib/gcc/sparc-elf/4.4.2/../../../../sparc-elf/lib/soft/libc.a(mprec.o)
 .data          0x40017068        0x0 /opt/sparc-elf-4.4.2/bin/../lib/gcc/sparc-elf/4.4.2/../../../../sparc-elf/lib/soft/libc.a(reallocr.o)
 .data          0x40017068        0x0 /opt/sparc-elf-4.4.2/bin/../lib/gcc/sparc-elf/4.4.2/../../../../sparc-elf/lib/soft/libc.a(reent.o)
 .data          0x40017068        0x0 /opt/sparc-elf-4.4.2/bin/../lib/gcc/sparc-elf/4.4.2/../../../../sparc-elf/lib/soft/libc.a(s_isinf.o)
 .data          0x40017068        0x0 /opt/sparc-elf-4.4.2/bin/../lib/gcc/sparc-elf/4.4.2/../../../../sparc-elf/lib/soft/libc.a(s_isnan.o)
 .data          0x40017068        0x0 /opt/sparc-elf-4.4.2/bin/../lib/gcc/sparc-elf/4.4.2/../../../../sparc-elf/lib/soft/libc.a(stdio.o)
 .data          0x40017068        0x0 /opt/sparc-elf-4.4.2/bin/../lib/gcc/sparc-elf/4.4.2/../../../../sparc-elf/lib/soft/libc.a(strcmp.o)
 .data          0x40017068        0x0 /opt/sparc-elf-4.4.2/bin/../lib/gcc/sparc-elf/4.4.2/../../../../sparc-elf/lib/soft/libc.a(strlen.o)
 .data          0x40017068        0x0 /opt/sparc-elf-4.4.2/bin/../lib/gcc/sparc-elf/4.4.2/../../../../sparc-elf/lib/soft/libc.a(writer.o)
 .data          0x40017068        0x0 /opt/sparc-elf-4.4.2/bin/../lib/gcc/sparc-elf/4.4.2/../../../../sparc-elf/lib/soft/libc.a(callocr.o)
 .data          0x40017068        0x0 /opt/sparc-elf-4.4.2/bin/../lib/gcc/sparc-elf/4.4.2/../../../../sparc-elf/lib/soft/libc.a(closer.o)
 .data          0x40017068        0x0 /opt/sparc-elf-4.4.2/bin/../lib/gcc/sparc-elf/4.4.2/../../../../sparc-elf/lib/soft/libc.a(fclose.o)
 .data          0x40017068        0x0 /opt/sparc-elf-4.4.2/bin/../lib/gcc/sparc-elf/4.4.2/../../../../sparc-elf/lib/soft/libc.a(fstatr.o)
 .data          0x40017068        0x0 /opt/sparc-elf-4.4.2/bin/../lib/gcc/sparc-elf/4.4.2/../../../../sparc-elf/lib/soft/libc.a(lseekr.o)
 .data          0x40017068        0x0 /opt/sparc-elf-4.4.2/bin/../lib/gcc/sparc-elf/4.4.2/../../../../sparc-elf/lib/soft/libc.a(readr.o)
 .data          0x40017068        0x0 /opt/sparc-elf-4.4.2/bin/../lib/gcc/sparc-elf/4.4.2/soft/libgcc.a(_divsi3.o)
 .data          0x40017068        0x0 /opt/sparc-elf-4.4.2/bin/../lib/gcc/sparc-elf/4.4.2/soft/libgcc.a(_modsi3.o)
 .data          0x40017068        0x0 /opt/sparc-elf-4.4.2/bin/../lib/gcc/sparc-elf/4.4.2/soft/libgcc.a(_eq_df.o)
 .data          0x40017068        0x0 /opt/sparc-elf-4.4.2/bin/../lib/gcc/sparc-elf/4.4.2/soft/libgcc.a(_ne_df.o)
 .data          0x40017068        0x0 /opt/sparc-elf-4.4.2/bin/../lib/gcc/sparc-elf/4.4.2/soft/libgcc.a(_ge_df.o)
 .data          0x40017068        0x0 /opt/sparc-elf-4.4.2/bin/../lib/gcc/sparc-elf/4.4.2/soft/libgcc.a(_lt_df.o)
 .data          0x40017068        0x0 /opt/sparc-elf-4.4.2/bin/../lib/gcc/sparc-elf/4.4.2/soft/libgcc.a(_si_to_df.o)
 .data          0x40017068        0x0 /opt/sparc-elf-4.4.2/bin/../lib/gcc/sparc-elf/4.4.2/soft/libgcc.a(_usi_to_df.o)
 .data          0x40017068        0x0 /opt/sparc-elf-4.4.2/bin/../lib/gcc/sparc-elf/4.4.2/../../../../sparc-elf/lib/soft/libleonbare.a(close.o)
 .data          0x40017068        0x0 /opt/sparc-elf-4.4.2/bin/../lib/gcc/sparc-elf/4.4.2/../../../../sparc-elf/lib/soft/libleonbare.a(fstat.o)
 .data          0x40017068        0x0 /opt/sparc-elf-4.4.2/bin/../lib/gcc/sparc-elf/4.4.2/../../../../sparc-elf/lib/soft/libleonbare.a(isatty.o)
 .data          0x40017068        0x0 /opt/sparc-elf-4.4.2/bin/../lib/gcc/sparc-elf/4.4.2/../../../../sparc-elf/lib/soft/libleonbare.a(lseek.o)
 .data          0x40017068        0x0 /opt/sparc-elf-4.4.2/bin/../lib/gcc/sparc-elf/4.4.2/../../../../sparc-elf/lib/soft/libleonbare.a(read.o)
 .data          0x40017068        0x0 /opt/sparc-elf-4.4.2/bin/../lib/gcc/sparc-elf/4.4.2/../../../../sparc-elf/lib/soft/libleonbare.a(sbrk.o)
 .data          0x40017068        0x0 /opt/sparc-elf-4.4.2/bin/../lib/gcc/sparc-elf/4.4.2/../../../../sparc-elf/lib/soft/libleonbare.a(write.o)
 .data          0x40017068        0x0 /opt/sparc-elf-4.4.2/bin/../lib/gcc/sparc-elf/4.4.2/../../../../sparc-elf/lib/soft/libleonbare.a(io.o)
 .data          0x40017068        0x0 /opt/sparc-elf-4.4.2/bin/../lib/gcc/sparc-elf/4.4.2/../../../../sparc-elf/lib/soft/libleonbare.a(regwin.o)
 .data          0x40017068       0x20 /opt/sparc-elf-4.4.2/bin/../lib/gcc/sparc-elf/4.4.2/../../../../sparc-elf/lib/soft/libleonbare.a(regwinflush.o)
                0x40017084                _lb_issideflush
                0x40017068                _lb_spillglobals
 .data          0x40017088        0x0 /opt/sparc-elf-4.4.2/bin/../lib/gcc/sparc-elf/4.4.2/../../../../sparc-elf/lib/soft/libleonbare.a(bdinit.o)
 .data          0x40017088        0xc /opt/sparc-elf-4.4.2/bin/../lib/gcc/sparc-elf/4.4.2/../../../../sparc-elf/lib/soft/libleonbare.a(irqtrap_fast.o)
                0x4001708c                fastirq
                0x40017088                nestedirq
                0x40017090                nestcount
 .data          0x40017094        0x0 /opt/sparc-elf-4.4.2/bin/../lib/gcc/sparc-elf/4.4.2/../../../../sparc-elf/lib/soft/libleonbare.a(catch_interrupt.o)
 .data          0x40017094        0x4 /opt/sparc-elf-4.4.2/bin/../lib/gcc/sparc-elf/4.4.2/../../../../sparc-elf/lib/soft/libleonbare.a(rtc.o)
                0x40017094                rtc
 .data          0x40017098        0x0 /opt/sparc-elf-4.4.2/bin/../lib/gcc/sparc-elf/4.4.2/../../../../sparc-elf/lib/soft/libleonbare.a(lcpuinit.o)
 .data          0x40017098        0x8 /opt/sparc-elf-4.4.2/bin/../lib/gcc/sparc-elf/4.4.2/../../../../sparc-elf/lib/soft/libleonbare.a(lcpudata.o)
                0x40017098                irqmp
                0x40017098                LEON3_IrqCtrl_Regs
 .data          0x400170a0        0x4 /opt/sparc-elf-4.4.2/bin/../lib/gcc/sparc-elf/4.4.2/../../../../sparc-elf/lib/soft/libleonbare.a(console.o)
                0x400170a0                console
 .data          0x400170a4        0x0 /opt/sparc-elf-4.4.2/bin/../lib/gcc/sparc-elf/4.4.2/../../../../sparc-elf/lib/soft/libleonbare.a(_exit.o)
 .data          0x400170a4        0x0 /opt/sparc-elf-4.4.2/bin/../lib/gcc/sparc-elf/4.4.2/../../../../sparc-elf/lib/soft/libleonbare.a(amba.o)
 .data          0x400170a4        0x0 /opt/sparc-elf-4.4.2/bin/../lib/gcc/sparc-elf/4.4.2/../../../../sparc-elf/lib/soft/libleonbare.a(mutex.o)
 .data          0x400170a4        0x0 /opt/sparc-elf-4.4.2/bin/../lib/gcc/sparc-elf/4.4.2/../../../../sparc-elf/lib/soft/libleonbare.a(locore.o)
 .data          0x400170a4        0x0 /opt/sparc-elf-4.4.2/bin/../lib/gcc/sparc-elf/4.4.2/../../../../sparc-elf/lib/soft/libleonbare.a(locore_clean.o)
 .data          0x400170a4       0x10 /opt/sparc-elf-4.4.2/bin/../lib/gcc/sparc-elf/4.4.2/../../../../sparc-elf/lib/soft/libleonbare.a(locore_var.o)
                0x400170a4                _nwindows
                0x400170a8                _nwindows_min1
                0x400170b0                _leon_version
                0x400170ac                _nwindows_min2
 .data          0x400170b4        0x0 /opt/sparc-elf-4.4.2/bin/../lib/gcc/sparc-elf/4.4.2/../../../../sparc-elf/lib/soft/libleonbare.a(locore_var_svt.o)
 *fill*         0x400170b4        0x4 00
 .data          0x400170b8        0x8 /opt/sparc-elf-4.4.2/bin/../lib/gcc/sparc-elf/4.4.2/../../../../sparc-elf/lib/soft/libleonbare.a(jiffies.o)
                0x400170b8                jiffies_64
 .data          0x400170c0        0x0 /opt/sparc-elf-4.4.2/bin/../lib/gcc/sparc-elf/4.4.2/../../../../sparc-elf/lib/soft/libleonbare.a(mmu_asm.o)
 .data          0x400170c0        0x0 /opt/sparc-elf-4.4.2/bin/../lib/gcc/sparc-elf/4.4.2/../../../../sparc-elf/lib/soft/libleonbare.a(locore_mvt_reset.o)
 .data          0x400170c0        0x0 /opt/sparc-elf-4.4.2/bin/../lib/gcc/sparc-elf/4.4.2/../../../../sparc-elf/lib/soft/libleonbare.a(initcalls.o)
 .data          0x400170c0        0x0 /opt/sparc-elf-4.4.2/bin/../lib/gcc/sparc-elf/4.4.2/../../../../sparc-elf/lib/soft/libleonbare.a(etrap.o)
 .data          0x400170c0        0x0 /opt/sparc-elf-4.4.2/bin/../lib/gcc/sparc-elf/4.4.2/../../../../sparc-elf/lib/soft/libleonbare.a(rtrap.o)
 .data          0x400170c0        0x0 /opt/sparc-elf-4.4.2/bin/../lib/gcc/sparc-elf/4.4.2/../../../../sparc-elf/lib/soft/libleonbare.a(etrap_fast.o)
 .data          0x400170c0        0x0 /opt/sparc-elf-4.4.2/bin/../lib/gcc/sparc-elf/4.4.2/../../../../sparc-elf/lib/soft/libleonbare.a(rtrap_fast.o)
 .data          0x400170c0        0x0 /opt/sparc-elf-4.4.2/bin/../lib/gcc/sparc-elf/4.4.2/../../../../sparc-elf/lib/soft/libleonbare.a(busscan.o)
 .data          0x400170c0        0x0 /opt/sparc-elf-4.4.2/bin/../lib/gcc/sparc-elf/4.4.2/soft/crtend.o
 .data          0x400170c0        0x0 /opt/sparc-elf-4.4.2/bin/../lib/gcc/sparc-elf/4.4.2/soft/crtn.o
                0x400170c0                edata = .
                0x400170c0                _edata = .
                0x400170c0                __edata = .

.bss            0x400170c0    0x23768
                0x400170c0                . = ALIGN (0x8)
                0x400170c0                bss_start = .
                0x400170c0                _bss_start = .
                0x400170c0                __bss_start = .
 *(.bss .bss.*)
 .bss           0x400170c0        0x0 /opt/sparc-elf-4.4.2/bin/../lib/gcc/sparc-elf/4.4.2/../../../../sparc-elf/lib/soft/locore_mvt.o
 .bss           0x400170c0        0x0 /opt/sparc-elf-4.4.2/bin/../lib/gcc/sparc-elf/4.4.2/../../../../sparc-elf/lib/soft/crt0.o
 .bss           0x400170c0        0x0 /opt/sparc-elf-4.4.2/bin/../lib/gcc/sparc-elf/4.4.2/soft/crti.o
 .bss           0x400170c0       0x20 /opt/sparc-elf-4.4.2/bin/../lib/gcc/sparc-elf/4.4.2/soft/crtbegin.o
 .bss           0x400170e0        0x4 /opt/sparc-elf-4.4.2/bin/../lib/gcc/sparc-elf/4.4.2/../../../../sparc-elf/lib/soft/pnpinit.o
                0x400170e0                ambapp_root
 .bss           0x400170e4        0x0 wahwah.o
 .bss           0x400170e4        0x0 vibrato.o
 .bss           0x400170e4        0x0 tremolo.o
 .bss           0x400170e4        0x0 phaser.o
 .bss           0x400170e4        0x0 noiseGate.o
 .bss           0x400170e4        0x0 logScale.o
 .bss           0x400170e4        0x0 kTable.o
 .bss           0x400170e4        0x0 kDistortionTable.o
 .bss           0x400170e4        0x0 gainTable.o
 .bss           0x400170e4        0x0 gain.o
 .bss           0x400170e4        0x0 flex.o
 .bss           0x400170e4        0x0 flanger.o
 .bss           0x400170e4        0x0 distortion.o
 .bss           0x400170e4        0x2 delay.o
                0x400170e4                lastOutput
 .bss           0x400170e6        0x0 circularBuffer.o
 .bss           0x400170e6        0x0 chorus.o
 .bss           0x400170e6        0x0 c-irq.o
 .bss           0x400170e6        0x0 biquad.o
 .bss           0x400170e6        0x0 audio_io.o
 .bss           0x400170e6        0x0 audioKernel_03.o
 .bss           0x400170e6        0x0 SVFLookupTable.o
 .bss           0x400170e6        0x0 SVF.o
 .bss           0x400170e6        0x0 LFOSineWaveTable.o
 .bss           0x400170e6        0x0 LFO.o
 .bss           0x400170e6        0x0 /opt/sparc-elf-4.4.2/bin/../lib/gcc/sparc-elf/4.4.2/../../../../sparc-elf/lib/soft/libm.a(s_floor.o)
 .bss           0x400170e6        0x0 /opt/sparc-elf-4.4.2/bin/../lib/gcc/sparc-elf/4.4.2/../../../../sparc-elf/lib/soft/libm.a(wf_sqrt.o)
 .bss           0x400170e6        0x0 /opt/sparc-elf-4.4.2/bin/../lib/gcc/sparc-elf/4.4.2/../../../../sparc-elf/lib/soft/libm.a(ef_sqrt.o)
 .bss           0x400170e6        0x0 /opt/sparc-elf-4.4.2/bin/../lib/gcc/sparc-elf/4.4.2/../../../../sparc-elf/lib/soft/libm.a(s_lib_ver.o)
 .bss           0x400170e6        0x0 /opt/sparc-elf-4.4.2/bin/../lib/gcc/sparc-elf/4.4.2/../../../../sparc-elf/lib/soft/libm.a(s_matherr.o)
 .bss           0x400170e6        0x0 /opt/sparc-elf-4.4.2/bin/../lib/gcc/sparc-elf/4.4.2/../../../../sparc-elf/lib/soft/libm.a(sf_isnan.o)
 .bss           0x400170e6        0x0 /opt/sparc-elf-4.4.2/bin/../lib/gcc/sparc-elf/4.4.2/soft/libgcc.a(_addsub_sf.o)
 .bss           0x400170e6        0x0 /opt/sparc-elf-4.4.2/bin/../lib/gcc/sparc-elf/4.4.2/soft/libgcc.a(_mul_sf.o)
 .bss           0x400170e6        0x0 /opt/sparc-elf-4.4.2/bin/../lib/gcc/sparc-elf/4.4.2/soft/libgcc.a(_div_sf.o)
 .bss           0x400170e6        0x0 /opt/sparc-elf-4.4.2/bin/../lib/gcc/sparc-elf/4.4.2/soft/libgcc.a(_ge_sf.o)
 .bss           0x400170e6        0x0 /opt/sparc-elf-4.4.2/bin/../lib/gcc/sparc-elf/4.4.2/soft/libgcc.a(_lt_sf.o)
 .bss           0x400170e6        0x0 /opt/sparc-elf-4.4.2/bin/../lib/gcc/sparc-elf/4.4.2/soft/libgcc.a(_si_to_sf.o)
 .bss           0x400170e6        0x0 /opt/sparc-elf-4.4.2/bin/../lib/gcc/sparc-elf/4.4.2/soft/libgcc.a(_sf_to_si.o)
 .bss           0x400170e6        0x0 /opt/sparc-elf-4.4.2/bin/../lib/gcc/sparc-elf/4.4.2/soft/libgcc.a(_sf_to_df.o)
 .bss           0x400170e6        0x0 /opt/sparc-elf-4.4.2/bin/../lib/gcc/sparc-elf/4.4.2/soft/libgcc.a(_thenan_sf.o)
 .bss           0x400170e6        0x0 /opt/sparc-elf-4.4.2/bin/../lib/gcc/sparc-elf/4.4.2/soft/libgcc.a(_addsub_df.o)
 .bss           0x400170e6        0x0 /opt/sparc-elf-4.4.2/bin/../lib/gcc/sparc-elf/4.4.2/soft/libgcc.a(_mul_df.o)
 .bss           0x400170e6        0x0 /opt/sparc-elf-4.4.2/bin/../lib/gcc/sparc-elf/4.4.2/soft/libgcc.a(_div_df.o)
 .bss           0x400170e6        0x0 /opt/sparc-elf-4.4.2/bin/../lib/gcc/sparc-elf/4.4.2/soft/libgcc.a(_gt_df.o)
 .bss           0x400170e6        0x0 /opt/sparc-elf-4.4.2/bin/../lib/gcc/sparc-elf/4.4.2/soft/libgcc.a(_df_to_si.o)
 .bss           0x400170e6        0x0 /opt/sparc-elf-4.4.2/bin/../lib/gcc/sparc-elf/4.4.2/soft/libgcc.a(_make_df.o)
 .bss           0x400170e6        0x0 /opt/sparc-elf-4.4.2/bin/../lib/gcc/sparc-elf/4.4.2/soft/libgcc.a(_df_to_sf.o)
 .bss           0x400170e6        0x0 /opt/sparc-elf-4.4.2/bin/../lib/gcc/sparc-elf/4.4.2/soft/libgcc.a(_thenan_df.o)
 .bss           0x400170e6        0x0 /opt/sparc-elf-4.4.2/bin/../lib/gcc/sparc-elf/4.4.2/soft/libgcc.a(_muldi3.o)
 .bss           0x400170e6        0x0 /opt/sparc-elf-4.4.2/bin/../lib/gcc/sparc-elf/4.4.2/soft/libgcc.a(_ucmpdi2.o)
 .bss           0x400170e6        0x0 /opt/sparc-elf-4.4.2/bin/../lib/gcc/sparc-elf/4.4.2/soft/libgcc.a(_clzsi2.o)
 .bss           0x400170e6        0x0 /opt/sparc-elf-4.4.2/bin/../lib/gcc/sparc-elf/4.4.2/soft/libgcc.a(_pack_sf.o)
 .bss           0x400170e6        0x0 /opt/sparc-elf-4.4.2/bin/../lib/gcc/sparc-elf/4.4.2/soft/libgcc.a(_unpack_sf.o)
 .bss           0x400170e6        0x0 /opt/sparc-elf-4.4.2/bin/../lib/gcc/sparc-elf/4.4.2/soft/libgcc.a(_fpcmp_parts_sf.o)
 .bss           0x400170e6        0x0 /opt/sparc-elf-4.4.2/bin/../lib/gcc/sparc-elf/4.4.2/soft/libgcc.a(_make_sf.o)
 .bss           0x400170e6        0x0 /opt/sparc-elf-4.4.2/bin/../lib/gcc/sparc-elf/4.4.2/soft/libgcc.a(_pack_df.o)
 .bss           0x400170e6        0x0 /opt/sparc-elf-4.4.2/bin/../lib/gcc/sparc-elf/4.4.2/soft/libgcc.a(_unpack_df.o)
 .bss           0x400170e6        0x0 /opt/sparc-elf-4.4.2/bin/../lib/gcc/sparc-elf/4.4.2/soft/libgcc.a(_fpcmp_parts_df.o)
 .bss           0x400170e6        0x0 /opt/sparc-elf-4.4.2/bin/../lib/gcc/sparc-elf/4.4.2/soft/libgcc.a(_mulsi3.o)
 .bss           0x400170e6        0x0 /opt/sparc-elf-4.4.2/bin/../lib/gcc/sparc-elf/4.4.2/soft/libgcc.a(_lshrdi3.o)
 .bss           0x400170e6        0x0 /opt/sparc-elf-4.4.2/bin/../lib/gcc/sparc-elf/4.4.2/soft/libgcc.a(_ashldi3.o)
 .bss           0x400170e6        0x0 /opt/sparc-elf-4.4.2/bin/../lib/gcc/sparc-elf/4.4.2/soft/libgcc.a(_clz.o)
 .bss           0x400170e6        0x0 /opt/sparc-elf-4.4.2/bin/../lib/gcc/sparc-elf/4.4.2/../../../../sparc-elf/lib/soft/libc.a(atexit.o)
 .bss           0x400170e6        0x0 /opt/sparc-elf-4.4.2/bin/../lib/gcc/sparc-elf/4.4.2/../../../../sparc-elf/lib/soft/libc.a(errno.o)
 .bss           0x400170e6        0x0 /opt/sparc-elf-4.4.2/bin/../lib/gcc/sparc-elf/4.4.2/../../../../sparc-elf/lib/soft/libc.a(impure.o)
 .bss           0x400170e6        0x0 /opt/sparc-elf-4.4.2/bin/../lib/gcc/sparc-elf/4.4.2/../../../../sparc-elf/lib/soft/libc.a(malloc.o)
 *fill*         0x400170e6        0x2 00
 .bss           0x400170e8       0x34 /opt/sparc-elf-4.4.2/bin/../lib/gcc/sparc-elf/4.4.2/../../../../sparc-elf/lib/soft/libc.a(mallocr.o)
                0x400170e8                __malloc_top_pad
                0x400170ec                __malloc_max_sbrked_mem
                0x400170f4                __malloc_current_mallinfo
                0x400170f0                __malloc_max_total_mem
 .bss           0x4001711c        0x0 /opt/sparc-elf-4.4.2/bin/../lib/gcc/sparc-elf/4.4.2/../../../../sparc-elf/lib/soft/libc.a(memcpy.o)
 .bss           0x4001711c        0x0 /opt/sparc-elf-4.4.2/bin/../lib/gcc/sparc-elf/4.4.2/../../../../sparc-elf/lib/soft/libc.a(mlock.o)
 .bss           0x4001711c        0x0 /opt/sparc-elf-4.4.2/bin/../lib/gcc/sparc-elf/4.4.2/../../../../sparc-elf/lib/soft/libc.a(printf.o)
 .bss           0x4001711c        0x0 /opt/sparc-elf-4.4.2/bin/../lib/gcc/sparc-elf/4.4.2/../../../../sparc-elf/lib/soft/libc.a(sbrkr.o)
 .bss           0x4001711c        0x0 /opt/sparc-elf-4.4.2/bin/../lib/gcc/sparc-elf/4.4.2/../../../../sparc-elf/lib/soft/libc.a(vfprintf.o)
 .bss           0x4001711c        0x0 /opt/sparc-elf-4.4.2/bin/../lib/gcc/sparc-elf/4.4.2/../../../../sparc-elf/lib/soft/libc.a(wcrtomb.o)
 .bss           0x4001711c        0x0 /opt/sparc-elf-4.4.2/bin/../lib/gcc/sparc-elf/4.4.2/../../../../sparc-elf/lib/soft/libc.a(wcsrtombs.o)
 .bss           0x4001711c        0x0 /opt/sparc-elf-4.4.2/bin/../lib/gcc/sparc-elf/4.4.2/../../../../sparc-elf/lib/soft/libc.a(wctomb_r.o)
 .bss           0x4001711c        0x0 /opt/sparc-elf-4.4.2/bin/../lib/gcc/sparc-elf/4.4.2/../../../../sparc-elf/lib/soft/libc.a(wsetup.o)
 .bss           0x4001711c       0x74 /opt/sparc-elf-4.4.2/bin/../lib/gcc/sparc-elf/4.4.2/../../../../sparc-elf/lib/soft/libc.a(__atexit.o)
 .bss           0x40017190        0x0 /opt/sparc-elf-4.4.2/bin/../lib/gcc/sparc-elf/4.4.2/../../../../sparc-elf/lib/soft/libc.a(dtoa.o)
 .bss           0x40017190        0x0 /opt/sparc-elf-4.4.2/bin/../lib/gcc/sparc-elf/4.4.2/../../../../sparc-elf/lib/soft/libc.a(fflush.o)
 .bss           0x40017190        0x0 /opt/sparc-elf-4.4.2/bin/../lib/gcc/sparc-elf/4.4.2/../../../../sparc-elf/lib/soft/libc.a(findfp.o)
 .bss           0x40017190        0x0 /opt/sparc-elf-4.4.2/bin/../lib/gcc/sparc-elf/4.4.2/../../../../sparc-elf/lib/soft/libc.a(freer.o)
 .bss           0x40017190        0x0 /opt/sparc-elf-4.4.2/bin/../lib/gcc/sparc-elf/4.4.2/../../../../sparc-elf/lib/soft/libc.a(fvwrite.o)
 .bss           0x40017190        0x0 /opt/sparc-elf-4.4.2/bin/../lib/gcc/sparc-elf/4.4.2/../../../../sparc-elf/lib/soft/libc.a(fwalk.o)
 .bss           0x40017190        0xc /opt/sparc-elf-4.4.2/bin/../lib/gcc/sparc-elf/4.4.2/../../../../sparc-elf/lib/soft/libc.a(locale.o)
                0x40017190                __nlocale_changed
                0x40017194                __mlocale_changed
                0x40017198                _PathLocale
 .bss           0x4001719c        0x0 /opt/sparc-elf-4.4.2/bin/../lib/gcc/sparc-elf/4.4.2/../../../../sparc-elf/lib/soft/libc.a(makebuf.o)
 .bss           0x4001719c        0x0 /opt/sparc-elf-4.4.2/bin/../lib/gcc/sparc-elf/4.4.2/../../../../sparc-elf/lib/soft/libc.a(memchr.o)
 .bss           0x4001719c        0x0 /opt/sparc-elf-4.4.2/bin/../lib/gcc/sparc-elf/4.4.2/../../../../sparc-elf/lib/soft/libc.a(memmove.o)
 .bss           0x4001719c        0x0 /opt/sparc-elf-4.4.2/bin/../lib/gcc/sparc-elf/4.4.2/../../../../sparc-elf/lib/soft/libc.a(memset.o)
 .bss           0x4001719c        0x0 /opt/sparc-elf-4.4.2/bin/../lib/gcc/sparc-elf/4.4.2/../../../../sparc-elf/lib/soft/libc.a(mprec.o)
 .bss           0x4001719c        0x0 /opt/sparc-elf-4.4.2/bin/../lib/gcc/sparc-elf/4.4.2/../../../../sparc-elf/lib/soft/libc.a(reallocr.o)
 .bss           0x4001719c        0x0 /opt/sparc-elf-4.4.2/bin/../lib/gcc/sparc-elf/4.4.2/../../../../sparc-elf/lib/soft/libc.a(reent.o)
 .bss           0x4001719c        0x0 /opt/sparc-elf-4.4.2/bin/../lib/gcc/sparc-elf/4.4.2/../../../../sparc-elf/lib/soft/libc.a(s_isinf.o)
 .bss           0x4001719c        0x0 /opt/sparc-elf-4.4.2/bin/../lib/gcc/sparc-elf/4.4.2/../../../../sparc-elf/lib/soft/libc.a(s_isnan.o)
 .bss           0x4001719c        0x0 /opt/sparc-elf-4.4.2/bin/../lib/gcc/sparc-elf/4.4.2/../../../../sparc-elf/lib/soft/libc.a(stdio.o)
 .bss           0x4001719c        0x0 /opt/sparc-elf-4.4.2/bin/../lib/gcc/sparc-elf/4.4.2/../../../../sparc-elf/lib/soft/libc.a(strcmp.o)
 .bss           0x4001719c        0x0 /opt/sparc-elf-4.4.2/bin/../lib/gcc/sparc-elf/4.4.2/../../../../sparc-elf/lib/soft/libc.a(strlen.o)
 .bss           0x4001719c        0x0 /opt/sparc-elf-4.4.2/bin/../lib/gcc/sparc-elf/4.4.2/../../../../sparc-elf/lib/soft/libc.a(writer.o)
 .bss           0x4001719c        0x0 /opt/sparc-elf-4.4.2/bin/../lib/gcc/sparc-elf/4.4.2/../../../../sparc-elf/lib/soft/libc.a(callocr.o)
 .bss           0x4001719c        0x0 /opt/sparc-elf-4.4.2/bin/../lib/gcc/sparc-elf/4.4.2/../../../../sparc-elf/lib/soft/libc.a(closer.o)
 .bss           0x4001719c        0x0 /opt/sparc-elf-4.4.2/bin/../lib/gcc/sparc-elf/4.4.2/../../../../sparc-elf/lib/soft/libc.a(fclose.o)
 .bss           0x4001719c        0x0 /opt/sparc-elf-4.4.2/bin/../lib/gcc/sparc-elf/4.4.2/../../../../sparc-elf/lib/soft/libc.a(fstatr.o)
 .bss           0x4001719c        0x0 /opt/sparc-elf-4.4.2/bin/../lib/gcc/sparc-elf/4.4.2/../../../../sparc-elf/lib/soft/libc.a(lseekr.o)
 .bss           0x4001719c        0x0 /opt/sparc-elf-4.4.2/bin/../lib/gcc/sparc-elf/4.4.2/../../../../sparc-elf/lib/soft/libc.a(readr.o)
 .bss           0x4001719c        0x0 /opt/sparc-elf-4.4.2/bin/../lib/gcc/sparc-elf/4.4.2/soft/libgcc.a(_divsi3.o)
 .bss           0x4001719c        0x0 /opt/sparc-elf-4.4.2/bin/../lib/gcc/sparc-elf/4.4.2/soft/libgcc.a(_modsi3.o)
 .bss           0x4001719c        0x0 /opt/sparc-elf-4.4.2/bin/../lib/gcc/sparc-elf/4.4.2/soft/libgcc.a(_eq_df.o)