Archive member included because of file (symbol)

/opt/sparc-elf-4.4.2/bin/../lib/gcc/sparc-elf/4.4.2/../../../../sparc-elf/lib/soft/libm.a(s_floor.o)
                              biquad.o (floor)
/opt/sparc-elf-4.4.2/bin/../lib/gcc/sparc-elf/4.4.2/../../../../sparc-elf/lib/soft/libm.a(wf_sqrt.o)
                              biquad.o (sqrtf)
/opt/sparc-elf-4.4.2/bin/../lib/gcc/sparc-elf/4.4.2/../../../../sparc-elf/lib/soft/libm.a(ef_sqrt.o)
                              /opt/sparc-elf-4.4.2/bin/../lib/gcc/sparc-elf/4.4.2/../../../../sparc-elf/lib/soft/libm.a(wf_sqrt.o) (__ieee754_sqrtf)
/opt/sparc-elf-4.4.2/bin/../lib/gcc/sparc-elf/4.4.2/../../../../sparc-elf/lib/soft/libm.a(s_lib_ver.o)
                              /opt/sparc-elf-4.4.2/bin/../lib/gcc/sparc-elf/4.4.2/../../../../sparc-elf/lib/soft/libm.a(wf_sqrt.o) (__fdlib_version)
/opt/sparc-elf-4.4.2/bin/../lib/gcc/sparc-elf/4.4.2/../../../../sparc-elf/lib/soft/libm.a(s_matherr.o)
                              /opt/sparc-elf-4.4.2/bin/../lib/gcc/sparc-elf/4.4.2/../../../../sparc-elf/lib/soft/libm.a(wf_sqrt.o) (matherr)
/opt/sparc-elf-4.4.2/bin/../lib/gcc/sparc-elf/4.4.2/../../../../sparc-elf/lib/soft/libm.a(sf_isnan.o)
                              /opt/sparc-elf-4.4.2/bin/../lib/gcc/sparc-elf/4.4.2/../../../../sparc-elf/lib/soft/libm.a(wf_sqrt.o) (isnanf)
/opt/sparc-elf-4.4.2/bin/../lib/gcc/sparc-elf/4.4.2/soft/libgcc.a(_addsub_sf.o)
                              biquad.o (__subsf3)
/opt/sparc-elf-4.4.2/bin/../lib/gcc/sparc-elf/4.4.2/soft/libgcc.a(_mul_sf.o)
                              biquad.o (__mulsf3)
/opt/sparc-elf-4.4.2/bin/../lib/gcc/sparc-elf/4.4.2/soft/libgcc.a(_div_sf.o)
                              flex.o (__divsf3)
/opt/sparc-elf-4.4.2/bin/../lib/gcc/sparc-elf/4.4.2/soft/libgcc.a(_ge_sf.o)
                              biquad.o (__gesf2)
/opt/sparc-elf-4.4.2/bin/../lib/gcc/sparc-elf/4.4.2/soft/libgcc.a(_lt_sf.o)
                              biquad.o (__ltsf2)
/opt/sparc-elf-4.4.2/bin/../lib/gcc/sparc-elf/4.4.2/soft/libgcc.a(_si_to_sf.o)
                              flex.o (__floatsisf)
/opt/sparc-elf-4.4.2/bin/../lib/gcc/sparc-elf/4.4.2/soft/libgcc.a(_sf_to_si.o)
                              biquad.o (__fixsfsi)
/opt/sparc-elf-4.4.2/bin/../lib/gcc/sparc-elf/4.4.2/soft/libgcc.a(_sf_to_df.o)
                              biquad.o (__extendsfdf2)
/opt/sparc-elf-4.4.2/bin/../lib/gcc/sparc-elf/4.4.2/soft/libgcc.a(_thenan_sf.o)
                              /opt/sparc-elf-4.4.2/bin/../lib/gcc/sparc-elf/4.4.2/soft/libgcc.a(_addsub_sf.o) (__thenan_sf)
/opt/sparc-elf-4.4.2/bin/../lib/gcc/sparc-elf/4.4.2/soft/libgcc.a(_addsub_df.o)
                              /opt/sparc-elf-4.4.2/bin/../lib/gcc/sparc-elf/4.4.2/../../../../sparc-elf/lib/soft/libm.a(s_floor.o) (__adddf3)
/opt/sparc-elf-4.4.2/bin/../lib/gcc/sparc-elf/4.4.2/soft/libgcc.a(_mul_df.o)
                              biquad.o (__muldf3)
/opt/sparc-elf-4.4.2/bin/../lib/gcc/sparc-elf/4.4.2/soft/libgcc.a(_div_df.o)
                              /opt/sparc-elf-4.4.2/bin/../lib/gcc/sparc-elf/4.4.2/../../../../sparc-elf/lib/soft/libm.a(wf_sqrt.o) (__divdf3)
/opt/sparc-elf-4.4.2/bin/../lib/gcc/sparc-elf/4.4.2/soft/libgcc.a(_gt_df.o)
                              /opt/sparc-elf-4.4.2/bin/../lib/gcc/sparc-elf/4.4.2/../../../../sparc-elf/lib/soft/libm.a(s_floor.o) (__gtdf2)
/opt/sparc-elf-4.4.2/bin/../lib/gcc/sparc-elf/4.4.2/soft/libgcc.a(_df_to_si.o)
                              biquad.o (__fixdfsi)
/opt/sparc-elf-4.4.2/bin/../lib/gcc/sparc-elf/4.4.2/soft/libgcc.a(_make_df.o)
                              /opt/sparc-elf-4.4.2/bin/../lib/gcc/sparc-elf/4.4.2/soft/libgcc.a(_sf_to_df.o) (__make_dp)
/opt/sparc-elf-4.4.2/bin/../lib/gcc/sparc-elf/4.4.2/soft/libgcc.a(_df_to_sf.o)
                              biquad.o (__truncdfsf2)
/opt/sparc-elf-4.4.2/bin/../lib/gcc/sparc-elf/4.4.2/soft/libgcc.a(_thenan_df.o)
                              /opt/sparc-elf-4.4.2/bin/../lib/gcc/sparc-elf/4.4.2/soft/libgcc.a(_addsub_df.o) (__thenan_df)
/opt/sparc-elf-4.4.2/bin/../lib/gcc/sparc-elf/4.4.2/soft/libgcc.a(_muldi3.o)
                              /opt/sparc-elf-4.4.2/bin/../lib/gcc/sparc-elf/4.4.2/soft/libgcc.a(_mul_sf.o) (__muldi3)
/opt/sparc-elf-4.4.2/bin/../lib/gcc/sparc-elf/4.4.2/soft/libgcc.a(_ucmpdi2.o)
                              /opt/sparc-elf-4.4.2/bin/../lib/gcc/sparc-elf/4.4.2/soft/libgcc.a(_addsub_df.o) (__ucmpdi2)
/opt/sparc-elf-4.4.2/bin/../lib/gcc/sparc-elf/4.4.2/soft/libgcc.a(_clzsi2.o)
                              /opt/sparc-elf-4.4.2/bin/../lib/gcc/sparc-elf/4.4.2/soft/libgcc.a(_si_to_sf.o) (__clzsi2)
/opt/sparc-elf-4.4.2/bin/../lib/gcc/sparc-elf/4.4.2/soft/libgcc.a(_pack_sf.o)
                              /opt/sparc-elf-4.4.2/bin/../lib/gcc/sparc-elf/4.4.2/soft/libgcc.a(_addsub_sf.o) (__pack_f)
/opt/sparc-elf-4.4.2/bin/../lib/gcc/sparc-elf/4.4.2/soft/libgcc.a(_unpack_sf.o)
[...]
Memory Configuration

Name             Origin             Length             Attributes
rom              0x00000000         0x10000000
ram              0x40000000         0x80000000
*default*        0x00000000         0xffffffff

Linker script and memory map

LOAD /opt/sparc-elf-4.4.2/bin/../lib/gcc/sparc-elf/4.4.2/../../../../sparc-elf/lib/soft/locore_mvt.o
LOAD /opt/sparc-elf-4.4.2/bin/../lib/gcc/sparc-elf/4.4.2/../../../../sparc-elf/lib/soft/crt0.o
LOAD /opt/sparc-elf-4.4.2/bin/../lib/gcc/sparc-elf/4.4.2/soft/crti.o
LOAD /opt/sparc-elf-4.4.2/bin/../lib/gcc/sparc-elf/4.4.2/soft/crtbegin.o
LOAD /opt/sparc-elf-4.4.2/bin/../lib/gcc/sparc-elf/4.4.2/../../../../sparc-elf/lib/soft/pnpinit.o
LOAD wahwah.o
LOAD vibrato.o
LOAD tremolo.o
LOAD spimctrl.o
LOAD phaser.o
LOAD noiseGate.o
LOAD logScale.o
LOAD kTable.o
LOAD kDistortionTable.o
LOAD gainTable.o
LOAD gain.o
LOAD flex.o
LOAD flanger.o
LOAD distortion.o
LOAD delay.o
LOAD circularBuffer.o
LOAD chorus.o
LOAD c-irq.o
LOAD biquad.o
LOAD audio_io.o
LOAD audioKernel_03.o
LOAD SVFLookupTable.o
LOAD SVF.o
LOAD LFOSineWaveTable.o
LOAD LFO.o
LOAD /opt/sparc-elf-4.4.2/bin/../lib/gcc/sparc-elf/4.4.2/../../../../sparc-elf/lib/soft/libm.a
LOAD /opt/sparc-elf-4.4.2/bin/../lib/gcc/sparc-elf/4.4.2/soft/libgcc.a
START GROUP
LOAD /opt/sparc-elf-4.4.2/bin/../lib/gcc/sparc-elf/4.4.2/../../../../sparc-elf/lib/soft/libc.a
LOAD /opt/sparc-elf-4.4.2/bin/../lib/gcc/sparc-elf/4.4.2/soft/libgcc.a
LOAD /opt/sparc-elf-4.4.2/bin/../lib/gcc/sparc-elf/4.4.2/../../../../sparc-elf/lib/soft/libleonbare.a
END GROUP
LOAD /opt/sparc-elf-4.4.2/bin/../lib/gcc/sparc-elf/4.4.2/soft/libgcc.a
START GROUP
LOAD /opt/sparc-elf-4.4.2/bin/../lib/gcc/sparc-elf/4.4.2/../../../../sparc-elf/lib/soft/libc.a
LOAD /opt/sparc-elf-4.4.2/bin/../lib/gcc/sparc-elf/4.4.2/soft/libgcc.a
LOAD /opt/sparc-elf-4.4.2/bin/../lib/gcc/sparc-elf/4.4.2/../../../../sparc-elf/lib/soft/libleonbare.a
END GROUP
LOAD /opt/sparc-elf-4.4.2/bin/../lib/gcc/sparc-elf/4.4.2/soft/crtend.o
LOAD /opt/sparc-elf-4.4.2/bin/../lib/gcc/sparc-elf/4.4.2/soft/crtn.o

.text           0x40000000    0x17050
 CREATE_OBJECT_SYMBOLS
 *(.text .text.*)
 .text          0x40000000     0x1000 /opt/sparc-elf-4.4.2/bin/../lib/gcc/sparc-elf/4.4.2/../../../../sparc-elf/lib/soft/locore_mvt.o
                0x40000000                _trap_table
                0x40000000                start
 .text          0x40001000       0x7c /opt/sparc-elf-4.4.2/bin/../lib/gcc/sparc-elf/4.4.2/../../../../sparc-elf/lib/soft/crt0.o
                0x40001000                _start
 .text          0x4000107c        0x0 /opt/sparc-elf-4.4.2/bin/../lib/gcc/sparc-elf/4.4.2/soft/crti.o
 .text          0x4000107c      0x11c /opt/sparc-elf-4.4.2/bin/../lib/gcc/sparc-elf/4.4.2/soft/crtbegin.o
 .text          0x40001198      0x78c /opt/sparc-elf-4.4.2/bin/../lib/gcc/sparc-elf/4.4.2/../../../../sparc-elf/lib/soft/pnpinit.o
                0x40001198                ambapp_addr_from
                0x40001894                pnpinit
                0x4000180c                find_apbslv
 .text          0x40001924      0x2fc wahwah.o
                0x40001924                applyWahwah
                0x40001b84                initWahwah
 .text          0x40001c20      0x164 vibrato.o
                0x40001c20                applyVibrato
                0x40001cfc                initVibrato
 .text          0x40001d84       0xe4 tremolo.o
                0x40001d84                applyTremolo
                0x40001e3c                initTremolo
 .text          0x40001e68      0x868 spimctrl.o
                0x40002258                getPreset
                0x40002378                setPreset
                0x40002170                spiFlashRead
                0x40001e68                spiFlashWrite
                0x40001ff4                spiFlashSectorErase
 .text          0x400026d0       0xfc phaser.o
                0x40002790                initPhaser
                0x400026d0                applyPhaser
 .text          0x400027cc      0x200 noiseGate.o
                0x400027cc                applyNoiseGate
                0x40002954                initNoiseGate
 .text          0x400029cc        0x0 logScale.o
 .text          0x400029cc        0x0 kTable.o
 .text          0x400029cc        0x0 kDistortionTable.o
 .text          0x400029cc        0x0 gainTable.o
 .text          0x400029cc       0x74 gain.o
                0x400029cc                applyGain
 .text          0x40002a40      0xea4 flex.o
                0x40003700                dummyOutGain
                0x40003820                dummyFlanger
                0x400037fc                dummyTremolo
                0x40002a40                dummyDummy
                0x40003868                dummyEQ
                0x400037d8                dummyVibrato
                0x400037b4                dummyWahwah
                0x40002f28                extractParams
                0x40003844                dummyChorus
                0x4000376c                dummyDistortion
                0x40003748                dummyNoiseGate
                0x400038b0                dummyDelay
                0x40002a48                initialize
                0x40003790                dummyPhaser
                0x40003724                dummyPreGain
 .text          0x400038e4      0x1f8 flanger.o
                0x40003a40                initFlanger
                0x400038e4                applyFlanger
 .text          0x40003adc      0x8e8 distortion.o
                0x40003bbc                initDistortion
                0x40003adc                applyDrive
                0x40003d08                applyDistortion
 .text          0x400043c4      0x164 delay.o
                0x400043c4                delay
                0x400044bc                delayInitialize
 .text          0x40004528      0x184 circularBuffer.o
                0x400045a0                cbWrite
                0x40004588                cbIsEmpty
                0x40004620                cbRead
                0x40004528                cbInit
                0x40004698                cbFree
                0x40004660                cbIncrement
                0x40004540                cbIsFull
 .text          0x400046ac      0x1b0 chorus.o
                0x400047d0                initChorus
                0x400046ac                applyChorus
 .text          0x4000485c       0x7c c-irq.o
                0x400048bc                irqhandler
                0x4000485c                enable_irq
                0x400048a4                force_irq
                0x40004884                disable_irq
 .text          0x400048d8      0xaf0 biquad.o
                0x40004a00                filterCoefficients
                0x400048d8                filter
 .text          0x400053c8       0x7c audio_io.o
                0x40005420                getByte
                0x40005430                mergeByte
                0x40005414                writeAddrConst
                0x40005404                writeAddr
                0x400053c8                readAddr
 .text          0x40005444      0x1bc audioKernel_03.o
                0x400054dc                adcHandler
                0x400054a4                progHandler
                0x40005444                selectHandler
                0x4000544c                main
 .text          0x40005600        0x0 SVFLookupTable.o
 .text          0x40005600      0x1a8 SVF.o
                0x40005600                initSVF
                0x4000563c                applySVF
 .text          0x400057a8        0x0 LFOSineWaveTable.o
 .text          0x400057a8       0xa4 LFO.o
                0x40005824                initLFO
                0x400057a8                getLFOValue
 .text          0x4000584c      0x1f8 /opt/sparc-elf-4.4.2/bin/../lib/gcc/sparc-elf/4.4.2/../../../../sparc-elf/lib/soft/libm.a(s_floor.o)
                0x4000584c                floor
 .text          0x40005a44      0x100 /opt/sparc-elf-4.4.2/bin/../lib/gcc/sparc-elf/4.4.2/../../../../sparc-elf/lib/soft/libm.a(wf_sqrt.o)
                0x40005a44                sqrtf
 .text          0x40005b44      0x13c /opt/sparc-elf-4.4.2/bin/../lib/gcc/sparc-elf/4.4.2/../../../../sparc-elf/lib/soft/libm.a(ef_sqrt.o)
                0x40005b44                __ieee754_sqrtf
 .text          0x40005c80        0x0 /opt/sparc-elf-4.4.2/bin/../lib/gcc/sparc-elf/4.4.2/../../../../sparc-elf/lib/soft/libm.a(s_lib_ver.o)
 .text          0x40005c80        0x8 /opt/sparc-elf-4.4.2/bin/../lib/gcc/sparc-elf/4.4.2/../../../../sparc-elf/lib/soft/libm.a(s_matherr.o)
                0x40005c80                matherr
 .text          0x40005c88       0x24 /opt/sparc-elf-4.4.2/bin/../lib/gcc/sparc-elf/4.4.2/../../../../sparc-elf/lib/soft/libm.a(sf_isnan.o)
                0x40005c88                isnanf
 .text          0x40005cac      0x2d4 /opt/sparc-elf-4.4.2/bin/../lib/gcc/sparc-elf/4.4.2/soft/libgcc.a(_addsub_sf.o)
                0x40005edc                __subsf3
                0x40005f34                __addsf3
 .text          0x40005f80      0x1dc /opt/sparc-elf-4.4.2/bin/../lib/gcc/sparc-elf/4.4.2/soft/libgcc.a(_mul_sf.o)
                0x40005f80                __mulsf3
 .text          0x4000615c      0x164 /opt/sparc-elf-4.4.2/bin/../lib/gcc/sparc-elf/4.4.2/soft/libgcc.a(_div_sf.o)
                0x4000615c                __divsf3
 .text          0x400062c0       0x64 /opt/sparc-elf-4.4.2/bin/../lib/gcc/sparc-elf/4.4.2/soft/libgcc.a(_ge_sf.o)
                0x400062c0                __gesf2
 .text          0x40006324       0x64 /opt/sparc-elf-4.4.2/bin/../lib/gcc/sparc-elf/4.4.2/soft/libgcc.a(_lt_sf.o)
                0x40006324                __ltsf2
 .text          0x40006388       0xa0 /opt/sparc-elf-4.4.2/bin/../lib/gcc/sparc-elf/4.4.2/soft/libgcc.a(_si_to_sf.o)
                0x40006388                __floatsisf
 .text          0x40006428       0x94 /opt/sparc-elf-4.4.2/bin/../lib/gcc/sparc-elf/4.4.2/soft/libgcc.a(_sf_to_si.o)
                0x40006428                __fixsfsi
 .text          0x400064bc       0x3c /opt/sparc-elf-4.4.2/bin/../lib/gcc/sparc-elf/4.4.2/soft/libgcc.a(_sf_to_df.o)
                0x400064bc                __extendsfdf2
 .text          0x400064f8        0x0 /opt/sparc-elf-4.4.2/bin/../lib/gcc/sparc-elf/4.4.2/soft/libgcc.a(_thenan_sf.o)
 .text          0x400064f8      0x474 /opt/sparc-elf-4.4.2/bin/../lib/gcc/sparc-elf/4.4.2/soft/libgcc.a(_addsub_df.o)
                0x4000691c                __adddf3
                0x400068c0                __subdf3
 .text          0x4000696c      0x364 /opt/sparc-elf-4.4.2/bin/../lib/gcc/sparc-elf/4.4.2/soft/libgcc.a(_mul_df.o)
                0x4000696c                __muldf3
 .text          0x40006cd0      0x23c /opt/sparc-elf-4.4.2/bin/../lib/gcc/sparc-elf/4.4.2/soft/libgcc.a(_div_df.o)
                0x40006cd0                __divdf3
 .text          0x40006f0c       0x64 /opt/sparc-elf-4.4.2/bin/../lib/gcc/sparc-elf/4.4.2/soft/libgcc.a(_gt_df.o)
                0x40006f0c                __gtdf2
 .text          0x40006f70       0xdc /opt/sparc-elf-4.4.2/bin/../lib/gcc/sparc-elf/4.4.2/soft/libgcc.a(_df_to_si.o)
                0x40006f70                __fixdfsi
 .text          0x4000704c       0x2c /opt/sparc-elf-4.4.2/bin/../lib/gcc/sparc-elf/4.4.2/soft/libgcc.a(_make_df.o)
                0x4000704c                __make_dp
 .text          0x40007078       0x58 /opt/sparc-elf-4.4.2/bin/../lib/gcc/sparc-elf/4.4.2/soft/libgcc.a(_df_to_sf.o)
                0x40007078                __truncdfsf2
 .text          0x400070d0        0x0 /opt/sparc-elf-4.4.2/bin/../lib/gcc/sparc-elf/4.4.2/soft/libgcc.a(_thenan_df.o)
 .text          0x400070d0       0xcc /opt/sparc-elf-4.4.2/bin/../lib/gcc/sparc-elf/4.4.2/soft/libgcc.a(_muldi3.o)
                0x400070d0                __muldi3
 .text          0x4000719c       0x3c /opt/sparc-elf-4.4.2/bin/../lib/gcc/sparc-elf/4.4.2/soft/libgcc.a(_ucmpdi2.o)
                0x4000719c                __ucmpdi2
 .text          0x400071d8       0x78 /opt/sparc-elf-4.4.2/bin/../lib/gcc/sparc-elf/4.4.2/soft/libgcc.a(_clzsi2.o)
                0x400071d8                __clzsi2
 .text          0x40007250      0x164 /opt/sparc-elf-4.4.2/bin/../lib/gcc/sparc-elf/4.4.2/soft/libgcc.a(_pack_sf.o)
                0x40007250                __pack_f
 .text          0x400073b4       0xd8 /opt/sparc-elf-4.4.2/bin/../lib/gcc/sparc-elf/4.4.2/soft/libgcc.a(_unpack_sf.o)
                0x400073b4                __unpack_f
 .text          0x4000748c       0xfc /opt/sparc-elf-4.4.2/bin/../lib/gcc/sparc-elf/4.4.2/soft/libgcc.a(_fpcmp_parts_sf.o)
                0x4000748c                __fpcmp_parts_f
 .text          0x40007588       0x1c /opt/sparc-elf-4.4.2/bin/../lib/gcc/sparc-elf/4.4.2/soft/libgcc.a(_make_sf.o)
                0x40007588                __make_fp
 .text          0x400075a4      0x2a8 /opt/sparc-elf-4.4.2/bin/../lib/gcc/sparc-elf/4.4.2/soft/libgcc.a(_pack_df.o)
                0x400075a4                __pack_d
 .text          0x4000784c      0x13c /opt/sparc-elf-4.4.2/bin/../lib/gcc/sparc-elf/4.4.2/soft/libgcc.a(_unpack_df.o)
                0x4000784c                __unpack_d
 .text          0x40007988      0x138 /opt/sparc-elf-4.4.2/bin/../lib/gcc/sparc-elf/4.4.2/soft/libgcc.a(_fpcmp_parts_df.o)
                0x40007988                __fpcmp_parts_d
 .text          0x40007ac0       0xe8 /opt/sparc-elf-4.4.2/bin/../lib/gcc/sparc-elf/4.4.2/soft/libgcc.a(_mulsi3.o)
                0x40007ac0                .umul
 .text          0x40007ba8       0x40 /opt/sparc-elf-4.4.2/bin/../lib/gcc/sparc-elf/4.4.2/soft/libgcc.a(_lshrdi3.o)
                0x40007ba8                __lshrdi3
 .text          0x40007be8       0x40 /opt/sparc-elf-4.4.2/bin/../lib/gcc/sparc-elf/4.4.2/soft/libgcc.a(_ashldi3.o)
                0x40007be8                __ashldi3
 .text          0x40007c28        0x0 /opt/sparc-elf-4.4.2/bin/../lib/gcc/sparc-elf/4.4.2/soft/libgcc.a(_clz.o)
 .text          0x40007c28       0x20 /opt/sparc-elf-4.4.2/bin/../lib/gcc/sparc-elf/4.4.2/../../../../sparc-elf/lib/soft/libc.a(atexit.o)
                0x40007c28                _atexit
                0x40007c28                atexit
 .text          0x40007c48        0xc /opt/sparc-elf-4.4.2/bin/../lib/gcc/sparc-elf/4.4.2/../../../../sparc-elf/lib/soft/libc.a(errno.o)
                0x40007c48                __errno
 .text          0x40007c54        0x0 /opt/sparc-elf-4.4.2/bin/../lib/gcc/sparc-elf/4.4.2/../../../../sparc-elf/lib/soft/libc.a(impure.o)
 .text          0x40007c54       0x38 /opt/sparc-elf-4.4.2/bin/../lib/gcc/sparc-elf/4.4.2/../../../../sparc-elf/lib/soft/libc.a(malloc.o)
                0x40007c70                malloc
                0x40007c54                free
 .text          0x40007c8c      0x6d8 /opt/sparc-elf-4.4.2/bin/../lib/gcc/sparc-elf/4.4.2/../../../../sparc-elf/lib/soft/libc.a(mallocr.o)
                0x40007c8c                _malloc_r
 .text          0x40008364       0xfc /opt/sparc-elf-4.4.2/bin/../lib/gcc/sparc-elf/4.4.2/../../../../sparc-elf/lib/soft/libc.a(memcpy.o)
                0x40008364                memcpy
 .text          0x40008460       0x30 /opt/sparc-elf-4.4.2/bin/../lib/gcc/sparc-elf/4.4.2/../../../../sparc-elf/lib/soft/libc.a(mlock.o)
                0x40008460                __malloc_unlock
                0x40008478                __malloc_lock
 .text          0x40008490       0x70 /opt/sparc-elf-4.4.2/bin/../lib/gcc/sparc-elf/4.4.2/../../../../sparc-elf/lib/soft/libc.a(printf.o)
                0x40008490                printf
                0x400084cc                _printf_r
 .text          0x40008500       0x40 /opt/sparc-elf-4.4.2/bin/../lib/gcc/sparc-elf/4.4.2/../../../../sparc-elf/lib/soft/libc.a(sbrkr.o)
                0x40008500                _sbrk_r
 .text          0x40008540     0x1f74 /opt/sparc-elf-4.4.2/bin/../lib/gcc/sparc-elf/4.4.2/../../../../sparc-elf/lib/soft/libc.a(vfprintf.o)
                0x400086dc                _vfprintf_r
                0x4000a488                vfprintf
 .text          0x4000a4b4       0x8c /opt/sparc-elf-4.4.2/bin/../lib/gcc/sparc-elf/4.4.2/../../../../sparc-elf/lib/soft/libc.a(wcrtomb.o)
                0x4000a4b4                _wcrtomb_r
                0x4000a514                wcrtomb
 .text          0x4000a540      0x16c /opt/sparc-elf-4.4.2/bin/../lib/gcc/sparc-elf/4.4.2/../../../../sparc-elf/lib/soft/libc.a(wcsrtombs.o)
                0x4000a540                _wcsrtombs_r
                0x4000a678                wcsrtombs
 .text          0x4000a6ac      0x3f4 /opt/sparc-elf-4.4.2/bin/../lib/gcc/sparc-elf/4.4.2/../../../../sparc-elf/lib/soft/libc.a(wctomb_r.o)
                0x4000a6ac                _wctomb_r
 .text          0x4000aaa0      0x134 /opt/sparc-elf-4.4.2/bin/../lib/gcc/sparc-elf/4.4.2/../../../../sparc-elf/lib/soft/libc.a(wsetup.o)
                0x4000aaa0                __swsetup
 .text          0x4000abd4      0x12c /opt/sparc-elf-4.4.2/bin/../lib/gcc/sparc-elf/4.4.2/../../../../sparc-elf/lib/soft/libc.a(__atexit.o)
                0x4000abd4                __register_exitproc
 .text          0x4000ad00     0x1644 /opt/sparc-elf-4.4.2/bin/../lib/gcc/sparc-elf/4.4.2/../../../../sparc-elf/lib/soft/libc.a(dtoa.o)
                0x4000af18                _dtoa_r
 .text          0x4000c344      0x15c /opt/sparc-elf-4.4.2/bin/../lib/gcc/sparc-elf/4.4.2/../../../../sparc-elf/lib/soft/libc.a(fflush.o)
                0x4000c344                fflush
 .text          0x4000c4a0      0x350 /opt/sparc-elf-4.4.2/bin/../lib/gcc/sparc-elf/4.4.2/../../../../sparc-elf/lib/soft/libc.a(findfp.o)
                0x4000c618                __sinit
                0x4000c684                __sfmoreglue
                0x4000c4b8                _cleanup
                0x4000c4a0                _cleanup_r
                0x4000c56c                __fp_lock_all
                0x4000c554                __sfp_lock_acquire
                0x4000c6d4                __sfp
                0x4000c50c                __fp_unlock_all
                0x4000c4f4                __sfp_lock_release
 .text          0x4000c7f0      0x388 /opt/sparc-elf-4.4.2/bin/../lib/gcc/sparc-elf/4.4.2/../../../../sparc-elf/lib/soft/libc.a(freer.o)
                0x4000c8dc                _free_r
                0x4000c7f0                _malloc_trim_r
 .text          0x4000cb78      0x420 /opt/sparc-elf-4.4.2/bin/../lib/gcc/sparc-elf/4.4.2/../../../../sparc-elf/lib/soft/libc.a(fvwrite.o)
                0x4000cb78                __sfvwrite
 .text          0x4000cf98      0x1c4 /opt/sparc-elf-4.4.2/bin/../lib/gcc/sparc-elf/4.4.2/../../../../sparc-elf/lib/soft/libc.a(fwalk.o)
                0x4000d07c                _fwalk
                0x4000cf98                _fwalk_reent
 .text          0x4000d15c       0xb0 /opt/sparc-elf-4.4.2/bin/../lib/gcc/sparc-elf/4.4.2/../../../../sparc-elf/lib/soft/libc.a(locale.o)
                0x4000d180                _setlocale_r
                0x4000d15c                __locale_charset
                0x4000d168                _localeconv_r
                0x4000d1e8                setlocale
                0x4000d174                localeconv
 .text          0x4000d20c      0x160 /opt/sparc-elf-4.4.2/bin/../lib/gcc/sparc-elf/4.4.2/../../../../sparc-elf/lib/soft/libc.a(makebuf.o)
                0x4000d20c                __smakebuf
 .text          0x4000d36c       0xf0 /opt/sparc-elf-4.4.2/bin/../lib/gcc/sparc-elf/4.4.2/../../../../sparc-elf/lib/soft/libc.a(memchr.o)
                0x4000d36c                memchr
 .text          0x4000d45c      0x150 /opt/sparc-elf-4.4.2/bin/../lib/gcc/sparc-elf/4.4.2/../../../../sparc-elf/lib/soft/libc.a(memmove.o)
                0x4000d45c                memmove
 .text          0x4000d5ac       0xdc /opt/sparc-elf-4.4.2/bin/../lib/gcc/sparc-elf/4.4.2/../../../../sparc-elf/lib/soft/libc.a(memset.o)
                0x4000d5ac                memset
 .text          0x4000d688      0xe2c /opt/sparc-elf-4.4.2/bin/../lib/gcc/sparc-elf/4.4.2/../../../../sparc-elf/lib/soft/libc.a(mprec.o)
                0x4000da94                _mprec_log10
                0x4000d6b4                _hi0bits
                0x4000daec                _Balloc
                0x4000db94                _d2b
                0x4000dfa4                _multiply
                0x4000d9f8                _ratio
                0x4000e3e4                _s2b
                0x4000e1c4                _i2b
                0x4000d738                _lo0bits
                0x4000d81c                __mcmp
                0x4000e2d0                _pow5mult
                0x4000d890                _ulp
                0x4000d904                _b2d
                0x4000e1e8                _multadd
                0x4000dcbc                __mdiff
                0x4000de70                _lshift
                0x4000d688                _Bfree
 .text          0x4000e4b4      0x4f8 /opt/sparc-elf-4.4.2/bin/../lib/gcc/sparc-elf/4.4.2/../../../../sparc-elf/lib/soft/libc.a(reallocr.o)
                0x4000e4b4                _realloc_r
 .text          0x4000e9ac      0x1b8 /opt/sparc-elf-4.4.2/bin/../lib/gcc/sparc-elf/4.4.2/../../../../sparc-elf/lib/soft/libc.a(reent.o)
                0x4000ea38                cleanup_glue
                0x4000ea60                _reclaim_reent
                0x4000e9ac                _wrapup_reent
 .text          0x4000eb64       0x34 /opt/sparc-elf-4.4.2/bin/../lib/gcc/sparc-elf/4.4.2/../../../../sparc-elf/lib/soft/libc.a(s_isinf.o)
                0x4000eb64                isinf
 .text          0x4000eb98       0x28 /opt/sparc-elf-4.4.2/bin/../lib/gcc/sparc-elf/4.4.2/../../../../sparc-elf/lib/soft/libc.a(s_isnan.o)
                0x4000eb98                isnan
 .text          0x4000ebc0      0x11c /opt/sparc-elf-4.4.2/bin/../lib/gcc/sparc-elf/4.4.2/../../../../sparc-elf/lib/soft/libc.a(stdio.o)
                0x4000ebdc                __sseek
                0x4000ec8c                __sread
                0x4000ebc0                __sclose
                0x4000ec34                __swrite
 .text          0x4000ecdc       0xe8 /opt/sparc-elf-4.4.2/bin/../lib/gcc/sparc-elf/4.4.2/../../../../sparc-elf/lib/soft/libc.a(strcmp.o)
                0x4000ecdc                strcmp
 .text          0x4000edc4       0x94 /opt/sparc-elf-4.4.2/bin/../lib/gcc/sparc-elf/4.4.2/../../../../sparc-elf/lib/soft/libc.a(strlen.o)
                0x4000edc4                strlen
 .text          0x4000ee58       0x48 /opt/sparc-elf-4.4.2/bin/../lib/gcc/sparc-elf/4.4.2/../../../../sparc-elf/lib/soft/libc.a(writer.o)
                0x4000ee58                _write_r
 .text          0x4000eea0       0xa0 /opt/sparc-elf-4.4.2/bin/../lib/gcc/sparc-elf/4.4.2/../../../../sparc-elf/lib/soft/libc.a(callocr.o)
                0x4000eea0                _calloc_r
 .text          0x4000ef40       0x40 /opt/sparc-elf-4.4.2/bin/../lib/gcc/sparc-elf/4.4.2/../../../../sparc-elf/lib/soft/libc.a(closer.o)
                0x4000ef40                _close_r
 .text          0x4000ef80      0x18c /opt/sparc-elf-4.4.2/bin/../lib/gcc/sparc-elf/4.4.2/../../../../sparc-elf/lib/soft/libc.a(fclose.o)
                0x4000ef80                _fclose_r
                0x4000f0f0                fclose
 .text          0x4000f10c       0x44 /opt/sparc-elf-4.4.2/bin/../lib/gcc/sparc-elf/4.4.2/../../../../sparc-elf/lib/soft/libc.a(fstatr.o)
                0x4000f10c                _fstat_r
 .text          0x4000f150       0x48 /opt/sparc-elf-4.4.2/bin/../lib/gcc/sparc-elf/4.4.2/../../../../sparc-elf/lib/soft/libc.a(lseekr.o)
                0x4000f150                _lseek_r
 .text          0x4000f198       0x48 /opt/sparc-elf-4.4.2/bin/../lib/gcc/sparc-elf/4.4.2/../../../../sparc-elf/lib/soft/libc.a(readr.o)
                0x4000f198                _read_r
 .text          0x4000f1e0      0x2b0 /opt/sparc-elf-4.4.2/bin/../lib/gcc/sparc-elf/4.4.2/soft/libgcc.a(_divsi3.o)
                0x4000f1e0                .udiv
                0x4000f1e8                .div
 .text          0x4000f490      0x2b0 /opt/sparc-elf-4.4.2/bin/../lib/gcc/sparc-elf/4.4.2/soft/libgcc.a(_modsi3.o)
                0x4000f490                .urem
                0x4000f498                .rem
 .text          0x4000f740       0x64 /opt/sparc-elf-4.4.2/bin/../lib/gcc/sparc-elf/4.4.2/soft/libgcc.a(_eq_df.o)
                0x4000f740                __eqdf2
 .text          0x4000f7a4       0x64 /opt/sparc-elf-4.4.2/bin/../lib/gcc/sparc-elf/4.4.2/soft/libgcc.a(_ne_df.o)
                0x4000f7a4                __nedf2
 .text          0x4000f808       0x64 /opt/sparc-elf-4.4.2/bin/../lib/gcc/sparc-elf/4.4.2/soft/libgcc.a(_ge_df.o)
                0x4000f808                __gedf2
 .text          0x4000f86c       0x64 /opt/sparc-elf-4.4.2/bin/../lib/gcc/sparc-elf/4.4.2/soft/libgcc.a(_lt_df.o)
                0x4000f86c                __ltdf2
 .text          0x4000f8d0       0xd8 /opt/sparc-elf-4.4.2/bin/../lib/gcc/sparc-elf/4.4.2/soft/libgcc.a(_si_to_df.o)
                0x4000f8d0                __floatsidf
 .text          0x4000f9a8      0x13c /opt/sparc-elf-4.4.2/bin/../lib/gcc/sparc-elf/4.4.2/soft/libgcc.a(_usi_to_df.o)
                0x4000f9a8                __floatunsidf
 .text          0x4000fae4        0x8 /opt/sparc-elf-4.4.2/bin/../lib/gcc/sparc-elf/4.4.2/../../../../sparc-elf/lib/soft/libleonbare.a(close.o)
                0x4000fae4                close
 .text          0x4000faec       0x14 /opt/sparc-elf-4.4.2/bin/../lib/gcc/sparc-elf/4.4.2/../../../../sparc-elf/lib/soft/libleonbare.a(fstat.o)
                0x4000faec                fstat
 .text          0x4000fb00        0x8 /opt/sparc-elf-4.4.2/bin/../lib/gcc/sparc-elf/4.4.2/../../../../sparc-elf/lib/soft/libleonbare.a(isatty.o)
                0x4000fb00                isatty
 .text          0x4000fb08       0x1c /opt/sparc-elf-4.4.2/bin/../lib/gcc/sparc-elf/4.4.2/../../../../sparc-elf/lib/soft/libleonbare.a(lseek.o)
                0x4000fb08                lseek
 .text          0x4000fb24       0x5c /opt/sparc-elf-4.4.2/bin/../lib/gcc/sparc-elf/4.4.2/../../../../sparc-elf/lib/soft/libleonbare.a(read.o)
                0x4000fb24                read
 .text          0x4000fb80       0x3c /opt/sparc-elf-4.4.2/bin/../lib/gcc/sparc-elf/4.4.2/../../../../sparc-elf/lib/soft/libleonbare.a(sbrk.o)
                0x4000fb80                sbrk
 .text          0x4000fbbc       0x78 /opt/sparc-elf-4.4.2/bin/../lib/gcc/sparc-elf/4.4.2/../../../../sparc-elf/lib/soft/libleonbare.a(write.o)
                0x4000fbbc                write
 .text          0x4000fc34       0x84 /opt/sparc-elf-4.4.2/bin/../lib/gcc/sparc-elf/4.4.2/../../../../sparc-elf/lib/soft/libleonbare.a(io.o)
                0x4000fc34                outbyte
                0x4000fc84                inbyte
 .text          0x4000fcb8       0xcc /opt/sparc-elf-4.4.2/bin/../lib/gcc/sparc-elf/4.4.2/../../../../sparc-elf/lib/soft/libleonbare.a(regwin.o)
                0x4000fd1c                __window_overflow_slow1
                0x4000fcb8                _window_overflow
                0x4000fcb8                _window_overflow_svt
                0x4000fcb8                __window_overflow_rettseq
                0x4000fd24                _window_underflow
                0x4000fd24                _window_underflow_svt
                0x4000fcc4                __window_overflow_rettseq_ret
 .text          0x4000fd84      0x230 /opt/sparc-elf-4.4.2/bin/../lib/gcc/sparc-elf/4.4.2/../../../../sparc-elf/lib/soft/libleonbare.a(regwinflush.o)
                0x4000fedc                _irqcall_disableirq
                0x4000fd84                _flush_windows_svt
                0x4000fef8                _irqcall_svt
                0x4000fd88                _flush_windows
                0x4000fedc                _irqcall_disableirq_svt
                0x4000fef8                _irqcall
                0x4000ffa8                leonbare_flush_windows
                0x4000ff9c                leonbare_disable_traps
                0x4000ff90                leonbare_enable_traps
 .text          0x4000ffb4       0x18 /opt/sparc-elf-4.4.2/bin/../lib/gcc/sparc-elf/4.4.2/../../../../sparc-elf/lib/soft/libleonbare.a(bdinit.o)
                0x4000ffc4                prelibchook
                0x4000ffb4                bdinit1
                0x4000ffbc                bdinit2
 .text          0x4000ffcc       0xa0 /opt/sparc-elf-4.4.2/bin/../lib/gcc/sparc-elf/4.4.2/../../../../sparc-elf/lib/soft/libleonbare.a(irqtrap_fast.o)
                0x4000ffd4                leonbare_irq_entry
                0x4000ffcc                _leonbare_irq_entry_svt
 .text          0x4001006c      0x218 /opt/sparc-elf-4.4.2/bin/../lib/gcc/sparc-elf/4.4.2/../../../../sparc-elf/lib/soft/libleonbare.a(catch_interrupt.o)
                0x40010278                sparc_leon23_get_tbr_base
                0x4001006c                catch_interrupt
                0x400100f4                chained_catch_interrupt
                0x40010110                handler_irq
                0x40010230                traptable_genjmp
 .text          0x40010284        0x0 /opt/sparc-elf-4.4.2/bin/../lib/gcc/sparc-elf/4.4.2/../../../../sparc-elf/lib/soft/libleonbare.a(rtc.o)
 .text          0x40010284      0x110 /opt/sparc-elf-4.4.2/bin/../lib/gcc/sparc-elf/4.4.2/../../../../sparc-elf/lib/soft/libleonbare.a(lcpuinit.o)
                0x40010284                cpuinit
 .text          0x40010394        0x0 /opt/sparc-elf-4.4.2/bin/../lib/gcc/sparc-elf/4.4.2/../../../../sparc-elf/lib/soft/libleonbare.a(lcpudata.o)
 .text          0x40010394        0x0 /opt/sparc-elf-4.4.2/bin/../lib/gcc/sparc-elf/4.4.2/../../../../sparc-elf/lib/soft/libleonbare.a(console.o)
 .text          0x40010394       0x10 /opt/sparc-elf-4.4.2/bin/../lib/gcc/sparc-elf/4.4.2/../../../../sparc-elf/lib/soft/libleonbare.a(_exit.o)
                0x40010394                _exit
 .text          0x400103a4      0x2c4 /opt/sparc-elf-4.4.2/bin/../lib/gcc/sparc-elf/4.4.2/../../../../sparc-elf/lib/soft/libleonbare.a(amba.o)
                0x4001045c                amba_init
                0x400103a4                amba_find_apbslv_addr
 .text          0x40010668      0x170 /opt/sparc-elf-4.4.2/bin/../lib/gcc/sparc-elf/4.4.2/../../../../sparc-elf/lib/soft/libleonbare.a(mutex.o)
                0x400106f4                __st_pthread_mutex_trylock
                0x400106c8                __st_pthread_mutex_lock
                0x40010778                __st_pthread_mutexattr_destroy
                0x400106f4                ___st_pthread_mutex_trylock
                0x400107a4                __st_pthread_mutexattr_settype
                0x40010668                __st_pthread_mutex_init
                0x400106c8                ___st_pthread_mutex_lock
                0x40010778                ___st_pthread_mutexattr_destroy
                0x40010668                ___st_pthread_mutex_init
                0x4001069c                ___st_pthread_mutex_destroy
                0x4001074c                __st_pthread_mutexattr_init
                0x40010720                ___st_pthread_mutex_unlock
                0x4001074c                ___st_pthread_mutexattr_init
                0x400107a4                ___st_pthread_mutexattr_settype
                0x40010720                __st_pthread_mutex_unlock
                0x4001069c                __st_pthread_mutex_destroy
 .text          0x400107d8       0xa8 /opt/sparc-elf-4.4.2/bin/../lib/gcc/sparc-elf/4.4.2/../../../../sparc-elf/lib/soft/libleonbare.a(locore.o)
                0x400107d8                _hardreset_real
                0x400107dc                _hardreset
                0x40010854                _fpdis_svt
                0x40010854                _fpdis
 .text          0x40010880       0x10 /opt/sparc-elf-4.4.2/bin/../lib/gcc/sparc-elf/4.4.2/../../../../sparc-elf/lib/soft/libleonbare.a(locore_clean.o)
                0x40010880                _cleanregs_libgloss
                0x40010880                _cleanregs_custom_weak
 .text          0x40010890       0x68 /opt/sparc-elf-4.4.2/bin/../lib/gcc/sparc-elf/4.4.2/../../../../sparc-elf/lib/soft/libleonbare.a(locore_var.o)
                0x40010890                _hardreset_custom_weak
 .text          0x400108f8        0x8 /opt/sparc-elf-4.4.2/bin/../lib/gcc/sparc-elf/4.4.2/../../../../sparc-elf/lib/soft/libleonbare.a(locore_var_svt.o)
                0x400108f8                _hardreset_custom_svt_weak
 .text          0x40010900        0x0 /opt/sparc-elf-4.4.2/bin/../lib/gcc/sparc-elf/4.4.2/../../../../sparc-elf/lib/soft/libleonbare.a(jiffies.o)
 .text          0x40010900       0x18 /opt/sparc-elf-4.4.2/bin/../lib/gcc/sparc-elf/4.4.2/../../../../sparc-elf/lib/soft/libleonbare.a(mmu_asm.o)
                0x40010900                _srmmu_fault_svt
                0x40010900                _srmmu_fault
 .text          0x40010918       0x38 /opt/sparc-elf-4.4.2/bin/../lib/gcc/sparc-elf/4.4.2/../../../../sparc-elf/lib/soft/libleonbare.a(locore_mvt_reset.o)
                0x40010918                _hardreset_mvt
 .text          0x40010950       0x4c /opt/sparc-elf-4.4.2/bin/../lib/gcc/sparc-elf/4.4.2/../../../../sparc-elf/lib/soft/libleonbare.a(initcalls.o)
                0x40010950                _call_initcalls
 .text          0x4001099c       0x98 /opt/sparc-elf-4.4.2/bin/../lib/gcc/sparc-elf/4.4.2/../../../../sparc-elf/lib/soft/libleonbare.a(etrap.o)
                0x4001099c                leonbare_trapsetup
 .text          0x40010a34      0x110 /opt/sparc-elf-4.4.2/bin/../lib/gcc/sparc-elf/4.4.2/../../../../sparc-elf/lib/soft/libleonbare.a(rtrap.o)
                0x40010a34                leonbare_trapreturn
 .text          0x40010b44       0x7c /opt/sparc-elf-4.4.2/bin/../lib/gcc/sparc-elf/4.4.2/../../../../sparc-elf/lib/soft/libleonbare.a(etrap_fast.o)
                0x40010b44                leonbare_trapsetup_fast
 .text          0x40010bc0       0xd8 /opt/sparc-elf-4.4.2/bin/../lib/gcc/sparc-elf/4.4.2/../../../../sparc-elf/lib/soft/libleonbare.a(rtrap_fast.o)
                0x40010bc0                leonbare_trapreturn_fast
 .text          0x40010c98       0xe4 /opt/sparc-elf-4.4.2/bin/../lib/gcc/sparc-elf/4.4.2/../../../../sparc-elf/lib/soft/libleonbare.a(busscan.o)
                0x40010cf0                apbslv_scan
                0x40010d44                iobar_getbase
                0x40010c98                ahbslv_scan
 .text          0x40010d7c       0x48 /opt/sparc-elf-4.4.2/bin/../lib/gcc/sparc-elf/4.4.2/soft/crtend.o
 .text          0x40010dc4        0x0 /opt/sparc-elf-4.4.2/bin/../lib/gcc/sparc-elf/4.4.2/soft/crtn.o
                0x40010dc4                etext = .
                0x40010dd0                . = ALIGN (0x10)
 *fill*         0x40010dc4        0xc 00
 *(.eh_frame)
 .eh_frame      0x40010dd0        0x0 /opt/sparc-elf-4.4.2/bin/../lib/gcc/sparc-elf/4.4.2/soft/crtbegin.o
 .eh_frame      0x40010dd0       0xb4 /opt/sparc-elf-4.4.2/bin/../lib/gcc/sparc-elf/4.4.2/../../../../sparc-elf/lib/soft/pnpinit.o
 .eh_frame      0x40010e84       0x38 wahwah.o
                                 0x4c (size before relaxing)
 .eh_frame      0x40010ebc       0x38 vibrato.o
                                 0x4c (size before relaxing)
 .eh_frame      0x40010ef4       0x38 tremolo.o
                                 0x4c (size before relaxing)
 .eh_frame      0x40010f2c       0x8c spimctrl.o
                                 0xa0 (size before relaxing)
 .eh_frame      0x40010fb8       0x38 phaser.o
                                 0x4c (size before relaxing)
 .eh_frame      0x40010ff0       0x38 noiseGate.o
                                 0x4c (size before relaxing)
 .eh_frame      0x40011028       0x1c gain.o
                                 0x30 (size before relaxing)
 .eh_frame      0x40011044      0x144 flex.o
                                0x158 (size before relaxing)
 .eh_frame      0x40011188       0x38 flanger.o
                                 0x4c (size before relaxing)
 .eh_frame      0x400111c0       0x54 distortion.o
                                 0x68 (size before relaxing)
 .eh_frame      0x40011214       0x38 delay.o
                                 0x4c (size before relaxing)
 .eh_frame      0x4001124c       0x94 circularBuffer.o
                                 0xa8 (size before relaxing)
 .eh_frame      0x400112e0       0x38 chorus.o
                                 0x4c (size before relaxing)
 .eh_frame      0x40011318       0x50 c-irq.o
                                 0x64 (size before relaxing)
 .eh_frame      0x40011368       0x38 biquad.o
                                 0x4c (size before relaxing)
 .eh_frame      0x400113a0       0x64 audio_io.o
                                 0x78 (size before relaxing)
 .eh_frame      0x40011404       0x60 audioKernel_03.o
                                 0x74 (size before relaxing)
 .eh_frame      0x40011464       0x30 SVF.o
                                 0x44 (size before relaxing)
 .eh_frame      0x40011494       0x30 LFO.o
                                 0x44 (size before relaxing)
 .eh_frame      0x400114c4       0x1c /opt/sparc-elf-4.4.2/bin/../lib/gcc/sparc-elf/4.4.2/../../../../sparc-elf/lib/soft/libm.a(s_floor.o)
                                 0x30 (size before relaxing)
 .eh_frame      0x400114e0       0x18 /opt/sparc-elf-4.4.2/bin/../lib/gcc/sparc-elf/4.4.2/../../../../sparc-elf/lib/soft/libm.a(wf_sqrt.o)
                                 0x2c (size before relaxing)
 .eh_frame      0x400114f8       0x1c /opt/sparc-elf-4.4.2/bin/../lib/gcc/sparc-elf/4.4.2/../../../../sparc-elf/lib/soft/libm.a(ef_sqrt.o)
                                 0x30 (size before relaxing)
 .eh_frame      0x40011514       0x14 /opt/sparc-elf-4.4.2/bin/../lib/gcc/sparc-elf/4.4.2/../../../../sparc-elf/lib/soft/libm.a(s_matherr.o)
                                 0x28 (size before relaxing)
 .eh_frame      0x40011528       0x14 /opt/sparc-elf-4.4.2/bin/../lib/gcc/sparc-elf/4.4.2/../../../../sparc-elf/lib/soft/libm.a(sf_isnan.o)
                                 0x28 (size before relaxing)
 .eh_frame      0x4001153c       0x54 /opt/sparc-elf-4.4.2/bin/../lib/gcc/sparc-elf/4.4.2/soft/libgcc.a(_addsub_sf.o)
                                 0x68 (size before relaxing)
 .eh_frame      0x40011590       0x1c /opt/sparc-elf-4.4.2/bin/../lib/gcc/sparc-elf/4.4.2/soft/libgcc.a(_mul_sf.o)
                                 0x30 (size before relaxing)
 .eh_frame      0x400115ac       0x1c /opt/sparc-elf-4.4.2/bin/../lib/gcc/sparc-elf/4.4.2/soft/libgcc.a(_div_sf.o)
                                 0x30 (size before relaxing)
 .eh_frame      0x400115c8       0x1c /opt/sparc-elf-4.4.2/bin/../lib/gcc/sparc-elf/4.4.2/soft/libgcc.a(_ge_sf.o)
                                 0x30 (size before relaxing)
 .eh_frame      0x400115e4       0x1c /opt/sparc-elf-4.4.2/bin/../lib/gcc/sparc-elf/4.4.2/soft/libgcc.a(_lt_sf.o)
                                 0x30 (size before relaxing)
 .eh_frame      0x40011600       0x1c /opt/sparc-elf-4.4.2/bin/../lib/gcc/sparc-elf/4.4.2/soft/libgcc.a(_si_to_sf.o)
                                 0x30 (size before relaxing)
 .eh_frame      0x4001161c       0x1c /opt/sparc-elf-4.4.2/bin/../lib/gcc/sparc-elf/4.4.2/soft/libgcc.a(_sf_to_si.o)
                                 0x30 (size before relaxing)
 .eh_frame      0x40011638       0x1c /opt/sparc-elf-4.4.2/bin/../lib/gcc/sparc-elf/4.4.2/soft/libgcc.a(_sf_to_df.o)
                                 0x30 (size before relaxing)
 .eh_frame      0x40011654       0x54 /opt/sparc-elf-4.4.2/bin/../lib/gcc/sparc-elf/4.4.2/soft/libgcc.a(_addsub_df.o)
                                 0x68 (size before relaxing)
 .eh_frame      0x400116a8       0x1c /opt/sparc-elf-4.4.2/bin/../lib/gcc/sparc-elf/4.4.2/soft/libgcc.a(_mul_df.o)
                                 0x30 (size before relaxing)
 .eh_frame      0x400116c4       0x1c /opt/sparc-elf-4.4.2/bin/../lib/gcc/sparc-elf/4.4.2/soft/libgcc.a(_div_df.o)
                                 0x30 (size before relaxing)
 .eh_frame      0x400116e0       0x1c /opt/sparc-elf-4.4.2/bin/../lib/gcc/sparc-elf/4.4.2/soft/libgcc.a(_gt_df.o)
                                 0x30 (size before relaxing)
 .eh_frame      0x400116fc       0x1c /opt/sparc-elf-4.4.2/bin/../lib/gcc/sparc-elf/4.4.2/soft/libgcc.a(_df_to_si.o)
                                 0x30 (size before relaxing)
 .eh_frame      0x40011718       0x1c /opt/sparc-elf-4.4.2/bin/../lib/gcc/sparc-elf/4.4.2/soft/libgcc.a(_make_df.o)
                                 0x30 (size before relaxing)
 .eh_frame      0x40011734       0x1c /opt/sparc-elf-4.4.2/bin/../lib/gcc/sparc-elf/4.4.2/soft/libgcc.a(_df_to_sf.o)
                                 0x30 (size before relaxing)
 .eh_frame      0x40011750       0x1c /opt/sparc-elf-4.4.2/bin/../lib/gcc/sparc-elf/4.4.2/soft/libgcc.a(_muldi3.o)
                                 0x30 (size before relaxing)
 .eh_frame      0x4001176c       0x14 /opt/sparc-elf-4.4.2/bin/../lib/gcc/sparc-elf/4.4.2/soft/libgcc.a(_ucmpdi2.o)
                                 0x28 (size before relaxing)
 .eh_frame      0x40011780       0x14 /opt/sparc-elf-4.4.2/bin/../lib/gcc/sparc-elf/4.4.2/soft/libgcc.a(_clzsi2.o)
                                 0x28 (size before relaxing)
 .eh_frame      0x40011794       0x1c /opt/sparc-elf-4.4.2/bin/../lib/gcc/sparc-elf/4.4.2/soft/libgcc.a(_pack_sf.o)
                                 0x30 (size before relaxing)
 .eh_frame      0x400117b0       0x14 /opt/sparc-elf-4.4.2/bin/../lib/gcc/sparc-elf/4.4.2/soft/libgcc.a(_unpack_sf.o)
                                 0x28 (size before relaxing)
 .eh_frame      0x400117c4       0x14 /opt/sparc-elf-4.4.2/bin/../lib/gcc/sparc-elf/4.4.2/soft/libgcc.a(_fpcmp_parts_sf.o)
                                 0x28 (size before relaxing)
 .eh_frame      0x400117d8       0x1c /opt/sparc-elf-4.4.2/bin/../lib/gcc/sparc-elf/4.4.2/soft/libgcc.a(_make_sf.o)
                                 0x30 (size before relaxing)
 .eh_frame      0x400117f4       0x1c /opt/sparc-elf-4.4.2/bin/../lib/gcc/sparc-elf/4.4.2/soft/libgcc.a(_pack_df.o)
                                 0x30 (size before relaxing)
 .eh_frame      0x40011810       0x1c /opt/sparc-elf-4.4.2/bin/../lib/gcc/sparc-elf/4.4.2/soft/libgcc.a(_unpack_df.o)
                                 0x30 (size before relaxing)
 .eh_frame      0x4001182c       0x1c /opt/sparc-elf-4.4.2/bin/../lib/gcc/sparc-elf/4.4.2/soft/libgcc.a(_fpcmp_parts_df.o)
                                 0x30 (size before relaxing)
 .eh_frame      0x40011848       0x14 /opt/sparc-elf-4.4.2/bin/../lib/gcc/sparc-elf/4.4.2/soft/libgcc.a(_lshrdi3.o)
                                 0x28 (size before relaxing)
 .eh_frame      0x4001185c       0x14 /opt/sparc-elf-4.4.2/bin/../lib/gcc/sparc-elf/4.4.2/soft/libgcc.a(_ashldi3.o)
                                 0x28 (size before relaxing)
 .eh_frame      0x40011870       0x14 /opt/sparc-elf-4.4.2/bin/../lib/gcc/sparc-elf/4.4.2/../../../../sparc-elf/lib/soft/libc.a(atexit.o)
                                 0x28 (size before relaxing)
 .eh_frame      0x40011884       0x14 /opt/sparc-elf-4.4.2/bin/../lib/gcc/sparc-elf/4.4.2/../../../../sparc-elf/lib/soft/libc.a(errno.o)
                                 0x28 (size before relaxing)
 .eh_frame      0x40011898       0x28 /opt/sparc-elf-4.4.2/bin/../lib/gcc/sparc-elf/4.4.2/../../../../sparc-elf/lib/soft/libc.a(malloc.o)
                                 0x3c (size before relaxing)
 .eh_frame      0x400118c0       0x1c /opt/sparc-elf-4.4.2/bin/../lib/gcc/sparc-elf/4.4.2/../../../../sparc-elf/lib/soft/libc.a(mallocr.o)
                                 0x30 (size before relaxing)
 .eh_frame      0x400118dc       0x1c /opt/sparc-elf-4.4.2/bin/../lib/gcc/sparc-elf/4.4.2/../../../../sparc-elf/lib/soft/libc.a(memcpy.o)
                                 0x30 (size before relaxing)
 .eh_frame      0x400118f8       0x28 /opt/sparc-elf-4.4.2/bin/../lib/gcc/sparc-elf/4.4.2/../../../../sparc-elf/lib/soft/libc.a(mlock.o)
                                 0x3c (size before relaxing)
 .eh_frame      0x40011920       0x38 /opt/sparc-elf-4.4.2/bin/../lib/gcc/sparc-elf/4.4.2/../../../../sparc-elf/lib/soft/libc.a(printf.o)
                                 0x4c (size before relaxing)
 .eh_frame      0x40011958       0x1c /opt/sparc-elf-4.4.2/bin/../lib/gcc/sparc-elf/4.4.2/../../../../sparc-elf/lib/soft/libc.a(sbrkr.o)
                                 0x30 (size before relaxing)
 .eh_frame      0x40011974       0x48 /opt/sparc-elf-4.4.2/bin/../lib/gcc/sparc-elf/4.4.2/../../../../sparc-elf/lib/soft/libc.a(vfprintf.o)
                                 0x5c (size before relaxing)
 .eh_frame      0x400119bc       0x30 /opt/sparc-elf-4.4.2/bin/../lib/gcc/sparc-elf/4.4.2/../../../../sparc-elf/lib/soft/libc.a(wcrtomb.o)
                                 0x44 (size before relaxing)
 .eh_frame      0x400119ec       0x30 /opt/sparc-elf-4.4.2/bin/../lib/gcc/sparc-elf/4.4.2/../../../../sparc-elf/lib/soft/libc.a(wcsrtombs.o)
                                 0x44 (size before relaxing)
 .eh_frame      0x40011a1c       0x1c /opt/sparc-elf-4.4.2/bin/../lib/gcc/sparc-elf/4.4.2/../../../../sparc-elf/lib/soft/libc.a(wctomb_r.o)
                                 0x30 (size before relaxing)
 .eh_frame      0x40011a38       0x1c /opt/sparc-elf-4.4.2/bin/../lib/gcc/sparc-elf/4.4.2/../../../../sparc-elf/lib/soft/libc.a(wsetup.o)
                                 0x30 (size before relaxing)
 .eh_frame      0x40011a54       0x1c /opt/sparc-elf-4.4.2/bin/../lib/gcc/sparc-elf/4.4.2/../../../../sparc-elf/lib/soft/libc.a(__atexit.o)
                                 0x30 (size before relaxing)
 .eh_frame      0x40011a70       0x38 /opt/sparc-elf-4.4.2/bin/../lib/gcc/sparc-elf/4.4.2/../../../../sparc-elf/lib/soft/libc.a(dtoa.o)
                                 0x4c (size before relaxing)
 .eh_frame      0x40011aa8       0x1c /opt/sparc-elf-4.4.2/bin/../lib/gcc/sparc-elf/4.4.2/../../../../sparc-elf/lib/soft/libc.a(fflush.o)
                                 0x30 (size before relaxing)
 .eh_frame      0x40011ac4      0x128 /opt/sparc-elf-4.4.2/bin/../lib/gcc/sparc-elf/4.4.2/../../../../sparc-elf/lib/soft/libc.a(findfp.o)
                                0x13c (size before relaxing)
 .eh_frame      0x40011bec       0x34 /opt/sparc-elf-4.4.2/bin/../lib/gcc/sparc-elf/4.4.2/../../../../sparc-elf/lib/soft/libc.a(freer.o)
                                 0x48 (size before relaxing)
 .eh_frame      0x40011c20       0x1c /opt/sparc-elf-4.4.2/bin/../lib/gcc/sparc-elf/4.4.2/../../../../sparc-elf/lib/soft/libc.a(fvwrite.o)
                                 0x30 (size before relaxing)
 .eh_frame      0x40011c3c       0x30 /opt/sparc-elf-4.4.2/bin/../lib/gcc/sparc-elf/4.4.2/../../../../sparc-elf/lib/soft/libc.a(fwalk.o)
                                 0x44 (size before relaxing)
 .eh_frame      0x40011c6c       0x6c /opt/sparc-elf-4.4.2/bin/../lib/gcc/sparc-elf/4.4.2/../../../../sparc-elf/lib/soft/libc.a(locale.o)
                                 0x80 (size before relaxing)
 .eh_frame      0x40011cd8       0x1c /opt/sparc-elf-4.4.2/bin/../lib/gcc/sparc-elf/4.4.2/../../../../sparc-elf/lib/soft/libc.a(makebuf.o)
                                 0x30 (size before relaxing)
 .eh_frame      0x40011cf4       0x1c /opt/sparc-elf-4.4.2/bin/../lib/gcc/sparc-elf/4.4.2/../../../../sparc-elf/lib/soft/libc.a(memchr.o)
                                 0x30 (size before relaxing)
 .eh_frame      0x40011d10       0x1c /opt/sparc-elf-4.4.2/bin/../lib/gcc/sparc-elf/4.4.2/../../../../sparc-elf/lib/soft/libc.a(memmove.o)
                                 0x30 (size before relaxing)
 .eh_frame      0x40011d2c       0x1c /opt/sparc-elf-4.4.2/bin/../lib/gcc/sparc-elf/4.4.2/../../../../sparc-elf/lib/soft/libc.a(memset.o)
                                 0x30 (size before relaxing)
 .eh_frame      0x40011d48      0x1bc /opt/sparc-elf-4.4.2/bin/../lib/gcc/sparc-elf/4.4.2/../../../../sparc-elf/lib/soft/libc.a(mprec.o)
                                0x1d0 (size before relaxing)
 .eh_frame      0x40011f04       0x1c /opt/sparc-elf-4.4.2/bin/../lib/gcc/sparc-elf/4.4.2/../../../../sparc-elf/lib/soft/libc.a(reallocr.o)
                                 0x30 (size before relaxing)
 .eh_frame      0x40011f20       0x54 /opt/sparc-elf-4.4.2/bin/../lib/gcc/sparc-elf/4.4.2/../../../../sparc-elf/lib/soft/libc.a(reent.o)
                                 0x68 (size before relaxing)
 .eh_frame      0x40011f74       0x14 /opt/sparc-elf-4.4.2/bin/../lib/gcc/sparc-elf/4.4.2/../../../../sparc-elf/lib/soft/libc.a(s_isinf.o)
                                 0x28 (size before relaxing)
 .eh_frame      0x40011f88       0x14 /opt/sparc-elf-4.4.2/bin/../lib/gcc/sparc-elf/4.4.2/../../../../sparc-elf/lib/soft/libc.a(s_isnan.o)
                                 0x28 (size before relaxing)
 .eh_frame      0x40011f9c       0x68 /opt/sparc-elf-4.4.2/bin/../lib/gcc/sparc-elf/4.4.2/../../../../sparc-elf/lib/soft/libc.a(stdio.o)
                                 0x7c (size before relaxing)
 .eh_frame      0x40012004       0x14 /opt/sparc-elf-4.4.2/bin/../lib/gcc/sparc-elf/4.4.2/../../../../sparc-elf/lib/soft/libc.a(strcmp.o)
                                 0x28 (size before relaxing)
 .eh_frame      0x40012018       0x1c /opt/sparc-elf-4.4.2/bin/../lib/gcc/sparc-elf/4.4.2/../../../../sparc-elf/lib/soft/libc.a(strlen.o)
                                 0x30 (size before relaxing)
 .eh_frame      0x40012034       0x1c /opt/sparc-elf-4.4.2/bin/../lib/gcc/sparc-elf/4.4.2/../../../../sparc-elf/lib/soft/libc.a(writer.o)
                                 0x30 (size before relaxing)
 .eh_frame      0x40012050       0x1c /opt/sparc-elf-4.4.2/bin/../lib/gcc/sparc-elf/4.4.2/../../../../sparc-elf/lib/soft/libc.a(callocr.o)
                                 0x30 (size before relaxing)
 .eh_frame      0x4001206c       0x1c /opt/sparc-elf-4.4.2/bin/../lib/gcc/sparc-elf/4.4.2/../../../../sparc-elf/lib/soft/libc.a(closer.o)
                                 0x30 (size before relaxing)
 .eh_frame      0x40012088       0x30 /opt/sparc-elf-4.4.2/bin/../lib/gcc/sparc-elf/4.4.2/../../../../sparc-elf/lib/soft/libc.a(fclose.o)
                                 0x44 (size before relaxing)
 .eh_frame      0x400120b8       0x1c /opt/sparc-elf-4.4.2/bin/../lib/gcc/sparc-elf/4.4.2/../../../../sparc-elf/lib/soft/libc.a(fstatr.o)
                                 0x30 (size before relaxing)
 .eh_frame      0x400120d4       0x1c /opt/sparc-elf-4.4.2/bin/../lib/gcc/sparc-elf/4.4.2/../../../../sparc-elf/lib/soft/libc.a(lseekr.o)
                                 0x30 (size before relaxing)
 .eh_frame      0x400120f0       0x1c /opt/sparc-elf-4.4.2/bin/../lib/gcc/sparc-elf/4.4.2/../../../../sparc-elf/lib/soft/libc.a(readr.o)
                                 0x30 (size before relaxing)
 .eh_frame      0x4001210c       0x1c /opt/sparc-elf-4.4.2/bin/../lib/gcc/sparc-elf/4.4.2/soft/libgcc.a(_eq_df.o)
                                 0x30 (size before relaxing)
 .eh_frame      0x40012128       0x1c /opt/sparc-elf-4.4.2/bin/../lib/gcc/sparc-elf/4.4.2/soft/libgcc.a(_ne_df.o)
                                 0x30 (size before relaxing)
 .eh_frame      0x40012144       0x1c /opt/sparc-elf-4.4.2/bin/../lib/gcc/sparc-elf/4.4.2/soft/libgcc.a(_ge_df.o)
                                 0x30 (size before relaxing)
 .eh_frame      0x40012160       0x1c /opt/sparc-elf-4.4.2/bin/../lib/gcc/sparc-elf/4.4.2/soft/libgcc.a(_lt_df.o)
                                 0x30 (size before relaxing)
 .eh_frame      0x4001217c       0x1c /opt/sparc-elf-4.4.2/bin/../lib/gcc/sparc-elf/4.4.2/soft/libgcc.a(_si_to_df.o)
                                 0x30 (size before relaxing)
 .eh_frame      0x40012198       0x1c /opt/sparc-elf-4.4.2/bin/../lib/gcc/sparc-elf/4.4.2/soft/libgcc.a(_usi_to_df.o)
                                 0x30 (size before relaxing)
 .eh_frame      0x400121b4       0x14 /opt/sparc-elf-4.4.2/bin/../lib/gcc/sparc-elf/4.4.2/../../../../sparc-elf/lib/soft/libleonbare.a(close.o)
                                 0x28 (size before relaxing)
 .eh_frame      0x400121c8       0x14 /opt/sparc-elf-4.4.2/bin/../lib/gcc/sparc-elf/4.4.2/../../../../sparc-elf/lib/soft/libleonbare.a(fstat.o)
                                 0x28 (size before relaxing)
 .eh_frame      0x400121dc       0x14 /opt/sparc-elf-4.4.2/bin/../lib/gcc/sparc-elf/4.4.2/../../../../sparc-elf/lib/soft/libleonbare.a(isatty.o)
                                 0x28 (size before relaxing)
 .eh_frame      0x400121f0       0x18 /opt/sparc-elf-4.4.2/bin/../lib/gcc/sparc-elf/4.4.2/../../../../sparc-elf/lib/soft/libleonbare.a(lseek.o)
                                 0x2c (size before relaxing)
 .eh_frame      0x40012208       0x1c /opt/sparc-elf-4.4.2/bin/../lib/gcc/sparc-elf/4.4.2/../../../../sparc-elf/lib/soft/libleonbare.a(read.o)
                                 0x30 (size before relaxing)
 .eh_frame      0x40012224       0x14 /opt/sparc-elf-4.4.2/bin/../lib/gcc/sparc-elf/4.4.2/../../../../sparc-elf/lib/soft/libleonbare.a(sbrk.o)
                                 0x28 (size before relaxing)
 .eh_frame      0x40012238       0x1c /opt/sparc-elf-4.4.2/bin/../lib/gcc/sparc-elf/4.4.2/../../../../sparc-elf/lib/soft/libleonbare.a(write.o)
                                 0x30 (size before relaxing)
 .eh_frame      0x40012254       0x28 /opt/sparc-elf-4.4.2/bin/../lib/gcc/sparc-elf/4.4.2/../../../../sparc-elf/lib/soft/libleonbare.a(io.o)
                                 0x3c (size before relaxing)
 .eh_frame      0x4001227c       0x74 /opt/sparc-elf-4.4.2/bin/../lib/gcc/sparc-elf/4.4.2/../../../../sparc-elf/lib/soft/libleonbare.a(catch_interrupt.o)
                                 0x88 (size before relaxing)
 .eh_frame      0x400122f0       0x14 /opt/sparc-elf-4.4.2/bin/../lib/gcc/sparc-elf/4.4.2/../../../../sparc-elf/lib/soft/libleonbare.a(_exit.o)
                                 0x28 (size before relaxing)
 .eh_frame      0x40012304       0x38 /opt/sparc-elf-4.4.2/bin/../lib/gcc/sparc-elf/4.4.2/../../../../sparc-elf/lib/soft/libleonbare.a(amba.o)
                                 0x4c (size before relaxing)
 .eh_frame      0x4001233c       0xe0 /opt/sparc-elf-4.4.2/bin/../lib/gcc/sparc-elf/4.4.2/../../../../sparc-elf/lib/soft/libleonbare.a(mutex.o)
                                 0xf4 (size before relaxing)
 .eh_frame      0x4001241c       0x1c /opt/sparc-elf-4.4.2/bin/../lib/gcc/sparc-elf/4.4.2/../../../../sparc-elf/lib/soft/libleonbare.a(initcalls.o)
                                 0x30 (size before relaxing)
 .eh_frame      0x40012438        0x4 /opt/sparc-elf-4.4.2/bin/../lib/gcc/sparc-elf/4.4.2/soft/crtend.o
                0x40012440                . = ALIGN (0x10)
 *fill*         0x4001243c        0x4 00
 *(.gnu.linkonce.t*)
                0x40012440                ___CTOR_LIST__ = .
                0x40012440        0x4 LONG 0x2 (((___CTOR_END__ - ___CTOR_LIST__) / 0x4) - 0x2)
 *(SORT(.ctors.*))
 *(.ctors)
 .ctors         0x40012444        0x4 /opt/sparc-elf-4.4.2/bin/../lib/gcc/sparc-elf/4.4.2/soft/crtbegin.o
 .ctors         0x40012448        0x4 /opt/sparc-elf-4.4.2/bin/../lib/gcc/sparc-elf/4.4.2/soft/crtend.o
                0x4001244c        0x4 LONG 0x0
                0x40012450                ___CTOR_END__ = .
                0x40012450                ___DTOR_LIST__ = .
                0x40012450        0x4 LONG 0x2 (((___DTOR_END__ - ___DTOR_LIST__) / 0x4) - 0x2)
 *(SORT(.dtors.*))
 *(.dtors)
 .dtors         0x40012454        0x4 /opt/sparc-elf-4.4.2/bin/../lib/gcc/sparc-elf/4.4.2/soft/crtbegin.o
 .dtors         0x40012458        0x4 /opt/sparc-elf-4.4.2/bin/../lib/gcc/sparc-elf/4.4.2/soft/crtend.o
                0x40012458                __DTOR_END__
                0x4001245c        0x4 LONG 0x0
                0x40012460                ___DTOR_END__ = .
                0x40012460                __leonbare_initcall_start = .
 *(.initcall1.init)
 *(.initcall2.init)
 *(.initcall3.init)
 *(.initcall4.init)
 *(.initcall5.init)
 *(.initcall6.init)
 *(.initcall7.init)
                0x40012460                __leonbare_initcall_end = .
                0x40012460                _rodata_start = .
 *(.rodata*)
 .rodata        0x40012460     0x2000 logScale.o
                0x40012460                logScale
 .rodata        0x40014460      0x200 kTable.o
                0x40014460                kTable
 .rodata        0x40014660      0x200 kDistortionTable.o
                0x40014660                kDistortionTable
 .rodata        0x40014860      0x200 gainTable.o
                0x40014860                gainTable
 .rodata.cst4   0x40014a60       0x20 flex.o
                                 0x24 (size before relaxing)
 .rodata.cst2   0x40014a80        0x2 flanger.o
 .rodata.cst2   0x00000000        0x2 distortion.o
 *fill*         0x40014a82        0x2 00
 .rodata.cst4   0x40014a84        0x8 distortion.o
 *fill*         0x40014a8c        0x4 00
 .rodata.str1.8
                0x40014a90       0x10 c-irq.o
 .rodata.cst4   0x40014aa0       0x14 biquad.o
                                 0x18 (size before relaxing)
 *fill*         0x40014ab4        0x4 00
 .rodata.cst8   0x40014ab8        0x8 biquad.o
 .rodata        0x40014ac0     0x1fa0 SVFLookupTable.o
                0x40014ac0                SVFLookupTable
 .rodata        0x40016a60      0x200 LFOSineWaveTable.o
                0x40016a60                LFOSineWaveTable
 .rodata.cst8   0x40016c60       0x10 /opt/sparc-elf-4.4.2/bin/../lib/gcc/sparc-elf/4.4.2/../../../../sparc-elf/lib/soft/libm.a(s_floor.o)
 .rodata.str1.8
                0x40016c70        0x6 /opt/sparc-elf-4.4.2/bin/../lib/gcc/sparc-elf/4.4.2/../../../../sparc-elf/lib/soft/libm.a(wf_sqrt.o)
                                  0x8 (size before relaxing)
 .rodata.cst8   0x00000000        0x8 /opt/sparc-elf-4.4.2/bin/../lib/gcc/sparc-elf/4.4.2/../../../../sparc-elf/lib/soft/libm.a(wf_sqrt.o)
 *fill*         0x40016c76        0x2 00
 .rodata        0x40016c78        0x4 /opt/sparc-elf-4.4.2/bin/../lib/gcc/sparc-elf/4.4.2/../../../../sparc-elf/lib/soft/libm.a(s_lib_ver.o)
                0x40016c78                __fdlib_version
 .rodata.cst4   0x40016c7c        0x4 /opt/sparc-elf-4.4.2/bin/../lib/gcc/sparc-elf/4.4.2/soft/libgcc.a(_si_to_sf.o)
 .rodata        0x40016c80       0x10 /opt/sparc-elf-4.4.2/bin/../lib/gcc/sparc-elf/4.4.2/soft/libgcc.a(_thenan_sf.o)
                0x40016c80                __thenan_sf
 .rodata        0x40016c90       0x18 /opt/sparc-elf-4.4.2/bin/../lib/gcc/sparc-elf/4.4.2/soft/libgcc.a(_thenan_df.o)
                0x40016c90                __thenan_df
 .rodata        0x40016ca8      0x100 /opt/sparc-elf-4.4.2/bin/../lib/gcc/sparc-elf/4.4.2/soft/libgcc.a(_clz.o)
                0x40016ca8                __clz_tab
 .rodata        0x40016da8        0x4 /opt/sparc-elf-4.4.2/bin/../lib/gcc/sparc-elf/4.4.2/../../../../sparc-elf/lib/soft/libc.a(impure.o)
                0x40016da8                _global_impure_ptr
 *fill*         0x40016dac        0x4 00
 .rodata.str1.8
                0x40016db0        0x2 /opt/sparc-elf-4.4.2/bin/../lib/gcc/sparc-elf/4.4.2/../../../../sparc-elf/lib/soft/libc.a(impure.o)
                                  0x8 (size before relaxing)
 *fill*         0x40016db2        0x6 00
 .rodata.str1.8
                0x40016db8       0x57 /opt/sparc-elf-4.4.2/bin/../lib/gcc/sparc-elf/4.4.2/../../../../sparc-elf/lib/soft/libc.a(vfprintf.o)
                                 0x58 (size before relaxing)
 .rodata.cst8   0x00000000        0x8 /opt/sparc-elf-4.4.2/bin/../lib/gcc/sparc-elf/4.4.2/../../../../sparc-elf/lib/soft/libc.a(vfprintf.o)
 *fill*         0x40016e0f        0x1 00
 .rodata        0x40016e10       0x20 /opt/sparc-elf-4.4.2/bin/../lib/gcc/sparc-elf/4.4.2/../../../../sparc-elf/lib/soft/libc.a(vfprintf.o)
 .rodata.str1.8
                0x40016e30       0x1e /opt/sparc-elf-4.4.2/bin/../lib/gcc/sparc-elf/4.4.2/../../../../sparc-elf/lib/soft/libc.a(wctomb_r.o)
                                 0x20 (size before relaxing)
 *fill*         0x40016e4e        0x2 00
 .rodata.str1.8
                0x40016e50        0x9 /opt/sparc-elf-4.4.2/bin/../lib/gcc/sparc-elf/4.4.2/../../../../sparc-elf/lib/soft/libc.a(dtoa.o)
                                 0x20 (size before relaxing)
 *fill*         0x40016e59        0x7 00
 .rodata.cst8   0x40016e60       0x48 /opt/sparc-elf-4.4.2/bin/../lib/gcc/sparc-elf/4.4.2/../../../../sparc-elf/lib/soft/libc.a(dtoa.o)
                                 0x50 (size before relaxing)
 .rodata.str1.8
                0x40016ea8       0x10 /opt/sparc-elf-4.4.2/bin/../lib/gcc/sparc-elf/4.4.2/../../../../sparc-elf/lib/soft/libc.a(locale.o)
                                 0x28 (size before relaxing)
 .rodata        0x40016eb8       0x34 /opt/sparc-elf-4.4.2/bin/../lib/gcc/sparc-elf/4.4.2/../../../../sparc-elf/lib/soft/libc.a(locale.o)
 .rodata.cst8   0x00000000       0x10 /opt/sparc-elf-4.4.2/bin/../lib/gcc/sparc-elf/4.4.2/../../../../sparc-elf/lib/soft/libc.a(mprec.o)
 *fill*         0x40016eec        0x4 00
 .rodata        0x40016ef0      0x128 /opt/sparc-elf-4.4.2/bin/../lib/gcc/sparc-elf/4.4.2/../../../../sparc-elf/lib/soft/libc.a(mprec.o)
                0x40016fe0                __mprec_tinytens
                0x40016ef0                __mprec_tens
                0x40016fb8                __mprec_bigtens
 .rodata.cst8   0x40017018        0x8 /opt/sparc-elf-4.4.2/bin/../lib/gcc/sparc-elf/4.4.2/soft/libgcc.a(_si_to_df.o)
 *(.gnu.linkonce.r*)
                0x40017020                _erodata = ALIGN (0x10)
 *(.gnu.linkonce*)
 *(.init)
 .init          0x40017020        0x4 /opt/sparc-elf-4.4.2/bin/../lib/gcc/sparc-elf/4.4.2/soft/crti.o
                0x40017020                _init
 .init          0x40017024        0x8 /opt/sparc-elf-4.4.2/bin/../lib/gcc/sparc-elf/4.4.2/soft/crtbegin.o
 .init          0x4001702c        0x8 /opt/sparc-elf-4.4.2/bin/../lib/gcc/sparc-elf/4.4.2/soft/crtend.o
 .init          0x40017034        0x8 /opt/sparc-elf-4.4.2/bin/../lib/gcc/sparc-elf/4.4.2/soft/crtn.o
 *(.fini)
 .fini          0x4001703c        0x4 /opt/sparc-elf-4.4.2/bin/../lib/gcc/sparc-elf/4.4.2/soft/crti.o
                0x4001703c                _fini
 .fini          0x40017040        0x8 /opt/sparc-elf-4.4.2/bin/../lib/gcc/sparc-elf/4.4.2/soft/crtbegin.o
 .fini          0x40017048        0x8 /opt/sparc-elf-4.4.2/bin/../lib/gcc/sparc-elf/4.4.2/soft/crtn.o
 *(.lit)
 *(.shdata)
                0x40017050                . = ALIGN (0x10)
                0x40017050                etext = .

.gcc_except_table
 *(.gcc_except_table)

.data           0x40017050      0xad0
 *(.data .data.*)
 .data          0x40017050        0x0 /opt/sparc-elf-4.4.2/bin/../lib/gcc/sparc-elf/4.4.2/../../../../sparc-elf/lib/soft/locore_mvt.o
 .data          0x40017050        0x8 /opt/sparc-elf-4.4.2/bin/../lib/gcc/sparc-elf/4.4.2/../../../../sparc-elf/lib/soft/crt0.o
                0x40017050                _environ
                0x40017050                .bdata
 .data          0x40017058        0x0 /opt/sparc-elf-4.4.2/bin/../lib/gcc/sparc-elf/4.4.2/soft/crti.o
 .data          0x40017058        0x4 /opt/sparc-elf-4.4.2/bin/../lib/gcc/sparc-elf/4.4.2/soft/crtbegin.o
                0x40017058                __dso_handle
 .data          0x4001705c        0x0 /opt/sparc-elf-4.4.2/bin/../lib/gcc/sparc-elf/4.4.2/../../../../sparc-elf/lib/soft/pnpinit.o
 .data          0x4001705c        0x0 wahwah.o
 .data          0x4001705c        0x0 vibrato.o
 .data          0x4001705c        0x0 tremolo.o
 .data          0x4001705c        0x0 spimctrl.o
 .data          0x4001705c        0x0 phaser.o
 .data          0x4001705c        0x0 noiseGate.o
 .data          0x4001705c        0x0 logScale.o
 .data          0x4001705c        0x0 kTable.o
 .data          0x4001705c        0x0 kDistortionTable.o
 .data          0x4001705c        0x0 gainTable.o
 .data          0x4001705c        0x0 gain.o
 .data          0x4001705c        0x0 flex.o
 .data          0x4001705c        0x0 flanger.o
 .data          0x4001705c        0x0 distortion.o
 .data          0x4001705c        0x0 delay.o
 .data          0x4001705c        0x0 circularBuffer.o
 .data          0x4001705c        0x0 chorus.o
 .data          0x4001705c        0x4 c-irq.o
                0x4001705c                lreg
 .data          0x40017060        0x0 biquad.o
 .data          0x40017060        0x0 audio_io.o
 .data          0x40017060        0x0 audioKernel_03.o
 .data          0x40017060        0x0 SVFLookupTable.o
 .data          0x40017060        0x0 SVF.o
 .data          0x40017060        0x0 LFOSineWaveTable.o
 .data          0x40017060        0x0 LFO.o
 .data          0x40017060        0x0 /opt/sparc-elf-4.4.2/bin/../lib/gcc/sparc-elf/4.4.2/../../../../sparc-elf/lib/soft/libm.a(s_floor.o)
 .data          0x40017060        0x0 /opt/sparc-elf-4.4.2/bin/../lib/gcc/sparc-elf/4.4.2/../../../../sparc-elf/lib/soft/libm.a(wf_sqrt.o)
 .data          0x40017060        0x0 /opt/sparc-elf-4.4.2/bin/../lib/gcc/sparc-elf/4.4.2/../../../../sparc-elf/lib/soft/libm.a(ef_sqrt.o)
 .data          0x40017060        0x0 /opt/sparc-elf-4.4.2/bin/../lib/gcc/sparc-elf/4.4.2/../../../../sparc-elf/lib/soft/libm.a(s_lib_ver.o)
 .data          0x40017060        0x0 /opt/sparc-elf-4.4.2/bin/../lib/gcc/sparc-elf/4.4.2/../../../../sparc-elf/lib/soft/libm.a(s_matherr.o)
 .data          0x40017060        0x0 /opt/sparc-elf-4.4.2/bin/../lib/gcc/sparc-elf/4.4.2/../../../../sparc-elf/lib/soft/libm.a(sf_isnan.o)
 .data          0x40017060        0x0 /opt/sparc-elf-4.4.2/bin/../lib/gcc/sparc-elf/4.4.2/soft/libgcc.a(_addsub_sf.o)
 .data          0x40017060        0x0 /opt/sparc-elf-4.4.2/bin/../lib/gcc/sparc-elf/4.4.2/soft/libgcc.a(_mul_sf.o)
 .data          0x40017060        0x0 /opt/sparc-elf-4.4.2/bin/../lib/gcc/sparc-elf/4.4.2/soft/libgcc.a(_div_sf.o)
 .data          0x40017060        0x0 /opt/sparc-elf-4.4.2/bin/../lib/gcc/sparc-elf/4.4.2/soft/libgcc.a(_ge_sf.o)
 .data          0x40017060        0x0 /opt/sparc-elf-4.4.2/bin/../lib/gcc/sparc-elf/4.4.2/soft/libgcc.a(_lt_sf.o)
 .data          0x40017060        0x0 /opt/sparc-elf-4.4.2/bin/../lib/gcc/sparc-elf/4.4.2/soft/libgcc.a(_si_to_sf.o)
 .data          0x40017060        0x0 /opt/sparc-elf-4.4.2/bin/../lib/gcc/sparc-elf/4.4.2/soft/libgcc.a(_sf_to_si.o)
 .data          0x40017060        0x0 /opt/sparc-elf-4.4.2/bin/../lib/gcc/sparc-elf/4.4.2/soft/libgcc.a(_sf_to_df.o)
 .data          0x40017060        0x0 /opt/sparc-elf-4.4.2/bin/../lib/gcc/sparc-elf/4.4.2/soft/libgcc.a(_thenan_sf.o)
 .data          0x40017060        0x0 /opt/sparc-elf-4.4.2/bin/../lib/gcc/sparc-elf/4.4.2/soft/libgcc.a(_addsub_df.o)
 .data          0x40017060        0x0 /opt/sparc-elf-4.4.2/bin/../lib/gcc/sparc-elf/4.4.2/soft/libgcc.a(_mul_df.o)
 .data          0x40017060        0x0 /opt/sparc-elf-4.4.2/bin/../lib/gcc/sparc-elf/4.4.2/soft/libgcc.a(_div_df.o)
 .data          0x40017060        0x0 /opt/sparc-elf-4.4.2/bin/../lib/gcc/sparc-elf/4.4.2/soft/libgcc.a(_gt_df.o)
 .data          0x40017060        0x0 /opt/sparc-elf-4.4.2/bin/../lib/gcc/sparc-elf/4.4.2/soft/libgcc.a(_df_to_si.o)
 .data          0x40017060        0x0 /opt/sparc-elf-4.4.2/bin/../lib/gcc/sparc-elf/4.4.2/soft/libgcc.a(_make_df.o)
 .data          0x40017060        0x0 /opt/sparc-elf-4.4.2/bin/../lib/gcc/sparc-elf/4.4.2/soft/libgcc.a(_df_to_sf.o)
 .data          0x40017060        0x0 /opt/sparc-elf-4.4.2/bin/../lib/gcc/sparc-elf/4.4.2/soft/libgcc.a(_thenan_df.o)
 .data          0x40017060        0x0 /opt/sparc-elf-4.4.2/bin/../lib/gcc/sparc-elf/4.4.2/soft/libgcc.a(_muldi3.o)
 .data          0x40017060        0x0 /opt/sparc-elf-4.4.2/bin/../lib/gcc/sparc-elf/4.4.2/soft/libgcc.a(_ucmpdi2.o)
 .data          0x40017060        0x0 /opt/sparc-elf-4.4.2/bin/../lib/gcc/sparc-elf/4.4.2/soft/libgcc.a(_clzsi2.o)
 .data          0x40017060        0x0 /opt/sparc-elf-4.4.2/bin/../lib/gcc/sparc-elf/4.4.2/soft/libgcc.a(_pack_sf.o)
 .data          0x40017060        0x0 /opt/sparc-elf-4.4.2/bin/../lib/gcc/sparc-elf/4.4.2/soft/libgcc.a(_unpack_sf.o)
 .data          0x40017060        0x0 /opt/sparc-elf-4.4.2/bin/../lib/gcc/sparc-elf/4.4.2/soft/libgcc.a(_fpcmp_parts_sf.o)
 .data          0x40017060        0x0 /opt/sparc-elf-4.4.2/bin/../lib/gcc/sparc-elf/4.4.2/soft/libgcc.a(_make_sf.o)
 .data          0x40017060        0x0 /opt/sparc-elf-4.4.2/bin/../lib/gcc/sparc-elf/4.4.2/soft/libgcc.a(_pack_df.o)
 .data          0x40017060        0x0 /opt/sparc-elf-4.4.2/bin/../lib/gcc/sparc-elf/4.4.2/soft/libgcc.a(_unpack_df.o)
 .data          0x40017060        0x0 /opt/sparc-elf-4.4.2/bin/../lib/gcc/sparc-elf/4.4.2/soft/libgcc.a(_fpcmp_parts_df.o)
 .data          0x40017060        0x0 /opt/sparc-elf-4.4.2/bin/../lib/gcc/sparc-elf/4.4.2/soft/libgcc.a(_mulsi3.o)
 .data          0x40017060        0x0 /opt/sparc-elf-4.4.2/bin/../lib/gcc/sparc-elf/4.4.2/soft/libgcc.a(_lshrdi3.o)
 .data          0x40017060        0x0 /opt/sparc-elf-4.4.2/bin/../lib/gcc/sparc-elf/4.4.2/soft/libgcc.a(_ashldi3.o)
 .data          0x40017060        0x0 /opt/sparc-elf-4.4.2/bin/../lib/gcc/sparc-elf/4.4.2/soft/libgcc.a(_clz.o)
 .data          0x40017060        0x0 /opt/sparc-elf-4.4.2/bin/../lib/gcc/sparc-elf/4.4.2/../../../../sparc-elf/lib/soft/libc.a(atexit.o)
 .data          0x40017060        0x0 /opt/sparc-elf-4.4.2/bin/../lib/gcc/sparc-elf/4.4.2/../../../../sparc-elf/lib/soft/libc.a(errno.o)
 .data          0x40017060      0x558 /opt/sparc-elf-4.4.2/bin/../lib/gcc/sparc-elf/4.4.2/../../../../sparc-elf/lib/soft/libc.a(impure.o)
                0x40017060                _impure_ptr
 .data          0x400175b8        0x0 /opt/sparc-elf-4.4.2/bin/../lib/gcc/sparc-elf/4.4.2/../../../../sparc-elf/lib/soft/libc.a(malloc.o)
 .data          0x400175b8      0x410 /opt/sparc-elf-4.4.2/bin/../lib/gcc/sparc-elf/4.4.2/../../../../sparc-elf/lib/soft/libc.a(mallocr.o)
                0x400179c4                __malloc_sbrk_base
                0x400175b8                __malloc_av_
                0x400179c0                __malloc_trim_threshold
 .data          0x400179c8        0x0 /opt/sparc-elf-4.4.2/bin/../lib/gcc/sparc-elf/4.4.2/../../../../sparc-elf/lib/soft/libc.a(memcpy.o)
 .data          0x400179c8       0x74 /opt/sparc-elf-4.4.2/bin/../lib/gcc/sparc-elf/4.4.2/../../../../sparc-elf/lib/soft/libc.a(mlock.o)
 .data          0x40017a3c        0x0 /opt/sparc-elf-4.4.2/bin/../lib/gcc/sparc-elf/4.4.2/../../../../sparc-elf/lib/soft/libc.a(printf.o)
 .data          0x40017a3c        0x0 /opt/sparc-elf-4.4.2/bin/../lib/gcc/sparc-elf/4.4.2/../../../../sparc-elf/lib/soft/libc.a(sbrkr.o)
 .data          0x40017a3c        0x0 /opt/sparc-elf-4.4.2/bin/../lib/gcc/sparc-elf/4.4.2/../../../../sparc-elf/lib/soft/libc.a(vfprintf.o)
 .data          0x40017a3c        0x0 /opt/sparc-elf-4.4.2/bin/../lib/gcc/sparc-elf/4.4.2/../../../../sparc-elf/lib/soft/libc.a(wcrtomb.o)
 .data          0x40017a3c        0x0 /opt/sparc-elf-4.4.2/bin/../lib/gcc/sparc-elf/4.4.2/../../../../sparc-elf/lib/soft/libc.a(wcsrtombs.o)
 .data          0x40017a3c        0x0 /opt/sparc-elf-4.4.2/bin/../lib/gcc/sparc-elf/4.4.2/../../../../sparc-elf/lib/soft/libc.a(wctomb_r.o)
 .data          0x40017a3c        0x0 /opt/sparc-elf-4.4.2/bin/../lib/gcc/sparc-elf/4.4.2/../../../../sparc-elf/lib/soft/libc.a(wsetup.o)
 .data          0x40017a3c        0x0 /opt/sparc-elf-4.4.2/bin/../lib/gcc/sparc-elf/4.4.2/../../../../sparc-elf/lib/soft/libc.a(__atexit.o)
 .data          0x40017a3c        0x0 /opt/sparc-elf-4.4.2/bin/../lib/gcc/sparc-elf/4.4.2/../../../../sparc-elf/lib/soft/libc.a(dtoa.o)
 .data          0x40017a3c        0x0 /opt/sparc-elf-4.4.2/bin/../lib/gcc/sparc-elf/4.4.2/../../../../sparc-elf/lib/soft/libc.a(fflush.o)
 .data          0x40017a3c       0x74 /opt/sparc-elf-4.4.2/bin/../lib/gcc/sparc-elf/4.4.2/../../../../sparc-elf/lib/soft/libc.a(findfp.o)
 .data          0x40017ab0        0x0 /opt/sparc-elf-4.4.2/bin/../lib/gcc/sparc-elf/4.4.2/../../../../sparc-elf/lib/soft/libc.a(freer.o)
 .data          0x40017ab0        0x0 /opt/sparc-elf-4.4.2/bin/../lib/gcc/sparc-elf/4.4.2/../../../../sparc-elf/lib/soft/libc.a(fvwrite.o)
 .data          0x40017ab0        0x0 /opt/sparc-elf-4.4.2/bin/../lib/gcc/sparc-elf/4.4.2/../../../../sparc-elf/lib/soft/libc.a(fwalk.o)
 .data          0x40017ab0       0x18 /opt/sparc-elf-4.4.2/bin/../lib/gcc/sparc-elf/4.4.2/../../../../sparc-elf/lib/soft/libc.a(locale.o)
                0x40017ab0                __mb_cur_max
                0x40017ab8                __lc_ctype
 .data          0x40017ac8        0x0 /opt/sparc-elf-4.4.2/bin/../lib/gcc/sparc-elf/4.4.2/../../../../sparc-elf/lib/soft/libc.a(makebuf.o)
 .data          0x40017ac8        0x0 /opt/sparc-elf-4.4.2/bin/../lib/gcc/sparc-elf/4.4.2/../../../../sparc-elf/lib/soft/libc.a(memchr.o)
 .data          0x40017ac8        0x0 /opt/sparc-elf-4.4.2/bin/../lib/gcc/sparc-elf/4.4.2/../../../../sparc-elf/lib/soft/libc.a(memmove.o)
 .data          0x40017ac8        0x0 /opt/sparc-elf-4.4.2/bin/../lib/gcc/sparc-elf/4.4.2/../../../../sparc-elf/lib/soft/libc.a(memset.o)
 .data          0x40017ac8        0x0 /opt/sparc-elf-4.4.2/bin/../lib/gcc/sparc-elf/4.4.2/../../../../sparc-elf/lib/soft/libc.a(mprec.o)
 .data          0x40017ac8        0x0 /opt/sparc-elf-4.4.2/bin/../lib/gcc/sparc-elf/4.4.2/../../../../sparc-elf/lib/soft/libc.a(reallocr.o)
 .data          0x40017ac8        0x0 /opt/sparc-elf-4.4.2/bin/../lib/gcc/sparc-elf/4.4.2/../../../../sparc-elf/lib/soft/libc.a(reent.o)
 .data          0x40017ac8        0x0 /opt/sparc-elf-4.4.2/bin/../lib/gcc/sparc-elf/4.4.2/../../../../sparc-elf/lib/soft/libc.a(s_isinf.o)
 .data          0x40017ac8        0x0 /opt/sparc-elf-4.4.2/bin/../lib/gcc/sparc-elf/4.4.2/../../../../sparc-elf/lib/soft/libc.a(s_isnan.o)
 .data          0x40017ac8        0x0 /opt/sparc-elf-4.4.2/bin/../lib/gcc/sparc-elf/4.4.2/../../../../sparc-elf/lib/soft/libc.a(stdio.o)
 .data          0x40017ac8        0x0 /opt/sparc-elf-4.4.2/bin/../lib/gcc/sparc-elf/4.4.2/../../../../sparc-elf/lib/soft/libc.a(strcmp.o)
 .data          0x40017ac8        0x0 /opt/sparc-elf-4.4.2/bin/../lib/gcc/sparc-elf/4.4.2/../../../../sparc-elf/lib/soft/libc.a(strlen.o)
 .data          0x40017ac8        0x0 /opt/sparc-elf-4.4.2/bin/../lib/gcc/sparc-elf/4.4.2/../../../../sparc-elf/lib/soft/libc.a(writer.o)
 .data          0x40017ac8        0x0 /opt/sparc-elf-4.4.2/bin/../lib/gcc/sparc-elf/4.4.2/../../../../sparc-elf/lib/soft/libc.a(callocr.o)
 .data          0x40017ac8        0x0 /opt/sparc-elf-4.4.2/bin/../lib/gcc/sparc-elf/4.4.2/../../../../sparc-elf/lib/soft/libc.a(closer.o)
 .data          0x40017ac8        0x0 /opt/sparc-elf-4.4.2/bin/../lib/gcc/sparc-elf/4.4.2/../../../../sparc-elf/lib/soft/libc.a(fclose.o)
 .data          0x40017ac8        0x0 /opt/sparc-elf-4.4.2/bin/../lib/gcc/sparc-elf/4.4.2/../../../../sparc-elf/lib/soft/libc.a(fstatr.o)
 .data          0x40017ac8        0x0 /opt/sparc-elf-4.4.2/bin/../lib/gcc/sparc-elf/4.4.2/../../../../sparc-elf/lib/soft/libc.a(lseekr.o)
 .data          0x40017ac8        0x0 /opt/sparc-elf-4.4.2/bin/../lib/gcc/sparc-elf/4.4.2/../../../../sparc-elf/lib/soft/libc.a(readr.o)
 .data          0x40017ac8        0x0 /opt/sparc-elf-4.4.2/bin/../lib/gcc/sparc-elf/4.4.2/soft/libgcc.a(_divsi3.o)
 .data          0x40017ac8        0x0 /opt/sparc-elf-4.4.2/bin/../lib/gcc/sparc-elf/4.4.2/soft/libgcc.a(_modsi3.o)
 .data          0x40017ac8        0x0 /opt/sparc-elf-4.4.2/bin/../lib/gcc/sparc-elf/4.4.2/soft/libgcc.a(_eq_df.o)
 .data          0x40017ac8        0x0 /opt/sparc-elf-4.4.2/bin/../lib/gcc/sparc-elf/4.4.2/soft/libgcc.a(_ne_df.o)
 .data          0x40017ac8        0x0 /opt/sparc-elf-4.4.2/bin/../lib/gcc/sparc-elf/4.4.2/soft/libgcc.a(_ge_df.o)
 .data          0x40017ac8        0x0 /opt/sparc-elf-4.4.2/bin/../lib/gcc/sparc-elf/4.4.2/soft/libgcc.a(_lt_df.o)
 .data          0x40017ac8        0x0 /opt/sparc-elf-4.4.2/bin/../lib/gcc/sparc-elf/4.4.2/soft/libgcc.a(_si_to_df.o)
 .data          0x40017ac8        0x0 /opt/sparc-elf-4.4.2/bin/../lib/gcc/sparc-elf/4.4.2/soft/libgcc.a(_usi_to_df.o)
 .data          0x40017ac8        0x0 /opt/sparc-elf-4.4.2/bin/../lib/gcc/sparc-elf/4.4.2/../../../../sparc-elf/lib/soft/libleonbare.a(close.o)
 .data          0x40017ac8        0x0 /opt/sparc-elf-4.4.2/bin/../lib/gcc/sparc-elf/4.4.2/../../../../sparc-elf/lib/soft/libleonbare.a(fstat.o)
 .data          0x40017ac8        0x0 /opt/sparc-elf-4.4.2/bin/../lib/gcc/sparc-elf/4.4.2/../../../../sparc-elf/lib/soft/libleonbare.a(isatty.o)
 .data          0x40017ac8        0x0 /opt/sparc-elf-4.4.2/bin/../lib/gcc/sparc-elf/4.4.2/../../../../sparc-elf/lib/soft/libleonbare.a(lseek.o)
 .data          0x40017ac8        0x0 /opt/sparc-elf-4.4.2/bin/../lib/gcc/sparc-elf/4.4.2/../../../../sparc-elf/lib/soft/libleonbare.a(read.o)
 .data          0x40017ac8        0x0 /opt/sparc-elf-4.4.2/bin/../lib/gcc/sparc-elf/4.4.2/../../../../sparc-elf/lib/soft/libleonbare.a(sbrk.o)
 .data          0x40017ac8        0x0 /opt/sparc-elf-4.4.2/bin/../lib/gcc/sparc-elf/4.4.2/../../../../sparc-elf/lib/soft/libleonbare.a(write.o)
 .data          0x40017ac8        0x0 /opt/sparc-elf-4.4.2/bin/../lib/gcc/sparc-elf/4.4.2/../../../../sparc-elf/lib/soft/libleonbare.a(io.o)
 .data          0x40017ac8        0x0 /opt/sparc-elf-4.4.2/bin/../lib/gcc/sparc-elf/4.4.2/../../../../sparc-elf/lib/soft/libleonbare.a(regwin.o)
 .data          0x40017ac8       0x20 /opt/sparc-elf-4.4.2/bin/../lib/gcc/sparc-elf/4.4.2/../../../../sparc-elf/lib/soft/libleonbare.a(regwinflush.o)
                0x40017ae4                _lb_issideflush
                0x40017ac8                _lb_spillglobals
 .data          0x40017ae8        0x0 /opt/sparc-elf-4.4.2/bin/../lib/gcc/sparc-elf/4.4.2/../../../../sparc-elf/lib/soft/libleonbare.a(bdinit.o)
 .data          0x40017ae8        0xc /opt/sparc-elf-4.4.2/bin/../lib/gcc/sparc-elf/4.4.2/../../../../sparc-elf/lib/soft/libleonbare.a(irqtrap_fast.o)
                0x40017aec                fastirq
                0x40017ae8                nestedirq
                0x40017af0                nestcount
 .data          0x40017af4        0x0 /opt/sparc-elf-4.4.2/bin/../lib/gcc/sparc-elf/4.4.2/../../../../sparc-elf/lib/soft/libleonbare.a(catch_interrupt.o)
 .data          0x40017af4        0x4 /opt/sparc-elf-4.4.2/bin/../lib/gcc/sparc-elf/4.4.2/../../../../sparc-elf/lib/soft/libleonbare.a(rtc.o)
                0x40017af4                rtc
 .data          0x40017af8        0x0 /opt/sparc-elf-4.4.2/bin/../lib/gcc/sparc-elf/4.4.2/../../../../sparc-elf/lib/soft/libleonbare.a(lcpuinit.o)
 .data          0x40017af8        0x8 /opt/sparc-elf-4.4.2/bin/../lib/gcc/sparc-elf/4.4.2/../../../../sparc-elf/lib/soft/libleonbare.a(lcpudata.o)
                0x40017af8                irqmp
                0x40017af8                LEON3_IrqCtrl_Regs
 .data          0x40017b00        0x4 /opt/sparc-elf-4.4.2/bin/../lib/gcc/sparc-elf/4.4.2/../../../../sparc-elf/lib/soft/libleonbare.a(console.o)
                0x40017b00                console
 .data          0x40017b04        0x0 /opt/sparc-elf-4.4.2/bin/../lib/gcc/sparc-elf/4.4.2/../../../../sparc-elf/lib/soft/libleonbare.a(_exit.o)
 .data          0x40017b04        0x0 /opt/sparc-elf-4.4.2/bin/../lib/gcc/sparc-elf/4.4.2/../../../../sparc-elf/lib/soft/libleonbare.a(amba.o)
 .data          0x40017b04        0x0 /opt/sparc-elf-4.4.2/bin/../lib/gcc/sparc-elf/4.4.2/../../../../sparc-elf/lib/soft/libleonbare.a(mutex.o)
 .data          0x40017b04        0x0 /opt/sparc-elf-4.4.2/bin/../lib/gcc/sparc-elf/4.4.2/../../../../sparc-elf/lib/soft/libleonbare.a(locore.o)
 .data          0x40017b04        0x0 /opt/sparc-elf-4.4.2/bin/../lib/gcc/sparc-elf/4.4.2/../../../../sparc-elf/lib/soft/libleonbare.a(locore_clean.o)
 .data          0x40017b04       0x10 /opt/sparc-elf-4.4.2/bin/../lib/gcc/sparc-elf/4.4.2/../../../../sparc-elf/lib/soft/libleonbare.a(locore_var.o)
                0x40017b04                _nwindows
                0x40017b08                _nwindows_min1
                0x40017b10                _leon_version
                0x40017b0c                _nwindows_min2
 .data          0x40017b14        0x0 /opt/sparc-elf-4.4.2/bin/../lib/gcc/sparc-elf/4.4.2/../../../../sparc-elf/lib/soft/libleonbare.a(locore_var_svt.o)
 *fill*         0x40017b14        0x4 00
 .data          0x40017b18        0x8 /opt/sparc-elf-4.4.2/bin/../lib/gcc/sparc-elf/4.4.2/../../../../sparc-elf/lib/soft/libleonbare.a(jiffies.o)
                0x40017b18                jiffies_64
 .data          0x40017b20        0x0 /opt/sparc-elf-4.4.2/bin/../lib/gcc/sparc-elf/4.4.2/../../../../sparc-elf/lib/soft/libleonbare.a(mmu_asm.o)
 .data          0x40017b20        0x0 /opt/sparc-elf-4.4.2/bin/../lib/gcc/sparc-elf/4.4.2/../../../../sparc-elf/lib/soft/libleonbare.a(locore_mvt_reset.o)
 .data          0x40017b20        0x0 /opt/sparc-elf-4.4.2/bin/../lib/gcc/sparc-elf/4.4.2/../../../../sparc-elf/lib/soft/libleonbare.a(initcalls.o)
 .data          0x40017b20        0x0 /opt/sparc-elf-4.4.2/bin/../lib/gcc/sparc-elf/4.4.2/../../../../sparc-elf/lib/soft/libleonbare.a(etrap.o)
 .data          0x40017b20        0x0 /opt/sparc-elf-4.4.2/bin/../lib/gcc/sparc-elf/4.4.2/../../../../sparc-elf/lib/soft/libleonbare.a(rtrap.o)
 .data          0x40017b20        0x0 /opt/sparc-elf-4.4.2/bin/../lib/gcc/sparc-elf/4.4.2/../../../../sparc-elf/lib/soft/libleonbare.a(etrap_fast.o)
 .data          0x40017b20        0x0 /opt/sparc-elf-4.4.2/bin/../lib/gcc/sparc-elf/4.4.2/../../../../sparc-elf/lib/soft/libleonbare.a(rtrap_fast.o)
 .data          0x40017b20        0x0 /opt/sparc-elf-4.4.2/bin/../lib/gcc/sparc-elf/4.4.2/../../../../sparc-elf/lib/soft/libleonbare.a(busscan.o)
 .data          0x40017b20        0x0 /opt/sparc-elf-4.4.2/bin/../lib/gcc/sparc-elf/4.4.2/soft/crtend.o
 .data          0x40017b20        0x0 /opt/sparc-elf-4.4.2/bin/../lib/gcc/sparc-elf/4.4.2/soft/crtn.o
                0x40017b20                edata = .
                0x40017b20                _edata = .
                0x40017b20                __edata = .

.bss            0x40017b20    0x23828
                0x40017b20                . = ALIGN (0x8)
                0x40017b20                bss_start = .
                0x40017b20                _bss_start = .
                0x40017b20                __bss_start = .
 *(.bss .bss.*)
 .bss           0x40017b20        0x0 /opt/sparc-elf-4.4.2/bin/../lib/gcc/sparc-elf/4.4.2/../../../../sparc-elf/lib/soft/locore_mvt.o
 .bss           0x40017b20        0x0 /opt/sparc-elf-4.4.2/bin/../lib/gcc/sparc-elf/4.4.2/../../../../sparc-elf/lib/soft/crt0.o
 .bss           0x40017b20        0x0 /opt/sparc-elf-4.4.2/bin/../lib/gcc/sparc-elf/4.4.2/soft/crti.o
 .bss           0x40017b20       0x20 /opt/sparc-elf-4.4.2/bin/../lib/gcc/sparc-elf/4.4.2/soft/crtbegin.o
 .bss           0x40017b40        0x4 /opt/sparc-elf-4.4.2/bin/../lib/gcc/sparc-elf/4.4.2/../../../../sparc-elf/lib/soft/pnpinit.o
                0x40017b40                ambapp_root
 .bss           0x40017b44        0x0 wahwah.o
 .bss           0x40017b44        0x0 vibrato.o
 .bss           0x40017b44        0x0 tremolo.o
 .bss           0x40017b44        0x0 spimctrl.o
 .bss           0x40017b44        0x0 phaser.o
 .bss           0x40017b44        0x0 noiseGate.o
 .bss           0x40017b44        0x0 logScale.o
 .bss           0x40017b44        0x0 kTable.o
 .bss           0x40017b44        0x0 kDistortionTable.o
 .bss           0x40017b44        0x0 gainTable.o
 .bss           0x40017b44        0x0 gain.o
 .bss           0x40017b44        0x0 flex.o
 .bss           0x40017b44        0x0 flanger.o
 .bss           0x40017b44        0x0 distortion.o
 .bss           0x40017b44        0x2 delay.o
                0x40017b44                lastOutput
 .bss           0x40017b46        0x0 circularBuffer.o
 .bss           0x40017b46        0x0 chorus.o
 .bss           0x40017b46        0x0 c-irq.o
 .bss           0x40017b46        0x0 biquad.o
 .bss           0x40017b46        0x0 audio_io.o
 .bss           0x40017b46        0x0 audioKernel_03.o
 .bss           0x40017b46        0x0 SVFLookupTable.o
 .bss           0x40017b46        0x0 SVF.o
 .bss           0x40017b46        0x0 LFOSineWaveTable.o
 .bss           0x40017b46        0x0 LFO.o
 .bss           0x40017b46        0x0 /opt/sparc-elf-4.4.2/bin/../lib/gcc/sparc-elf/4.4.2/../../../../sparc-elf/lib/soft/libm.a(s_floor.o)
 .bss           0x40017b46        0x0 /opt/sparc-elf-4.4.2/bin/../lib/gcc/sparc-elf/4.4.2/../../../../sparc-elf/lib/soft/libm.a(wf_sqrt.o)
 .bss           0x40017b46        0x0 /opt/sparc-elf-4.4.2/bin/../lib/gcc/sparc-elf/4.4.2/../../../../sparc-elf/lib/soft/libm.a(ef_sqrt.o)
 .bss           0x40017b46        0x0 /opt/sparc-elf-4.4.2/bin/../lib/gcc/sparc-elf/4.4.2/../../../../sparc-elf/lib/soft/libm.a(s_lib_ver.o)
 .bss           0x40017b46        0x0 /opt/sparc-elf-4.4.2/bin/../lib/gcc/sparc-elf/4.4.2/../../../../sparc-elf/lib/soft/libm.a(s_matherr.o)
 .bss           0x40017b46        0x0 /opt/sparc-elf-4.4.2/bin/../lib/gcc/sparc-elf/4.4.2/../../../../sparc-elf/lib/soft/libm.a(sf_isnan.o)
 .bss           0x40017b46        0x0 /opt/sparc-elf-4.4.2/bin/../lib/gcc/sparc-elf/4.4.2/soft/libgcc.a(_addsub_sf.o)
 .bss           0x40017b46        0x0 /opt/sparc-elf-4.4.2/bin/../lib/gcc/sparc-elf/4.4.2/soft/libgcc.a(_mul_sf.o)
 .bss           0x40017b46        0x0 /opt/sparc-elf-4.4.2/bin/../lib/gcc/sparc-elf/4.4.2/soft/libgcc.a(_div_sf.o)
 .bss           0x40017b46        0x0 /opt/sparc-elf-4.4.2/bin/../lib/gcc/sparc-elf/4.4.2/soft/libgcc.a(_ge_sf.o)
 .bss           0x40017b46        0x0 /opt/sparc-elf-4.4.2/bin/../lib/gcc/sparc-elf/4.4.2/soft/libgcc.a(_lt_sf.o)
 .bss           0x40017b46        0x0 /opt/sparc-elf-4.4.2/bin/../lib/gcc/sparc-elf/4.4.2/soft/libgcc.a(_si_to_sf.o)
 .bss           0x40017b46        0x0 /opt/sparc-elf-4.4.2/bin/../lib/gcc/sparc-elf/4.4.2/soft/libgcc.a(_sf_to_si.o)
 .bss           0x40017b46        0x0 /opt/sparc-elf-4.4.2/bin/../lib/gcc/sparc-elf/4.4.2/soft/libgcc.a(_sf_to_df.o)
 .bss           0x40017b46        0x0 /opt/sparc-elf-4.4.2/bin/../lib/gcc/sparc-elf/4.4.2/soft/libgcc.a(_thenan_sf.o)
 .bss           0x40017b46        0x0 /opt/sparc-elf-4.4.2/bin/../lib/gcc/sparc-elf/4.4.2/soft/libgcc.a(_addsub_df.o)
 .bss           0x40017b46        0x0 /opt/sparc-elf-4.4.2/bin/../lib/gcc/sparc-elf/4.4.2/soft/libgcc.a(_mul_df.o)
 .bss           0x40017b46        0x0 /opt/sparc-elf-4.4.2/bin/../lib/gcc/sparc-elf/4.4.2/soft/libgcc.a(_div_df.o)
 .bss           0x40017b46        0x0 /opt/sparc-elf-4.4.2/bin/../lib/gcc/sparc-elf/4.4.2/soft/libgcc.a(_gt_df.o)
 .bss           0x40017b46        0x0 /opt/sparc-elf-4.4.2/bin/../lib/gcc/sparc-elf/4.4.2/soft/libgcc.a(_df_to_si.o)
 .bss           0x40017b46        0x0 /opt/sparc-elf-4.4.2/bin/../lib/gcc/sparc-elf/4.4.2/soft/libgcc.a(_make_df.o)
 .bss           0x40017b46        0x0 /opt/sparc-elf-4.4.2/bin/../lib/gcc/sparc-elf/4.4.2/soft/libgcc.a(_df_to_sf.o)
 .bss           0x40017b46        0x0 /opt/sparc-elf-4.4.2/bin/../lib/gcc/sparc-elf/4.4.2/soft/libgcc.a(_thenan_df.o)
 .bss           0x40017b46        0x0 /opt/sparc-elf-4.4.2/bin/../lib/gcc/sparc-elf/4.4.2/soft/libgcc.a(_muldi3.o)
 .bss           0x40017b46        0x0 /opt/sparc-elf-4.4.2/bin/../lib/gcc/sparc-elf/4.4.2/soft/libgcc.a(_ucmpdi2.o)
 .bss           0x40017b46        0x0 /opt/sparc-elf-4.4.2/bin/../lib/gcc/sparc-elf/4.4.2/soft/libgcc.a(_clzsi2.o)
 .bss           0x40017b46        0x0 /opt/sparc-elf-4.4.2/bin/../lib/gcc/sparc-elf/4.4.2/soft/libgcc.a(_pack_sf.o)
 .bss           0x40017b46        0x0 /opt/sparc-elf-4.4.2/bin/../lib/gcc/sparc-elf/4.4.2/soft/libgcc.a(_unpack_sf.o)
 .bss           0x40017b46        0x0 /opt/sparc-elf-4.4.2/bin/../lib/gcc/sparc-elf/4.4.2/soft/libgcc.a(_fpcmp_parts_sf.o)
 .bss           0x40017b46        0x0 /opt/sparc-elf-4.4.2/bin/../lib/gcc/sparc-elf/4.4.2/soft/libgcc.a(_make_sf.o)
 .bss           0x40017b46        0x0 /opt/sparc-elf-4.4.2/bin/../lib/gcc/sparc-elf/4.4.2/soft/libgcc.a(_pack_df.o)
 .bss           0x40017b46        0x0 /opt/sparc-elf-4.4.2/bin/../lib/gcc/sparc-elf/4.4.2/soft/libgcc.a(_unpack_df.o)
 .bss           0x40017b46        0x0 /opt/sparc-elf-4.4.2/bin/../lib/gcc/sparc-elf/4.4.2/soft/libgcc.a(_fpcmp_parts_df.o)
 .bss           0x40017b46        0x0 /opt/sparc-elf-4.4.2/bin/../lib/gcc/sparc-elf/4.4.2/soft/libgcc.a(_mulsi3.o)
 .bss           0x40017b46        0x0 /opt/sparc-elf-4.4.2/bin/../lib/gcc/sparc-elf/4.4.2/soft/libgcc.a(_lshrdi3.o)
 .bss           0x40017b46        0x0 /opt/sparc-elf-4.4.2/bin/../lib/gcc/sparc-elf/4.4.2/soft/libgcc.a(_ashldi3.o)
 .bss           0x40017b46        0x0 /opt/sparc-elf-4.4.2/bin/../lib/gcc/sparc-elf/4.4.2/soft/libgcc.a(_clz.o)
 .bss           0x40017b46        0x0 /opt/sparc-elf-4.4.2/bin/../lib/gcc/sparc-elf/4.4.2/../../../../sparc-elf/lib/soft/libc.a(atexit.o)
 .bss           0x40017b46        0x0 /opt/sparc-elf-4.4.2/bin/../lib/gcc/sparc-elf/4.4.2/../../../../sparc-elf/lib/soft/libc.a(errno.o)
 .bss           0x40017b46        0x0 /opt/sparc-elf-4.4.2/bin/../lib/gcc/sparc-elf/4.4.2/../../../../sparc-elf/lib/soft/libc.a(impure.o)
 .bss           0x40017b46        0x0 /opt/sparc-elf-4.4.2/bin/../lib/gcc/sparc-elf/4.4.2/../../../../sparc-elf/lib/soft/libc.a(malloc.o)
 *fill*         0x40017b46        0x2 00
 .bss           0x40017b48       0x34 /opt/sparc-elf-4.4.2/bin/../lib/gcc/sparc-elf/4.4.2/../../../../sparc-elf/lib/soft/libc.a(mallocr.o)
                0x40017b48                __malloc_top_pad
                0x40017b4c                __malloc_max_sbrked_mem
                0x40017b54                __malloc_current_mallinfo
                0x40017b50                __malloc_max_total_mem
 .bss           0x40017b7c        0x0 /opt/sparc-elf-4.4.2/bin/../lib/gcc/sparc-elf/4.4.2/../../../../sparc-elf/lib/soft/libc.a(memcpy.o)
 .bss           0x40017b7c        0x0 /opt/sparc-elf-4.4.2/bin/../lib/gcc/sparc-elf/4.4.2/../../../../sparc-elf/lib/soft/libc.a(mlock.o)
 .bss           0x40017b7c        0x0 /opt/sparc-elf-4.4.2/bin/../lib/gcc/sparc-elf/4.4.2/../../../../sparc-elf/lib/soft/libc.a(printf.o)
 .bss           0x40017b7c        0x0 /opt/sparc-elf-4.4.2/bin/../lib/gcc/sparc-elf/4.4.2/../../../../sparc-elf/lib/soft/libc.a(sbrkr.o)
 .bss           0x40017b7c        0x0 /opt/sparc-elf-4.4.2/bin/../lib/gcc/sparc-elf/4.4.2/../../../../sparc-elf/lib/soft/libc.a(vfprintf.o)
 .bss           0x40017b7c        0x0 /opt/sparc-elf-4.4.2/bin/../lib/gcc/sparc-elf/4.4.2/../../../../sparc-elf/lib/soft/libc.a(wcrtomb.o)
 .bss           0x40017b7c        0x0 /opt/sparc-elf-4.4.2/bin/../lib/gcc/sparc-elf/4.4.2/../../../../sparc-elf/lib/soft/libc.a(wcsrtombs.o)
 .bss           0x40017b7c        0x0 /opt/sparc-elf-4.4.2/bin/../lib/gcc/sparc-elf/4.4.2/../../../../sparc-elf/lib/soft/libc.a(wctomb_r.o)
 .bss           0x40017b7c        0x0 /opt/sparc-elf-4.4.2/bin/../lib/gcc/sparc-elf/4.4.2/../../../../sparc-elf/lib/soft/libc.a(wsetup.o)
 .bss           0x40017b7c       0x74 /opt/sparc-elf-4.4.2/bin/../lib/gcc/sparc-elf/4.4.2/../../../../sparc-elf/lib/soft/libc.a(__atexit.o)
 .bss           0x40017bf0        0x0 /opt/sparc-elf-4.4.2/bin/../lib/gcc/sparc-elf/4.4.2/../../../../sparc-elf/lib/soft/libc.a(dtoa.o)
 .bss           0x40017bf0        0x0 /opt/sparc-elf-4.4.2/bin/../lib/gcc/sparc-elf/4.4.2/../../../../sparc-elf/lib/soft/libc.a(fflush.o)
 .bss           0x40017bf0        0x0 /opt/sparc-elf-4.4.2/bin/../lib/gcc/sparc-elf/4.4.2/../../../../sparc-elf/lib/soft/libc.a(findfp.o)
 .bss           0x40017bf0        0x0 /opt/sparc-elf-4.4.2/bin/../lib/gcc/sparc-elf/4.4.2/../../../../sparc-elf/lib/soft/libc.a(freer.o)
 .bss           0x40017bf0        0x0 /opt/sparc-elf-4.4.2/bin/../lib/gcc/sparc-elf/4.4.2/../../../../sparc-elf/lib/soft/libc.a(fvwrite.o)
 .bss           0x40017bf0        0x0 /opt/sparc-elf-4.4.2/bin/../lib/gcc/sparc-elf/4.4.2/../../../../sparc-elf/lib/soft/libc.a(fwalk.o)
 .bss           0x40017bf0        0xc /opt/sparc-elf-4.4.2/bin/../lib/gcc/sparc-elf/4.4.2/../../../../sparc-elf/lib/soft/libc.a(locale.o)
                0x40017bf0                __nlocale_changed
                0x40017bf4                __mlocale_changed
                0x40017bf8                _PathLocale
 .bss           0x40017bfc        0x0 /opt/sparc-elf-4.4.2/bin/../lib/gcc/sparc-elf/4.4.2/../../../../sparc-elf/lib/soft/libc.a(makebuf.o)
 .bss           0x40017bfc        0x0 /opt/sparc-elf-4.4.2/bin/../lib/gcc/sparc-elf/4.4.2/../../../../sparc-elf/lib/soft/libc.a(memchr.o)
 .bss           0x40017bfc        0x0 /opt/sparc-elf-4.4.2/bin/../lib/gcc/sparc-elf/4.4.2/../../../../sparc-elf/lib/soft/libc.a(memmove.o)
 .bss           0x40017bfc        0x0 /opt/sparc-elf-4.4.2/bin/../lib/gcc/sparc-elf/4.4.2/../../../../sparc-elf/lib/soft/libc.a(memset.o)
 .bss           0x40017bfc        0x0 /opt/sparc-elf-4.4.2/bin/../lib/gcc/sparc-elf/4.4.2/../../../../sparc-elf/lib/soft/libc.a(mprec.o)
 .bss           0x40017bfc        0x0 /opt/sparc-elf-4.4.2/bin/../lib/gcc/sparc-elf/4.4.2/../../../../sparc-elf/lib/soft/libc.a(reallocr.o)
 .bss           0x40017bfc        0x0 /opt/sparc-elf-4.4.2/bin/../lib/gcc/sparc-elf/4.4.2/../../../../sparc-elf/lib/soft/libc.a(reent.o)
 .bss           0x40017bfc        0x0 /opt/sparc-elf-4.4.2/bin/../lib/gcc/sparc-elf/4.4.2/../../../../sparc-elf/lib/soft/libc.a(s_isinf.o)
 .bss           0x40017bfc        0x0 /opt/sparc-elf-4.4.2/bin/../lib/gcc/sparc-elf/4.4.2/../../../../sparc-elf/lib/soft/libc.a(s_isnan.o)
 .bss           0x40017bfc        0x0 /opt/sparc-elf-4.4.2/bin/../lib/gcc/sparc-elf/4.4.2/../../../../sparc-elf/lib/soft/libc.a(stdio.o)
 .bss           0x40017bfc        0x0 /opt/sparc-elf-4.4.2/bin/../lib/gcc/sparc-elf/4.4.2/../../../../sparc-elf/lib/soft/libc.a(strcmp.o)
 .bss           0x40017bfc        0x0 /opt/sparc-elf-4.4.2/bin/../lib/gcc/sparc-elf/4.4.2/../../../../sparc-elf/lib/soft/libc.a(strlen.o)
 .bss           0x40017bfc        0x0 /opt/sparc-elf-4.4.2/bin/../lib/gcc/sparc-elf/4.4.2/../../../../sparc-elf/lib/soft/libc.a(writer.o)
 .bss           0x40017bfc        0x0 /opt/sparc-elf-4.4.2/bin/../lib/gcc/sparc-elf/4.4.2/../../../../sparc-elf/lib/soft/libc.a(callocr.o)
 .bss           0x40017bfc        0x0 /opt/sparc-elf-4.4.2/bin/../lib/gcc/sparc-elf/4.4.2/../../../../sparc-elf/lib/soft/libc.a(closer.o)
 .bss           0x40017bfc        0x0 /opt/sparc-elf-4.4.2/bin/../lib/gcc/sparc-elf/4.4.2/../../../../sparc-elf/lib/soft/libc.a(fclose.o)
 .bss           0x40017bfc        0x0 /opt/sparc-elf-4.4.2/bin/../lib/gcc/sparc-elf/4.4.2/../../../../sparc-elf/lib/soft/libc.a(fstatr.o)