Archive member included because of file (symbol)

/opt/sparc-elf-4.4.2/bin/../lib/gcc/sparc-elf/4.4.2/../../../../sparc-elf/lib/soft/libm.a(s_floor.o)
                              biquad.o (floor)
/opt/sparc-elf-4.4.2/bin/../lib/gcc/sparc-elf/4.4.2/../../../../sparc-elf/lib/soft/libm.a(wf_sqrt.o)
                              biquad.o (sqrtf)
/opt/sparc-elf-4.4.2/bin/../lib/gcc/sparc-elf/4.4.2/../../../../sparc-elf/lib/soft/libm.a(ef_sqrt.o)
                              /opt/sparc-elf-4.4.2/bin/../lib/gcc/sparc-elf/4.4.2/../../../../sparc-elf/lib/soft/libm.a(wf_sqrt.o) (__ieee754_sqrtf)
/opt/sparc-elf-4.4.2/bin/../lib/gcc/sparc-elf/4.4.2/../../../../sparc-elf/lib/soft/libm.a(s_lib_ver.o)
                              /opt/sparc-elf-4.4.2/bin/../lib/gcc/sparc-elf/4.4.2/../../../../sparc-elf/lib/soft/libm.a(wf_sqrt.o) (__fdlib_version)
/opt/sparc-elf-4.4.2/bin/../lib/gcc/sparc-elf/4.4.2/../../../../sparc-elf/lib/soft/libm.a(s_matherr.o)
                              /opt/sparc-elf-4.4.2/bin/../lib/gcc/sparc-elf/4.4.2/../../../../sparc-elf/lib/soft/libm.a(wf_sqrt.o) (matherr)
/opt/sparc-elf-4.4.2/bin/../lib/gcc/sparc-elf/4.4.2/../../../../sparc-elf/lib/soft/libm.a(sf_isnan.o)
                              /opt/sparc-elf-4.4.2/bin/../lib/gcc/sparc-elf/4.4.2/../../../../sparc-elf/lib/soft/libm.a(wf_sqrt.o) (isnanf)
/opt/sparc-elf-4.4.2/bin/../lib/gcc/sparc-elf/4.4.2/soft/libgcc.a(_addsub_sf.o)
                              biquad.o (__subsf3)
/opt/sparc-elf-4.4.2/bin/../lib/gcc/sparc-elf/4.4.2/soft/libgcc.a(_mul_sf.o)
                              biquad.o (__mulsf3)
/opt/sparc-elf-4.4.2/bin/../lib/gcc/sparc-elf/4.4.2/soft/libgcc.a(_div_sf.o)
                              flex.o (__divsf3)
/opt/sparc-elf-4.4.2/bin/../lib/gcc/sparc-elf/4.4.2/soft/libgcc.a(_ge_sf.o)
                              biquad.o (__gesf2)
/opt/sparc-elf-4.4.2/bin/../lib/gcc/sparc-elf/4.4.2/soft/libgcc.a(_lt_sf.o)
                              biquad.o (__ltsf2)
/opt/sparc-elf-4.4.2/bin/../lib/gcc/sparc-elf/4.4.2/soft/libgcc.a(_si_to_sf.o)
                              flex.o (__floatsisf)
/opt/sparc-elf-4.4.2/bin/../lib/gcc/sparc-elf/4.4.2/soft/libgcc.a(_sf_to_si.o)
                              biquad.o (__fixsfsi)
/opt/sparc-elf-4.4.2/bin/../lib/gcc/sparc-elf/4.4.2/soft/libgcc.a(_sf_to_df.o)
                              biquad.o (__extendsfdf2)
/opt/sparc-elf-4.4.2/bin/../lib/gcc/sparc-elf/4.4.2/soft/libgcc.a(_thenan_sf.o)
                              /opt/sparc-elf-4.4.2/bin/../lib/gcc/sparc-elf/4.4.2/soft/libgcc.a(_addsub_sf.o) (__thenan_sf)
/opt/sparc-elf-4.4.2/bin/../lib/gcc/sparc-elf/4.4.2/soft/libgcc.a(_addsub_df.o)
                              /opt/sparc-elf-4.4.2/bin/../lib/gcc/sparc-elf/4.4.2/../../../../sparc-elf/lib/soft/libm.a(s_floor.o) (__adddf3)
/opt/sparc-elf-4.4.2/bin/../lib/gcc/sparc-elf/4.4.2/soft/libgcc.a(_mul_df.o)
                              biquad.o (__muldf3)
/opt/sparc-elf-4.4.2/bin/../lib/gcc/sparc-elf/4.4.2/soft/libgcc.a(_div_df.o)
                              /opt/sparc-elf-4.4.2/bin/../lib/gcc/sparc-elf/4.4.2/../../../../sparc-elf/lib/soft/libm.a(wf_sqrt.o) (__divdf3)
/opt/sparc-elf-4.4.2/bin/../lib/gcc/sparc-elf/4.4.2/soft/libgcc.a(_gt_df.o)
                              /opt/sparc-elf-4.4.2/bin/../lib/gcc/sparc-elf/4.4.2/../../../../sparc-elf/lib/soft/libm.a(s_floor.o) (__gtdf2)
/opt/sparc-elf-4.4.2/bin/../lib/gcc/sparc-elf/4.4.2/soft/libgcc.a(_df_to_si.o)
                              biquad.o (__fixdfsi)
/opt/sparc-elf-4.4.2/bin/../lib/gcc/sparc-elf/4.4.2/soft/libgcc.a(_make_df.o)
                              /opt/sparc-elf-4.4.2/bin/../lib/gcc/sparc-elf/4.4.2/soft/libgcc.a(_sf_to_df.o) (__make_dp)
/opt/sparc-elf-4.4.2/bin/../lib/gcc/sparc-elf/4.4.2/soft/libgcc.a(_df_to_sf.o)
                              biquad.o (__truncdfsf2)
/opt/sparc-elf-4.4.2/bin/../lib/gcc/sparc-elf/4.4.2/soft/libgcc.a(_thenan_df.o)
                              /opt/sparc-elf-4.4.2/bin/../lib/gcc/sparc-elf/4.4.2/soft/libgcc.a(_addsub_df.o) (__thenan_df)
/opt/sparc-elf-4.4.2/bin/../lib/gcc/sparc-elf/4.4.2/soft/libgcc.a(_muldi3.o)
                              /opt/sparc-elf-4.4.2/bin/../lib/gcc/sparc-elf/4.4.2/soft/libgcc.a(_mul_sf.o) (__muldi3)
/opt/sparc-elf-4.4.2/bin/../lib/gcc/sparc-elf/4.4.2/soft/libgcc.a(_ucmpdi2.o)
                              /opt/sparc-elf-4.4.2/bin/../lib/gcc/sparc-elf/4.4.2/soft/libgcc.a(_addsub_df.o) (__ucmpdi2)
/opt/sparc-elf-4.4.2/bin/../lib/gcc/sparc-elf/4.4.2/soft/libgcc.a(_clzsi2.o)
                              /opt/sparc-elf-4.4.2/bin/../lib/gcc/sparc-elf/4.4.2/soft/libgcc.a(_si_to_sf.o) (__clzsi2)
/opt/sparc-elf-4.4.2/bin/../lib/gcc/sparc-elf/4.4.2/soft/libgcc.a(_pack_sf.o)
                              /opt/sparc-elf-4.4.2/bin/../lib/gcc/sparc-elf/4.4.2/soft/libgcc.a(_addsub_sf.o) (__pack_f)
/opt/sparc-elf-4.4.2/bin/../lib/gcc/sparc-elf/4.4.2/soft/libgcc.a(_unpack_sf.o)
[...]
Memory Configuration

Name             Origin             Length             Attributes
rom              0x00000000         0x10000000
ram              0x40000000         0x80000000
*default*        0x00000000         0xffffffff

Linker script and memory map

LOAD /opt/sparc-elf-4.4.2/bin/../lib/gcc/sparc-elf/4.4.2/../../../../sparc-elf/lib/soft/locore_mvt.o
LOAD /opt/sparc-elf-4.4.2/bin/../lib/gcc/sparc-elf/4.4.2/../../../../sparc-elf/lib/soft/crt0.o
LOAD /opt/sparc-elf-4.4.2/bin/../lib/gcc/sparc-elf/4.4.2/soft/crti.o
LOAD /opt/sparc-elf-4.4.2/bin/../lib/gcc/sparc-elf/4.4.2/soft/crtbegin.o
LOAD /opt/sparc-elf-4.4.2/bin/../lib/gcc/sparc-elf/4.4.2/../../../../sparc-elf/lib/soft/pnpinit.o
LOAD wahwah.o
LOAD vibrato.o
LOAD tremolo.o
LOAD spimctrl.o
LOAD phaser.o
LOAD noiseGate.o
LOAD logScale.o
LOAD kTable.o
LOAD kDistortionTable.o
LOAD gainTable.o
LOAD gain.o
LOAD flex.o
LOAD flanger.o
LOAD distortion.o
LOAD delay.o
LOAD circularBuffer.o
LOAD chorus.o
LOAD c-irq.o
LOAD biquad.o
LOAD audio_io.o
LOAD audioKernel_03.o
LOAD SVFLookupTable.o
LOAD SVF.o
LOAD LFOSineWaveTable.o
LOAD LFO.o
LOAD /opt/sparc-elf-4.4.2/bin/../lib/gcc/sparc-elf/4.4.2/../../../../sparc-elf/lib/soft/libm.a
LOAD /opt/sparc-elf-4.4.2/bin/../lib/gcc/sparc-elf/4.4.2/soft/libgcc.a
START GROUP
LOAD /opt/sparc-elf-4.4.2/bin/../lib/gcc/sparc-elf/4.4.2/../../../../sparc-elf/lib/soft/libc.a
LOAD /opt/sparc-elf-4.4.2/bin/../lib/gcc/sparc-elf/4.4.2/soft/libgcc.a
LOAD /opt/sparc-elf-4.4.2/bin/../lib/gcc/sparc-elf/4.4.2/../../../../sparc-elf/lib/soft/libleonbare.a
END GROUP
LOAD /opt/sparc-elf-4.4.2/bin/../lib/gcc/sparc-elf/4.4.2/soft/libgcc.a
START GROUP
LOAD /opt/sparc-elf-4.4.2/bin/../lib/gcc/sparc-elf/4.4.2/../../../../sparc-elf/lib/soft/libc.a
LOAD /opt/sparc-elf-4.4.2/bin/../lib/gcc/sparc-elf/4.4.2/soft/libgcc.a
LOAD /opt/sparc-elf-4.4.2/bin/../lib/gcc/sparc-elf/4.4.2/../../../../sparc-elf/lib/soft/libleonbare.a
END GROUP
LOAD /opt/sparc-elf-4.4.2/bin/../lib/gcc/sparc-elf/4.4.2/soft/crtend.o
LOAD /opt/sparc-elf-4.4.2/bin/../lib/gcc/sparc-elf/4.4.2/soft/crtn.o

.text           0x40000000    0x17070
 CREATE_OBJECT_SYMBOLS
 *(.text .text.*)
 .text          0x40000000     0x1000 /opt/sparc-elf-4.4.2/bin/../lib/gcc/sparc-elf/4.4.2/../../../../sparc-elf/lib/soft/locore_mvt.o
                0x40000000                _trap_table
                0x40000000                start
 .text          0x40001000       0x7c /opt/sparc-elf-4.4.2/bin/../lib/gcc/sparc-elf/4.4.2/../../../../sparc-elf/lib/soft/crt0.o
                0x40001000                _start
 .text          0x4000107c        0x0 /opt/sparc-elf-4.4.2/bin/../lib/gcc/sparc-elf/4.4.2/soft/crti.o
 .text          0x4000107c      0x11c /opt/sparc-elf-4.4.2/bin/../lib/gcc/sparc-elf/4.4.2/soft/crtbegin.o
 .text          0x40001198      0x78c /opt/sparc-elf-4.4.2/bin/../lib/gcc/sparc-elf/4.4.2/../../../../sparc-elf/lib/soft/pnpinit.o
                0x40001198                ambapp_addr_from
                0x40001894                pnpinit
                0x4000180c                find_apbslv
 .text          0x40001924      0x33c wahwah.o
                0x40001924                applyWahwah
                0x40001bc4                initWahwah
 .text          0x40001c60      0x164 vibrato.o
                0x40001c60                applyVibrato
                0x40001d3c                initVibrato
 .text          0x40001dc4       0xe4 tremolo.o
                0x40001dc4                applyTremolo
                0x40001e7c                initTremolo
 .text          0x40001ea8      0x868 spimctrl.o
                0x40002298                getPreset
                0x400023b8                setPreset
                0x400021b0                spiFlashRead
                0x40001ea8                spiFlashWrite
                0x40002034                spiFlashSectorErase
 .text          0x40002710       0xb4 phaser.o
                0x40002794                initPhaser
                0x40002710                applyPhaser
 .text          0x400027c4      0x200 noiseGate.o
                0x400027c4                applyNoiseGate
                0x4000294c                initNoiseGate
 .text          0x400029c4        0x0 logScale.o
 .text          0x400029c4        0x0 kTable.o
 .text          0x400029c4        0x0 kDistortionTable.o
 .text          0x400029c4        0x0 gainTable.o
 .text          0x400029c4       0x74 gain.o
                0x400029c4                applyGain
 .text          0x40002a38      0xe5c flex.o
                0x400036b0                dummyOutGain
                0x400037d0                dummyFlanger
                0x400037ac                dummyTremolo
                0x40002a38                dummyDummy
                0x40003818                dummyEQ
                0x40003788                dummyVibrato
                0x40003764                dummyWahwah
                0x40002f20                extractParams
                0x400037f4                dummyChorus
                0x4000371c                dummyDistortion
                0x400036f8                dummyNoiseGate
                0x40003860                dummyDelay
                0x40002a40                initialize
                0x40003740                dummyPhaser
                0x400036d4                dummyPreGain
 .text          0x40003894      0x1c8 flanger.o
                0x400039c0                initFlanger
                0x40003894                applyFlanger
 .text          0x40003a5c      0x9d4 distortion.o
                0x40003b3c                initDistortion
                0x40003a5c                applyDrive
                0x40003b94                applyDistortion
 .text          0x40004430      0x164 delay.o
                0x40004430                delay
                0x40004528                delayInitialize
 .text          0x40004594      0x184 circularBuffer.o
                0x4000460c                cbWrite
                0x400045f4                cbIsEmpty
                0x4000468c                cbRead
                0x40004594                cbInit
                0x40004704                cbFree
                0x400046cc                cbIncrement
                0x400045ac                cbIsFull
 .text          0x40004718      0x1b0 chorus.o
                0x4000483c                initChorus
                0x40004718                applyChorus
 .text          0x400048c8       0x7c c-irq.o
                0x40004928                irqhandler
                0x400048c8                enable_irq
                0x40004910                force_irq
                0x400048f0                disable_irq
 .text          0x40004944      0xad0 biquad.o
                0x40004a4c                filterCoefficients
                0x40004944                filter
 .text          0x40005414       0x7c audio_io.o
                0x4000546c                getByte
                0x4000547c                mergeByte
                0x40005460                writeAddrConst
                0x40005450                writeAddr
                0x40005414                readAddr
 .text          0x40005490      0x18c audioKernel_03.o
                0x40005528                adcHandler
                0x40005500                progHandler
                0x400054e8                selectHandler
                0x40005490                main
 .text          0x4000561c        0x0 SVFLookupTable.o
 .text          0x4000561c      0x1a8 SVF.o
                0x4000561c                initSVF
                0x40005658                applySVF
 .text          0x400057c4        0x0 LFOSineWaveTable.o
 .text          0x400057c4       0xa4 LFO.o
                0x40005840                initLFO
                0x400057c4                getLFOValue
 .text          0x40005868      0x1f8 /opt/sparc-elf-4.4.2/bin/../lib/gcc/sparc-elf/4.4.2/../../../../sparc-elf/lib/soft/libm.a(s_floor.o)
                0x40005868                floor
 .text          0x40005a60      0x100 /opt/sparc-elf-4.4.2/bin/../lib/gcc/sparc-elf/4.4.2/../../../../sparc-elf/lib/soft/libm.a(wf_sqrt.o)
                0x40005a60                sqrtf
 .text          0x40005b60      0x13c /opt/sparc-elf-4.4.2/bin/../lib/gcc/sparc-elf/4.4.2/../../../../sparc-elf/lib/soft/libm.a(ef_sqrt.o)
                0x40005b60                __ieee754_sqrtf
 .text          0x40005c9c        0x0 /opt/sparc-elf-4.4.2/bin/../lib/gcc/sparc-elf/4.4.2/../../../../sparc-elf/lib/soft/libm.a(s_lib_ver.o)
 .text          0x40005c9c        0x8 /opt/sparc-elf-4.4.2/bin/../lib/gcc/sparc-elf/4.4.2/../../../../sparc-elf/lib/soft/libm.a(s_matherr.o)
                0x40005c9c                matherr
 .text          0x40005ca4       0x24 /opt/sparc-elf-4.4.2/bin/../lib/gcc/sparc-elf/4.4.2/../../../../sparc-elf/lib/soft/libm.a(sf_isnan.o)
                0x40005ca4                isnanf
 .text          0x40005cc8      0x2d4 /opt/sparc-elf-4.4.2/bin/../lib/gcc/sparc-elf/4.4.2/soft/libgcc.a(_addsub_sf.o)
                0x40005ef8                __subsf3
                0x40005f50                __addsf3
 .text          0x40005f9c      0x1dc /opt/sparc-elf-4.4.2/bin/../lib/gcc/sparc-elf/4.4.2/soft/libgcc.a(_mul_sf.o)
                0x40005f9c                __mulsf3
 .text          0x40006178      0x164 /opt/sparc-elf-4.4.2/bin/../lib/gcc/sparc-elf/4.4.2/soft/libgcc.a(_div_sf.o)
                0x40006178                __divsf3
 .text          0x400062dc       0x64 /opt/sparc-elf-4.4.2/bin/../lib/gcc/sparc-elf/4.4.2/soft/libgcc.a(_ge_sf.o)
                0x400062dc                __gesf2
 .text          0x40006340       0x64 /opt/sparc-elf-4.4.2/bin/../lib/gcc/sparc-elf/4.4.2/soft/libgcc.a(_lt_sf.o)
                0x40006340                __ltsf2
 .text          0x400063a4       0xa0 /opt/sparc-elf-4.4.2/bin/../lib/gcc/sparc-elf/4.4.2/soft/libgcc.a(_si_to_sf.o)
                0x400063a4                __floatsisf
 .text          0x40006444       0x94 /opt/sparc-elf-4.4.2/bin/../lib/gcc/sparc-elf/4.4.2/soft/libgcc.a(_sf_to_si.o)
                0x40006444                __fixsfsi
 .text          0x400064d8       0x3c /opt/sparc-elf-4.4.2/bin/../lib/gcc/sparc-elf/4.4.2/soft/libgcc.a(_sf_to_df.o)
                0x400064d8                __extendsfdf2
 .text          0x40006514        0x0 /opt/sparc-elf-4.4.2/bin/../lib/gcc/sparc-elf/4.4.2/soft/libgcc.a(_thenan_sf.o)
 .text          0x40006514      0x474 /opt/sparc-elf-4.4.2/bin/../lib/gcc/sparc-elf/4.4.2/soft/libgcc.a(_addsub_df.o)
                0x40006938                __adddf3
                0x400068dc                __subdf3
 .text          0x40006988      0x364 /opt/sparc-elf-4.4.2/bin/../lib/gcc/sparc-elf/4.4.2/soft/libgcc.a(_mul_df.o)
                0x40006988                __muldf3
 .text          0x40006cec      0x23c /opt/sparc-elf-4.4.2/bin/../lib/gcc/sparc-elf/4.4.2/soft/libgcc.a(_div_df.o)
                0x40006cec                __divdf3
 .text          0x40006f28       0x64 /opt/sparc-elf-4.4.2/bin/../lib/gcc/sparc-elf/4.4.2/soft/libgcc.a(_gt_df.o)
                0x40006f28                __gtdf2
 .text          0x40006f8c       0xdc /opt/sparc-elf-4.4.2/bin/../lib/gcc/sparc-elf/4.4.2/soft/libgcc.a(_df_to_si.o)
                0x40006f8c                __fixdfsi
 .text          0x40007068       0x2c /opt/sparc-elf-4.4.2/bin/../lib/gcc/sparc-elf/4.4.2/soft/libgcc.a(_make_df.o)
                0x40007068                __make_dp
 .text          0x40007094       0x58 /opt/sparc-elf-4.4.2/bin/../lib/gcc/sparc-elf/4.4.2/soft/libgcc.a(_df_to_sf.o)
                0x40007094                __truncdfsf2
 .text          0x400070ec        0x0 /opt/sparc-elf-4.4.2/bin/../lib/gcc/sparc-elf/4.4.2/soft/libgcc.a(_thenan_df.o)
 .text          0x400070ec       0xcc /opt/sparc-elf-4.4.2/bin/../lib/gcc/sparc-elf/4.4.2/soft/libgcc.a(_muldi3.o)
                0x400070ec                __muldi3
 .text          0x400071b8       0x3c /opt/sparc-elf-4.4.2/bin/../lib/gcc/sparc-elf/4.4.2/soft/libgcc.a(_ucmpdi2.o)
                0x400071b8                __ucmpdi2
 .text          0x400071f4       0x78 /opt/sparc-elf-4.4.2/bin/../lib/gcc/sparc-elf/4.4.2/soft/libgcc.a(_clzsi2.o)
                0x400071f4                __clzsi2
 .text          0x4000726c      0x164 /opt/sparc-elf-4.4.2/bin/../lib/gcc/sparc-elf/4.4.2/soft/libgcc.a(_pack_sf.o)
                0x4000726c                __pack_f
 .text          0x400073d0       0xd8 /opt/sparc-elf-4.4.2/bin/../lib/gcc/sparc-elf/4.4.2/soft/libgcc.a(_unpack_sf.o)
                0x400073d0                __unpack_f
 .text          0x400074a8       0xfc /opt/sparc-elf-4.4.2/bin/../lib/gcc/sparc-elf/4.4.2/soft/libgcc.a(_fpcmp_parts_sf.o)
                0x400074a8                __fpcmp_parts_f
 .text          0x400075a4       0x1c /opt/sparc-elf-4.4.2/bin/../lib/gcc/sparc-elf/4.4.2/soft/libgcc.a(_make_sf.o)
                0x400075a4                __make_fp
 .text          0x400075c0      0x2a8 /opt/sparc-elf-4.4.2/bin/../lib/gcc/sparc-elf/4.4.2/soft/libgcc.a(_pack_df.o)
                0x400075c0                __pack_d
 .text          0x40007868      0x13c /opt/sparc-elf-4.4.2/bin/../lib/gcc/sparc-elf/4.4.2/soft/libgcc.a(_unpack_df.o)
                0x40007868                __unpack_d
 .text          0x400079a4      0x138 /opt/sparc-elf-4.4.2/bin/../lib/gcc/sparc-elf/4.4.2/soft/libgcc.a(_fpcmp_parts_df.o)
                0x400079a4                __fpcmp_parts_d
 .text          0x40007adc       0xe8 /opt/sparc-elf-4.4.2/bin/../lib/gcc/sparc-elf/4.4.2/soft/libgcc.a(_mulsi3.o)
                0x40007adc                .umul
 .text          0x40007bc4       0x40 /opt/sparc-elf-4.4.2/bin/../lib/gcc/sparc-elf/4.4.2/soft/libgcc.a(_lshrdi3.o)
                0x40007bc4                __lshrdi3
 .text          0x40007c04       0x40 /opt/sparc-elf-4.4.2/bin/../lib/gcc/sparc-elf/4.4.2/soft/libgcc.a(_ashldi3.o)
                0x40007c04                __ashldi3
 .text          0x40007c44        0x0 /opt/sparc-elf-4.4.2/bin/../lib/gcc/sparc-elf/4.4.2/soft/libgcc.a(_clz.o)
 .text          0x40007c44       0x20 /opt/sparc-elf-4.4.2/bin/../lib/gcc/sparc-elf/4.4.2/../../../../sparc-elf/lib/soft/libc.a(atexit.o)
                0x40007c44                _atexit
                0x40007c44                atexit
 .text          0x40007c64        0xc /opt/sparc-elf-4.4.2/bin/../lib/gcc/sparc-elf/4.4.2/../../../../sparc-elf/lib/soft/libc.a(errno.o)
                0x40007c64                __errno
 .text          0x40007c70        0x0 /opt/sparc-elf-4.4.2/bin/../lib/gcc/sparc-elf/4.4.2/../../../../sparc-elf/lib/soft/libc.a(impure.o)
 .text          0x40007c70       0x38 /opt/sparc-elf-4.4.2/bin/../lib/gcc/sparc-elf/4.4.2/../../../../sparc-elf/lib/soft/libc.a(malloc.o)
                0x40007c8c                malloc
                0x40007c70                free
 .text          0x40007ca8      0x6d8 /opt/sparc-elf-4.4.2/bin/../lib/gcc/sparc-elf/4.4.2/../../../../sparc-elf/lib/soft/libc.a(mallocr.o)
                0x40007ca8                _malloc_r
 .text          0x40008380       0xfc /opt/sparc-elf-4.4.2/bin/../lib/gcc/sparc-elf/4.4.2/../../../../sparc-elf/lib/soft/libc.a(memcpy.o)
                0x40008380                memcpy
 .text          0x4000847c       0x30 /opt/sparc-elf-4.4.2/bin/../lib/gcc/sparc-elf/4.4.2/../../../../sparc-elf/lib/soft/libc.a(mlock.o)
                0x4000847c                __malloc_unlock
                0x40008494                __malloc_lock
 .text          0x400084ac       0x70 /opt/sparc-elf-4.4.2/bin/../lib/gcc/sparc-elf/4.4.2/../../../../sparc-elf/lib/soft/libc.a(printf.o)
                0x400084ac                printf
                0x400084e8                _printf_r
 .text          0x4000851c       0x40 /opt/sparc-elf-4.4.2/bin/../lib/gcc/sparc-elf/4.4.2/../../../../sparc-elf/lib/soft/libc.a(sbrkr.o)
                0x4000851c                _sbrk_r
 .text          0x4000855c     0x1f74 /opt/sparc-elf-4.4.2/bin/../lib/gcc/sparc-elf/4.4.2/../../../../sparc-elf/lib/soft/libc.a(vfprintf.o)
                0x400086f8                _vfprintf_r
                0x4000a4a4                vfprintf
 .text          0x4000a4d0       0x8c /opt/sparc-elf-4.4.2/bin/../lib/gcc/sparc-elf/4.4.2/../../../../sparc-elf/lib/soft/libc.a(wcrtomb.o)
                0x4000a4d0                _wcrtomb_r
                0x4000a530                wcrtomb
 .text          0x4000a55c      0x16c /opt/sparc-elf-4.4.2/bin/../lib/gcc/sparc-elf/4.4.2/../../../../sparc-elf/lib/soft/libc.a(wcsrtombs.o)
                0x4000a55c                _wcsrtombs_r
                0x4000a694                wcsrtombs
 .text          0x4000a6c8      0x3f4 /opt/sparc-elf-4.4.2/bin/../lib/gcc/sparc-elf/4.4.2/../../../../sparc-elf/lib/soft/libc.a(wctomb_r.o)
                0x4000a6c8                _wctomb_r
 .text          0x4000aabc      0x134 /opt/sparc-elf-4.4.2/bin/../lib/gcc/sparc-elf/4.4.2/../../../../sparc-elf/lib/soft/libc.a(wsetup.o)
                0x4000aabc                __swsetup
 .text          0x4000abf0      0x12c /opt/sparc-elf-4.4.2/bin/../lib/gcc/sparc-elf/4.4.2/../../../../sparc-elf/lib/soft/libc.a(__atexit.o)
                0x4000abf0                __register_exitproc
 .text          0x4000ad1c     0x1644 /opt/sparc-elf-4.4.2/bin/../lib/gcc/sparc-elf/4.4.2/../../../../sparc-elf/lib/soft/libc.a(dtoa.o)
                0x4000af34                _dtoa_r
 .text          0x4000c360      0x15c /opt/sparc-elf-4.4.2/bin/../lib/gcc/sparc-elf/4.4.2/../../../../sparc-elf/lib/soft/libc.a(fflush.o)
                0x4000c360                fflush
 .text          0x4000c4bc      0x350 /opt/sparc-elf-4.4.2/bin/../lib/gcc/sparc-elf/4.4.2/../../../../sparc-elf/lib/soft/libc.a(findfp.o)
                0x4000c634                __sinit
                0x4000c6a0                __sfmoreglue
                0x4000c4d4                _cleanup
                0x4000c4bc                _cleanup_r
                0x4000c588                __fp_lock_all
                0x4000c570                __sfp_lock_acquire
                0x4000c6f0                __sfp
                0x4000c528                __fp_unlock_all
                0x4000c510                __sfp_lock_release
 .text          0x4000c80c      0x388 /opt/sparc-elf-4.4.2/bin/../lib/gcc/sparc-elf/4.4.2/../../../../sparc-elf/lib/soft/libc.a(freer.o)
                0x4000c8f8                _free_r
                0x4000c80c                _malloc_trim_r
 .text          0x4000cb94      0x420 /opt/sparc-elf-4.4.2/bin/../lib/gcc/sparc-elf/4.4.2/../../../../sparc-elf/lib/soft/libc.a(fvwrite.o)
                0x4000cb94                __sfvwrite
 .text          0x4000cfb4      0x1c4 /opt/sparc-elf-4.4.2/bin/../lib/gcc/sparc-elf/4.4.2/../../../../sparc-elf/lib/soft/libc.a(fwalk.o)
                0x4000d098                _fwalk
                0x4000cfb4                _fwalk_reent
 .text          0x4000d178       0xb0 /opt/sparc-elf-4.4.2/bin/../lib/gcc/sparc-elf/4.4.2/../../../../sparc-elf/lib/soft/libc.a(locale.o)
                0x4000d19c                _setlocale_r
                0x4000d178                __locale_charset
                0x4000d184                _localeconv_r
                0x4000d204                setlocale
                0x4000d190                localeconv
 .text          0x4000d228      0x160 /opt/sparc-elf-4.4.2/bin/../lib/gcc/sparc-elf/4.4.2/../../../../sparc-elf/lib/soft/libc.a(makebuf.o)
                0x4000d228                __smakebuf
 .text          0x4000d388       0xf0 /opt/sparc-elf-4.4.2/bin/../lib/gcc/sparc-elf/4.4.2/../../../../sparc-elf/lib/soft/libc.a(memchr.o)
                0x4000d388                memchr
 .text          0x4000d478      0x150 /opt/sparc-elf-4.4.2/bin/../lib/gcc/sparc-elf/4.4.2/../../../../sparc-elf/lib/soft/libc.a(memmove.o)
                0x4000d478                memmove
 .text          0x4000d5c8       0xdc /opt/sparc-elf-4.4.2/bin/../lib/gcc/sparc-elf/4.4.2/../../../../sparc-elf/lib/soft/libc.a(memset.o)
                0x4000d5c8                memset
 .text          0x4000d6a4      0xe2c /opt/sparc-elf-4.4.2/bin/../lib/gcc/sparc-elf/4.4.2/../../../../sparc-elf/lib/soft/libc.a(mprec.o)
                0x4000dab0                _mprec_log10
                0x4000d6d0                _hi0bits
                0x4000db08                _Balloc
                0x4000dbb0                _d2b
                0x4000dfc0                _multiply
                0x4000da14                _ratio
                0x4000e400                _s2b
                0x4000e1e0                _i2b
                0x4000d754                _lo0bits
                0x4000d838                __mcmp
                0x4000e2ec                _pow5mult
                0x4000d8ac                _ulp
                0x4000d920                _b2d
                0x4000e204                _multadd
                0x4000dcd8                __mdiff
                0x4000de8c                _lshift
                0x4000d6a4                _Bfree
 .text          0x4000e4d0      0x4f8 /opt/sparc-elf-4.4.2/bin/../lib/gcc/sparc-elf/4.4.2/../../../../sparc-elf/lib/soft/libc.a(reallocr.o)
                0x4000e4d0                _realloc_r
 .text          0x4000e9c8      0x1b8 /opt/sparc-elf-4.4.2/bin/../lib/gcc/sparc-elf/4.4.2/../../../../sparc-elf/lib/soft/libc.a(reent.o)
                0x4000ea54                cleanup_glue
                0x4000ea7c                _reclaim_reent
                0x4000e9c8                _wrapup_reent
 .text          0x4000eb80       0x34 /opt/sparc-elf-4.4.2/bin/../lib/gcc/sparc-elf/4.4.2/../../../../sparc-elf/lib/soft/libc.a(s_isinf.o)
                0x4000eb80                isinf
 .text          0x4000ebb4       0x28 /opt/sparc-elf-4.4.2/bin/../lib/gcc/sparc-elf/4.4.2/../../../../sparc-elf/lib/soft/libc.a(s_isnan.o)
                0x4000ebb4                isnan
 .text          0x4000ebdc      0x11c /opt/sparc-elf-4.4.2/bin/../lib/gcc/sparc-elf/4.4.2/../../../../sparc-elf/lib/soft/libc.a(stdio.o)
                0x4000ebf8                __sseek
                0x4000eca8                __sread
                0x4000ebdc                __sclose
                0x4000ec50                __swrite
 .text          0x4000ecf8       0xe8 /opt/sparc-elf-4.4.2/bin/../lib/gcc/sparc-elf/4.4.2/../../../../sparc-elf/lib/soft/libc.a(strcmp.o)
                0x4000ecf8                strcmp
 .text          0x4000ede0       0x94 /opt/sparc-elf-4.4.2/bin/../lib/gcc/sparc-elf/4.4.2/../../../../sparc-elf/lib/soft/libc.a(strlen.o)
                0x4000ede0                strlen
 .text          0x4000ee74       0x48 /opt/sparc-elf-4.4.2/bin/../lib/gcc/sparc-elf/4.4.2/../../../../sparc-elf/lib/soft/libc.a(writer.o)
                0x4000ee74                _write_r
 .text          0x4000eebc       0xa0 /opt/sparc-elf-4.4.2/bin/../lib/gcc/sparc-elf/4.4.2/../../../../sparc-elf/lib/soft/libc.a(callocr.o)
                0x4000eebc                _calloc_r
 .text          0x4000ef5c       0x40 /opt/sparc-elf-4.4.2/bin/../lib/gcc/sparc-elf/4.4.2/../../../../sparc-elf/lib/soft/libc.a(closer.o)
                0x4000ef5c                _close_r
 .text          0x4000ef9c      0x18c /opt/sparc-elf-4.4.2/bin/../lib/gcc/sparc-elf/4.4.2/../../../../sparc-elf/lib/soft/libc.a(fclose.o)
                0x4000ef9c                _fclose_r
                0x4000f10c                fclose
 .text          0x4000f128       0x44 /opt/sparc-elf-4.4.2/bin/../lib/gcc/sparc-elf/4.4.2/../../../../sparc-elf/lib/soft/libc.a(fstatr.o)
                0x4000f128                _fstat_r
 .text          0x4000f16c       0x48 /opt/sparc-elf-4.4.2/bin/../lib/gcc/sparc-elf/4.4.2/../../../../sparc-elf/lib/soft/libc.a(lseekr.o)
                0x4000f16c                _lseek_r
 .text          0x4000f1b4       0x48 /opt/sparc-elf-4.4.2/bin/../lib/gcc/sparc-elf/4.4.2/../../../../sparc-elf/lib/soft/libc.a(readr.o)
                0x4000f1b4                _read_r
 .text          0x4000f1fc      0x2b0 /opt/sparc-elf-4.4.2/bin/../lib/gcc/sparc-elf/4.4.2/soft/libgcc.a(_divsi3.o)
                0x4000f1fc                .udiv
                0x4000f204                .div
 .text          0x4000f4ac      0x2b0 /opt/sparc-elf-4.4.2/bin/../lib/gcc/sparc-elf/4.4.2/soft/libgcc.a(_modsi3.o)
                0x4000f4ac                .urem
                0x4000f4b4                .rem
 .text          0x4000f75c       0x64 /opt/sparc-elf-4.4.2/bin/../lib/gcc/sparc-elf/4.4.2/soft/libgcc.a(_eq_df.o)
                0x4000f75c                __eqdf2
 .text          0x4000f7c0       0x64 /opt/sparc-elf-4.4.2/bin/../lib/gcc/sparc-elf/4.4.2/soft/libgcc.a(_ne_df.o)
                0x4000f7c0                __nedf2
 .text          0x4000f824       0x64 /opt/sparc-elf-4.4.2/bin/../lib/gcc/sparc-elf/4.4.2/soft/libgcc.a(_ge_df.o)
                0x4000f824                __gedf2
 .text          0x4000f888       0x64 /opt/sparc-elf-4.4.2/bin/../lib/gcc/sparc-elf/4.4.2/soft/libgcc.a(_lt_df.o)
                0x4000f888                __ltdf2
 .text          0x4000f8ec       0xd8 /opt/sparc-elf-4.4.2/bin/../lib/gcc/sparc-elf/4.4.2/soft/libgcc.a(_si_to_df.o)
                0x4000f8ec                __floatsidf
 .text          0x4000f9c4      0x13c /opt/sparc-elf-4.4.2/bin/../lib/gcc/sparc-elf/4.4.2/soft/libgcc.a(_usi_to_df.o)
                0x4000f9c4                __floatunsidf
 .text          0x4000fb00        0x8 /opt/sparc-elf-4.4.2/bin/../lib/gcc/sparc-elf/4.4.2/../../../../sparc-elf/lib/soft/libleonbare.a(close.o)
                0x4000fb00                close
 .text          0x4000fb08       0x14 /opt/sparc-elf-4.4.2/bin/../lib/gcc/sparc-elf/4.4.2/../../../../sparc-elf/lib/soft/libleonbare.a(fstat.o)
                0x4000fb08                fstat
 .text          0x4000fb1c        0x8 /opt/sparc-elf-4.4.2/bin/../lib/gcc/sparc-elf/4.4.2/../../../../sparc-elf/lib/soft/libleonbare.a(isatty.o)
                0x4000fb1c                isatty
 .text          0x4000fb24       0x1c /opt/sparc-elf-4.4.2/bin/../lib/gcc/sparc-elf/4.4.2/../../../../sparc-elf/lib/soft/libleonbare.a(lseek.o)
                0x4000fb24                lseek
 .text          0x4000fb40       0x5c /opt/sparc-elf-4.4.2/bin/../lib/gcc/sparc-elf/4.4.2/../../../../sparc-elf/lib/soft/libleonbare.a(read.o)
                0x4000fb40                read
 .text          0x4000fb9c       0x3c /opt/sparc-elf-4.4.2/bin/../lib/gcc/sparc-elf/4.4.2/../../../../sparc-elf/lib/soft/libleonbare.a(sbrk.o)
                0x4000fb9c                sbrk
 .text          0x4000fbd8       0x78 /opt/sparc-elf-4.4.2/bin/../lib/gcc/sparc-elf/4.4.2/../../../../sparc-elf/lib/soft/libleonbare.a(write.o)
                0x4000fbd8                write
 .text          0x4000fc50       0x84 /opt/sparc-elf-4.4.2/bin/../lib/gcc/sparc-elf/4.4.2/../../../../sparc-elf/lib/soft/libleonbare.a(io.o)
                0x4000fc50                outbyte
                0x4000fca0                inbyte
 .text          0x4000fcd4       0xcc /opt/sparc-elf-4.4.2/bin/../lib/gcc/sparc-elf/4.4.2/../../../../sparc-elf/lib/soft/libleonbare.a(regwin.o)
                0x4000fd38                __window_overflow_slow1
                0x4000fcd4                _window_overflow
                0x4000fcd4                _window_overflow_svt
                0x4000fcd4                __window_overflow_rettseq
                0x4000fd40                _window_underflow
                0x4000fd40                _window_underflow_svt
                0x4000fce0                __window_overflow_rettseq_ret
 .text          0x4000fda0      0x230 /opt/sparc-elf-4.4.2/bin/../lib/gcc/sparc-elf/4.4.2/../../../../sparc-elf/lib/soft/libleonbare.a(regwinflush.o)
                0x4000fef8                _irqcall_disableirq
                0x4000fda0                _flush_windows_svt
                0x4000ff14                _irqcall_svt
                0x4000fda4                _flush_windows
                0x4000fef8                _irqcall_disableirq_svt
                0x4000ff14                _irqcall
                0x4000ffc4                leonbare_flush_windows
                0x4000ffb8                leonbare_disable_traps
                0x4000ffac                leonbare_enable_traps
 .text          0x4000ffd0       0x18 /opt/sparc-elf-4.4.2/bin/../lib/gcc/sparc-elf/4.4.2/../../../../sparc-elf/lib/soft/libleonbare.a(bdinit.o)
                0x4000ffe0                prelibchook
                0x4000ffd0                bdinit1
                0x4000ffd8                bdinit2
 .text          0x4000ffe8       0xa0 /opt/sparc-elf-4.4.2/bin/../lib/gcc/sparc-elf/4.4.2/../../../../sparc-elf/lib/soft/libleonbare.a(irqtrap_fast.o)
                0x4000fff0                leonbare_irq_entry
                0x4000ffe8                _leonbare_irq_entry_svt
 .text          0x40010088      0x218 /opt/sparc-elf-4.4.2/bin/../lib/gcc/sparc-elf/4.4.2/../../../../sparc-elf/lib/soft/libleonbare.a(catch_interrupt.o)
                0x40010294                sparc_leon23_get_tbr_base
                0x40010088                catch_interrupt
                0x40010110                chained_catch_interrupt
                0x4001012c                handler_irq
                0x4001024c                traptable_genjmp
 .text          0x400102a0        0x0 /opt/sparc-elf-4.4.2/bin/../lib/gcc/sparc-elf/4.4.2/../../../../sparc-elf/lib/soft/libleonbare.a(rtc.o)
 .text          0x400102a0      0x110 /opt/sparc-elf-4.4.2/bin/../lib/gcc/sparc-elf/4.4.2/../../../../sparc-elf/lib/soft/libleonbare.a(lcpuinit.o)
                0x400102a0                cpuinit
 .text          0x400103b0        0x0 /opt/sparc-elf-4.4.2/bin/../lib/gcc/sparc-elf/4.4.2/../../../../sparc-elf/lib/soft/libleonbare.a(lcpudata.o)
 .text          0x400103b0        0x0 /opt/sparc-elf-4.4.2/bin/../lib/gcc/sparc-elf/4.4.2/../../../../sparc-elf/lib/soft/libleonbare.a(console.o)
 .text          0x400103b0       0x10 /opt/sparc-elf-4.4.2/bin/../lib/gcc/sparc-elf/4.4.2/../../../../sparc-elf/lib/soft/libleonbare.a(_exit.o)
                0x400103b0                _exit
 .text          0x400103c0      0x2c4 /opt/sparc-elf-4.4.2/bin/../lib/gcc/sparc-elf/4.4.2/../../../../sparc-elf/lib/soft/libleonbare.a(amba.o)
                0x40010478                amba_init
                0x400103c0                amba_find_apbslv_addr
 .text          0x40010684      0x170 /opt/sparc-elf-4.4.2/bin/../lib/gcc/sparc-elf/4.4.2/../../../../sparc-elf/lib/soft/libleonbare.a(mutex.o)
                0x40010710                __st_pthread_mutex_trylock
                0x400106e4                __st_pthread_mutex_lock
                0x40010794                __st_pthread_mutexattr_destroy
                0x40010710                ___st_pthread_mutex_trylock
                0x400107c0                __st_pthread_mutexattr_settype
                0x40010684                __st_pthread_mutex_init
                0x400106e4                ___st_pthread_mutex_lock
                0x40010794                ___st_pthread_mutexattr_destroy
                0x40010684                ___st_pthread_mutex_init
                0x400106b8                ___st_pthread_mutex_destroy
                0x40010768                __st_pthread_mutexattr_init
                0x4001073c                ___st_pthread_mutex_unlock
                0x40010768                ___st_pthread_mutexattr_init
                0x400107c0                ___st_pthread_mutexattr_settype
                0x4001073c                __st_pthread_mutex_unlock
                0x400106b8                __st_pthread_mutex_destroy
 .text          0x400107f4       0xa8 /opt/sparc-elf-4.4.2/bin/../lib/gcc/sparc-elf/4.4.2/../../../../sparc-elf/lib/soft/libleonbare.a(locore.o)
                0x400107f4                _hardreset_real
                0x400107f8                _hardreset
                0x40010870                _fpdis_svt
                0x40010870                _fpdis
 .text          0x4001089c       0x10 /opt/sparc-elf-4.4.2/bin/../lib/gcc/sparc-elf/4.4.2/../../../../sparc-elf/lib/soft/libleonbare.a(locore_clean.o)
                0x4001089c                _cleanregs_libgloss
                0x4001089c                _cleanregs_custom_weak
 .text          0x400108ac       0x68 /opt/sparc-elf-4.4.2/bin/../lib/gcc/sparc-elf/4.4.2/../../../../sparc-elf/lib/soft/libleonbare.a(locore_var.o)
                0x400108ac                _hardreset_custom_weak
 .text          0x40010914        0x8 /opt/sparc-elf-4.4.2/bin/../lib/gcc/sparc-elf/4.4.2/../../../../sparc-elf/lib/soft/libleonbare.a(locore_var_svt.o)
                0x40010914                _hardreset_custom_svt_weak
 .text          0x4001091c        0x0 /opt/sparc-elf-4.4.2/bin/../lib/gcc/sparc-elf/4.4.2/../../../../sparc-elf/lib/soft/libleonbare.a(jiffies.o)
 .text          0x4001091c       0x18 /opt/sparc-elf-4.4.2/bin/../lib/gcc/sparc-elf/4.4.2/../../../../sparc-elf/lib/soft/libleonbare.a(mmu_asm.o)
                0x4001091c                _srmmu_fault_svt
                0x4001091c                _srmmu_fault
 .text          0x40010934       0x38 /opt/sparc-elf-4.4.2/bin/../lib/gcc/sparc-elf/4.4.2/../../../../sparc-elf/lib/soft/libleonbare.a(locore_mvt_reset.o)
                0x40010934                _hardreset_mvt
 .text          0x4001096c       0x4c /opt/sparc-elf-4.4.2/bin/../lib/gcc/sparc-elf/4.4.2/../../../../sparc-elf/lib/soft/libleonbare.a(initcalls.o)
                0x4001096c                _call_initcalls
 .text          0x400109b8       0x98 /opt/sparc-elf-4.4.2/bin/../lib/gcc/sparc-elf/4.4.2/../../../../sparc-elf/lib/soft/libleonbare.a(etrap.o)
                0x400109b8                leonbare_trapsetup
 .text          0x40010a50      0x110 /opt/sparc-elf-4.4.2/bin/../lib/gcc/sparc-elf/4.4.2/../../../../sparc-elf/lib/soft/libleonbare.a(rtrap.o)
                0x40010a50                leonbare_trapreturn
 .text          0x40010b60       0x7c /opt/sparc-elf-4.4.2/bin/../lib/gcc/sparc-elf/4.4.2/../../../../sparc-elf/lib/soft/libleonbare.a(etrap_fast.o)
                0x40010b60                leonbare_trapsetup_fast
 .text          0x40010bdc       0xd8 /opt/sparc-elf-4.4.2/bin/../lib/gcc/sparc-elf/4.4.2/../../../../sparc-elf/lib/soft/libleonbare.a(rtrap_fast.o)
                0x40010bdc                leonbare_trapreturn_fast
 .text          0x40010cb4       0xe4 /opt/sparc-elf-4.4.2/bin/../lib/gcc/sparc-elf/4.4.2/../../../../sparc-elf/lib/soft/libleonbare.a(busscan.o)
                0x40010d0c                apbslv_scan
                0x40010d60                iobar_getbase
                0x40010cb4                ahbslv_scan
 .text          0x40010d98       0x48 /opt/sparc-elf-4.4.2/bin/../lib/gcc/sparc-elf/4.4.2/soft/crtend.o
 .text          0x40010de0        0x0 /opt/sparc-elf-4.4.2/bin/../lib/gcc/sparc-elf/4.4.2/soft/crtn.o
                0x40010de0                etext = .
                0x40010de0                . = ALIGN (0x10)
 *(.eh_frame)
 .eh_frame      0x40010de0        0x0 /opt/sparc-elf-4.4.2/bin/../lib/gcc/sparc-elf/4.4.2/soft/crtbegin.o
 .eh_frame      0x40010de0       0xb4 /opt/sparc-elf-4.4.2/bin/../lib/gcc/sparc-elf/4.4.2/../../../../sparc-elf/lib/soft/pnpinit.o
 .eh_frame      0x40010e94       0x38 wahwah.o
                                 0x4c (size before relaxing)
 .eh_frame      0x40010ecc       0x38 vibrato.o
                                 0x4c (size before relaxing)
 .eh_frame      0x40010f04       0x38 tremolo.o
                                 0x4c (size before relaxing)
 .eh_frame      0x40010f3c       0x8c spimctrl.o
                                 0xa0 (size before relaxing)
 .eh_frame      0x40010fc8       0x38 phaser.o
                                 0x4c (size before relaxing)
 .eh_frame      0x40011000       0x38 noiseGate.o
                                 0x4c (size before relaxing)
 .eh_frame      0x40011038       0x1c gain.o
                                 0x30 (size before relaxing)
 .eh_frame      0x40011054      0x144 flex.o
                                0x158 (size before relaxing)
 .eh_frame      0x40011198       0x38 flanger.o
                                 0x4c (size before relaxing)
 .eh_frame      0x400111d0       0x54 distortion.o
                                 0x68 (size before relaxing)
 .eh_frame      0x40011224       0x38 delay.o
                                 0x4c (size before relaxing)
 .eh_frame      0x4001125c       0x94 circularBuffer.o
                                 0xa8 (size before relaxing)
 .eh_frame      0x400112f0       0x38 chorus.o
                                 0x4c (size before relaxing)
 .eh_frame      0x40011328       0x50 c-irq.o
                                 0x64 (size before relaxing)
 .eh_frame      0x40011378       0x38 biquad.o
                                 0x4c (size before relaxing)
 .eh_frame      0x400113b0       0x64 audio_io.o
                                 0x78 (size before relaxing)
 .eh_frame      0x40011414       0x64 audioKernel_03.o
                                 0x78 (size before relaxing)
 .eh_frame      0x40011478       0x30 SVF.o
                                 0x44 (size before relaxing)
 .eh_frame      0x400114a8       0x30 LFO.o
                                 0x44 (size before relaxing)
 .eh_frame      0x400114d8       0x1c /opt/sparc-elf-4.4.2/bin/../lib/gcc/sparc-elf/4.4.2/../../../../sparc-elf/lib/soft/libm.a(s_floor.o)
                                 0x30 (size before relaxing)
 .eh_frame      0x400114f4       0x18 /opt/sparc-elf-4.4.2/bin/../lib/gcc/sparc-elf/4.4.2/../../../../sparc-elf/lib/soft/libm.a(wf_sqrt.o)
                                 0x2c (size before relaxing)
 .eh_frame      0x4001150c       0x1c /opt/sparc-elf-4.4.2/bin/../lib/gcc/sparc-elf/4.4.2/../../../../sparc-elf/lib/soft/libm.a(ef_sqrt.o)
                                 0x30 (size before relaxing)
 .eh_frame      0x40011528       0x14 /opt/sparc-elf-4.4.2/bin/../lib/gcc/sparc-elf/4.4.2/../../../../sparc-elf/lib/soft/libm.a(s_matherr.o)
                                 0x28 (size before relaxing)
 .eh_frame      0x4001153c       0x14 /opt/sparc-elf-4.4.2/bin/../lib/gcc/sparc-elf/4.4.2/../../../../sparc-elf/lib/soft/libm.a(sf_isnan.o)
                                 0x28 (size before relaxing)
 .eh_frame      0x40011550       0x54 /opt/sparc-elf-4.4.2/bin/../lib/gcc/sparc-elf/4.4.2/soft/libgcc.a(_addsub_sf.o)
                                 0x68 (size before relaxing)
 .eh_frame      0x400115a4       0x1c /opt/sparc-elf-4.4.2/bin/../lib/gcc/sparc-elf/4.4.2/soft/libgcc.a(_mul_sf.o)
                                 0x30 (size before relaxing)
 .eh_frame      0x400115c0       0x1c /opt/sparc-elf-4.4.2/bin/../lib/gcc/sparc-elf/4.4.2/soft/libgcc.a(_div_sf.o)
                                 0x30 (size before relaxing)
 .eh_frame      0x400115dc       0x1c /opt/sparc-elf-4.4.2/bin/../lib/gcc/sparc-elf/4.4.2/soft/libgcc.a(_ge_sf.o)
                                 0x30 (size before relaxing)
 .eh_frame      0x400115f8       0x1c /opt/sparc-elf-4.4.2/bin/../lib/gcc/sparc-elf/4.4.2/soft/libgcc.a(_lt_sf.o)
                                 0x30 (size before relaxing)
 .eh_frame      0x40011614       0x1c /opt/sparc-elf-4.4.2/bin/../lib/gcc/sparc-elf/4.4.2/soft/libgcc.a(_si_to_sf.o)
                                 0x30 (size before relaxing)
 .eh_frame      0x40011630       0x1c /opt/sparc-elf-4.4.2/bin/../lib/gcc/sparc-elf/4.4.2/soft/libgcc.a(_sf_to_si.o)
                                 0x30 (size before relaxing)
 .eh_frame      0x4001164c       0x1c /opt/sparc-elf-4.4.2/bin/../lib/gcc/sparc-elf/4.4.2/soft/libgcc.a(_sf_to_df.o)
                                 0x30 (size before relaxing)
 .eh_frame      0x40011668       0x54 /opt/sparc-elf-4.4.2/bin/../lib/gcc/sparc-elf/4.4.2/soft/libgcc.a(_addsub_df.o)
                                 0x68 (size before relaxing)
 .eh_frame      0x400116bc       0x1c /opt/sparc-elf-4.4.2/bin/../lib/gcc/sparc-elf/4.4.2/soft/libgcc.a(_mul_df.o)
                                 0x30 (size before relaxing)
 .eh_frame      0x400116d8       0x1c /opt/sparc-elf-4.4.2/bin/../lib/gcc/sparc-elf/4.4.2/soft/libgcc.a(_div_df.o)
                                 0x30 (size before relaxing)
 .eh_frame      0x400116f4       0x1c /opt/sparc-elf-4.4.2/bin/../lib/gcc/sparc-elf/4.4.2/soft/libgcc.a(_gt_df.o)
                                 0x30 (size before relaxing)
 .eh_frame      0x40011710       0x1c /opt/sparc-elf-4.4.2/bin/../lib/gcc/sparc-elf/4.4.2/soft/libgcc.a(_df_to_si.o)
                                 0x30 (size before relaxing)
 .eh_frame      0x4001172c       0x1c /opt/sparc-elf-4.4.2/bin/../lib/gcc/sparc-elf/4.4.2/soft/libgcc.a(_make_df.o)
                                 0x30 (size before relaxing)
 .eh_frame      0x40011748       0x1c /opt/sparc-elf-4.4.2/bin/../lib/gcc/sparc-elf/4.4.2/soft/libgcc.a(_df_to_sf.o)
                                 0x30 (size before relaxing)
 .eh_frame      0x40011764       0x1c /opt/sparc-elf-4.4.2/bin/../lib/gcc/sparc-elf/4.4.2/soft/libgcc.a(_muldi3.o)
                                 0x30 (size before relaxing)
 .eh_frame      0x40011780       0x14 /opt/sparc-elf-4.4.2/bin/../lib/gcc/sparc-elf/4.4.2/soft/libgcc.a(_ucmpdi2.o)
                                 0x28 (size before relaxing)
 .eh_frame      0x40011794       0x14 /opt/sparc-elf-4.4.2/bin/../lib/gcc/sparc-elf/4.4.2/soft/libgcc.a(_clzsi2.o)
                                 0x28 (size before relaxing)
 .eh_frame      0x400117a8       0x1c /opt/sparc-elf-4.4.2/bin/../lib/gcc/sparc-elf/4.4.2/soft/libgcc.a(_pack_sf.o)
                                 0x30 (size before relaxing)
 .eh_frame      0x400117c4       0x14 /opt/sparc-elf-4.4.2/bin/../lib/gcc/sparc-elf/4.4.2/soft/libgcc.a(_unpack_sf.o)
                                 0x28 (size before relaxing)
 .eh_frame      0x400117d8       0x14 /opt/sparc-elf-4.4.2/bin/../lib/gcc/sparc-elf/4.4.2/soft/libgcc.a(_fpcmp_parts_sf.o)
                                 0x28 (size before relaxing)
 .eh_frame      0x400117ec       0x1c /opt/sparc-elf-4.4.2/bin/../lib/gcc/sparc-elf/4.4.2/soft/libgcc.a(_make_sf.o)
                                 0x30 (size before relaxing)
 .eh_frame      0x40011808       0x1c /opt/sparc-elf-4.4.2/bin/../lib/gcc/sparc-elf/4.4.2/soft/libgcc.a(_pack_df.o)
                                 0x30 (size before relaxing)
 .eh_frame      0x40011824       0x1c /opt/sparc-elf-4.4.2/bin/../lib/gcc/sparc-elf/4.4.2/soft/libgcc.a(_unpack_df.o)
                                 0x30 (size before relaxing)
 .eh_frame      0x40011840       0x1c /opt/sparc-elf-4.4.2/bin/../lib/gcc/sparc-elf/4.4.2/soft/libgcc.a(_fpcmp_parts_df.o)
                                 0x30 (size before relaxing)
 .eh_frame      0x4001185c       0x14 /opt/sparc-elf-4.4.2/bin/../lib/gcc/sparc-elf/4.4.2/soft/libgcc.a(_lshrdi3.o)
                                 0x28 (size before relaxing)
 .eh_frame      0x40011870       0x14 /opt/sparc-elf-4.4.2/bin/../lib/gcc/sparc-elf/4.4.2/soft/libgcc.a(_ashldi3.o)
                                 0x28 (size before relaxing)
 .eh_frame      0x40011884       0x14 /opt/sparc-elf-4.4.2/bin/../lib/gcc/sparc-elf/4.4.2/../../../../sparc-elf/lib/soft/libc.a(atexit.o)
                                 0x28 (size before relaxing)
 .eh_frame      0x40011898       0x14 /opt/sparc-elf-4.4.2/bin/../lib/gcc/sparc-elf/4.4.2/../../../../sparc-elf/lib/soft/libc.a(errno.o)
                                 0x28 (size before relaxing)
 .eh_frame      0x400118ac       0x28 /opt/sparc-elf-4.4.2/bin/../lib/gcc/sparc-elf/4.4.2/../../../../sparc-elf/lib/soft/libc.a(malloc.o)
                                 0x3c (size before relaxing)
 .eh_frame      0x400118d4       0x1c /opt/sparc-elf-4.4.2/bin/../lib/gcc/sparc-elf/4.4.2/../../../../sparc-elf/lib/soft/libc.a(mallocr.o)
                                 0x30 (size before relaxing)
 .eh_frame      0x400118f0       0x1c /opt/sparc-elf-4.4.2/bin/../lib/gcc/sparc-elf/4.4.2/../../../../sparc-elf/lib/soft/libc.a(memcpy.o)
                                 0x30 (size before relaxing)
 .eh_frame      0x4001190c       0x28 /opt/sparc-elf-4.4.2/bin/../lib/gcc/sparc-elf/4.4.2/../../../../sparc-elf/lib/soft/libc.a(mlock.o)
                                 0x3c (size before relaxing)
 .eh_frame      0x40011934       0x38 /opt/sparc-elf-4.4.2/bin/../lib/gcc/sparc-elf/4.4.2/../../../../sparc-elf/lib/soft/libc.a(printf.o)
                                 0x4c (size before relaxing)
 .eh_frame      0x4001196c       0x1c /opt/sparc-elf-4.4.2/bin/../lib/gcc/sparc-elf/4.4.2/../../../../sparc-elf/lib/soft/libc.a(sbrkr.o)
                                 0x30 (size before relaxing)
 .eh_frame      0x40011988       0x48 /opt/sparc-elf-4.4.2/bin/../lib/gcc/sparc-elf/4.4.2/../../../../sparc-elf/lib/soft/libc.a(vfprintf.o)
                                 0x5c (size before relaxing)
 .eh_frame      0x400119d0       0x30 /opt/sparc-elf-4.4.2/bin/../lib/gcc/sparc-elf/4.4.2/../../../../sparc-elf/lib/soft/libc.a(wcrtomb.o)
                                 0x44 (size before relaxing)
 .eh_frame      0x40011a00       0x30 /opt/sparc-elf-4.4.2/bin/../lib/gcc/sparc-elf/4.4.2/../../../../sparc-elf/lib/soft/libc.a(wcsrtombs.o)
                                 0x44 (size before relaxing)
 .eh_frame      0x40011a30       0x1c /opt/sparc-elf-4.4.2/bin/../lib/gcc/sparc-elf/4.4.2/../../../../sparc-elf/lib/soft/libc.a(wctomb_r.o)
                                 0x30 (size before relaxing)
 .eh_frame      0x40011a4c       0x1c /opt/sparc-elf-4.4.2/bin/../lib/gcc/sparc-elf/4.4.2/../../../../sparc-elf/lib/soft/libc.a(wsetup.o)
                                 0x30 (size before relaxing)
 .eh_frame      0x40011a68       0x1c /opt/sparc-elf-4.4.2/bin/../lib/gcc/sparc-elf/4.4.2/../../../../sparc-elf/lib/soft/libc.a(__atexit.o)
                                 0x30 (size before relaxing)
 .eh_frame      0x40011a84       0x38 /opt/sparc-elf-4.4.2/bin/../lib/gcc/sparc-elf/4.4.2/../../../../sparc-elf/lib/soft/libc.a(dtoa.o)
                                 0x4c (size before relaxing)
 .eh_frame      0x40011abc       0x1c /opt/sparc-elf-4.4.2/bin/../lib/gcc/sparc-elf/4.4.2/../../../../sparc-elf/lib/soft/libc.a(fflush.o)
                                 0x30 (size before relaxing)
 .eh_frame      0x40011ad8      0x128 /opt/sparc-elf-4.4.2/bin/../lib/gcc/sparc-elf/4.4.2/../../../../sparc-elf/lib/soft/libc.a(findfp.o)
                                0x13c (size before relaxing)
 .eh_frame      0x40011c00       0x34 /opt/sparc-elf-4.4.2/bin/../lib/gcc/sparc-elf/4.4.2/../../../../sparc-elf/lib/soft/libc.a(freer.o)
                                 0x48 (size before relaxing)
 .eh_frame      0x40011c34       0x1c /opt/sparc-elf-4.4.2/bin/../lib/gcc/sparc-elf/4.4.2/../../../../sparc-elf/lib/soft/libc.a(fvwrite.o)
                                 0x30 (size before relaxing)
 .eh_frame      0x40011c50       0x30 /opt/sparc-elf-4.4.2/bin/../lib/gcc/sparc-elf/4.4.2/../../../../sparc-elf/lib/soft/libc.a(fwalk.o)
                                 0x44 (size before relaxing)
 .eh_frame      0x40011c80       0x6c /opt/sparc-elf-4.4.2/bin/../lib/gcc/sparc-elf/4.4.2/../../../../sparc-elf/lib/soft/libc.a(locale.o)
                                 0x80 (size before relaxing)
 .eh_frame      0x40011cec       0x1c /opt/sparc-elf-4.4.2/bin/../lib/gcc/sparc-elf/4.4.2/../../../../sparc-elf/lib/soft/libc.a(makebuf.o)
                                 0x30 (size before relaxing)
 .eh_frame      0x40011d08       0x1c /opt/sparc-elf-4.4.2/bin/../lib/gcc/sparc-elf/4.4.2/../../../../sparc-elf/lib/soft/libc.a(memchr.o)
                                 0x30 (size before relaxing)
 .eh_frame      0x40011d24       0x1c /opt/sparc-elf-4.4.2/bin/../lib/gcc/sparc-elf/4.4.2/../../../../sparc-elf/lib/soft/libc.a(memmove.o)
                                 0x30 (size before relaxing)
 .eh_frame      0x40011d40       0x1c /opt/sparc-elf-4.4.2/bin/../lib/gcc/sparc-elf/4.4.2/../../../../sparc-elf/lib/soft/libc.a(memset.o)
                                 0x30 (size before relaxing)
 .eh_frame      0x40011d5c      0x1bc /opt/sparc-elf-4.4.2/bin/../lib/gcc/sparc-elf/4.4.2/../../../../sparc-elf/lib/soft/libc.a(mprec.o)
                                0x1d0 (size before relaxing)
 .eh_frame      0x40011f18       0x1c /opt/sparc-elf-4.4.2/bin/../lib/gcc/sparc-elf/4.4.2/../../../../sparc-elf/lib/soft/libc.a(reallocr.o)
                                 0x30 (size before relaxing)
 .eh_frame      0x40011f34       0x54 /opt/sparc-elf-4.4.2/bin/../lib/gcc/sparc-elf/4.4.2/../../../../sparc-elf/lib/soft/libc.a(reent.o)
                                 0x68 (size before relaxing)
 .eh_frame      0x40011f88       0x14 /opt/sparc-elf-4.4.2/bin/../lib/gcc/sparc-elf/4.4.2/../../../../sparc-elf/lib/soft/libc.a(s_isinf.o)
                                 0x28 (size before relaxing)
 .eh_frame      0x40011f9c       0x14 /opt/sparc-elf-4.4.2/bin/../lib/gcc/sparc-elf/4.4.2/../../../../sparc-elf/lib/soft/libc.a(s_isnan.o)
                                 0x28 (size before relaxing)
 .eh_frame      0x40011fb0       0x68 /opt/sparc-elf-4.4.2/bin/../lib/gcc/sparc-elf/4.4.2/../../../../sparc-elf/lib/soft/libc.a(stdio.o)
                                 0x7c (size before relaxing)
 .eh_frame      0x40012018       0x14 /opt/sparc-elf-4.4.2/bin/../lib/gcc/sparc-elf/4.4.2/../../../../sparc-elf/lib/soft/libc.a(strcmp.o)
                                 0x28 (size before relaxing)
 .eh_frame      0x4001202c       0x1c /opt/sparc-elf-4.4.2/bin/../lib/gcc/sparc-elf/4.4.2/../../../../sparc-elf/lib/soft/libc.a(strlen.o)
                                 0x30 (size before relaxing)
 .eh_frame      0x40012048       0x1c /opt/sparc-elf-4.4.2/bin/../lib/gcc/sparc-elf/4.4.2/../../../../sparc-elf/lib/soft/libc.a(writer.o)
                                 0x30 (size before relaxing)
 .eh_frame      0x40012064       0x1c /opt/sparc-elf-4.4.2/bin/../lib/gcc/sparc-elf/4.4.2/../../../../sparc-elf/lib/soft/libc.a(callocr.o)
                                 0x30 (size before relaxing)
 .eh_frame      0x40012080       0x1c /opt/sparc-elf-4.4.2/bin/../lib/gcc/sparc-elf/4.4.2/../../../../sparc-elf/lib/soft/libc.a(closer.o)
                                 0x30 (size before relaxing)
 .eh_frame      0x4001209c       0x30 /opt/sparc-elf-4.4.2/bin/../lib/gcc/sparc-elf/4.4.2/../../../../sparc-elf/lib/soft/libc.a(fclose.o)
                                 0x44 (size before relaxing)
 .eh_frame      0x400120cc       0x1c /opt/sparc-elf-4.4.2/bin/../lib/gcc/sparc-elf/4.4.2/../../../../sparc-elf/lib/soft/libc.a(fstatr.o)
                                 0x30 (size before relaxing)
 .eh_frame      0x400120e8       0x1c /opt/sparc-elf-4.4.2/bin/../lib/gcc/sparc-elf/4.4.2/../../../../sparc-elf/lib/soft/libc.a(lseekr.o)
                                 0x30 (size before relaxing)
 .eh_frame      0x40012104       0x1c /opt/sparc-elf-4.4.2/bin/../lib/gcc/sparc-elf/4.4.2/../../../../sparc-elf/lib/soft/libc.a(readr.o)
                                 0x30 (size before relaxing)
 .eh_frame      0x40012120       0x1c /opt/sparc-elf-4.4.2/bin/../lib/gcc/sparc-elf/4.4.2/soft/libgcc.a(_eq_df.o)
                                 0x30 (size before relaxing)
 .eh_frame      0x4001213c       0x1c /opt/sparc-elf-4.4.2/bin/../lib/gcc/sparc-elf/4.4.2/soft/libgcc.a(_ne_df.o)
                                 0x30 (size before relaxing)
 .eh_frame      0x40012158       0x1c /opt/sparc-elf-4.4.2/bin/../lib/gcc/sparc-elf/4.4.2/soft/libgcc.a(_ge_df.o)
                                 0x30 (size before relaxing)
 .eh_frame      0x40012174       0x1c /opt/sparc-elf-4.4.2/bin/../lib/gcc/sparc-elf/4.4.2/soft/libgcc.a(_lt_df.o)
                                 0x30 (size before relaxing)
 .eh_frame      0x40012190       0x1c /opt/sparc-elf-4.4.2/bin/../lib/gcc/sparc-elf/4.4.2/soft/libgcc.a(_si_to_df.o)
                                 0x30 (size before relaxing)
 .eh_frame      0x400121ac       0x1c /opt/sparc-elf-4.4.2/bin/../lib/gcc/sparc-elf/4.4.2/soft/libgcc.a(_usi_to_df.o)
                                 0x30 (size before relaxing)
 .eh_frame      0x400121c8       0x14 /opt/sparc-elf-4.4.2/bin/../lib/gcc/sparc-elf/4.4.2/../../../../sparc-elf/lib/soft/libleonbare.a(close.o)
                                 0x28 (size before relaxing)
 .eh_frame      0x400121dc       0x14 /opt/sparc-elf-4.4.2/bin/../lib/gcc/sparc-elf/4.4.2/../../../../sparc-elf/lib/soft/libleonbare.a(fstat.o)
                                 0x28 (size before relaxing)
 .eh_frame      0x400121f0       0x14 /opt/sparc-elf-4.4.2/bin/../lib/gcc/sparc-elf/4.4.2/../../../../sparc-elf/lib/soft/libleonbare.a(isatty.o)
                                 0x28 (size before relaxing)
 .eh_frame      0x40012204       0x18 /opt/sparc-elf-4.4.2/bin/../lib/gcc/sparc-elf/4.4.2/../../../../sparc-elf/lib/soft/libleonbare.a(lseek.o)
                                 0x2c (size before relaxing)
 .eh_frame      0x4001221c       0x1c /opt/sparc-elf-4.4.2/bin/../lib/gcc/sparc-elf/4.4.2/../../../../sparc-elf/lib/soft/libleonbare.a(read.o)
                                 0x30 (size before relaxing)
 .eh_frame      0x40012238       0x14 /opt/sparc-elf-4.4.2/bin/../lib/gcc/sparc-elf/4.4.2/../../../../sparc-elf/lib/soft/libleonbare.a(sbrk.o)
                                 0x28 (size before relaxing)
 .eh_frame      0x4001224c       0x1c /opt/sparc-elf-4.4.2/bin/../lib/gcc/sparc-elf/4.4.2/../../../../sparc-elf/lib/soft/libleonbare.a(write.o)
                                 0x30 (size before relaxing)
 .eh_frame      0x40012268       0x28 /opt/sparc-elf-4.4.2/bin/../lib/gcc/sparc-elf/4.4.2/../../../../sparc-elf/lib/soft/libleonbare.a(io.o)
                                 0x3c (size before relaxing)
 .eh_frame      0x40012290       0x74 /opt/sparc-elf-4.4.2/bin/../lib/gcc/sparc-elf/4.4.2/../../../../sparc-elf/lib/soft/libleonbare.a(catch_interrupt.o)
                                 0x88 (size before relaxing)
 .eh_frame      0x40012304       0x14 /opt/sparc-elf-4.4.2/bin/../lib/gcc/sparc-elf/4.4.2/../../../../sparc-elf/lib/soft/libleonbare.a(_exit.o)
                                 0x28 (size before relaxing)
 .eh_frame      0x40012318       0x38 /opt/sparc-elf-4.4.2/bin/../lib/gcc/sparc-elf/4.4.2/../../../../sparc-elf/lib/soft/libleonbare.a(amba.o)
                                 0x4c (size before relaxing)
 .eh_frame      0x40012350       0xe0 /opt/sparc-elf-4.4.2/bin/../lib/gcc/sparc-elf/4.4.2/../../../../sparc-elf/lib/soft/libleonbare.a(mutex.o)
                                 0xf4 (size before relaxing)
 .eh_frame      0x40012430       0x1c /opt/sparc-elf-4.4.2/bin/../lib/gcc/sparc-elf/4.4.2/../../../../sparc-elf/lib/soft/libleonbare.a(initcalls.o)
                                 0x30 (size before relaxing)
 .eh_frame      0x4001244c        0x4 /opt/sparc-elf-4.4.2/bin/../lib/gcc/sparc-elf/4.4.2/soft/crtend.o
                0x40012450                . = ALIGN (0x10)
 *fill*         0x40012450        0x0 00
 *(.gnu.linkonce.t*)
                0x40012450                ___CTOR_LIST__ = .
                0x40012450        0x4 LONG 0x2 (((___CTOR_END__ - ___CTOR_LIST__) / 0x4) - 0x2)
 *(SORT(.ctors.*))
 *(.ctors)
 .ctors         0x40012454        0x4 /opt/sparc-elf-4.4.2/bin/../lib/gcc/sparc-elf/4.4.2/soft/crtbegin.o
 .ctors         0x40012458        0x4 /opt/sparc-elf-4.4.2/bin/../lib/gcc/sparc-elf/4.4.2/soft/crtend.o
                0x4001245c        0x4 LONG 0x0
                0x40012460                ___CTOR_END__ = .
                0x40012460                ___DTOR_LIST__ = .
                0x40012460        0x4 LONG 0x2 (((___DTOR_END__ - ___DTOR_LIST__) / 0x4) - 0x2)
 *(SORT(.dtors.*))
 *(.dtors)
 .dtors         0x40012464        0x4 /opt/sparc-elf-4.4.2/bin/../lib/gcc/sparc-elf/4.4.2/soft/crtbegin.o
 .dtors         0x40012468        0x4 /opt/sparc-elf-4.4.2/bin/../lib/gcc/sparc-elf/4.4.2/soft/crtend.o
                0x40012468                __DTOR_END__
                0x4001246c        0x4 LONG 0x0
                0x40012470                ___DTOR_END__ = .
                0x40012470                __leonbare_initcall_start = .
 *(.initcall1.init)
 *(.initcall2.init)
 *(.initcall3.init)
 *(.initcall4.init)
 *(.initcall5.init)
 *(.initcall6.init)
 *(.initcall7.init)
                0x40012470                __leonbare_initcall_end = .
                0x40012470                _rodata_start = .
 *(.rodata*)
 .rodata        0x40012470     0x2000 logScale.o
                0x40012470                logScale
 .rodata        0x40014470      0x200 kTable.o
                0x40014470                kTable
 .rodata        0x40014670      0x200 kDistortionTable.o
                0x40014670                kDistortionTable
 .rodata        0x40014870      0x200 gainTable.o
                0x40014870                gainTable
 .rodata.cst4   0x40014a70       0x20 flex.o
                                 0x24 (size before relaxing)
 .rodata.cst4   0x40014a90       0x10 distortion.o
 .rodata.cst2   0x40014aa0        0x2 distortion.o
 *fill*         0x40014aa2        0x6 00
 .rodata.str1.8
                0x40014aa8       0x10 c-irq.o
 .rodata.cst4   0x40014ab8       0x14 biquad.o
                                 0x18 (size before relaxing)
 *fill*         0x40014acc        0x4 00
 .rodata.cst8   0x40014ad0        0x8 biquad.o
 .rodata        0x40014ad8     0x1fa0 SVFLookupTable.o
                0x40014ad8                SVFLookupTable
 .rodata        0x40016a78      0x200 LFOSineWaveTable.o
                0x40016a78                LFOSineWaveTable
 .rodata.cst8   0x40016c78       0x10 /opt/sparc-elf-4.4.2/bin/../lib/gcc/sparc-elf/4.4.2/../../../../sparc-elf/lib/soft/libm.a(s_floor.o)
 .rodata.str1.8
                0x40016c88        0x6 /opt/sparc-elf-4.4.2/bin/../lib/gcc/sparc-elf/4.4.2/../../../../sparc-elf/lib/soft/libm.a(wf_sqrt.o)
                                  0x8 (size before relaxing)
 .rodata.cst8   0x00000000        0x8 /opt/sparc-elf-4.4.2/bin/../lib/gcc/sparc-elf/4.4.2/../../../../sparc-elf/lib/soft/libm.a(wf_sqrt.o)
 *fill*         0x40016c8e        0x2 00
 .rodata        0x40016c90        0x4 /opt/sparc-elf-4.4.2/bin/../lib/gcc/sparc-elf/4.4.2/../../../../sparc-elf/lib/soft/libm.a(s_lib_ver.o)
                0x40016c90                __fdlib_version
 .rodata.cst4   0x40016c94        0x4 /opt/sparc-elf-4.4.2/bin/../lib/gcc/sparc-elf/4.4.2/soft/libgcc.a(_si_to_sf.o)
 .rodata        0x40016c98       0x10 /opt/sparc-elf-4.4.2/bin/../lib/gcc/sparc-elf/4.4.2/soft/libgcc.a(_thenan_sf.o)
                0x40016c98                __thenan_sf
 .rodata        0x40016ca8       0x18 /opt/sparc-elf-4.4.2/bin/../lib/gcc/sparc-elf/4.4.2/soft/libgcc.a(_thenan_df.o)
                0x40016ca8                __thenan_df
 .rodata        0x40016cc0      0x100 /opt/sparc-elf-4.4.2/bin/../lib/gcc/sparc-elf/4.4.2/soft/libgcc.a(_clz.o)
                0x40016cc0                __clz_tab
 .rodata        0x40016dc0        0x4 /opt/sparc-elf-4.4.2/bin/../lib/gcc/sparc-elf/4.4.2/../../../../sparc-elf/lib/soft/libc.a(impure.o)
                0x40016dc0                _global_impure_ptr
 *fill*         0x40016dc4        0x4 00
 .rodata.str1.8
                0x40016dc8        0x2 /opt/sparc-elf-4.4.2/bin/../lib/gcc/sparc-elf/4.4.2/../../../../sparc-elf/lib/soft/libc.a(impure.o)
                                  0x8 (size before relaxing)
 *fill*         0x40016dca        0x6 00
 .rodata.str1.8
                0x40016dd0       0x57 /opt/sparc-elf-4.4.2/bin/../lib/gcc/sparc-elf/4.4.2/../../../../sparc-elf/lib/soft/libc.a(vfprintf.o)
                                 0x58 (size before relaxing)
 .rodata.cst8   0x00000000        0x8 /opt/sparc-elf-4.4.2/bin/../lib/gcc/sparc-elf/4.4.2/../../../../sparc-elf/lib/soft/libc.a(vfprintf.o)
 *fill*         0x40016e27        0x1 00
 .rodata        0x40016e28       0x20 /opt/sparc-elf-4.4.2/bin/../lib/gcc/sparc-elf/4.4.2/../../../../sparc-elf/lib/soft/libc.a(vfprintf.o)
 .rodata.str1.8
                0x40016e48       0x1e /opt/sparc-elf-4.4.2/bin/../lib/gcc/sparc-elf/4.4.2/../../../../sparc-elf/lib/soft/libc.a(wctomb_r.o)
                                 0x20 (size before relaxing)
 *fill*         0x40016e66        0x2 00
 .rodata.str1.8
                0x40016e68        0x9 /opt/sparc-elf-4.4.2/bin/../lib/gcc/sparc-elf/4.4.2/../../../../sparc-elf/lib/soft/libc.a(dtoa.o)
                                 0x20 (size before relaxing)
 *fill*         0x40016e71        0x7 00
 .rodata.cst8   0x40016e78       0x48 /opt/sparc-elf-4.4.2/bin/../lib/gcc/sparc-elf/4.4.2/../../../../sparc-elf/lib/soft/libc.a(dtoa.o)
                                 0x50 (size before relaxing)
 .rodata.str1.8
                0x40016ec0       0x10 /opt/sparc-elf-4.4.2/bin/../lib/gcc/sparc-elf/4.4.2/../../../../sparc-elf/lib/soft/libc.a(locale.o)
                                 0x28 (size before relaxing)
 .rodata        0x40016ed0       0x34 /opt/sparc-elf-4.4.2/bin/../lib/gcc/sparc-elf/4.4.2/../../../../sparc-elf/lib/soft/libc.a(locale.o)
 .rodata.cst8   0x00000000       0x10 /opt/sparc-elf-4.4.2/bin/../lib/gcc/sparc-elf/4.4.2/../../../../sparc-elf/lib/soft/libc.a(mprec.o)
 *fill*         0x40016f04        0x4 00
 .rodata        0x40016f08      0x128 /opt/sparc-elf-4.4.2/bin/../lib/gcc/sparc-elf/4.4.2/../../../../sparc-elf/lib/soft/libc.a(mprec.o)
                0x40016ff8                __mprec_tinytens
                0x40016f08                __mprec_tens
                0x40016fd0                __mprec_bigtens
 .rodata.cst8   0x40017030        0x8 /opt/sparc-elf-4.4.2/bin/../lib/gcc/sparc-elf/4.4.2/soft/libgcc.a(_si_to_df.o)
 *(.gnu.linkonce.r*)
                0x40017040                _erodata = ALIGN (0x10)
 *(.gnu.linkonce*)
 *(.init)
 .init          0x40017038        0x4 /opt/sparc-elf-4.4.2/bin/../lib/gcc/sparc-elf/4.4.2/soft/crti.o
                0x40017038                _init
 .init          0x4001703c        0x8 /opt/sparc-elf-4.4.2/bin/../lib/gcc/sparc-elf/4.4.2/soft/crtbegin.o
 .init          0x40017044        0x8 /opt/sparc-elf-4.4.2/bin/../lib/gcc/sparc-elf/4.4.2/soft/crtend.o
 .init          0x4001704c        0x8 /opt/sparc-elf-4.4.2/bin/../lib/gcc/sparc-elf/4.4.2/soft/crtn.o
 *(.fini)
 .fini          0x40017054        0x4 /opt/sparc-elf-4.4.2/bin/../lib/gcc/sparc-elf/4.4.2/soft/crti.o
                0x40017054                _fini
 .fini          0x40017058        0x8 /opt/sparc-elf-4.4.2/bin/../lib/gcc/sparc-elf/4.4.2/soft/crtbegin.o
 .fini          0x40017060        0x8 /opt/sparc-elf-4.4.2/bin/../lib/gcc/sparc-elf/4.4.2/soft/crtn.o
 *(.lit)
 *(.shdata)
                0x40017070                . = ALIGN (0x10)
 *fill*         0x40017068        0x8 00
                0x40017070                etext = .

.gcc_except_table
 *(.gcc_except_table)

.data           0x40017070      0xad0
 *(.data .data.*)
 .data          0x40017070        0x0 /opt/sparc-elf-4.4.2/bin/../lib/gcc/sparc-elf/4.4.2/../../../../sparc-elf/lib/soft/locore_mvt.o
 .data          0x40017070        0x8 /opt/sparc-elf-4.4.2/bin/../lib/gcc/sparc-elf/4.4.2/../../../../sparc-elf/lib/soft/crt0.o
                0x40017070                _environ
                0x40017070                .bdata
 .data          0x40017078        0x0 /opt/sparc-elf-4.4.2/bin/../lib/gcc/sparc-elf/4.4.2/soft/crti.o
 .data          0x40017078        0x4 /opt/sparc-elf-4.4.2/bin/../lib/gcc/sparc-elf/4.4.2/soft/crtbegin.o
                0x40017078                __dso_handle
 .data          0x4001707c        0x0 /opt/sparc-elf-4.4.2/bin/../lib/gcc/sparc-elf/4.4.2/../../../../sparc-elf/lib/soft/pnpinit.o
 .data          0x4001707c        0x0 wahwah.o
 .data          0x4001707c        0x0 vibrato.o
 .data          0x4001707c        0x0 tremolo.o
 .data          0x4001707c        0x0 spimctrl.o
 .data          0x4001707c        0x0 phaser.o
 .data          0x4001707c        0x0 noiseGate.o
 .data          0x4001707c        0x0 logScale.o
 .data          0x4001707c        0x0 kTable.o
 .data          0x4001707c        0x0 kDistortionTable.o
 .data          0x4001707c        0x0 gainTable.o
 .data          0x4001707c        0x0 gain.o
 .data          0x4001707c        0x0 flex.o
 .data          0x4001707c        0x0 flanger.o
 .data          0x4001707c        0x0 distortion.o
 .data          0x4001707c        0x0 delay.o
 .data          0x4001707c        0x0 circularBuffer.o
 .data          0x4001707c        0x0 chorus.o
 .data          0x4001707c        0x4 c-irq.o
                0x4001707c                lreg
 .data          0x40017080        0x0 biquad.o
 .data          0x40017080        0x0 audio_io.o
 .data          0x40017080        0x0 audioKernel_03.o
 .data          0x40017080        0x0 SVFLookupTable.o
 .data          0x40017080        0x0 SVF.o
 .data          0x40017080        0x0 LFOSineWaveTable.o
 .data          0x40017080        0x0 LFO.o
 .data          0x40017080        0x0 /opt/sparc-elf-4.4.2/bin/../lib/gcc/sparc-elf/4.4.2/../../../../sparc-elf/lib/soft/libm.a(s_floor.o)
 .data          0x40017080        0x0 /opt/sparc-elf-4.4.2/bin/../lib/gcc/sparc-elf/4.4.2/../../../../sparc-elf/lib/soft/libm.a(wf_sqrt.o)
 .data          0x40017080        0x0 /opt/sparc-elf-4.4.2/bin/../lib/gcc/sparc-elf/4.4.2/../../../../sparc-elf/lib/soft/libm.a(ef_sqrt.o)
 .data          0x40017080        0x0 /opt/sparc-elf-4.4.2/bin/../lib/gcc/sparc-elf/4.4.2/../../../../sparc-elf/lib/soft/libm.a(s_lib_ver.o)
 .data          0x40017080        0x0 /opt/sparc-elf-4.4.2/bin/../lib/gcc/sparc-elf/4.4.2/../../../../sparc-elf/lib/soft/libm.a(s_matherr.o)
 .data          0x40017080        0x0 /opt/sparc-elf-4.4.2/bin/../lib/gcc/sparc-elf/4.4.2/../../../../sparc-elf/lib/soft/libm.a(sf_isnan.o)
 .data          0x40017080        0x0 /opt/sparc-elf-4.4.2/bin/../lib/gcc/sparc-elf/4.4.2/soft/libgcc.a(_addsub_sf.o)
 .data          0x40017080        0x0 /opt/sparc-elf-4.4.2/bin/../lib/gcc/sparc-elf/4.4.2/soft/libgcc.a(_mul_sf.o)
 .data          0x40017080        0x0 /opt/sparc-elf-4.4.2/bin/../lib/gcc/sparc-elf/4.4.2/soft/libgcc.a(_div_sf.o)
 .data          0x40017080        0x0 /opt/sparc-elf-4.4.2/bin/../lib/gcc/sparc-elf/4.4.2/soft/libgcc.a(_ge_sf.o)
 .data          0x40017080        0x0 /opt/sparc-elf-4.4.2/bin/../lib/gcc/sparc-elf/4.4.2/soft/libgcc.a(_lt_sf.o)
 .data          0x40017080        0x0 /opt/sparc-elf-4.4.2/bin/../lib/gcc/sparc-elf/4.4.2/soft/libgcc.a(_si_to_sf.o)
 .data          0x40017080        0x0 /opt/sparc-elf-4.4.2/bin/../lib/gcc/sparc-elf/4.4.2/soft/libgcc.a(_sf_to_si.o)
 .data          0x40017080        0x0 /opt/sparc-elf-4.4.2/bin/../lib/gcc/sparc-elf/4.4.2/soft/libgcc.a(_sf_to_df.o)
 .data          0x40017080        0x0 /opt/sparc-elf-4.4.2/bin/../lib/gcc/sparc-elf/4.4.2/soft/libgcc.a(_thenan_sf.o)
 .data          0x40017080        0x0 /opt/sparc-elf-4.4.2/bin/../lib/gcc/sparc-elf/4.4.2/soft/libgcc.a(_addsub_df.o)
 .data          0x40017080        0x0 /opt/sparc-elf-4.4.2/bin/../lib/gcc/sparc-elf/4.4.2/soft/libgcc.a(_mul_df.o)
 .data          0x40017080        0x0 /opt/sparc-elf-4.4.2/bin/../lib/gcc/sparc-elf/4.4.2/soft/libgcc.a(_div_df.o)
 .data          0x40017080        0x0 /opt/sparc-elf-4.4.2/bin/../lib/gcc/sparc-elf/4.4.2/soft/libgcc.a(_gt_df.o)
 .data          0x40017080        0x0 /opt/sparc-elf-4.4.2/bin/../lib/gcc/sparc-elf/4.4.2/soft/libgcc.a(_df_to_si.o)
 .data          0x40017080        0x0 /opt/sparc-elf-4.4.2/bin/../lib/gcc/sparc-elf/4.4.2/soft/libgcc.a(_make_df.o)
 .data          0x40017080        0x0 /opt/sparc-elf-4.4.2/bin/../lib/gcc/sparc-elf/4.4.2/soft/libgcc.a(_df_to_sf.o)
 .data          0x40017080        0x0 /opt/sparc-elf-4.4.2/bin/../lib/gcc/sparc-elf/4.4.2/soft/libgcc.a(_thenan_df.o)
 .data          0x40017080        0x0 /opt/sparc-elf-4.4.2/bin/../lib/gcc/sparc-elf/4.4.2/soft/libgcc.a(_muldi3.o)
 .data          0x40017080        0x0 /opt/sparc-elf-4.4.2/bin/../lib/gcc/sparc-elf/4.4.2/soft/libgcc.a(_ucmpdi2.o)
 .data          0x40017080        0x0 /opt/sparc-elf-4.4.2/bin/../lib/gcc/sparc-elf/4.4.2/soft/libgcc.a(_clzsi2.o)
 .data          0x40017080        0x0 /opt/sparc-elf-4.4.2/bin/../lib/gcc/sparc-elf/4.4.2/soft/libgcc.a(_pack_sf.o)
 .data          0x40017080        0x0 /opt/sparc-elf-4.4.2/bin/../lib/gcc/sparc-elf/4.4.2/soft/libgcc.a(_unpack_sf.o)
 .data          0x40017080        0x0 /opt/sparc-elf-4.4.2/bin/../lib/gcc/sparc-elf/4.4.2/soft/libgcc.a(_fpcmp_parts_sf.o)
 .data          0x40017080        0x0 /opt/sparc-elf-4.4.2/bin/../lib/gcc/sparc-elf/4.4.2/soft/libgcc.a(_make_sf.o)
 .data          0x40017080        0x0 /opt/sparc-elf-4.4.2/bin/../lib/gcc/sparc-elf/4.4.2/soft/libgcc.a(_pack_df.o)
 .data          0x40017080        0x0 /opt/sparc-elf-4.4.2/bin/../lib/gcc/sparc-elf/4.4.2/soft/libgcc.a(_unpack_df.o)
 .data          0x40017080        0x0 /opt/sparc-elf-4.4.2/bin/../lib/gcc/sparc-elf/4.4.2/soft/libgcc.a(_fpcmp_parts_df.o)
 .data          0x40017080        0x0 /opt/sparc-elf-4.4.2/bin/../lib/gcc/sparc-elf/4.4.2/soft/libgcc.a(_mulsi3.o)
 .data          0x40017080        0x0 /opt/sparc-elf-4.4.2/bin/../lib/gcc/sparc-elf/4.4.2/soft/libgcc.a(_lshrdi3.o)
 .data          0x40017080        0x0 /opt/sparc-elf-4.4.2/bin/../lib/gcc/sparc-elf/4.4.2/soft/libgcc.a(_ashldi3.o)
 .data          0x40017080        0x0 /opt/sparc-elf-4.4.2/bin/../lib/gcc/sparc-elf/4.4.2/soft/libgcc.a(_clz.o)
 .data          0x40017080        0x0 /opt/sparc-elf-4.4.2/bin/../lib/gcc/sparc-elf/4.4.2/../../../../sparc-elf/lib/soft/libc.a(atexit.o)
 .data          0x40017080        0x0 /opt/sparc-elf-4.4.2/bin/../lib/gcc/sparc-elf/4.4.2/../../../../sparc-elf/lib/soft/libc.a(errno.o)
 .data          0x40017080      0x558 /opt/sparc-elf-4.4.2/bin/../lib/gcc/sparc-elf/4.4.2/../../../../sparc-elf/lib/soft/libc.a(impure.o)
                0x40017080                _impure_ptr
 .data          0x400175d8        0x0 /opt/sparc-elf-4.4.2/bin/../lib/gcc/sparc-elf/4.4.2/../../../../sparc-elf/lib/soft/libc.a(malloc.o)
 .data          0x400175d8      0x410 /opt/sparc-elf-4.4.2/bin/../lib/gcc/sparc-elf/4.4.2/../../../../sparc-elf/lib/soft/libc.a(mallocr.o)
                0x400179e4                __malloc_sbrk_base
                0x400175d8                __malloc_av_
                0x400179e0                __malloc_trim_threshold
 .data          0x400179e8        0x0 /opt/sparc-elf-4.4.2/bin/../lib/gcc/sparc-elf/4.4.2/../../../../sparc-elf/lib/soft/libc.a(memcpy.o)
 .data          0x400179e8       0x74 /opt/sparc-elf-4.4.2/bin/../lib/gcc/sparc-elf/4.4.2/../../../../sparc-elf/lib/soft/libc.a(mlock.o)
 .data          0x40017a5c        0x0 /opt/sparc-elf-4.4.2/bin/../lib/gcc/sparc-elf/4.4.2/../../../../sparc-elf/lib/soft/libc.a(printf.o)
 .data          0x40017a5c        0x0 /opt/sparc-elf-4.4.2/bin/../lib/gcc/sparc-elf/4.4.2/../../../../sparc-elf/lib/soft/libc.a(sbrkr.o)
 .data          0x40017a5c        0x0 /opt/sparc-elf-4.4.2/bin/../lib/gcc/sparc-elf/4.4.2/../../../../sparc-elf/lib/soft/libc.a(vfprintf.o)
 .data          0x40017a5c        0x0 /opt/sparc-elf-4.4.2/bin/../lib/gcc/sparc-elf/4.4.2/../../../../sparc-elf/lib/soft/libc.a(wcrtomb.o)
 .data          0x40017a5c        0x0 /opt/sparc-elf-4.4.2/bin/../lib/gcc/sparc-elf/4.4.2/../../../../sparc-elf/lib/soft/libc.a(wcsrtombs.o)
 .data          0x40017a5c        0x0 /opt/sparc-elf-4.4.2/bin/../lib/gcc/sparc-elf/4.4.2/../../../../sparc-elf/lib/soft/libc.a(wctomb_r.o)
 .data          0x40017a5c        0x0 /opt/sparc-elf-4.4.2/bin/../lib/gcc/sparc-elf/4.4.2/../../../../sparc-elf/lib/soft/libc.a(wsetup.o)
 .data          0x40017a5c        0x0 /opt/sparc-elf-4.4.2/bin/../lib/gcc/sparc-elf/4.4.2/../../../../sparc-elf/lib/soft/libc.a(__atexit.o)
 .data          0x40017a5c        0x0 /opt/sparc-elf-4.4.2/bin/../lib/gcc/sparc-elf/4.4.2/../../../../sparc-elf/lib/soft/libc.a(dtoa.o)
 .data          0x40017a5c        0x0 /opt/sparc-elf-4.4.2/bin/../lib/gcc/sparc-elf/4.4.2/../../../../sparc-elf/lib/soft/libc.a(fflush.o)
 .data          0x40017a5c       0x74 /opt/sparc-elf-4.4.2/bin/../lib/gcc/sparc-elf/4.4.2/../../../../sparc-elf/lib/soft/libc.a(findfp.o)
 .data          0x40017ad0        0x0 /opt/sparc-elf-4.4.2/bin/../lib/gcc/sparc-elf/4.4.2/../../../../sparc-elf/lib/soft/libc.a(freer.o)
 .data          0x40017ad0        0x0 /opt/sparc-elf-4.4.2/bin/../lib/gcc/sparc-elf/4.4.2/../../../../sparc-elf/lib/soft/libc.a(fvwrite.o)
 .data          0x40017ad0        0x0 /opt/sparc-elf-4.4.2/bin/../lib/gcc/sparc-elf/4.4.2/../../../../sparc-elf/lib/soft/libc.a(fwalk.o)
 .data          0x40017ad0       0x18 /opt/sparc-elf-4.4.2/bin/../lib/gcc/sparc-elf/4.4.2/../../../../sparc-elf/lib/soft/libc.a(locale.o)
                0x40017ad0                __mb_cur_max
                0x40017ad8                __lc_ctype
 .data          0x40017ae8        0x0 /opt/sparc-elf-4.4.2/bin/../lib/gcc/sparc-elf/4.4.2/../../../../sparc-elf/lib/soft/libc.a(makebuf.o)
 .data          0x40017ae8        0x0 /opt/sparc-elf-4.4.2/bin/../lib/gcc/sparc-elf/4.4.2/../../../../sparc-elf/lib/soft/libc.a(memchr.o)
 .data          0x40017ae8        0x0 /opt/sparc-elf-4.4.2/bin/../lib/gcc/sparc-elf/4.4.2/../../../../sparc-elf/lib/soft/libc.a(memmove.o)
 .data          0x40017ae8        0x0 /opt/sparc-elf-4.4.2/bin/../lib/gcc/sparc-elf/4.4.2/../../../../sparc-elf/lib/soft/libc.a(memset.o)
 .data          0x40017ae8        0x0 /opt/sparc-elf-4.4.2/bin/../lib/gcc/sparc-elf/4.4.2/../../../../sparc-elf/lib/soft/libc.a(mprec.o)
 .data          0x40017ae8        0x0 /opt/sparc-elf-4.4.2/bin/../lib/gcc/sparc-elf/4.4.2/../../../../sparc-elf/lib/soft/libc.a(reallocr.o)
 .data          0x40017ae8        0x0 /opt/sparc-elf-4.4.2/bin/../lib/gcc/sparc-elf/4.4.2/../../../../sparc-elf/lib/soft/libc.a(reent.o)
 .data          0x40017ae8        0x0 /opt/sparc-elf-4.4.2/bin/../lib/gcc/sparc-elf/4.4.2/../../../../sparc-elf/lib/soft/libc.a(s_isinf.o)
 .data          0x40017ae8        0x0 /opt/sparc-elf-4.4.2/bin/../lib/gcc/sparc-elf/4.4.2/../../../../sparc-elf/lib/soft/libc.a(s_isnan.o)
 .data          0x40017ae8        0x0 /opt/sparc-elf-4.4.2/bin/../lib/gcc/sparc-elf/4.4.2/../../../../sparc-elf/lib/soft/libc.a(stdio.o)
 .data          0x40017ae8        0x0 /opt/sparc-elf-4.4.2/bin/../lib/gcc/sparc-elf/4.4.2/../../../../sparc-elf/lib/soft/libc.a(strcmp.o)
 .data          0x40017ae8        0x0 /opt/sparc-elf-4.4.2/bin/../lib/gcc/sparc-elf/4.4.2/../../../../sparc-elf/lib/soft/libc.a(strlen.o)
 .data          0x40017ae8        0x0 /opt/sparc-elf-4.4.2/bin/../lib/gcc/sparc-elf/4.4.2/../../../../sparc-elf/lib/soft/libc.a(writer.o)
 .data          0x40017ae8        0x0 /opt/sparc-elf-4.4.2/bin/../lib/gcc/sparc-elf/4.4.2/../../../../sparc-elf/lib/soft/libc.a(callocr.o)
 .data          0x40017ae8        0x0 /opt/sparc-elf-4.4.2/bin/../lib/gcc/sparc-elf/4.4.2/../../../../sparc-elf/lib/soft/libc.a(closer.o)
 .data          0x40017ae8        0x0 /opt/sparc-elf-4.4.2/bin/../lib/gcc/sparc-elf/4.4.2/../../../../sparc-elf/lib/soft/libc.a(fclose.o)
 .data          0x40017ae8        0x0 /opt/sparc-elf-4.4.2/bin/../lib/gcc/sparc-elf/4.4.2/../../../../sparc-elf/lib/soft/libc.a(fstatr.o)
 .data          0x40017ae8        0x0 /opt/sparc-elf-4.4.2/bin/../lib/gcc/sparc-elf/4.4.2/../../../../sparc-elf/lib/soft/libc.a(lseekr.o)
 .data          0x40017ae8        0x0 /opt/sparc-elf-4.4.2/bin/../lib/gcc/sparc-elf/4.4.2/../../../../sparc-elf/lib/soft/libc.a(readr.o)
 .data          0x40017ae8        0x0 /opt/sparc-elf-4.4.2/bin/../lib/gcc/sparc-elf/4.4.2/soft/libgcc.a(_divsi3.o)
 .data          0x40017ae8        0x0 /opt/sparc-elf-4.4.2/bin/../lib/gcc/sparc-elf/4.4.2/soft/libgcc.a(_modsi3.o)
 .data          0x40017ae8        0x0 /opt/sparc-elf-4.4.2/bin/../lib/gcc/sparc-elf/4.4.2/soft/libgcc.a(_eq_df.o)
 .data          0x40017ae8        0x0 /opt/sparc-elf-4.4.2/bin/../lib/gcc/sparc-elf/4.4.2/soft/libgcc.a(_ne_df.o)
 .data          0x40017ae8        0x0 /opt/sparc-elf-4.4.2/bin/../lib/gcc/sparc-elf/4.4.2/soft/libgcc.a(_ge_df.o)
 .data          0x40017ae8        0x0 /opt/sparc-elf-4.4.2/bin/../lib/gcc/sparc-elf/4.4.2/soft/libgcc.a(_lt_df.o)
 .data          0x40017ae8        0x0 /opt/sparc-elf-4.4.2/bin/../lib/gcc/sparc-elf/4.4.2/soft/libgcc.a(_si_to_df.o)
 .data          0x40017ae8        0x0 /opt/sparc-elf-4.4.2/bin/../lib/gcc/sparc-elf/4.4.2/soft/libgcc.a(_usi_to_df.o)
 .data          0x40017ae8        0x0 /opt/sparc-elf-4.4.2/bin/../lib/gcc/sparc-elf/4.4.2/../../../../sparc-elf/lib/soft/libleonbare.a(close.o)
 .data          0x40017ae8        0x0 /opt/sparc-elf-4.4.2/bin/../lib/gcc/sparc-elf/4.4.2/../../../../sparc-elf/lib/soft/libleonbare.a(fstat.o)
 .data          0x40017ae8        0x0 /opt/sparc-elf-4.4.2/bin/../lib/gcc/sparc-elf/4.4.2/../../../../sparc-elf/lib/soft/libleonbare.a(isatty.o)
 .data          0x40017ae8        0x0 /opt/sparc-elf-4.4.2/bin/../lib/gcc/sparc-elf/4.4.2/../../../../sparc-elf/lib/soft/libleonbare.a(lseek.o)
 .data          0x40017ae8        0x0 /opt/sparc-elf-4.4.2/bin/../lib/gcc/sparc-elf/4.4.2/../../../../sparc-elf/lib/soft/libleonbare.a(read.o)
 .data          0x40017ae8        0x0 /opt/sparc-elf-4.4.2/bin/../lib/gcc/sparc-elf/4.4.2/../../../../sparc-elf/lib/soft/libleonbare.a(sbrk.o)
 .data          0x40017ae8        0x0 /opt/sparc-elf-4.4.2/bin/../lib/gcc/sparc-elf/4.4.2/../../../../sparc-elf/lib/soft/libleonbare.a(write.o)
 .data          0x40017ae8        0x0 /opt/sparc-elf-4.4.2/bin/../lib/gcc/sparc-elf/4.4.2/../../../../sparc-elf/lib/soft/libleonbare.a(io.o)
 .data          0x40017ae8        0x0 /opt/sparc-elf-4.4.2/bin/../lib/gcc/sparc-elf/4.4.2/../../../../sparc-elf/lib/soft/libleonbare.a(regwin.o)
 .data          0x40017ae8       0x20 /opt/sparc-elf-4.4.2/bin/../lib/gcc/sparc-elf/4.4.2/../../../../sparc-elf/lib/soft/libleonbare.a(regwinflush.o)
                0x40017b04                _lb_issideflush
                0x40017ae8                _lb_spillglobals
 .data          0x40017b08        0x0 /opt/sparc-elf-4.4.2/bin/../lib/gcc/sparc-elf/4.4.2/../../../../sparc-elf/lib/soft/libleonbare.a(bdinit.o)
 .data          0x40017b08        0xc /opt/sparc-elf-4.4.2/bin/../lib/gcc/sparc-elf/4.4.2/../../../../sparc-elf/lib/soft/libleonbare.a(irqtrap_fast.o)
                0x40017b0c                fastirq
                0x40017b08                nestedirq
                0x40017b10                nestcount
 .data          0x40017b14        0x0 /opt/sparc-elf-4.4.2/bin/../lib/gcc/sparc-elf/4.4.2/../../../../sparc-elf/lib/soft/libleonbare.a(catch_interrupt.o)
 .data          0x40017b14        0x4 /opt/sparc-elf-4.4.2/bin/../lib/gcc/sparc-elf/4.4.2/../../../../sparc-elf/lib/soft/libleonbare.a(rtc.o)
                0x40017b14                rtc
 .data          0x40017b18        0x0 /opt/sparc-elf-4.4.2/bin/../lib/gcc/sparc-elf/4.4.2/../../../../sparc-elf/lib/soft/libleonbare.a(lcpuinit.o)
 .data          0x40017b18        0x8 /opt/sparc-elf-4.4.2/bin/../lib/gcc/sparc-elf/4.4.2/../../../../sparc-elf/lib/soft/libleonbare.a(lcpudata.o)
                0x40017b18                irqmp
                0x40017b18                LEON3_IrqCtrl_Regs
 .data          0x40017b20        0x4 /opt/sparc-elf-4.4.2/bin/../lib/gcc/sparc-elf/4.4.2/../../../../sparc-elf/lib/soft/libleonbare.a(console.o)
                0x40017b20                console
 .data          0x40017b24        0x0 /opt/sparc-elf-4.4.2/bin/../lib/gcc/sparc-elf/4.4.2/../../../../sparc-elf/lib/soft/libleonbare.a(_exit.o)
 .data          0x40017b24        0x0 /opt/sparc-elf-4.4.2/bin/../lib/gcc/sparc-elf/4.4.2/../../../../sparc-elf/lib/soft/libleonbare.a(amba.o)
 .data          0x40017b24        0x0 /opt/sparc-elf-4.4.2/bin/../lib/gcc/sparc-elf/4.4.2/../../../../sparc-elf/lib/soft/libleonbare.a(mutex.o)
 .data          0x40017b24        0x0 /opt/sparc-elf-4.4.2/bin/../lib/gcc/sparc-elf/4.4.2/../../../../sparc-elf/lib/soft/libleonbare.a(locore.o)
 .data          0x40017b24        0x0 /opt/sparc-elf-4.4.2/bin/../lib/gcc/sparc-elf/4.4.2/../../../../sparc-elf/lib/soft/libleonbare.a(locore_clean.o)
 .data          0x40017b24       0x10 /opt/sparc-elf-4.4.2/bin/../lib/gcc/sparc-elf/4.4.2/../../../../sparc-elf/lib/soft/libleonbare.a(locore_var.o)
                0x40017b24                _nwindows
                0x40017b28                _nwindows_min1
                0x40017b30                _leon_version
                0x40017b2c                _nwindows_min2
 .data          0x40017b34        0x0 /opt/sparc-elf-4.4.2/bin/../lib/gcc/sparc-elf/4.4.2/../../../../sparc-elf/lib/soft/libleonbare.a(locore_var_svt.o)
 *fill*         0x40017b34        0x4 00
 .data          0x40017b38        0x8 /opt/sparc-elf-4.4.2/bin/../lib/gcc/sparc-elf/4.4.2/../../../../sparc-elf/lib/soft/libleonbare.a(jiffies.o)
                0x40017b38                jiffies_64
 .data          0x40017b40        0x0 /opt/sparc-elf-4.4.2/bin/../lib/gcc/sparc-elf/4.4.2/../../../../sparc-elf/lib/soft/libleonbare.a(mmu_asm.o)
 .data          0x40017b40        0x0 /opt/sparc-elf-4.4.2/bin/../lib/gcc/sparc-elf/4.4.2/../../../../sparc-elf/lib/soft/libleonbare.a(locore_mvt_reset.o)
 .data          0x40017b40        0x0 /opt/sparc-elf-4.4.2/bin/../lib/gcc/sparc-elf/4.4.2/../../../../sparc-elf/lib/soft/libleonbare.a(initcalls.o)
 .data          0x40017b40        0x0 /opt/sparc-elf-4.4.2/bin/../lib/gcc/sparc-elf/4.4.2/../../../../sparc-elf/lib/soft/libleonbare.a(etrap.o)
 .data          0x40017b40        0x0 /opt/sparc-elf-4.4.2/bin/../lib/gcc/sparc-elf/4.4.2/../../../../sparc-elf/lib/soft/libleonbare.a(rtrap.o)
 .data          0x40017b40        0x0 /opt/sparc-elf-4.4.2/bin/../lib/gcc/sparc-elf/4.4.2/../../../../sparc-elf/lib/soft/libleonbare.a(etrap_fast.o)
 .data          0x40017b40        0x0 /opt/sparc-elf-4.4.2/bin/../lib/gcc/sparc-elf/4.4.2/../../../../sparc-elf/lib/soft/libleonbare.a(rtrap_fast.o)
 .data          0x40017b40        0x0 /opt/sparc-elf-4.4.2/bin/../lib/gcc/sparc-elf/4.4.2/../../../../sparc-elf/lib/soft/libleonbare.a(busscan.o)
 .data          0x40017b40        0x0 /opt/sparc-elf-4.4.2/bin/../lib/gcc/sparc-elf/4.4.2/soft/crtend.o
 .data          0x40017b40        0x0 /opt/sparc-elf-4.4.2/bin/../lib/gcc/sparc-elf/4.4.2/soft/crtn.o
                0x40017b40                edata = .
                0x40017b40                _edata = .
                0x40017b40                __edata = .

.bss            0x40017b40    0x237d8
                0x40017b40                . = ALIGN (0x8)
                0x40017b40                bss_start = .
                0x40017b40                _bss_start = .
                0x40017b40                __bss_start = .
 *(.bss .bss.*)
 .bss           0x40017b40        0x0 /opt/sparc-elf-4.4.2/bin/../lib/gcc/sparc-elf/4.4.2/../../../../sparc-elf/lib/soft/locore_mvt.o
 .bss           0x40017b40        0x0 /opt/sparc-elf-4.4.2/bin/../lib/gcc/sparc-elf/4.4.2/../../../../sparc-elf/lib/soft/crt0.o
 .bss           0x40017b40        0x0 /opt/sparc-elf-4.4.2/bin/../lib/gcc/sparc-elf/4.4.2/soft/crti.o
 .bss           0x40017b40       0x20 /opt/sparc-elf-4.4.2/bin/../lib/gcc/sparc-elf/4.4.2/soft/crtbegin.o
 .bss           0x40017b60        0x4 /opt/sparc-elf-4.4.2/bin/../lib/gcc/sparc-elf/4.4.2/../../../../sparc-elf/lib/soft/pnpinit.o
                0x40017b60                ambapp_root
 .bss           0x40017b64        0x0 wahwah.o
 .bss           0x40017b64        0x0 vibrato.o
 .bss           0x40017b64        0x0 tremolo.o
 .bss           0x40017b64        0x0 spimctrl.o
 .bss           0x40017b64        0x0 phaser.o
 .bss           0x40017b64        0x0 noiseGate.o
 .bss           0x40017b64        0x0 logScale.o
 .bss           0x40017b64        0x0 kTable.o
 .bss           0x40017b64        0x0 kDistortionTable.o
 .bss           0x40017b64        0x0 gainTable.o
 .bss           0x40017b64        0x0 gain.o
 .bss           0x40017b64        0x0 flex.o
 .bss           0x40017b64        0x0 flanger.o
 .bss           0x40017b64        0x0 distortion.o
 .bss           0x40017b64        0x2 delay.o
                0x40017b64                lastOutput
 .bss           0x40017b66        0x0 circularBuffer.o
 .bss           0x40017b66        0x0 chorus.o
 .bss           0x40017b66        0x0 c-irq.o
 .bss           0x40017b66        0x0 biquad.o
 .bss           0x40017b66        0x0 audio_io.o
 .bss           0x40017b66        0x0 audioKernel_03.o
 .bss           0x40017b66        0x0 SVFLookupTable.o
 .bss           0x40017b66        0x0 SVF.o
 .bss           0x40017b66        0x0 LFOSineWaveTable.o
 .bss           0x40017b66        0x0 LFO.o
 .bss           0x40017b66        0x0 /opt/sparc-elf-4.4.2/bin/../lib/gcc/sparc-elf/4.4.2/../../../../sparc-elf/lib/soft/libm.a(s_floor.o)
 .bss           0x40017b66        0x0 /opt/sparc-elf-4.4.2/bin/../lib/gcc/sparc-elf/4.4.2/../../../../sparc-elf/lib/soft/libm.a(wf_sqrt.o)
 .bss           0x40017b66        0x0 /opt/sparc-elf-4.4.2/bin/../lib/gcc/sparc-elf/4.4.2/../../../../sparc-elf/lib/soft/libm.a(ef_sqrt.o)
 .bss           0x40017b66        0x0 /opt/sparc-elf-4.4.2/bin/../lib/gcc/sparc-elf/4.4.2/../../../../sparc-elf/lib/soft/libm.a(s_lib_ver.o)
 .bss           0x40017b66        0x0 /opt/sparc-elf-4.4.2/bin/../lib/gcc/sparc-elf/4.4.2/../../../../sparc-elf/lib/soft/libm.a(s_matherr.o)
 .bss           0x40017b66        0x0 /opt/sparc-elf-4.4.2/bin/../lib/gcc/sparc-elf/4.4.2/../../../../sparc-elf/lib/soft/libm.a(sf_isnan.o)
 .bss           0x40017b66        0x0 /opt/sparc-elf-4.4.2/bin/../lib/gcc/sparc-elf/4.4.2/soft/libgcc.a(_addsub_sf.o)
 .bss           0x40017b66        0x0 /opt/sparc-elf-4.4.2/bin/../lib/gcc/sparc-elf/4.4.2/soft/libgcc.a(_mul_sf.o)
 .bss           0x40017b66        0x0 /opt/sparc-elf-4.4.2/bin/../lib/gcc/sparc-elf/4.4.2/soft/libgcc.a(_div_sf.o)
 .bss           0x40017b66        0x0 /opt/sparc-elf-4.4.2/bin/../lib/gcc/sparc-elf/4.4.2/soft/libgcc.a(_ge_sf.o)
 .bss           0x40017b66        0x0 /opt/sparc-elf-4.4.2/bin/../lib/gcc/sparc-elf/4.4.2/soft/libgcc.a(_lt_sf.o)
 .bss           0x40017b66        0x0 /opt/sparc-elf-4.4.2/bin/../lib/gcc/sparc-elf/4.4.2/soft/libgcc.a(_si_to_sf.o)
 .bss           0x40017b66        0x0 /opt/sparc-elf-4.4.2/bin/../lib/gcc/sparc-elf/4.4.2/soft/libgcc.a(_sf_to_si.o)
 .bss           0x40017b66        0x0 /opt/sparc-elf-4.4.2/bin/../lib/gcc/sparc-elf/4.4.2/soft/libgcc.a(_sf_to_df.o)
 .bss           0x40017b66        0x0 /opt/sparc-elf-4.4.2/bin/../lib/gcc/sparc-elf/4.4.2/soft/libgcc.a(_thenan_sf.o)
 .bss           0x40017b66        0x0 /opt/sparc-elf-4.4.2/bin/../lib/gcc/sparc-elf/4.4.2/soft/libgcc.a(_addsub_df.o)
 .bss           0x40017b66        0x0 /opt/sparc-elf-4.4.2/bin/../lib/gcc/sparc-elf/4.4.2/soft/libgcc.a(_mul_df.o)
 .bss           0x40017b66        0x0 /opt/sparc-elf-4.4.2/bin/../lib/gcc/sparc-elf/4.4.2/soft/libgcc.a(_div_df.o)
 .bss           0x40017b66        0x0 /opt/sparc-elf-4.4.2/bin/../lib/gcc/sparc-elf/4.4.2/soft/libgcc.a(_gt_df.o)
 .bss           0x40017b66        0x0 /opt/sparc-elf-4.4.2/bin/../lib/gcc/sparc-elf/4.4.2/soft/libgcc.a(_df_to_si.o)
 .bss           0x40017b66        0x0 /opt/sparc-elf-4.4.2/bin/../lib/gcc/sparc-elf/4.4.2/soft/libgcc.a(_make_df.o)
 .bss           0x40017b66        0x0 /opt/sparc-elf-4.4.2/bin/../lib/gcc/sparc-elf/4.4.2/soft/libgcc.a(_df_to_sf.o)
 .bss           0x40017b66        0x0 /opt/sparc-elf-4.4.2/bin/../lib/gcc/sparc-elf/4.4.2/soft/libgcc.a(_thenan_df.o)
 .bss           0x40017b66        0x0 /opt/sparc-elf-4.4.2/bin/../lib/gcc/sparc-elf/4.4.2/soft/libgcc.a(_muldi3.o)
 .bss           0x40017b66        0x0 /opt/sparc-elf-4.4.2/bin/../lib/gcc/sparc-elf/4.4.2/soft/libgcc.a(_ucmpdi2.o)
 .bss           0x40017b66        0x0 /opt/sparc-elf-4.4.2/bin/../lib/gcc/sparc-elf/4.4.2/soft/libgcc.a(_clzsi2.o)
 .bss           0x40017b66        0x0 /opt/sparc-elf-4.4.2/bin/../lib/gcc/sparc-elf/4.4.2/soft/libgcc.a(_pack_sf.o)
 .bss           0x40017b66        0x0 /opt/sparc-elf-4.4.2/bin/../lib/gcc/sparc-elf/4.4.2/soft/libgcc.a(_unpack_sf.o)
 .bss           0x40017b66        0x0 /opt/sparc-elf-4.4.2/bin/../lib/gcc/sparc-elf/4.4.2/soft/libgcc.a(_fpcmp_parts_sf.o)
 .bss           0x40017b66        0x0 /opt/sparc-elf-4.4.2/bin/../lib/gcc/sparc-elf/4.4.2/soft/libgcc.a(_make_sf.o)
 .bss           0x40017b66        0x0 /opt/sparc-elf-4.4.2/bin/../lib/gcc/sparc-elf/4.4.2/soft/libgcc.a(_pack_df.o)
 .bss           0x40017b66        0x0 /opt/sparc-elf-4.4.2/bin/../lib/gcc/sparc-elf/4.4.2/soft/libgcc.a(_unpack_df.o)
 .bss           0x40017b66        0x0 /opt/sparc-elf-4.4.2/bin/../lib/gcc/sparc-elf/4.4.2/soft/libgcc.a(_fpcmp_parts_df.o)
 .bss           0x40017b66        0x0 /opt/sparc-elf-4.4.2/bin/../lib/gcc/sparc-elf/4.4.2/soft/libgcc.a(_mulsi3.o)
 .bss           0x40017b66        0x0 /opt/sparc-elf-4.4.2/bin/../lib/gcc/sparc-elf/4.4.2/soft/libgcc.a(_lshrdi3.o)
 .bss           0x40017b66        0x0 /opt/sparc-elf-4.4.2/bin/../lib/gcc/sparc-elf/4.4.2/soft/libgcc.a(_ashldi3.o)
 .bss           0x40017b66        0x0 /opt/sparc-elf-4.4.2/bin/../lib/gcc/sparc-elf/4.4.2/soft/libgcc.a(_clz.o)
 .bss           0x40017b66        0x0 /opt/sparc-elf-4.4.2/bin/../lib/gcc/sparc-elf/4.4.2/../../../../sparc-elf/lib/soft/libc.a(atexit.o)
 .bss           0x40017b66        0x0 /opt/sparc-elf-4.4.2/bin/../lib/gcc/sparc-elf/4.4.2/../../../../sparc-elf/lib/soft/libc.a(errno.o)
 .bss           0x40017b66        0x0 /opt/sparc-elf-4.4.2/bin/../lib/gcc/sparc-elf/4.4.2/../../../../sparc-elf/lib/soft/libc.a(impure.o)
 .bss           0x40017b66        0x0 /opt/sparc-elf-4.4.2/bin/../lib/gcc/sparc-elf/4.4.2/../../../../sparc-elf/lib/soft/libc.a(malloc.o)
 *fill*         0x40017b66        0x2 00
 .bss           0x40017b68       0x34 /opt/sparc-elf-4.4.2/bin/../lib/gcc/sparc-elf/4.4.2/../../../../sparc-elf/lib/soft/libc.a(mallocr.o)
                0x40017b68                __malloc_top_pad
                0x40017b6c                __malloc_max_sbrked_mem
                0x40017b74                __malloc_current_mallinfo
                0x40017b70                __malloc_max_total_mem
 .bss           0x40017b9c        0x0 /opt/sparc-elf-4.4.2/bin/../lib/gcc/sparc-elf/4.4.2/../../../../sparc-elf/lib/soft/libc.a(memcpy.o)
 .bss           0x40017b9c        0x0 /opt/sparc-elf-4.4.2/bin/../lib/gcc/sparc-elf/4.4.2/../../../../sparc-elf/lib/soft/libc.a(mlock.o)
 .bss           0x40017b9c        0x0 /opt/sparc-elf-4.4.2/bin/../lib/gcc/sparc-elf/4.4.2/../../../../sparc-elf/lib/soft/libc.a(printf.o)
 .bss           0x40017b9c        0x0 /opt/sparc-elf-4.4.2/bin/../lib/gcc/sparc-elf/4.4.2/../../../../sparc-elf/lib/soft/libc.a(sbrkr.o)
 .bss           0x40017b9c        0x0 /opt/sparc-elf-4.4.2/bin/../lib/gcc/sparc-elf/4.4.2/../../../../sparc-elf/lib/soft/libc.a(vfprintf.o)
 .bss           0x40017b9c        0x0 /opt/sparc-elf-4.4.2/bin/../lib/gcc/sparc-elf/4.4.2/../../../../sparc-elf/lib/soft/libc.a(wcrtomb.o)
 .bss           0x40017b9c        0x0 /opt/sparc-elf-4.4.2/bin/../lib/gcc/sparc-elf/4.4.2/../../../../sparc-elf/lib/soft/libc.a(wcsrtombs.o)
 .bss           0x40017b9c        0x0 /opt/sparc-elf-4.4.2/bin/../lib/gcc/sparc-elf/4.4.2/../../../../sparc-elf/lib/soft/libc.a(wctomb_r.o)
 .bss           0x40017b9c        0x0 /opt/sparc-elf-4.4.2/bin/../lib/gcc/sparc-elf/4.4.2/../../../../sparc-elf/lib/soft/libc.a(wsetup.o)
 .bss           0x40017b9c       0x74 /opt/sparc-elf-4.4.2/bin/../lib/gcc/sparc-elf/4.4.2/../../../../sparc-elf/lib/soft/libc.a(__atexit.o)
 .bss           0x40017c10        0x0 /opt/sparc-elf-4.4.2/bin/../lib/gcc/sparc-elf/4.4.2/../../../../sparc-elf/lib/soft/libc.a(dtoa.o)
 .bss           0x40017c10        0x0 /opt/sparc-elf-4.4.2/bin/../lib/gcc/sparc-elf/4.4.2/../../../../sparc-elf/lib/soft/libc.a(fflush.o)
 .bss           0x40017c10        0x0 /opt/sparc-elf-4.4.2/bin/../lib/gcc/sparc-elf/4.4.2/../../../../sparc-elf/lib/soft/libc.a(findfp.o)
 .bss           0x40017c10        0x0 /opt/sparc-elf-4.4.2/bin/../lib/gcc/sparc-elf/4.4.2/../../../../sparc-elf/lib/soft/libc.a(freer.o)
 .bss           0x40017c10        0x0 /opt/sparc-elf-4.4.2/bin/../lib/gcc/sparc-elf/4.4.2/../../../../sparc-elf/lib/soft/libc.a(fvwrite.o)
 .bss           0x40017c10        0x0 /opt/sparc-elf-4.4.2/bin/../lib/gcc/sparc-elf/4.4.2/../../../../sparc-elf/lib/soft/libc.a(fwalk.o)
 .bss           0x40017c10        0xc /opt/sparc-elf-4.4.2/bin/../lib/gcc/sparc-elf/4.4.2/../../../../sparc-elf/lib/soft/libc.a(locale.o)
                0x40017c10                __nlocale_changed
                0x40017c14                __mlocale_changed
                0x40017c18                _PathLocale
 .bss           0x40017c1c        0x0 /opt/sparc-elf-4.4.2/bin/../lib/gcc/sparc-elf/4.4.2/../../../../sparc-elf/lib/soft/libc.a(makebuf.o)
 .bss           0x40017c1c        0x0 /opt/sparc-elf-4.4.2/bin/../lib/gcc/sparc-elf/4.4.2/../../../../sparc-elf/lib/soft/libc.a(memchr.o)
 .bss           0x40017c1c        0x0 /opt/sparc-elf-4.4.2/bin/../lib/gcc/sparc-elf/4.4.2/../../../../sparc-elf/lib/soft/libc.a(memmove.o)
 .bss           0x40017c1c        0x0 /opt/sparc-elf-4.4.2/bin/../lib/gcc/sparc-elf/4.4.2/../../../../sparc-elf/lib/soft/libc.a(memset.o)
 .bss           0x40017c1c        0x0 /opt/sparc-elf-4.4.2/bin/../lib/gcc/sparc-elf/4.4.2/../../../../sparc-elf/lib/soft/libc.a(mprec.o)
 .bss           0x40017c1c        0x0 /opt/sparc-elf-4.4.2/bin/../lib/gcc/sparc-elf/4.4.2/../../../../sparc-elf/lib/soft/libc.a(reallocr.o)
 .bss           0x40017c1c        0x0 /opt/sparc-elf-4.4.2/bin/../lib/gcc/sparc-elf/4.4.2/../../../../sparc-elf/lib/soft/libc.a(reent.o)
 .bss           0x40017c1c        0x0 /opt/sparc-elf-4.4.2/bin/../lib/gcc/sparc-elf/4.4.2/../../../../sparc-elf/lib/soft/libc.a(s_isinf.o)
 .bss           0x40017c1c        0x0 /opt/sparc-elf-4.4.2/bin/../lib/gcc/sparc-elf/4.4.2/../../../../sparc-elf/lib/soft/libc.a(s_isnan.o)
 .bss           0x40017c1c        0x0 /opt/sparc-elf-4.4.2/bin/../lib/gcc/sparc-elf/4.4.2/../../../../sparc-elf/lib/soft/libc.a(stdio.o)
 .bss           0x40017c1c        0x0 /opt/sparc-elf-4.4.2/bin/../lib/gcc/sparc-elf/4.4.2/../../../../sparc-elf/lib/soft/libc.a(strcmp.o)
 .bss           0x40017c1c        0x0 /opt/sparc-elf-4.4.2/bin/../lib/gcc/sparc-elf/4.4.2/../../../../sparc-elf/lib/soft/libc.a(strlen.o)
 .bss           0x40017c1c        0x0 /opt/sparc-elf-4.4.2/bin/../lib/gcc/sparc-elf/4.4.2/../../../../sparc-elf/lib/soft/libc.a(writer.o)
 .bss           0x40017c1c        0x0 /opt/sparc-elf-4.4.2/bin/../lib/gcc/sparc-elf/4.4.2/../../../../sparc-elf/lib/soft/libc.a(callocr.o)
 .bss           0x40017c1c        0x0 /opt/sparc-elf-4.4.2/bin/../lib/gcc/sparc-elf/4.4.2/../../../../sparc-elf/lib/soft/libc.a(closer.o)
 .bss           0x40017c1c        0x0 /opt/sparc-elf-4.4.2/bin/../lib/gcc/sparc-elf/4.4.2/../../../../sparc-elf/lib/soft/libc.a(fclose.o)
 .bss           0x40017c1c        0x0 /opt/sparc-elf-4.4.2/bin/../lib/gcc/sparc-elf/4.4.2/../../../../sparc-elf/lib/soft/libc.a(fstatr.o)