Archive member included because of file (symbol)

/opt/sparc-elf-4.4.2/bin/../lib/gcc/sparc-elf/4.4.2/../../../../sparc-elf/lib/soft/libm.a(s_floor.o)
                              biquad.o (floor)
/opt/sparc-elf-4.4.2/bin/../lib/gcc/sparc-elf/4.4.2/../../../../sparc-elf/lib/soft/libm.a(wf_sqrt.o)
                              biquad.o (sqrtf)
/opt/sparc-elf-4.4.2/bin/../lib/gcc/sparc-elf/4.4.2/../../../../sparc-elf/lib/soft/libm.a(ef_sqrt.o)
                              /opt/sparc-elf-4.4.2/bin/../lib/gcc/sparc-elf/4.4.2/../../../../sparc-elf/lib/soft/libm.a(wf_sqrt.o) (__ieee754_sqrtf)
/opt/sparc-elf-4.4.2/bin/../lib/gcc/sparc-elf/4.4.2/../../../../sparc-elf/lib/soft/libm.a(s_lib_ver.o)
                              /opt/sparc-elf-4.4.2/bin/../lib/gcc/sparc-elf/4.4.2/../../../../sparc-elf/lib/soft/libm.a(wf_sqrt.o) (__fdlib_version)
/opt/sparc-elf-4.4.2/bin/../lib/gcc/sparc-elf/4.4.2/../../../../sparc-elf/lib/soft/libm.a(s_matherr.o)
                              /opt/sparc-elf-4.4.2/bin/../lib/gcc/sparc-elf/4.4.2/../../../../sparc-elf/lib/soft/libm.a(wf_sqrt.o) (matherr)
/opt/sparc-elf-4.4.2/bin/../lib/gcc/sparc-elf/4.4.2/../../../../sparc-elf/lib/soft/libm.a(sf_isnan.o)
                              /opt/sparc-elf-4.4.2/bin/../lib/gcc/sparc-elf/4.4.2/../../../../sparc-elf/lib/soft/libm.a(wf_sqrt.o) (isnanf)
/opt/sparc-elf-4.4.2/bin/../lib/gcc/sparc-elf/4.4.2/soft/libgcc.a(_addsub_sf.o)
                              biquad.o (__subsf3)
/opt/sparc-elf-4.4.2/bin/../lib/gcc/sparc-elf/4.4.2/soft/libgcc.a(_mul_sf.o)
                              biquad.o (__mulsf3)
/opt/sparc-elf-4.4.2/bin/../lib/gcc/sparc-elf/4.4.2/soft/libgcc.a(_div_sf.o)
                              flex.o (__divsf3)
/opt/sparc-elf-4.4.2/bin/../lib/gcc/sparc-elf/4.4.2/soft/libgcc.a(_ge_sf.o)
                              biquad.o (__gesf2)
/opt/sparc-elf-4.4.2/bin/../lib/gcc/sparc-elf/4.4.2/soft/libgcc.a(_lt_sf.o)
                              biquad.o (__ltsf2)
/opt/sparc-elf-4.4.2/bin/../lib/gcc/sparc-elf/4.4.2/soft/libgcc.a(_si_to_sf.o)
                              flex.o (__floatsisf)
/opt/sparc-elf-4.4.2/bin/../lib/gcc/sparc-elf/4.4.2/soft/libgcc.a(_sf_to_si.o)
                              biquad.o (__fixsfsi)
/opt/sparc-elf-4.4.2/bin/../lib/gcc/sparc-elf/4.4.2/soft/libgcc.a(_sf_to_df.o)
                              biquad.o (__extendsfdf2)
/opt/sparc-elf-4.4.2/bin/../lib/gcc/sparc-elf/4.4.2/soft/libgcc.a(_thenan_sf.o)
                              /opt/sparc-elf-4.4.2/bin/../lib/gcc/sparc-elf/4.4.2/soft/libgcc.a(_addsub_sf.o) (__thenan_sf)
/opt/sparc-elf-4.4.2/bin/../lib/gcc/sparc-elf/4.4.2/soft/libgcc.a(_addsub_df.o)
                              /opt/sparc-elf-4.4.2/bin/../lib/gcc/sparc-elf/4.4.2/../../../../sparc-elf/lib/soft/libm.a(s_floor.o) (__adddf3)
/opt/sparc-elf-4.4.2/bin/../lib/gcc/sparc-elf/4.4.2/soft/libgcc.a(_mul_df.o)
                              biquad.o (__muldf3)
/opt/sparc-elf-4.4.2/bin/../lib/gcc/sparc-elf/4.4.2/soft/libgcc.a(_div_df.o)
                              /opt/sparc-elf-4.4.2/bin/../lib/gcc/sparc-elf/4.4.2/../../../../sparc-elf/lib/soft/libm.a(wf_sqrt.o) (__divdf3)
/opt/sparc-elf-4.4.2/bin/../lib/gcc/sparc-elf/4.4.2/soft/libgcc.a(_gt_df.o)
                              /opt/sparc-elf-4.4.2/bin/../lib/gcc/sparc-elf/4.4.2/../../../../sparc-elf/lib/soft/libm.a(s_floor.o) (__gtdf2)
/opt/sparc-elf-4.4.2/bin/../lib/gcc/sparc-elf/4.4.2/soft/libgcc.a(_df_to_si.o)
                              biquad.o (__fixdfsi)
/opt/sparc-elf-4.4.2/bin/../lib/gcc/sparc-elf/4.4.2/soft/libgcc.a(_make_df.o)
                              /opt/sparc-elf-4.4.2/bin/../lib/gcc/sparc-elf/4.4.2/soft/libgcc.a(_sf_to_df.o) (__make_dp)
/opt/sparc-elf-4.4.2/bin/../lib/gcc/sparc-elf/4.4.2/soft/libgcc.a(_df_to_sf.o)
                              biquad.o (__truncdfsf2)
/opt/sparc-elf-4.4.2/bin/../lib/gcc/sparc-elf/4.4.2/soft/libgcc.a(_thenan_df.o)
                              /opt/sparc-elf-4.4.2/bin/../lib/gcc/sparc-elf/4.4.2/soft/libgcc.a(_addsub_df.o) (__thenan_df)
/opt/sparc-elf-4.4.2/bin/../lib/gcc/sparc-elf/4.4.2/soft/libgcc.a(_muldi3.o)
                              /opt/sparc-elf-4.4.2/bin/../lib/gcc/sparc-elf/4.4.2/soft/libgcc.a(_mul_sf.o) (__muldi3)
/opt/sparc-elf-4.4.2/bin/../lib/gcc/sparc-elf/4.4.2/soft/libgcc.a(_ucmpdi2.o)
                              /opt/sparc-elf-4.4.2/bin/../lib/gcc/sparc-elf/4.4.2/soft/libgcc.a(_addsub_df.o) (__ucmpdi2)
/opt/sparc-elf-4.4.2/bin/../lib/gcc/sparc-elf/4.4.2/soft/libgcc.a(_clzsi2.o)
                              /opt/sparc-elf-4.4.2/bin/../lib/gcc/sparc-elf/4.4.2/soft/libgcc.a(_si_to_sf.o) (__clzsi2)
/opt/sparc-elf-4.4.2/bin/../lib/gcc/sparc-elf/4.4.2/soft/libgcc.a(_pack_sf.o)
                              /opt/sparc-elf-4.4.2/bin/../lib/gcc/sparc-elf/4.4.2/soft/libgcc.a(_addsub_sf.o) (__pack_f)
/opt/sparc-elf-4.4.2/bin/../lib/gcc/sparc-elf/4.4.2/soft/libgcc.a(_unpack_sf.o)
[...]
Memory Configuration

Name             Origin             Length             Attributes
rom              0x00000000         0x10000000
ram              0x40000000         0x80000000
*default*        0x00000000         0xffffffff

Linker script and memory map

LOAD /opt/sparc-elf-4.4.2/bin/../lib/gcc/sparc-elf/4.4.2/../../../../sparc-elf/lib/soft/locore_mvt.o
LOAD /opt/sparc-elf-4.4.2/bin/../lib/gcc/sparc-elf/4.4.2/../../../../sparc-elf/lib/soft/crt0.o
LOAD /opt/sparc-elf-4.4.2/bin/../lib/gcc/sparc-elf/4.4.2/soft/crti.o
LOAD /opt/sparc-elf-4.4.2/bin/../lib/gcc/sparc-elf/4.4.2/soft/crtbegin.o
LOAD /opt/sparc-elf-4.4.2/bin/../lib/gcc/sparc-elf/4.4.2/../../../../sparc-elf/lib/soft/pnpinit.o
LOAD wahwah.o
LOAD vibrato.o
LOAD tremolo.o
LOAD spimctrl.o
LOAD phaser.o
LOAD noiseGate.o
LOAD logScale.o
LOAD kTable.o
LOAD kDistortionTable.o
LOAD gainTable.o
LOAD gain.o
LOAD flex.o
LOAD flanger.o
LOAD distortion.o
LOAD delay.o
LOAD circularBuffer.o
LOAD chorus.o
LOAD c-irq.o
LOAD biquad.o
LOAD audio_io.o
LOAD audioKernel_03.o
LOAD SVFLookupTable.o
LOAD SVF.o
LOAD LFOTriangleWaveTable.o
LOAD LFOSquareWaveTable.o
LOAD LFOSineWaveTable.o
LOAD LFOSawWaveTable.o
LOAD LFORandomWaveTable.o
LOAD LFO.o
LOAD /opt/sparc-elf-4.4.2/bin/../lib/gcc/sparc-elf/4.4.2/../../../../sparc-elf/lib/soft/libm.a
LOAD /opt/sparc-elf-4.4.2/bin/../lib/gcc/sparc-elf/4.4.2/soft/libgcc.a
START GROUP
LOAD /opt/sparc-elf-4.4.2/bin/../lib/gcc/sparc-elf/4.4.2/../../../../sparc-elf/lib/soft/libc.a
LOAD /opt/sparc-elf-4.4.2/bin/../lib/gcc/sparc-elf/4.4.2/soft/libgcc.a
LOAD /opt/sparc-elf-4.4.2/bin/../lib/gcc/sparc-elf/4.4.2/../../../../sparc-elf/lib/soft/libleonbare.a
END GROUP
LOAD /opt/sparc-elf-4.4.2/bin/../lib/gcc/sparc-elf/4.4.2/soft/libgcc.a
START GROUP
LOAD /opt/sparc-elf-4.4.2/bin/../lib/gcc/sparc-elf/4.4.2/../../../../sparc-elf/lib/soft/libc.a
LOAD /opt/sparc-elf-4.4.2/bin/../lib/gcc/sparc-elf/4.4.2/soft/libgcc.a
LOAD /opt/sparc-elf-4.4.2/bin/../lib/gcc/sparc-elf/4.4.2/../../../../sparc-elf/lib/soft/libleonbare.a
END GROUP
LOAD /opt/sparc-elf-4.4.2/bin/../lib/gcc/sparc-elf/4.4.2/soft/crtend.o
LOAD /opt/sparc-elf-4.4.2/bin/../lib/gcc/sparc-elf/4.4.2/soft/crtn.o

.text           0x40000000    0x17a70
 CREATE_OBJECT_SYMBOLS
 *(.text .text.*)
 .text          0x40000000     0x1000 /opt/sparc-elf-4.4.2/bin/../lib/gcc/sparc-elf/4.4.2/../../../../sparc-elf/lib/soft/locore_mvt.o
                0x40000000                _trap_table
                0x40000000                start
 .text          0x40001000       0x7c /opt/sparc-elf-4.4.2/bin/../lib/gcc/sparc-elf/4.4.2/../../../../sparc-elf/lib/soft/crt0.o
                0x40001000                _start
 .text          0x4000107c        0x0 /opt/sparc-elf-4.4.2/bin/../lib/gcc/sparc-elf/4.4.2/soft/crti.o
 .text          0x4000107c      0x11c /opt/sparc-elf-4.4.2/bin/../lib/gcc/sparc-elf/4.4.2/soft/crtbegin.o
 .text          0x40001198      0x78c /opt/sparc-elf-4.4.2/bin/../lib/gcc/sparc-elf/4.4.2/../../../../sparc-elf/lib/soft/pnpinit.o
                0x40001198                ambapp_addr_from
                0x40001894                pnpinit
                0x4000180c                find_apbslv
 .text          0x40001924      0x33c wahwah.o
                0x40001924                applyWahwah
                0x40001bc4                initWahwah
 .text          0x40001c60      0x164 vibrato.o
                0x40001c60                applyVibrato
                0x40001d3c                initVibrato
 .text          0x40001dc4       0xc0 tremolo.o
                0x40001dc4                applyTremolo
                0x40001e58                initTremolo
 .text          0x40001e84      0x868 spimctrl.o
                0x40002274                getPreset
                0x40002394                setPreset
                0x4000218c                spiFlashRead
                0x40001e84                spiFlashWrite
                0x40002010                spiFlashSectorErase
 .text          0x400026ec       0xfc phaser.o
                0x400027ac                initPhaser
                0x400026ec                applyPhaser
 .text          0x400027e8      0x1f0 noiseGate.o
                0x400027e8                applyNoiseGate
                0x40002970                initNoiseGate
 .text          0x400029d8        0x0 logScale.o
 .text          0x400029d8        0x0 kTable.o
 .text          0x400029d8        0x0 kDistortionTable.o
 .text          0x400029d8        0x0 gainTable.o
 .text          0x400029d8       0x74 gain.o
                0x400029d8                applyGain
 .text          0x40002a4c      0xee4 flex.o
                0x4000374c                dummyOutGain
                0x4000386c                dummyFlanger
                0x40003848                dummyTremolo
                0x40002a4c                dummyDummy
                0x400038b4                dummyEQ
                0x40003824                dummyVibrato
                0x40003800                dummyWahwah
                0x40002d98                extractParams
                0x40003890                dummyChorus
                0x400037b8                dummyDistortion
                0x40003794                dummyNoiseGate
                0x400038fc                dummyDelay
                0x40002a54                initialize
                0x400037dc                dummyPhaser
                0x40003770                dummyPreGain
 .text          0x40003930      0x1f8 flanger.o
                0x40003a8c                initFlanger
                0x40003930                applyFlanger
 .text          0x40003b28      0x98c distortion.o
                0x40003c08                initDistortion
                0x40003b28                applyDrive
                0x40003d14                applyDistortion
 .text          0x400044b4      0x164 delay.o
                0x400044b4                delay
                0x400045ac                delayInitialize
 .text          0x40004618      0x184 circularBuffer.o
                0x40004690                cbWrite
                0x40004678                cbIsEmpty
                0x40004710                cbRead
                0x40004618                cbInit
                0x40004788                cbFree
                0x40004750                cbIncrement
                0x40004630                cbIsFull
 .text          0x4000479c      0x1b0 chorus.o
                0x400048c0                initChorus
                0x4000479c                applyChorus
 .text          0x4000494c       0x7c c-irq.o
                0x400049ac                irqhandler
                0x4000494c                enable_irq
                0x40004994                force_irq
                0x40004974                disable_irq
 .text          0x400049c8      0xacc biquad.o
                0x40004acc                filterCoefficients
                0x400049c8                filter
 .text          0x40005494       0x7c audio_io.o
                0x400054ec                getByte
                0x400054fc                mergeByte
                0x400054e0                writeAddrConst
                0x400054d0                writeAddr
                0x40005494                readAddr
 .text          0x40005510      0x268 audioKernel_03.o
                0x40005654                adcHandler
                0x400055d4                progHandler
                0x40005568                selectHandler
                0x40005510                main
 .text          0x40005778        0x0 SVFLookupTable.o
 .text          0x40005778      0x1a8 SVF.o
                0x40005778                initSVF
                0x400057b4                applySVF
 .text          0x40005920        0x0 LFOTriangleWaveTable.o
 .text          0x40005920        0x0 LFOSquareWaveTable.o
 .text          0x40005920        0x0 LFOSineWaveTable.o
 .text          0x40005920        0x0 LFOSawWaveTable.o
 .text          0x40005920        0x0 LFORandomWaveTable.o
 .text          0x40005920      0x140 LFO.o
                0x400059b0                initLFO
                0x40005934                getLFOValue
 .text          0x40005a60      0x1f8 /opt/sparc-elf-4.4.2/bin/../lib/gcc/sparc-elf/4.4.2/../../../../sparc-elf/lib/soft/libm.a(s_floor.o)
                0x40005a60                floor
 .text          0x40005c58      0x100 /opt/sparc-elf-4.4.2/bin/../lib/gcc/sparc-elf/4.4.2/../../../../sparc-elf/lib/soft/libm.a(wf_sqrt.o)
                0x40005c58                sqrtf
 .text          0x40005d58      0x13c /opt/sparc-elf-4.4.2/bin/../lib/gcc/sparc-elf/4.4.2/../../../../sparc-elf/lib/soft/libm.a(ef_sqrt.o)
                0x40005d58                __ieee754_sqrtf
 .text          0x40005e94        0x0 /opt/sparc-elf-4.4.2/bin/../lib/gcc/sparc-elf/4.4.2/../../../../sparc-elf/lib/soft/libm.a(s_lib_ver.o)
 .text          0x40005e94        0x8 /opt/sparc-elf-4.4.2/bin/../lib/gcc/sparc-elf/4.4.2/../../../../sparc-elf/lib/soft/libm.a(s_matherr.o)
                0x40005e94                matherr
 .text          0x40005e9c       0x24 /opt/sparc-elf-4.4.2/bin/../lib/gcc/sparc-elf/4.4.2/../../../../sparc-elf/lib/soft/libm.a(sf_isnan.o)
                0x40005e9c                isnanf
 .text          0x40005ec0      0x2d4 /opt/sparc-elf-4.4.2/bin/../lib/gcc/sparc-elf/4.4.2/soft/libgcc.a(_addsub_sf.o)
                0x400060f0                __subsf3
                0x40006148                __addsf3
 .text          0x40006194      0x1dc /opt/sparc-elf-4.4.2/bin/../lib/gcc/sparc-elf/4.4.2/soft/libgcc.a(_mul_sf.o)
                0x40006194                __mulsf3
 .text          0x40006370      0x164 /opt/sparc-elf-4.4.2/bin/../lib/gcc/sparc-elf/4.4.2/soft/libgcc.a(_div_sf.o)
                0x40006370                __divsf3
 .text          0x400064d4       0x64 /opt/sparc-elf-4.4.2/bin/../lib/gcc/sparc-elf/4.4.2/soft/libgcc.a(_ge_sf.o)
                0x400064d4                __gesf2
 .text          0x40006538       0x64 /opt/sparc-elf-4.4.2/bin/../lib/gcc/sparc-elf/4.4.2/soft/libgcc.a(_lt_sf.o)
                0x40006538                __ltsf2
 .text          0x4000659c       0xa0 /opt/sparc-elf-4.4.2/bin/../lib/gcc/sparc-elf/4.4.2/soft/libgcc.a(_si_to_sf.o)
                0x4000659c                __floatsisf
 .text          0x4000663c       0x94 /opt/sparc-elf-4.4.2/bin/../lib/gcc/sparc-elf/4.4.2/soft/libgcc.a(_sf_to_si.o)
                0x4000663c                __fixsfsi
 .text          0x400066d0       0x3c /opt/sparc-elf-4.4.2/bin/../lib/gcc/sparc-elf/4.4.2/soft/libgcc.a(_sf_to_df.o)
                0x400066d0                __extendsfdf2
 .text          0x4000670c        0x0 /opt/sparc-elf-4.4.2/bin/../lib/gcc/sparc-elf/4.4.2/soft/libgcc.a(_thenan_sf.o)
 .text          0x4000670c      0x474 /opt/sparc-elf-4.4.2/bin/../lib/gcc/sparc-elf/4.4.2/soft/libgcc.a(_addsub_df.o)
                0x40006b30                __adddf3
                0x40006ad4                __subdf3
 .text          0x40006b80      0x364 /opt/sparc-elf-4.4.2/bin/../lib/gcc/sparc-elf/4.4.2/soft/libgcc.a(_mul_df.o)
                0x40006b80                __muldf3
 .text          0x40006ee4      0x23c /opt/sparc-elf-4.4.2/bin/../lib/gcc/sparc-elf/4.4.2/soft/libgcc.a(_div_df.o)
                0x40006ee4                __divdf3
 .text          0x40007120       0x64 /opt/sparc-elf-4.4.2/bin/../lib/gcc/sparc-elf/4.4.2/soft/libgcc.a(_gt_df.o)
                0x40007120                __gtdf2
 .text          0x40007184       0xdc /opt/sparc-elf-4.4.2/bin/../lib/gcc/sparc-elf/4.4.2/soft/libgcc.a(_df_to_si.o)
                0x40007184                __fixdfsi
 .text          0x40007260       0x2c /opt/sparc-elf-4.4.2/bin/../lib/gcc/sparc-elf/4.4.2/soft/libgcc.a(_make_df.o)
                0x40007260                __make_dp
 .text          0x4000728c       0x58 /opt/sparc-elf-4.4.2/bin/../lib/gcc/sparc-elf/4.4.2/soft/libgcc.a(_df_to_sf.o)
                0x4000728c                __truncdfsf2
 .text          0x400072e4        0x0 /opt/sparc-elf-4.4.2/bin/../lib/gcc/sparc-elf/4.4.2/soft/libgcc.a(_thenan_df.o)
 .text          0x400072e4       0xcc /opt/sparc-elf-4.4.2/bin/../lib/gcc/sparc-elf/4.4.2/soft/libgcc.a(_muldi3.o)
                0x400072e4                __muldi3
 .text          0x400073b0       0x3c /opt/sparc-elf-4.4.2/bin/../lib/gcc/sparc-elf/4.4.2/soft/libgcc.a(_ucmpdi2.o)
                0x400073b0                __ucmpdi2
 .text          0x400073ec       0x78 /opt/sparc-elf-4.4.2/bin/../lib/gcc/sparc-elf/4.4.2/soft/libgcc.a(_clzsi2.o)
                0x400073ec                __clzsi2
 .text          0x40007464      0x164 /opt/sparc-elf-4.4.2/bin/../lib/gcc/sparc-elf/4.4.2/soft/libgcc.a(_pack_sf.o)
                0x40007464                __pack_f
 .text          0x400075c8       0xd8 /opt/sparc-elf-4.4.2/bin/../lib/gcc/sparc-elf/4.4.2/soft/libgcc.a(_unpack_sf.o)
                0x400075c8                __unpack_f
 .text          0x400076a0       0xfc /opt/sparc-elf-4.4.2/bin/../lib/gcc/sparc-elf/4.4.2/soft/libgcc.a(_fpcmp_parts_sf.o)
                0x400076a0                __fpcmp_parts_f
 .text          0x4000779c       0x1c /opt/sparc-elf-4.4.2/bin/../lib/gcc/sparc-elf/4.4.2/soft/libgcc.a(_make_sf.o)
                0x4000779c                __make_fp
 .text          0x400077b8      0x2a8 /opt/sparc-elf-4.4.2/bin/../lib/gcc/sparc-elf/4.4.2/soft/libgcc.a(_pack_df.o)
                0x400077b8                __pack_d
 .text          0x40007a60      0x13c /opt/sparc-elf-4.4.2/bin/../lib/gcc/sparc-elf/4.4.2/soft/libgcc.a(_unpack_df.o)
                0x40007a60                __unpack_d
 .text          0x40007b9c      0x138 /opt/sparc-elf-4.4.2/bin/../lib/gcc/sparc-elf/4.4.2/soft/libgcc.a(_fpcmp_parts_df.o)
                0x40007b9c                __fpcmp_parts_d
 .text          0x40007cd4       0xe8 /opt/sparc-elf-4.4.2/bin/../lib/gcc/sparc-elf/4.4.2/soft/libgcc.a(_mulsi3.o)
                0x40007cd4                .umul
 .text          0x40007dbc       0x40 /opt/sparc-elf-4.4.2/bin/../lib/gcc/sparc-elf/4.4.2/soft/libgcc.a(_lshrdi3.o)
                0x40007dbc                __lshrdi3
 .text          0x40007dfc       0x40 /opt/sparc-elf-4.4.2/bin/../lib/gcc/sparc-elf/4.4.2/soft/libgcc.a(_ashldi3.o)
                0x40007dfc                __ashldi3
 .text          0x40007e3c        0x0 /opt/sparc-elf-4.4.2/bin/../lib/gcc/sparc-elf/4.4.2/soft/libgcc.a(_clz.o)
 .text          0x40007e3c       0x20 /opt/sparc-elf-4.4.2/bin/../lib/gcc/sparc-elf/4.4.2/../../../../sparc-elf/lib/soft/libc.a(atexit.o)
                0x40007e3c                _atexit
                0x40007e3c                atexit
 .text          0x40007e5c        0xc /opt/sparc-elf-4.4.2/bin/../lib/gcc/sparc-elf/4.4.2/../../../../sparc-elf/lib/soft/libc.a(errno.o)
                0x40007e5c                __errno
 .text          0x40007e68        0x0 /opt/sparc-elf-4.4.2/bin/../lib/gcc/sparc-elf/4.4.2/../../../../sparc-elf/lib/soft/libc.a(impure.o)
 .text          0x40007e68       0x38 /opt/sparc-elf-4.4.2/bin/../lib/gcc/sparc-elf/4.4.2/../../../../sparc-elf/lib/soft/libc.a(malloc.o)
                0x40007e84                malloc
                0x40007e68                free
 .text          0x40007ea0      0x6d8 /opt/sparc-elf-4.4.2/bin/../lib/gcc/sparc-elf/4.4.2/../../../../sparc-elf/lib/soft/libc.a(mallocr.o)
                0x40007ea0                _malloc_r
 .text          0x40008578       0xfc /opt/sparc-elf-4.4.2/bin/../lib/gcc/sparc-elf/4.4.2/../../../../sparc-elf/lib/soft/libc.a(memcpy.o)
                0x40008578                memcpy
 .text          0x40008674       0x30 /opt/sparc-elf-4.4.2/bin/../lib/gcc/sparc-elf/4.4.2/../../../../sparc-elf/lib/soft/libc.a(mlock.o)
                0x40008674                __malloc_unlock
                0x4000868c                __malloc_lock
 .text          0x400086a4       0x70 /opt/sparc-elf-4.4.2/bin/../lib/gcc/sparc-elf/4.4.2/../../../../sparc-elf/lib/soft/libc.a(printf.o)
                0x400086a4                printf
                0x400086e0                _printf_r
 .text          0x40008714       0x40 /opt/sparc-elf-4.4.2/bin/../lib/gcc/sparc-elf/4.4.2/../../../../sparc-elf/lib/soft/libc.a(sbrkr.o)
                0x40008714                _sbrk_r
 .text          0x40008754     0x1f74 /opt/sparc-elf-4.4.2/bin/../lib/gcc/sparc-elf/4.4.2/../../../../sparc-elf/lib/soft/libc.a(vfprintf.o)
                0x400088f0                _vfprintf_r
                0x4000a69c                vfprintf
 .text          0x4000a6c8       0x8c /opt/sparc-elf-4.4.2/bin/../lib/gcc/sparc-elf/4.4.2/../../../../sparc-elf/lib/soft/libc.a(wcrtomb.o)
                0x4000a6c8                _wcrtomb_r
                0x4000a728                wcrtomb
 .text          0x4000a754      0x16c /opt/sparc-elf-4.4.2/bin/../lib/gcc/sparc-elf/4.4.2/../../../../sparc-elf/lib/soft/libc.a(wcsrtombs.o)
                0x4000a754                _wcsrtombs_r
                0x4000a88c                wcsrtombs
 .text          0x4000a8c0      0x3f4 /opt/sparc-elf-4.4.2/bin/../lib/gcc/sparc-elf/4.4.2/../../../../sparc-elf/lib/soft/libc.a(wctomb_r.o)
                0x4000a8c0                _wctomb_r
 .text          0x4000acb4      0x134 /opt/sparc-elf-4.4.2/bin/../lib/gcc/sparc-elf/4.4.2/../../../../sparc-elf/lib/soft/libc.a(wsetup.o)
                0x4000acb4                __swsetup
 .text          0x4000ade8      0x12c /opt/sparc-elf-4.4.2/bin/../lib/gcc/sparc-elf/4.4.2/../../../../sparc-elf/lib/soft/libc.a(__atexit.o)
                0x4000ade8                __register_exitproc
 .text          0x4000af14     0x1644 /opt/sparc-elf-4.4.2/bin/../lib/gcc/sparc-elf/4.4.2/../../../../sparc-elf/lib/soft/libc.a(dtoa.o)
                0x4000b12c                _dtoa_r
 .text          0x4000c558      0x15c /opt/sparc-elf-4.4.2/bin/../lib/gcc/sparc-elf/4.4.2/../../../../sparc-elf/lib/soft/libc.a(fflush.o)
                0x4000c558                fflush
 .text          0x4000c6b4      0x350 /opt/sparc-elf-4.4.2/bin/../lib/gcc/sparc-elf/4.4.2/../../../../sparc-elf/lib/soft/libc.a(findfp.o)
                0x4000c82c                __sinit
                0x4000c898                __sfmoreglue
                0x4000c6cc                _cleanup
                0x4000c6b4                _cleanup_r
                0x4000c780                __fp_lock_all
                0x4000c768                __sfp_lock_acquire
                0x4000c8e8                __sfp
                0x4000c720                __fp_unlock_all
                0x4000c708                __sfp_lock_release
 .text          0x4000ca04      0x388 /opt/sparc-elf-4.4.2/bin/../lib/gcc/sparc-elf/4.4.2/../../../../sparc-elf/lib/soft/libc.a(freer.o)
                0x4000caf0                _free_r
                0x4000ca04                _malloc_trim_r
 .text          0x4000cd8c      0x420 /opt/sparc-elf-4.4.2/bin/../lib/gcc/sparc-elf/4.4.2/../../../../sparc-elf/lib/soft/libc.a(fvwrite.o)
                0x4000cd8c                __sfvwrite
 .text          0x4000d1ac      0x1c4 /opt/sparc-elf-4.4.2/bin/../lib/gcc/sparc-elf/4.4.2/../../../../sparc-elf/lib/soft/libc.a(fwalk.o)
                0x4000d290                _fwalk
                0x4000d1ac                _fwalk_reent
 .text          0x4000d370       0xb0 /opt/sparc-elf-4.4.2/bin/../lib/gcc/sparc-elf/4.4.2/../../../../sparc-elf/lib/soft/libc.a(locale.o)
                0x4000d394                _setlocale_r
                0x4000d370                __locale_charset
                0x4000d37c                _localeconv_r
                0x4000d3fc                setlocale
                0x4000d388                localeconv
 .text          0x4000d420      0x160 /opt/sparc-elf-4.4.2/bin/../lib/gcc/sparc-elf/4.4.2/../../../../sparc-elf/lib/soft/libc.a(makebuf.o)
                0x4000d420                __smakebuf
 .text          0x4000d580       0xf0 /opt/sparc-elf-4.4.2/bin/../lib/gcc/sparc-elf/4.4.2/../../../../sparc-elf/lib/soft/libc.a(memchr.o)
                0x4000d580                memchr
 .text          0x4000d670      0x150 /opt/sparc-elf-4.4.2/bin/../lib/gcc/sparc-elf/4.4.2/../../../../sparc-elf/lib/soft/libc.a(memmove.o)
                0x4000d670                memmove
 .text          0x4000d7c0       0xdc /opt/sparc-elf-4.4.2/bin/../lib/gcc/sparc-elf/4.4.2/../../../../sparc-elf/lib/soft/libc.a(memset.o)
                0x4000d7c0                memset
 .text          0x4000d89c      0xe2c /opt/sparc-elf-4.4.2/bin/../lib/gcc/sparc-elf/4.4.2/../../../../sparc-elf/lib/soft/libc.a(mprec.o)
                0x4000dca8                _mprec_log10
                0x4000d8c8                _hi0bits
                0x4000dd00                _Balloc
                0x4000dda8                _d2b
                0x4000e1b8                _multiply
                0x4000dc0c                _ratio
                0x4000e5f8                _s2b
                0x4000e3d8                _i2b
                0x4000d94c                _lo0bits
                0x4000da30                __mcmp
                0x4000e4e4                _pow5mult
                0x4000daa4                _ulp
                0x4000db18                _b2d
                0x4000e3fc                _multadd
                0x4000ded0                __mdiff
                0x4000e084                _lshift
                0x4000d89c                _Bfree
 .text          0x4000e6c8      0x4f8 /opt/sparc-elf-4.4.2/bin/../lib/gcc/sparc-elf/4.4.2/../../../../sparc-elf/lib/soft/libc.a(reallocr.o)
                0x4000e6c8                _realloc_r
 .text          0x4000ebc0      0x1b8 /opt/sparc-elf-4.4.2/bin/../lib/gcc/sparc-elf/4.4.2/../../../../sparc-elf/lib/soft/libc.a(reent.o)
                0x4000ec4c                cleanup_glue
                0x4000ec74                _reclaim_reent
                0x4000ebc0                _wrapup_reent
 .text          0x4000ed78       0x34 /opt/sparc-elf-4.4.2/bin/../lib/gcc/sparc-elf/4.4.2/../../../../sparc-elf/lib/soft/libc.a(s_isinf.o)
                0x4000ed78                isinf
 .text          0x4000edac       0x28 /opt/sparc-elf-4.4.2/bin/../lib/gcc/sparc-elf/4.4.2/../../../../sparc-elf/lib/soft/libc.a(s_isnan.o)
                0x4000edac                isnan
 .text          0x4000edd4      0x11c /opt/sparc-elf-4.4.2/bin/../lib/gcc/sparc-elf/4.4.2/../../../../sparc-elf/lib/soft/libc.a(stdio.o)
                0x4000edf0                __sseek
                0x4000eea0                __sread
                0x4000edd4                __sclose
                0x4000ee48                __swrite
 .text          0x4000eef0       0xe8 /opt/sparc-elf-4.4.2/bin/../lib/gcc/sparc-elf/4.4.2/../../../../sparc-elf/lib/soft/libc.a(strcmp.o)
                0x4000eef0                strcmp
 .text          0x4000efd8       0x94 /opt/sparc-elf-4.4.2/bin/../lib/gcc/sparc-elf/4.4.2/../../../../sparc-elf/lib/soft/libc.a(strlen.o)
                0x4000efd8                strlen
 .text          0x4000f06c       0x48 /opt/sparc-elf-4.4.2/bin/../lib/gcc/sparc-elf/4.4.2/../../../../sparc-elf/lib/soft/libc.a(writer.o)
                0x4000f06c                _write_r
 .text          0x4000f0b4       0xa0 /opt/sparc-elf-4.4.2/bin/../lib/gcc/sparc-elf/4.4.2/../../../../sparc-elf/lib/soft/libc.a(callocr.o)
                0x4000f0b4                _calloc_r
 .text          0x4000f154       0x40 /opt/sparc-elf-4.4.2/bin/../lib/gcc/sparc-elf/4.4.2/../../../../sparc-elf/lib/soft/libc.a(closer.o)
                0x4000f154                _close_r
 .text          0x4000f194      0x18c /opt/sparc-elf-4.4.2/bin/../lib/gcc/sparc-elf/4.4.2/../../../../sparc-elf/lib/soft/libc.a(fclose.o)
                0x4000f194                _fclose_r
                0x4000f304                fclose
 .text          0x4000f320       0x44 /opt/sparc-elf-4.4.2/bin/../lib/gcc/sparc-elf/4.4.2/../../../../sparc-elf/lib/soft/libc.a(fstatr.o)
                0x4000f320                _fstat_r
 .text          0x4000f364       0x48 /opt/sparc-elf-4.4.2/bin/../lib/gcc/sparc-elf/4.4.2/../../../../sparc-elf/lib/soft/libc.a(lseekr.o)
                0x4000f364                _lseek_r
 .text          0x4000f3ac       0x48 /opt/sparc-elf-4.4.2/bin/../lib/gcc/sparc-elf/4.4.2/../../../../sparc-elf/lib/soft/libc.a(readr.o)
                0x4000f3ac                _read_r
 .text          0x4000f3f4      0x2b0 /opt/sparc-elf-4.4.2/bin/../lib/gcc/sparc-elf/4.4.2/soft/libgcc.a(_divsi3.o)
                0x4000f3f4                .udiv
                0x4000f3fc                .div
 .text          0x4000f6a4      0x2b0 /opt/sparc-elf-4.4.2/bin/../lib/gcc/sparc-elf/4.4.2/soft/libgcc.a(_modsi3.o)
                0x4000f6a4                .urem
                0x4000f6ac                .rem
 .text          0x4000f954       0x64 /opt/sparc-elf-4.4.2/bin/../lib/gcc/sparc-elf/4.4.2/soft/libgcc.a(_eq_df.o)
                0x4000f954                __eqdf2
 .text          0x4000f9b8       0x64 /opt/sparc-elf-4.4.2/bin/../lib/gcc/sparc-elf/4.4.2/soft/libgcc.a(_ne_df.o)
                0x4000f9b8                __nedf2
 .text          0x4000fa1c       0x64 /opt/sparc-elf-4.4.2/bin/../lib/gcc/sparc-elf/4.4.2/soft/libgcc.a(_ge_df.o)
                0x4000fa1c                __gedf2
 .text          0x4000fa80       0x64 /opt/sparc-elf-4.4.2/bin/../lib/gcc/sparc-elf/4.4.2/soft/libgcc.a(_lt_df.o)
                0x4000fa80                __ltdf2
 .text          0x4000fae4       0xd8 /opt/sparc-elf-4.4.2/bin/../lib/gcc/sparc-elf/4.4.2/soft/libgcc.a(_si_to_df.o)
                0x4000fae4                __floatsidf
 .text          0x4000fbbc      0x13c /opt/sparc-elf-4.4.2/bin/../lib/gcc/sparc-elf/4.4.2/soft/libgcc.a(_usi_to_df.o)
                0x4000fbbc                __floatunsidf
 .text          0x4000fcf8        0x8 /opt/sparc-elf-4.4.2/bin/../lib/gcc/sparc-elf/4.4.2/../../../../sparc-elf/lib/soft/libleonbare.a(close.o)
                0x4000fcf8                close
 .text          0x4000fd00       0x14 /opt/sparc-elf-4.4.2/bin/../lib/gcc/sparc-elf/4.4.2/../../../../sparc-elf/lib/soft/libleonbare.a(fstat.o)
                0x4000fd00                fstat
 .text          0x4000fd14        0x8 /opt/sparc-elf-4.4.2/bin/../lib/gcc/sparc-elf/4.4.2/../../../../sparc-elf/lib/soft/libleonbare.a(isatty.o)
                0x4000fd14                isatty
 .text          0x4000fd1c       0x1c /opt/sparc-elf-4.4.2/bin/../lib/gcc/sparc-elf/4.4.2/../../../../sparc-elf/lib/soft/libleonbare.a(lseek.o)
                0x4000fd1c                lseek
 .text          0x4000fd38       0x5c /opt/sparc-elf-4.4.2/bin/../lib/gcc/sparc-elf/4.4.2/../../../../sparc-elf/lib/soft/libleonbare.a(read.o)
                0x4000fd38                read
 .text          0x4000fd94       0x3c /opt/sparc-elf-4.4.2/bin/../lib/gcc/sparc-elf/4.4.2/../../../../sparc-elf/lib/soft/libleonbare.a(sbrk.o)
                0x4000fd94                sbrk
 .text          0x4000fdd0       0x78 /opt/sparc-elf-4.4.2/bin/../lib/gcc/sparc-elf/4.4.2/../../../../sparc-elf/lib/soft/libleonbare.a(write.o)
                0x4000fdd0                write
 .text          0x4000fe48       0x84 /opt/sparc-elf-4.4.2/bin/../lib/gcc/sparc-elf/4.4.2/../../../../sparc-elf/lib/soft/libleonbare.a(io.o)
                0x4000fe48                outbyte
                0x4000fe98                inbyte
 .text          0x4000fecc       0xcc /opt/sparc-elf-4.4.2/bin/../lib/gcc/sparc-elf/4.4.2/../../../../sparc-elf/lib/soft/libleonbare.a(regwin.o)
                0x4000ff30                __window_overflow_slow1
                0x4000fecc                _window_overflow
                0x4000fecc                _window_overflow_svt
                0x4000fecc                __window_overflow_rettseq
                0x4000ff38                _window_underflow
                0x4000ff38                _window_underflow_svt
                0x4000fed8                __window_overflow_rettseq_ret
 .text          0x4000ff98      0x230 /opt/sparc-elf-4.4.2/bin/../lib/gcc/sparc-elf/4.4.2/../../../../sparc-elf/lib/soft/libleonbare.a(regwinflush.o)
                0x400100f0                _irqcall_disableirq
                0x4000ff98                _flush_windows_svt
                0x4001010c                _irqcall_svt
                0x4000ff9c                _flush_windows
                0x400100f0                _irqcall_disableirq_svt
                0x4001010c                _irqcall
                0x400101bc                leonbare_flush_windows
                0x400101b0                leonbare_disable_traps
                0x400101a4                leonbare_enable_traps
 .text          0x400101c8       0x18 /opt/sparc-elf-4.4.2/bin/../lib/gcc/sparc-elf/4.4.2/../../../../sparc-elf/lib/soft/libleonbare.a(bdinit.o)
                0x400101d8                prelibchook
                0x400101c8                bdinit1
                0x400101d0                bdinit2
 .text          0x400101e0       0xa0 /opt/sparc-elf-4.4.2/bin/../lib/gcc/sparc-elf/4.4.2/../../../../sparc-elf/lib/soft/libleonbare.a(irqtrap_fast.o)
                0x400101e8                leonbare_irq_entry
                0x400101e0                _leonbare_irq_entry_svt
 .text          0x40010280      0x218 /opt/sparc-elf-4.4.2/bin/../lib/gcc/sparc-elf/4.4.2/../../../../sparc-elf/lib/soft/libleonbare.a(catch_interrupt.o)
                0x4001048c                sparc_leon23_get_tbr_base
                0x40010280                catch_interrupt
                0x40010308                chained_catch_interrupt
                0x40010324                handler_irq
                0x40010444                traptable_genjmp
 .text          0x40010498        0x0 /opt/sparc-elf-4.4.2/bin/../lib/gcc/sparc-elf/4.4.2/../../../../sparc-elf/lib/soft/libleonbare.a(rtc.o)
 .text          0x40010498      0x110 /opt/sparc-elf-4.4.2/bin/../lib/gcc/sparc-elf/4.4.2/../../../../sparc-elf/lib/soft/libleonbare.a(lcpuinit.o)
                0x40010498                cpuinit
 .text          0x400105a8        0x0 /opt/sparc-elf-4.4.2/bin/../lib/gcc/sparc-elf/4.4.2/../../../../sparc-elf/lib/soft/libleonbare.a(lcpudata.o)
 .text          0x400105a8        0x0 /opt/sparc-elf-4.4.2/bin/../lib/gcc/sparc-elf/4.4.2/../../../../sparc-elf/lib/soft/libleonbare.a(console.o)
 .text          0x400105a8       0x10 /opt/sparc-elf-4.4.2/bin/../lib/gcc/sparc-elf/4.4.2/../../../../sparc-elf/lib/soft/libleonbare.a(_exit.o)
                0x400105a8                _exit
 .text          0x400105b8      0x2c4 /opt/sparc-elf-4.4.2/bin/../lib/gcc/sparc-elf/4.4.2/../../../../sparc-elf/lib/soft/libleonbare.a(amba.o)
                0x40010670                amba_init
                0x400105b8                amba_find_apbslv_addr
 .text          0x4001087c      0x170 /opt/sparc-elf-4.4.2/bin/../lib/gcc/sparc-elf/4.4.2/../../../../sparc-elf/lib/soft/libleonbare.a(mutex.o)
                0x40010908                __st_pthread_mutex_trylock
                0x400108dc                __st_pthread_mutex_lock
                0x4001098c                __st_pthread_mutexattr_destroy
                0x40010908                ___st_pthread_mutex_trylock
                0x400109b8                __st_pthread_mutexattr_settype
                0x4001087c                __st_pthread_mutex_init
                0x400108dc                ___st_pthread_mutex_lock
                0x4001098c                ___st_pthread_mutexattr_destroy
                0x4001087c                ___st_pthread_mutex_init
                0x400108b0                ___st_pthread_mutex_destroy
                0x40010960                __st_pthread_mutexattr_init
                0x40010934                ___st_pthread_mutex_unlock
                0x40010960                ___st_pthread_mutexattr_init
                0x400109b8                ___st_pthread_mutexattr_settype
                0x40010934                __st_pthread_mutex_unlock
                0x400108b0                __st_pthread_mutex_destroy
 .text          0x400109ec       0xa8 /opt/sparc-elf-4.4.2/bin/../lib/gcc/sparc-elf/4.4.2/../../../../sparc-elf/lib/soft/libleonbare.a(locore.o)
                0x400109ec                _hardreset_real
                0x400109f0                _hardreset
                0x40010a68                _fpdis_svt
                0x40010a68                _fpdis
 .text          0x40010a94       0x10 /opt/sparc-elf-4.4.2/bin/../lib/gcc/sparc-elf/4.4.2/../../../../sparc-elf/lib/soft/libleonbare.a(locore_clean.o)
                0x40010a94                _cleanregs_libgloss
                0x40010a94                _cleanregs_custom_weak
 .text          0x40010aa4       0x68 /opt/sparc-elf-4.4.2/bin/../lib/gcc/sparc-elf/4.4.2/../../../../sparc-elf/lib/soft/libleonbare.a(locore_var.o)
                0x40010aa4                _hardreset_custom_weak
 .text          0x40010b0c        0x8 /opt/sparc-elf-4.4.2/bin/../lib/gcc/sparc-elf/4.4.2/../../../../sparc-elf/lib/soft/libleonbare.a(locore_var_svt.o)
                0x40010b0c                _hardreset_custom_svt_weak
 .text          0x40010b14        0x0 /opt/sparc-elf-4.4.2/bin/../lib/gcc/sparc-elf/4.4.2/../../../../sparc-elf/lib/soft/libleonbare.a(jiffies.o)
 .text          0x40010b14       0x18 /opt/sparc-elf-4.4.2/bin/../lib/gcc/sparc-elf/4.4.2/../../../../sparc-elf/lib/soft/libleonbare.a(mmu_asm.o)
                0x40010b14                _srmmu_fault_svt
                0x40010b14                _srmmu_fault
 .text          0x40010b2c       0x38 /opt/sparc-elf-4.4.2/bin/../lib/gcc/sparc-elf/4.4.2/../../../../sparc-elf/lib/soft/libleonbare.a(locore_mvt_reset.o)
                0x40010b2c                _hardreset_mvt
 .text          0x40010b64       0x4c /opt/sparc-elf-4.4.2/bin/../lib/gcc/sparc-elf/4.4.2/../../../../sparc-elf/lib/soft/libleonbare.a(initcalls.o)
                0x40010b64                _call_initcalls
 .text          0x40010bb0       0x98 /opt/sparc-elf-4.4.2/bin/../lib/gcc/sparc-elf/4.4.2/../../../../sparc-elf/lib/soft/libleonbare.a(etrap.o)
                0x40010bb0                leonbare_trapsetup
 .text          0x40010c48      0x110 /opt/sparc-elf-4.4.2/bin/../lib/gcc/sparc-elf/4.4.2/../../../../sparc-elf/lib/soft/libleonbare.a(rtrap.o)
                0x40010c48                leonbare_trapreturn
 .text          0x40010d58       0x7c /opt/sparc-elf-4.4.2/bin/../lib/gcc/sparc-elf/4.4.2/../../../../sparc-elf/lib/soft/libleonbare.a(etrap_fast.o)
                0x40010d58                leonbare_trapsetup_fast
 .text          0x40010dd4       0xd8 /opt/sparc-elf-4.4.2/bin/../lib/gcc/sparc-elf/4.4.2/../../../../sparc-elf/lib/soft/libleonbare.a(rtrap_fast.o)
                0x40010dd4                leonbare_trapreturn_fast
 .text          0x40010eac       0xe4 /opt/sparc-elf-4.4.2/bin/../lib/gcc/sparc-elf/4.4.2/../../../../sparc-elf/lib/soft/libleonbare.a(busscan.o)
                0x40010f04                apbslv_scan
                0x40010f58                iobar_getbase
                0x40010eac                ahbslv_scan
 .text          0x40010f90       0x48 /opt/sparc-elf-4.4.2/bin/../lib/gcc/sparc-elf/4.4.2/soft/crtend.o
 .text          0x40010fd8        0x0 /opt/sparc-elf-4.4.2/bin/../lib/gcc/sparc-elf/4.4.2/soft/crtn.o
                0x40010fd8                etext = .
                0x40010fe0                . = ALIGN (0x10)
 *fill*         0x40010fd8        0x8 00
 *(.eh_frame)
 .eh_frame      0x40010fe0        0x0 /opt/sparc-elf-4.4.2/bin/../lib/gcc/sparc-elf/4.4.2/soft/crtbegin.o
 .eh_frame      0x40010fe0       0xb4 /opt/sparc-elf-4.4.2/bin/../lib/gcc/sparc-elf/4.4.2/../../../../sparc-elf/lib/soft/pnpinit.o
 .eh_frame      0x40011094       0x38 wahwah.o
                                 0x4c (size before relaxing)
 .eh_frame      0x400110cc       0x38 vibrato.o
                                 0x4c (size before relaxing)
 .eh_frame      0x40011104       0x38 tremolo.o
                                 0x4c (size before relaxing)
 .eh_frame      0x4001113c       0x8c spimctrl.o
                                 0xa0 (size before relaxing)
 .eh_frame      0x400111c8       0x38 phaser.o
                                 0x4c (size before relaxing)
 .eh_frame      0x40011200       0x38 noiseGate.o
                                 0x4c (size before relaxing)
 .eh_frame      0x40011238       0x1c gain.o
                                 0x30 (size before relaxing)
 .eh_frame      0x40011254      0x144 flex.o
                                0x158 (size before relaxing)
 .eh_frame      0x40011398       0x38 flanger.o
                                 0x4c (size before relaxing)
 .eh_frame      0x400113d0       0x54 distortion.o
                                 0x68 (size before relaxing)
 .eh_frame      0x40011424       0x38 delay.o
                                 0x4c (size before relaxing)
 .eh_frame      0x4001145c       0x94 circularBuffer.o
                                 0xa8 (size before relaxing)
 .eh_frame      0x400114f0       0x38 chorus.o
                                 0x4c (size before relaxing)
 .eh_frame      0x40011528       0x50 c-irq.o
                                 0x64 (size before relaxing)
 .eh_frame      0x40011578       0x38 biquad.o
                                 0x4c (size before relaxing)
 .eh_frame      0x400115b0       0x64 audio_io.o
                                 0x78 (size before relaxing)
 .eh_frame      0x40011614       0x64 audioKernel_03.o
                                 0x78 (size before relaxing)
 .eh_frame      0x40011678       0x30 SVF.o
                                 0x44 (size before relaxing)
 .eh_frame      0x400116a8       0x30 LFO.o
                                 0x44 (size before relaxing)
 .eh_frame      0x400116d8       0x1c /opt/sparc-elf-4.4.2/bin/../lib/gcc/sparc-elf/4.4.2/../../../../sparc-elf/lib/soft/libm.a(s_floor.o)
                                 0x30 (size before relaxing)
 .eh_frame      0x400116f4       0x18 /opt/sparc-elf-4.4.2/bin/../lib/gcc/sparc-elf/4.4.2/../../../../sparc-elf/lib/soft/libm.a(wf_sqrt.o)
                                 0x2c (size before relaxing)
 .eh_frame      0x4001170c       0x1c /opt/sparc-elf-4.4.2/bin/../lib/gcc/sparc-elf/4.4.2/../../../../sparc-elf/lib/soft/libm.a(ef_sqrt.o)
                                 0x30 (size before relaxing)
 .eh_frame      0x40011728       0x14 /opt/sparc-elf-4.4.2/bin/../lib/gcc/sparc-elf/4.4.2/../../../../sparc-elf/lib/soft/libm.a(s_matherr.o)
                                 0x28 (size before relaxing)
 .eh_frame      0x4001173c       0x14 /opt/sparc-elf-4.4.2/bin/../lib/gcc/sparc-elf/4.4.2/../../../../sparc-elf/lib/soft/libm.a(sf_isnan.o)
                                 0x28 (size before relaxing)
 .eh_frame      0x40011750       0x54 /opt/sparc-elf-4.4.2/bin/../lib/gcc/sparc-elf/4.4.2/soft/libgcc.a(_addsub_sf.o)
                                 0x68 (size before relaxing)
 .eh_frame      0x400117a4       0x1c /opt/sparc-elf-4.4.2/bin/../lib/gcc/sparc-elf/4.4.2/soft/libgcc.a(_mul_sf.o)
                                 0x30 (size before relaxing)
 .eh_frame      0x400117c0       0x1c /opt/sparc-elf-4.4.2/bin/../lib/gcc/sparc-elf/4.4.2/soft/libgcc.a(_div_sf.o)
                                 0x30 (size before relaxing)
 .eh_frame      0x400117dc       0x1c /opt/sparc-elf-4.4.2/bin/../lib/gcc/sparc-elf/4.4.2/soft/libgcc.a(_ge_sf.o)
                                 0x30 (size before relaxing)
 .eh_frame      0x400117f8       0x1c /opt/sparc-elf-4.4.2/bin/../lib/gcc/sparc-elf/4.4.2/soft/libgcc.a(_lt_sf.o)
                                 0x30 (size before relaxing)
 .eh_frame      0x40011814       0x1c /opt/sparc-elf-4.4.2/bin/../lib/gcc/sparc-elf/4.4.2/soft/libgcc.a(_si_to_sf.o)
                                 0x30 (size before relaxing)
 .eh_frame      0x40011830       0x1c /opt/sparc-elf-4.4.2/bin/../lib/gcc/sparc-elf/4.4.2/soft/libgcc.a(_sf_to_si.o)
                                 0x30 (size before relaxing)
 .eh_frame      0x4001184c       0x1c /opt/sparc-elf-4.4.2/bin/../lib/gcc/sparc-elf/4.4.2/soft/libgcc.a(_sf_to_df.o)
                                 0x30 (size before relaxing)
 .eh_frame      0x40011868       0x54 /opt/sparc-elf-4.4.2/bin/../lib/gcc/sparc-elf/4.4.2/soft/libgcc.a(_addsub_df.o)
                                 0x68 (size before relaxing)
 .eh_frame      0x400118bc       0x1c /opt/sparc-elf-4.4.2/bin/../lib/gcc/sparc-elf/4.4.2/soft/libgcc.a(_mul_df.o)
                                 0x30 (size before relaxing)
 .eh_frame      0x400118d8       0x1c /opt/sparc-elf-4.4.2/bin/../lib/gcc/sparc-elf/4.4.2/soft/libgcc.a(_div_df.o)
                                 0x30 (size before relaxing)
 .eh_frame      0x400118f4       0x1c /opt/sparc-elf-4.4.2/bin/../lib/gcc/sparc-elf/4.4.2/soft/libgcc.a(_gt_df.o)
                                 0x30 (size before relaxing)
 .eh_frame      0x40011910       0x1c /opt/sparc-elf-4.4.2/bin/../lib/gcc/sparc-elf/4.4.2/soft/libgcc.a(_df_to_si.o)
                                 0x30 (size before relaxing)
 .eh_frame      0x4001192c       0x1c /opt/sparc-elf-4.4.2/bin/../lib/gcc/sparc-elf/4.4.2/soft/libgcc.a(_make_df.o)
                                 0x30 (size before relaxing)
 .eh_frame      0x40011948       0x1c /opt/sparc-elf-4.4.2/bin/../lib/gcc/sparc-elf/4.4.2/soft/libgcc.a(_df_to_sf.o)
                                 0x30 (size before relaxing)
 .eh_frame      0x40011964       0x1c /opt/sparc-elf-4.4.2/bin/../lib/gcc/sparc-elf/4.4.2/soft/libgcc.a(_muldi3.o)
                                 0x30 (size before relaxing)
 .eh_frame      0x40011980       0x14 /opt/sparc-elf-4.4.2/bin/../lib/gcc/sparc-elf/4.4.2/soft/libgcc.a(_ucmpdi2.o)
                                 0x28 (size before relaxing)
 .eh_frame      0x40011994       0x14 /opt/sparc-elf-4.4.2/bin/../lib/gcc/sparc-elf/4.4.2/soft/libgcc.a(_clzsi2.o)
                                 0x28 (size before relaxing)
 .eh_frame      0x400119a8       0x1c /opt/sparc-elf-4.4.2/bin/../lib/gcc/sparc-elf/4.4.2/soft/libgcc.a(_pack_sf.o)
                                 0x30 (size before relaxing)
 .eh_frame      0x400119c4       0x14 /opt/sparc-elf-4.4.2/bin/../lib/gcc/sparc-elf/4.4.2/soft/libgcc.a(_unpack_sf.o)
                                 0x28 (size before relaxing)
 .eh_frame      0x400119d8       0x14 /opt/sparc-elf-4.4.2/bin/../lib/gcc/sparc-elf/4.4.2/soft/libgcc.a(_fpcmp_parts_sf.o)
                                 0x28 (size before relaxing)
 .eh_frame      0x400119ec       0x1c /opt/sparc-elf-4.4.2/bin/../lib/gcc/sparc-elf/4.4.2/soft/libgcc.a(_make_sf.o)
                                 0x30 (size before relaxing)
 .eh_frame      0x40011a08       0x1c /opt/sparc-elf-4.4.2/bin/../lib/gcc/sparc-elf/4.4.2/soft/libgcc.a(_pack_df.o)
                                 0x30 (size before relaxing)
 .eh_frame      0x40011a24       0x1c /opt/sparc-elf-4.4.2/bin/../lib/gcc/sparc-elf/4.4.2/soft/libgcc.a(_unpack_df.o)
                                 0x30 (size before relaxing)
 .eh_frame      0x40011a40       0x1c /opt/sparc-elf-4.4.2/bin/../lib/gcc/sparc-elf/4.4.2/soft/libgcc.a(_fpcmp_parts_df.o)
                                 0x30 (size before relaxing)
 .eh_frame      0x40011a5c       0x14 /opt/sparc-elf-4.4.2/bin/../lib/gcc/sparc-elf/4.4.2/soft/libgcc.a(_lshrdi3.o)
                                 0x28 (size before relaxing)
 .eh_frame      0x40011a70       0x14 /opt/sparc-elf-4.4.2/bin/../lib/gcc/sparc-elf/4.4.2/soft/libgcc.a(_ashldi3.o)
                                 0x28 (size before relaxing)
 .eh_frame      0x40011a84       0x14 /opt/sparc-elf-4.4.2/bin/../lib/gcc/sparc-elf/4.4.2/../../../../sparc-elf/lib/soft/libc.a(atexit.o)
                                 0x28 (size before relaxing)
 .eh_frame      0x40011a98       0x14 /opt/sparc-elf-4.4.2/bin/../lib/gcc/sparc-elf/4.4.2/../../../../sparc-elf/lib/soft/libc.a(errno.o)
                                 0x28 (size before relaxing)
 .eh_frame      0x40011aac       0x28 /opt/sparc-elf-4.4.2/bin/../lib/gcc/sparc-elf/4.4.2/../../../../sparc-elf/lib/soft/libc.a(malloc.o)
                                 0x3c (size before relaxing)
 .eh_frame      0x40011ad4       0x1c /opt/sparc-elf-4.4.2/bin/../lib/gcc/sparc-elf/4.4.2/../../../../sparc-elf/lib/soft/libc.a(mallocr.o)
                                 0x30 (size before relaxing)
 .eh_frame      0x40011af0       0x1c /opt/sparc-elf-4.4.2/bin/../lib/gcc/sparc-elf/4.4.2/../../../../sparc-elf/lib/soft/libc.a(memcpy.o)
                                 0x30 (size before relaxing)
 .eh_frame      0x40011b0c       0x28 /opt/sparc-elf-4.4.2/bin/../lib/gcc/sparc-elf/4.4.2/../../../../sparc-elf/lib/soft/libc.a(mlock.o)
                                 0x3c (size before relaxing)
 .eh_frame      0x40011b34       0x38 /opt/sparc-elf-4.4.2/bin/../lib/gcc/sparc-elf/4.4.2/../../../../sparc-elf/lib/soft/libc.a(printf.o)
                                 0x4c (size before relaxing)
 .eh_frame      0x40011b6c       0x1c /opt/sparc-elf-4.4.2/bin/../lib/gcc/sparc-elf/4.4.2/../../../../sparc-elf/lib/soft/libc.a(sbrkr.o)
                                 0x30 (size before relaxing)
 .eh_frame      0x40011b88       0x48 /opt/sparc-elf-4.4.2/bin/../lib/gcc/sparc-elf/4.4.2/../../../../sparc-elf/lib/soft/libc.a(vfprintf.o)
                                 0x5c (size before relaxing)
 .eh_frame      0x40011bd0       0x30 /opt/sparc-elf-4.4.2/bin/../lib/gcc/sparc-elf/4.4.2/../../../../sparc-elf/lib/soft/libc.a(wcrtomb.o)
                                 0x44 (size before relaxing)
 .eh_frame      0x40011c00       0x30 /opt/sparc-elf-4.4.2/bin/../lib/gcc/sparc-elf/4.4.2/../../../../sparc-elf/lib/soft/libc.a(wcsrtombs.o)
                                 0x44 (size before relaxing)
 .eh_frame      0x40011c30       0x1c /opt/sparc-elf-4.4.2/bin/../lib/gcc/sparc-elf/4.4.2/../../../../sparc-elf/lib/soft/libc.a(wctomb_r.o)
                                 0x30 (size before relaxing)
 .eh_frame      0x40011c4c       0x1c /opt/sparc-elf-4.4.2/bin/../lib/gcc/sparc-elf/4.4.2/../../../../sparc-elf/lib/soft/libc.a(wsetup.o)
                                 0x30 (size before relaxing)
 .eh_frame      0x40011c68       0x1c /opt/sparc-elf-4.4.2/bin/../lib/gcc/sparc-elf/4.4.2/../../../../sparc-elf/lib/soft/libc.a(__atexit.o)
                                 0x30 (size before relaxing)
 .eh_frame      0x40011c84       0x38 /opt/sparc-elf-4.4.2/bin/../lib/gcc/sparc-elf/4.4.2/../../../../sparc-elf/lib/soft/libc.a(dtoa.o)
                                 0x4c (size before relaxing)
 .eh_frame      0x40011cbc       0x1c /opt/sparc-elf-4.4.2/bin/../lib/gcc/sparc-elf/4.4.2/../../../../sparc-elf/lib/soft/libc.a(fflush.o)
                                 0x30 (size before relaxing)
 .eh_frame      0x40011cd8      0x128 /opt/sparc-elf-4.4.2/bin/../lib/gcc/sparc-elf/4.4.2/../../../../sparc-elf/lib/soft/libc.a(findfp.o)
                                0x13c (size before relaxing)
 .eh_frame      0x40011e00       0x34 /opt/sparc-elf-4.4.2/bin/../lib/gcc/sparc-elf/4.4.2/../../../../sparc-elf/lib/soft/libc.a(freer.o)
                                 0x48 (size before relaxing)
 .eh_frame      0x40011e34       0x1c /opt/sparc-elf-4.4.2/bin/../lib/gcc/sparc-elf/4.4.2/../../../../sparc-elf/lib/soft/libc.a(fvwrite.o)
                                 0x30 (size before relaxing)
 .eh_frame      0x40011e50       0x30 /opt/sparc-elf-4.4.2/bin/../lib/gcc/sparc-elf/4.4.2/../../../../sparc-elf/lib/soft/libc.a(fwalk.o)
                                 0x44 (size before relaxing)
 .eh_frame      0x40011e80       0x6c /opt/sparc-elf-4.4.2/bin/../lib/gcc/sparc-elf/4.4.2/../../../../sparc-elf/lib/soft/libc.a(locale.o)
                                 0x80 (size before relaxing)
 .eh_frame      0x40011eec       0x1c /opt/sparc-elf-4.4.2/bin/../lib/gcc/sparc-elf/4.4.2/../../../../sparc-elf/lib/soft/libc.a(makebuf.o)
                                 0x30 (size before relaxing)
 .eh_frame      0x40011f08       0x1c /opt/sparc-elf-4.4.2/bin/../lib/gcc/sparc-elf/4.4.2/../../../../sparc-elf/lib/soft/libc.a(memchr.o)
                                 0x30 (size before relaxing)
 .eh_frame      0x40011f24       0x1c /opt/sparc-elf-4.4.2/bin/../lib/gcc/sparc-elf/4.4.2/../../../../sparc-elf/lib/soft/libc.a(memmove.o)
                                 0x30 (size before relaxing)
 .eh_frame      0x40011f40       0x1c /opt/sparc-elf-4.4.2/bin/../lib/gcc/sparc-elf/4.4.2/../../../../sparc-elf/lib/soft/libc.a(memset.o)
                                 0x30 (size before relaxing)
 .eh_frame      0x40011f5c      0x1bc /opt/sparc-elf-4.4.2/bin/../lib/gcc/sparc-elf/4.4.2/../../../../sparc-elf/lib/soft/libc.a(mprec.o)
                                0x1d0 (size before relaxing)
 .eh_frame      0x40012118       0x1c /opt/sparc-elf-4.4.2/bin/../lib/gcc/sparc-elf/4.4.2/../../../../sparc-elf/lib/soft/libc.a(reallocr.o)
                                 0x30 (size before relaxing)
 .eh_frame      0x40012134       0x54 /opt/sparc-elf-4.4.2/bin/../lib/gcc/sparc-elf/4.4.2/../../../../sparc-elf/lib/soft/libc.a(reent.o)
                                 0x68 (size before relaxing)
 .eh_frame      0x40012188       0x14 /opt/sparc-elf-4.4.2/bin/../lib/gcc/sparc-elf/4.4.2/../../../../sparc-elf/lib/soft/libc.a(s_isinf.o)
                                 0x28 (size before relaxing)
 .eh_frame      0x4001219c       0x14 /opt/sparc-elf-4.4.2/bin/../lib/gcc/sparc-elf/4.4.2/../../../../sparc-elf/lib/soft/libc.a(s_isnan.o)
                                 0x28 (size before relaxing)
 .eh_frame      0x400121b0       0x68 /opt/sparc-elf-4.4.2/bin/../lib/gcc/sparc-elf/4.4.2/../../../../sparc-elf/lib/soft/libc.a(stdio.o)
                                 0x7c (size before relaxing)
 .eh_frame      0x40012218       0x14 /opt/sparc-elf-4.4.2/bin/../lib/gcc/sparc-elf/4.4.2/../../../../sparc-elf/lib/soft/libc.a(strcmp.o)
                                 0x28 (size before relaxing)
 .eh_frame      0x4001222c       0x1c /opt/sparc-elf-4.4.2/bin/../lib/gcc/sparc-elf/4.4.2/../../../../sparc-elf/lib/soft/libc.a(strlen.o)
                                 0x30 (size before relaxing)
 .eh_frame      0x40012248       0x1c /opt/sparc-elf-4.4.2/bin/../lib/gcc/sparc-elf/4.4.2/../../../../sparc-elf/lib/soft/libc.a(writer.o)
                                 0x30 (size before relaxing)
 .eh_frame      0x40012264       0x1c /opt/sparc-elf-4.4.2/bin/../lib/gcc/sparc-elf/4.4.2/../../../../sparc-elf/lib/soft/libc.a(callocr.o)
                                 0x30 (size before relaxing)
 .eh_frame      0x40012280       0x1c /opt/sparc-elf-4.4.2/bin/../lib/gcc/sparc-elf/4.4.2/../../../../sparc-elf/lib/soft/libc.a(closer.o)
                                 0x30 (size before relaxing)
 .eh_frame      0x4001229c       0x30 /opt/sparc-elf-4.4.2/bin/../lib/gcc/sparc-elf/4.4.2/../../../../sparc-elf/lib/soft/libc.a(fclose.o)
                                 0x44 (size before relaxing)
 .eh_frame      0x400122cc       0x1c /opt/sparc-elf-4.4.2/bin/../lib/gcc/sparc-elf/4.4.2/../../../../sparc-elf/lib/soft/libc.a(fstatr.o)
                                 0x30 (size before relaxing)
 .eh_frame      0x400122e8       0x1c /opt/sparc-elf-4.4.2/bin/../lib/gcc/sparc-elf/4.4.2/../../../../sparc-elf/lib/soft/libc.a(lseekr.o)
                                 0x30 (size before relaxing)
 .eh_frame      0x40012304       0x1c /opt/sparc-elf-4.4.2/bin/../lib/gcc/sparc-elf/4.4.2/../../../../sparc-elf/lib/soft/libc.a(readr.o)
                                 0x30 (size before relaxing)
 .eh_frame      0x40012320       0x1c /opt/sparc-elf-4.4.2/bin/../lib/gcc/sparc-elf/4.4.2/soft/libgcc.a(_eq_df.o)
                                 0x30 (size before relaxing)
 .eh_frame      0x4001233c       0x1c /opt/sparc-elf-4.4.2/bin/../lib/gcc/sparc-elf/4.4.2/soft/libgcc.a(_ne_df.o)
                                 0x30 (size before relaxing)
 .eh_frame      0x40012358       0x1c /opt/sparc-elf-4.4.2/bin/../lib/gcc/sparc-elf/4.4.2/soft/libgcc.a(_ge_df.o)
                                 0x30 (size before relaxing)
 .eh_frame      0x40012374       0x1c /opt/sparc-elf-4.4.2/bin/../lib/gcc/sparc-elf/4.4.2/soft/libgcc.a(_lt_df.o)
                                 0x30 (size before relaxing)
 .eh_frame      0x40012390       0x1c /opt/sparc-elf-4.4.2/bin/../lib/gcc/sparc-elf/4.4.2/soft/libgcc.a(_si_to_df.o)
                                 0x30 (size before relaxing)
 .eh_frame      0x400123ac       0x1c /opt/sparc-elf-4.4.2/bin/../lib/gcc/sparc-elf/4.4.2/soft/libgcc.a(_usi_to_df.o)
                                 0x30 (size before relaxing)
 .eh_frame      0x400123c8       0x14 /opt/sparc-elf-4.4.2/bin/../lib/gcc/sparc-elf/4.4.2/../../../../sparc-elf/lib/soft/libleonbare.a(close.o)
                                 0x28 (size before relaxing)
 .eh_frame      0x400123dc       0x14 /opt/sparc-elf-4.4.2/bin/../lib/gcc/sparc-elf/4.4.2/../../../../sparc-elf/lib/soft/libleonbare.a(fstat.o)
                                 0x28 (size before relaxing)
 .eh_frame      0x400123f0       0x14 /opt/sparc-elf-4.4.2/bin/../lib/gcc/sparc-elf/4.4.2/../../../../sparc-elf/lib/soft/libleonbare.a(isatty.o)
                                 0x28 (size before relaxing)
 .eh_frame      0x40012404       0x18 /opt/sparc-elf-4.4.2/bin/../lib/gcc/sparc-elf/4.4.2/../../../../sparc-elf/lib/soft/libleonbare.a(lseek.o)
                                 0x2c (size before relaxing)
 .eh_frame      0x4001241c       0x1c /opt/sparc-elf-4.4.2/bin/../lib/gcc/sparc-elf/4.4.2/../../../../sparc-elf/lib/soft/libleonbare.a(read.o)
                                 0x30 (size before relaxing)
 .eh_frame      0x40012438       0x14 /opt/sparc-elf-4.4.2/bin/../lib/gcc/sparc-elf/4.4.2/../../../../sparc-elf/lib/soft/libleonbare.a(sbrk.o)
                                 0x28 (size before relaxing)
 .eh_frame      0x4001244c       0x1c /opt/sparc-elf-4.4.2/bin/../lib/gcc/sparc-elf/4.4.2/../../../../sparc-elf/lib/soft/libleonbare.a(write.o)
                                 0x30 (size before relaxing)
 .eh_frame      0x40012468       0x28 /opt/sparc-elf-4.4.2/bin/../lib/gcc/sparc-elf/4.4.2/../../../../sparc-elf/lib/soft/libleonbare.a(io.o)
                                 0x3c (size before relaxing)
 .eh_frame      0x40012490       0x74 /opt/sparc-elf-4.4.2/bin/../lib/gcc/sparc-elf/4.4.2/../../../../sparc-elf/lib/soft/libleonbare.a(catch_interrupt.o)
                                 0x88 (size before relaxing)
 .eh_frame      0x40012504       0x14 /opt/sparc-elf-4.4.2/bin/../lib/gcc/sparc-elf/4.4.2/../../../../sparc-elf/lib/soft/libleonbare.a(_exit.o)
                                 0x28 (size before relaxing)
 .eh_frame      0x40012518       0x38 /opt/sparc-elf-4.4.2/bin/../lib/gcc/sparc-elf/4.4.2/../../../../sparc-elf/lib/soft/libleonbare.a(amba.o)
                                 0x4c (size before relaxing)
 .eh_frame      0x40012550       0xe0 /opt/sparc-elf-4.4.2/bin/../lib/gcc/sparc-elf/4.4.2/../../../../sparc-elf/lib/soft/libleonbare.a(mutex.o)
                                 0xf4 (size before relaxing)
 .eh_frame      0x40012630       0x1c /opt/sparc-elf-4.4.2/bin/../lib/gcc/sparc-elf/4.4.2/../../../../sparc-elf/lib/soft/libleonbare.a(initcalls.o)
                                 0x30 (size before relaxing)
 .eh_frame      0x4001264c        0x4 /opt/sparc-elf-4.4.2/bin/../lib/gcc/sparc-elf/4.4.2/soft/crtend.o
                0x40012650                . = ALIGN (0x10)
 *fill*         0x40012650        0x0 00
 *(.gnu.linkonce.t*)
                0x40012650                ___CTOR_LIST__ = .
                0x40012650        0x4 LONG 0x2 (((___CTOR_END__ - ___CTOR_LIST__) / 0x4) - 0x2)
 *(SORT(.ctors.*))
 *(.ctors)
 .ctors         0x40012654        0x4 /opt/sparc-elf-4.4.2/bin/../lib/gcc/sparc-elf/4.4.2/soft/crtbegin.o
 .ctors         0x40012658        0x4 /opt/sparc-elf-4.4.2/bin/../lib/gcc/sparc-elf/4.4.2/soft/crtend.o
                0x4001265c        0x4 LONG 0x0
                0x40012660                ___CTOR_END__ = .
                0x40012660                ___DTOR_LIST__ = .
                0x40012660        0x4 LONG 0x2 (((___DTOR_END__ - ___DTOR_LIST__) / 0x4) - 0x2)
 *(SORT(.dtors.*))
 *(.dtors)
 .dtors         0x40012664        0x4 /opt/sparc-elf-4.4.2/bin/../lib/gcc/sparc-elf/4.4.2/soft/crtbegin.o
 .dtors         0x40012668        0x4 /opt/sparc-elf-4.4.2/bin/../lib/gcc/sparc-elf/4.4.2/soft/crtend.o
                0x40012668                __DTOR_END__
                0x4001266c        0x4 LONG 0x0
                0x40012670                ___DTOR_END__ = .
                0x40012670                __leonbare_initcall_start = .
 *(.initcall1.init)
 *(.initcall2.init)
 *(.initcall3.init)
 *(.initcall4.init)
 *(.initcall5.init)
 *(.initcall6.init)
 *(.initcall7.init)
                0x40012670                __leonbare_initcall_end = .
                0x40012670                _rodata_start = .
 *(.rodata*)
 .rodata        0x40012670     0x2000 logScale.o
                0x40012670                logScale
 .rodata        0x40014670      0x200 kTable.o
                0x40014670                kTable
 .rodata        0x40014870      0x200 kDistortionTable.o
                0x40014870                kDistortionTable
 .rodata        0x40014a70      0x200 gainTable.o
                0x40014a70                gainTable
 .rodata.cst4   0x40014c70       0x24 flex.o
                                 0x28 (size before relaxing)
 .rodata.cst2   0x40014c94        0x2 flanger.o
 *fill*         0x40014c96        0x2 00
 .rodata.cst4   0x40014c98        0xc distortion.o
 .rodata.cst2   0x40014ca4        0x2 distortion.o
 *fill*         0x40014ca6        0x2 00
 .rodata.str1.8
                0x40014ca8       0x10 c-irq.o
 .rodata.cst4   0x40014cb8       0x18 biquad.o
 .rodata.cst8   0x40014cd0        0x8 biquad.o
 .rodata        0x40014cd8     0x1fa0 SVFLookupTable.o
                0x40014cd8                SVFLookupTable
 .rodata        0x40016c78      0x200 LFOTriangleWaveTable.o
                0x40016c78                LFOTriangleWaveTable
 .rodata        0x40016e78      0x200 LFOSquareWaveTable.o
                0x40016e78                LFOSquareWaveTable
 .rodata        0x40017078      0x200 LFOSineWaveTable.o
                0x40017078                LFOSineWaveTable
 .rodata        0x40017278      0x200 LFOSawWaveTable.o
                0x40017278                LFOSawWaveTable
 .rodata        0x40017478      0x200 LFORandomWaveTable.o
                0x40017478                LFORandomWaveTable
 .rodata        0x40017678        0x0 LFO.o
 .rodata.cst8   0x40017678       0x10 /opt/sparc-elf-4.4.2/bin/../lib/gcc/sparc-elf/4.4.2/../../../../sparc-elf/lib/soft/libm.a(s_floor.o)
 .rodata.str1.8
                0x40017688        0x6 /opt/sparc-elf-4.4.2/bin/../lib/gcc/sparc-elf/4.4.2/../../../../sparc-elf/lib/soft/libm.a(wf_sqrt.o)
                                  0x8 (size before relaxing)
 .rodata.cst8   0x00000000        0x8 /opt/sparc-elf-4.4.2/bin/../lib/gcc/sparc-elf/4.4.2/../../../../sparc-elf/lib/soft/libm.a(wf_sqrt.o)
 *fill*         0x4001768e        0x2 00
 .rodata        0x40017690        0x4 /opt/sparc-elf-4.4.2/bin/../lib/gcc/sparc-elf/4.4.2/../../../../sparc-elf/lib/soft/libm.a(s_lib_ver.o)
                0x40017690                __fdlib_version
 .rodata.cst4   0x40017694        0x4 /opt/sparc-elf-4.4.2/bin/../lib/gcc/sparc-elf/4.4.2/soft/libgcc.a(_si_to_sf.o)
 .rodata        0x40017698       0x10 /opt/sparc-elf-4.4.2/bin/../lib/gcc/sparc-elf/4.4.2/soft/libgcc.a(_thenan_sf.o)
                0x40017698                __thenan_sf
 .rodata        0x400176a8       0x18 /opt/sparc-elf-4.4.2/bin/../lib/gcc/sparc-elf/4.4.2/soft/libgcc.a(_thenan_df.o)
                0x400176a8                __thenan_df
 .rodata        0x400176c0      0x100 /opt/sparc-elf-4.4.2/bin/../lib/gcc/sparc-elf/4.4.2/soft/libgcc.a(_clz.o)
                0x400176c0                __clz_tab
 .rodata        0x400177c0        0x4 /opt/sparc-elf-4.4.2/bin/../lib/gcc/sparc-elf/4.4.2/../../../../sparc-elf/lib/soft/libc.a(impure.o)
                0x400177c0                _global_impure_ptr
 *fill*         0x400177c4        0x4 00
 .rodata.str1.8
                0x400177c8        0x2 /opt/sparc-elf-4.4.2/bin/../lib/gcc/sparc-elf/4.4.2/../../../../sparc-elf/lib/soft/libc.a(impure.o)
                                  0x8 (size before relaxing)
 *fill*         0x400177ca        0x6 00
 .rodata.str1.8
                0x400177d0       0x57 /opt/sparc-elf-4.4.2/bin/../lib/gcc/sparc-elf/4.4.2/../../../../sparc-elf/lib/soft/libc.a(vfprintf.o)
                                 0x58 (size before relaxing)
 .rodata.cst8   0x00000000        0x8 /opt/sparc-elf-4.4.2/bin/../lib/gcc/sparc-elf/4.4.2/../../../../sparc-elf/lib/soft/libc.a(vfprintf.o)
 *fill*         0x40017827        0x1 00
 .rodata        0x40017828       0x20 /opt/sparc-elf-4.4.2/bin/../lib/gcc/sparc-elf/4.4.2/../../../../sparc-elf/lib/soft/libc.a(vfprintf.o)
 .rodata.str1.8
                0x40017848       0x1e /opt/sparc-elf-4.4.2/bin/../lib/gcc/sparc-elf/4.4.2/../../../../sparc-elf/lib/soft/libc.a(wctomb_r.o)
                                 0x20 (size before relaxing)
 *fill*         0x40017866        0x2 00
 .rodata.str1.8
                0x40017868        0x9 /opt/sparc-elf-4.4.2/bin/../lib/gcc/sparc-elf/4.4.2/../../../../sparc-elf/lib/soft/libc.a(dtoa.o)
                                 0x20 (size before relaxing)
 *fill*         0x40017871        0x7 00
 .rodata.cst8   0x40017878       0x48 /opt/sparc-elf-4.4.2/bin/../lib/gcc/sparc-elf/4.4.2/../../../../sparc-elf/lib/soft/libc.a(dtoa.o)
                                 0x50 (size before relaxing)
 .rodata.str1.8
                0x400178c0       0x10 /opt/sparc-elf-4.4.2/bin/../lib/gcc/sparc-elf/4.4.2/../../../../sparc-elf/lib/soft/libc.a(locale.o)
                                 0x28 (size before relaxing)
 .rodata        0x400178d0       0x34 /opt/sparc-elf-4.4.2/bin/../lib/gcc/sparc-elf/4.4.2/../../../../sparc-elf/lib/soft/libc.a(locale.o)
 .rodata.cst8   0x00000000       0x10 /opt/sparc-elf-4.4.2/bin/../lib/gcc/sparc-elf/4.4.2/../../../../sparc-elf/lib/soft/libc.a(mprec.o)
 *fill*         0x40017904        0x4 00
 .rodata        0x40017908      0x128 /opt/sparc-elf-4.4.2/bin/../lib/gcc/sparc-elf/4.4.2/../../../../sparc-elf/lib/soft/libc.a(mprec.o)
                0x400179f8                __mprec_tinytens
                0x40017908                __mprec_tens
                0x400179d0                __mprec_bigtens
 .rodata.cst8   0x40017a30        0x8 /opt/sparc-elf-4.4.2/bin/../lib/gcc/sparc-elf/4.4.2/soft/libgcc.a(_si_to_df.o)
 *(.gnu.linkonce.r*)
                0x40017a40                _erodata = ALIGN (0x10)
 *(.gnu.linkonce*)
 *(.init)
 .init          0x40017a38        0x4 /opt/sparc-elf-4.4.2/bin/../lib/gcc/sparc-elf/4.4.2/soft/crti.o
                0x40017a38                _init
 .init          0x40017a3c        0x8 /opt/sparc-elf-4.4.2/bin/../lib/gcc/sparc-elf/4.4.2/soft/crtbegin.o
 .init          0x40017a44        0x8 /opt/sparc-elf-4.4.2/bin/../lib/gcc/sparc-elf/4.4.2/soft/crtend.o
 .init          0x40017a4c        0x8 /opt/sparc-elf-4.4.2/bin/../lib/gcc/sparc-elf/4.4.2/soft/crtn.o
 *(.fini)
 .fini          0x40017a54        0x4 /opt/sparc-elf-4.4.2/bin/../lib/gcc/sparc-elf/4.4.2/soft/crti.o
                0x40017a54                _fini
 .fini          0x40017a58        0x8 /opt/sparc-elf-4.4.2/bin/../lib/gcc/sparc-elf/4.4.2/soft/crtbegin.o
 .fini          0x40017a60        0x8 /opt/sparc-elf-4.4.2/bin/../lib/gcc/sparc-elf/4.4.2/soft/crtn.o
 *(.lit)
 *(.shdata)
                0x40017a70                . = ALIGN (0x10)
 *fill*         0x40017a68        0x8 00
                0x40017a70                etext = .

.gcc_except_table
 *(.gcc_except_table)

.data           0x40017a70      0xad0
 *(.data .data.*)
 .data          0x40017a70        0x0 /opt/sparc-elf-4.4.2/bin/../lib/gcc/sparc-elf/4.4.2/../../../../sparc-elf/lib/soft/locore_mvt.o
 .data          0x40017a70        0x8 /opt/sparc-elf-4.4.2/bin/../lib/gcc/sparc-elf/4.4.2/../../../../sparc-elf/lib/soft/crt0.o
                0x40017a70                _environ
                0x40017a70                .bdata
 .data          0x40017a78        0x0 /opt/sparc-elf-4.4.2/bin/../lib/gcc/sparc-elf/4.4.2/soft/crti.o
 .data          0x40017a78        0x4 /opt/sparc-elf-4.4.2/bin/../lib/gcc/sparc-elf/4.4.2/soft/crtbegin.o
                0x40017a78                __dso_handle
 .data          0x40017a7c        0x0 /opt/sparc-elf-4.4.2/bin/../lib/gcc/sparc-elf/4.4.2/../../../../sparc-elf/lib/soft/pnpinit.o
 .data          0x40017a7c        0x0 wahwah.o
 .data          0x40017a7c        0x0 vibrato.o
 .data          0x40017a7c        0x0 tremolo.o
 .data          0x40017a7c        0x0 spimctrl.o
 .data          0x40017a7c        0x0 phaser.o
 .data          0x40017a7c        0x0 noiseGate.o
 .data          0x40017a7c        0x0 logScale.o
 .data          0x40017a7c        0x0 kTable.o
 .data          0x40017a7c        0x0 kDistortionTable.o
 .data          0x40017a7c        0x0 gainTable.o
 .data          0x40017a7c        0x0 gain.o
 .data          0x40017a7c        0x0 flex.o
 .data          0x40017a7c        0x0 flanger.o
 .data          0x40017a7c        0x0 distortion.o
 .data          0x40017a7c        0x0 delay.o
 .data          0x40017a7c        0x0 circularBuffer.o
 .data          0x40017a7c        0x0 chorus.o
 .data          0x40017a7c        0x4 c-irq.o
                0x40017a7c                lreg
 .data          0x40017a80        0x0 biquad.o
 .data          0x40017a80        0x0 audio_io.o
 .data          0x40017a80        0x0 audioKernel_03.o
 .data          0x40017a80        0x0 SVFLookupTable.o
 .data          0x40017a80        0x0 SVF.o
 .data          0x40017a80        0x0 LFOTriangleWaveTable.o
 .data          0x40017a80        0x0 LFOSquareWaveTable.o
 .data          0x40017a80        0x0 LFOSineWaveTable.o
 .data          0x40017a80        0x0 LFOSawWaveTable.o
 .data          0x40017a80        0x0 LFORandomWaveTable.o
 .data          0x40017a80        0x0 LFO.o
 .data          0x40017a80        0x0 /opt/sparc-elf-4.4.2/bin/../lib/gcc/sparc-elf/4.4.2/../../../../sparc-elf/lib/soft/libm.a(s_floor.o)
 .data          0x40017a80        0x0 /opt/sparc-elf-4.4.2/bin/../lib/gcc/sparc-elf/4.4.2/../../../../sparc-elf/lib/soft/libm.a(wf_sqrt.o)
 .data          0x40017a80        0x0 /opt/sparc-elf-4.4.2/bin/../lib/gcc/sparc-elf/4.4.2/../../../../sparc-elf/lib/soft/libm.a(ef_sqrt.o)
 .data          0x40017a80        0x0 /opt/sparc-elf-4.4.2/bin/../lib/gcc/sparc-elf/4.4.2/../../../../sparc-elf/lib/soft/libm.a(s_lib_ver.o)
 .data          0x40017a80        0x0 /opt/sparc-elf-4.4.2/bin/../lib/gcc/sparc-elf/4.4.2/../../../../sparc-elf/lib/soft/libm.a(s_matherr.o)
 .data          0x40017a80        0x0 /opt/sparc-elf-4.4.2/bin/../lib/gcc/sparc-elf/4.4.2/../../../../sparc-elf/lib/soft/libm.a(sf_isnan.o)
 .data          0x40017a80        0x0 /opt/sparc-elf-4.4.2/bin/../lib/gcc/sparc-elf/4.4.2/soft/libgcc.a(_addsub_sf.o)
 .data          0x40017a80        0x0 /opt/sparc-elf-4.4.2/bin/../lib/gcc/sparc-elf/4.4.2/soft/libgcc.a(_mul_sf.o)
 .data          0x40017a80        0x0 /opt/sparc-elf-4.4.2/bin/../lib/gcc/sparc-elf/4.4.2/soft/libgcc.a(_div_sf.o)
 .data          0x40017a80        0x0 /opt/sparc-elf-4.4.2/bin/../lib/gcc/sparc-elf/4.4.2/soft/libgcc.a(_ge_sf.o)
 .data          0x40017a80        0x0 /opt/sparc-elf-4.4.2/bin/../lib/gcc/sparc-elf/4.4.2/soft/libgcc.a(_lt_sf.o)
 .data          0x40017a80        0x0 /opt/sparc-elf-4.4.2/bin/../lib/gcc/sparc-elf/4.4.2/soft/libgcc.a(_si_to_sf.o)
 .data          0x40017a80        0x0 /opt/sparc-elf-4.4.2/bin/../lib/gcc/sparc-elf/4.4.2/soft/libgcc.a(_sf_to_si.o)
 .data          0x40017a80        0x0 /opt/sparc-elf-4.4.2/bin/../lib/gcc/sparc-elf/4.4.2/soft/libgcc.a(_sf_to_df.o)
 .data          0x40017a80        0x0 /opt/sparc-elf-4.4.2/bin/../lib/gcc/sparc-elf/4.4.2/soft/libgcc.a(_thenan_sf.o)
 .data          0x40017a80        0x0 /opt/sparc-elf-4.4.2/bin/../lib/gcc/sparc-elf/4.4.2/soft/libgcc.a(_addsub_df.o)
 .data          0x40017a80        0x0 /opt/sparc-elf-4.4.2/bin/../lib/gcc/sparc-elf/4.4.2/soft/libgcc.a(_mul_df.o)
 .data          0x40017a80        0x0 /opt/sparc-elf-4.4.2/bin/../lib/gcc/sparc-elf/4.4.2/soft/libgcc.a(_div_df.o)
 .data          0x40017a80        0x0 /opt/sparc-elf-4.4.2/bin/../lib/gcc/sparc-elf/4.4.2/soft/libgcc.a(_gt_df.o)
 .data          0x40017a80        0x0 /opt/sparc-elf-4.4.2/bin/../lib/gcc/sparc-elf/4.4.2/soft/libgcc.a(_df_to_si.o)
 .data          0x40017a80        0x0 /opt/sparc-elf-4.4.2/bin/../lib/gcc/sparc-elf/4.4.2/soft/libgcc.a(_make_df.o)
 .data          0x40017a80        0x0 /opt/sparc-elf-4.4.2/bin/../lib/gcc/sparc-elf/4.4.2/soft/libgcc.a(_df_to_sf.o)
 .data          0x40017a80        0x0 /opt/sparc-elf-4.4.2/bin/../lib/gcc/sparc-elf/4.4.2/soft/libgcc.a(_thenan_df.o)
 .data          0x40017a80        0x0 /opt/sparc-elf-4.4.2/bin/../lib/gcc/sparc-elf/4.4.2/soft/libgcc.a(_muldi3.o)
 .data          0x40017a80        0x0 /opt/sparc-elf-4.4.2/bin/../lib/gcc/sparc-elf/4.4.2/soft/libgcc.a(_ucmpdi2.o)
 .data          0x40017a80        0x0 /opt/sparc-elf-4.4.2/bin/../lib/gcc/sparc-elf/4.4.2/soft/libgcc.a(_clzsi2.o)
 .data          0x40017a80        0x0 /opt/sparc-elf-4.4.2/bin/../lib/gcc/sparc-elf/4.4.2/soft/libgcc.a(_pack_sf.o)
 .data          0x40017a80        0x0 /opt/sparc-elf-4.4.2/bin/../lib/gcc/sparc-elf/4.4.2/soft/libgcc.a(_unpack_sf.o)
 .data          0x40017a80        0x0 /opt/sparc-elf-4.4.2/bin/../lib/gcc/sparc-elf/4.4.2/soft/libgcc.a(_fpcmp_parts_sf.o)
 .data          0x40017a80        0x0 /opt/sparc-elf-4.4.2/bin/../lib/gcc/sparc-elf/4.4.2/soft/libgcc.a(_make_sf.o)
 .data          0x40017a80        0x0 /opt/sparc-elf-4.4.2/bin/../lib/gcc/sparc-elf/4.4.2/soft/libgcc.a(_pack_df.o)
 .data          0x40017a80        0x0 /opt/sparc-elf-4.4.2/bin/../lib/gcc/sparc-elf/4.4.2/soft/libgcc.a(_unpack_df.o)
 .data          0x40017a80        0x0 /opt/sparc-elf-4.4.2/bin/../lib/gcc/sparc-elf/4.4.2/soft/libgcc.a(_fpcmp_parts_df.o)
 .data          0x40017a80        0x0 /opt/sparc-elf-4.4.2/bin/../lib/gcc/sparc-elf/4.4.2/soft/libgcc.a(_mulsi3.o)
 .data          0x40017a80        0x0 /opt/sparc-elf-4.4.2/bin/../lib/gcc/sparc-elf/4.4.2/soft/libgcc.a(_lshrdi3.o)
 .data          0x40017a80        0x0 /opt/sparc-elf-4.4.2/bin/../lib/gcc/sparc-elf/4.4.2/soft/libgcc.a(_ashldi3.o)
 .data          0x40017a80        0x0 /opt/sparc-elf-4.4.2/bin/../lib/gcc/sparc-elf/4.4.2/soft/libgcc.a(_clz.o)
 .data          0x40017a80        0x0 /opt/sparc-elf-4.4.2/bin/../lib/gcc/sparc-elf/4.4.2/../../../../sparc-elf/lib/soft/libc.a(atexit.o)
 .data          0x40017a80        0x0 /opt/sparc-elf-4.4.2/bin/../lib/gcc/sparc-elf/4.4.2/../../../../sparc-elf/lib/soft/libc.a(errno.o)
 .data          0x40017a80      0x558 /opt/sparc-elf-4.4.2/bin/../lib/gcc/sparc-elf/4.4.2/../../../../sparc-elf/lib/soft/libc.a(impure.o)
                0x40017a80                _impure_ptr
 .data          0x40017fd8        0x0 /opt/sparc-elf-4.4.2/bin/../lib/gcc/sparc-elf/4.4.2/../../../../sparc-elf/lib/soft/libc.a(malloc.o)
 .data          0x40017fd8      0x410 /opt/sparc-elf-4.4.2/bin/../lib/gcc/sparc-elf/4.4.2/../../../../sparc-elf/lib/soft/libc.a(mallocr.o)
                0x400183e4                __malloc_sbrk_base
                0x40017fd8                __malloc_av_
                0x400183e0                __malloc_trim_threshold
 .data          0x400183e8        0x0 /opt/sparc-elf-4.4.2/bin/../lib/gcc/sparc-elf/4.4.2/../../../../sparc-elf/lib/soft/libc.a(memcpy.o)
 .data          0x400183e8       0x74 /opt/sparc-elf-4.4.2/bin/../lib/gcc/sparc-elf/4.4.2/../../../../sparc-elf/lib/soft/libc.a(mlock.o)
 .data          0x4001845c        0x0 /opt/sparc-elf-4.4.2/bin/../lib/gcc/sparc-elf/4.4.2/../../../../sparc-elf/lib/soft/libc.a(printf.o)
 .data          0x4001845c        0x0 /opt/sparc-elf-4.4.2/bin/../lib/gcc/sparc-elf/4.4.2/../../../../sparc-elf/lib/soft/libc.a(sbrkr.o)
 .data          0x4001845c        0x0 /opt/sparc-elf-4.4.2/bin/../lib/gcc/sparc-elf/4.4.2/../../../../sparc-elf/lib/soft/libc.a(vfprintf.o)
 .data          0x4001845c        0x0 /opt/sparc-elf-4.4.2/bin/../lib/gcc/sparc-elf/4.4.2/../../../../sparc-elf/lib/soft/libc.a(wcrtomb.o)
 .data          0x4001845c        0x0 /opt/sparc-elf-4.4.2/bin/../lib/gcc/sparc-elf/4.4.2/../../../../sparc-elf/lib/soft/libc.a(wcsrtombs.o)
 .data          0x4001845c        0x0 /opt/sparc-elf-4.4.2/bin/../lib/gcc/sparc-elf/4.4.2/../../../../sparc-elf/lib/soft/libc.a(wctomb_r.o)
 .data          0x4001845c        0x0 /opt/sparc-elf-4.4.2/bin/../lib/gcc/sparc-elf/4.4.2/../../../../sparc-elf/lib/soft/libc.a(wsetup.o)
 .data          0x4001845c        0x0 /opt/sparc-elf-4.4.2/bin/../lib/gcc/sparc-elf/4.4.2/../../../../sparc-elf/lib/soft/libc.a(__atexit.o)
 .data          0x4001845c        0x0 /opt/sparc-elf-4.4.2/bin/../lib/gcc/sparc-elf/4.4.2/../../../../sparc-elf/lib/soft/libc.a(dtoa.o)
 .data          0x4001845c        0x0 /opt/sparc-elf-4.4.2/bin/../lib/gcc/sparc-elf/4.4.2/../../../../sparc-elf/lib/soft/libc.a(fflush.o)
 .data          0x4001845c       0x74 /opt/sparc-elf-4.4.2/bin/../lib/gcc/sparc-elf/4.4.2/../../../../sparc-elf/lib/soft/libc.a(findfp.o)
 .data          0x400184d0        0x0 /opt/sparc-elf-4.4.2/bin/../lib/gcc/sparc-elf/4.4.2/../../../../sparc-elf/lib/soft/libc.a(freer.o)
 .data          0x400184d0        0x0 /opt/sparc-elf-4.4.2/bin/../lib/gcc/sparc-elf/4.4.2/../../../../sparc-elf/lib/soft/libc.a(fvwrite.o)
 .data          0x400184d0        0x0 /opt/sparc-elf-4.4.2/bin/../lib/gcc/sparc-elf/4.4.2/../../../../sparc-elf/lib/soft/libc.a(fwalk.o)
 .data          0x400184d0       0x18 /opt/sparc-elf-4.4.2/bin/../lib/gcc/sparc-elf/4.4.2/../../../../sparc-elf/lib/soft/libc.a(locale.o)
                0x400184d0                __mb_cur_max
                0x400184d8                __lc_ctype
 .data          0x400184e8        0x0 /opt/sparc-elf-4.4.2/bin/../lib/gcc/sparc-elf/4.4.2/../../../../sparc-elf/lib/soft/libc.a(makebuf.o)
 .data          0x400184e8        0x0 /opt/sparc-elf-4.4.2/bin/../lib/gcc/sparc-elf/4.4.2/../../../../sparc-elf/lib/soft/libc.a(memchr.o)
 .data          0x400184e8        0x0 /opt/sparc-elf-4.4.2/bin/../lib/gcc/sparc-elf/4.4.2/../../../../sparc-elf/lib/soft/libc.a(memmove.o)
 .data          0x400184e8        0x0 /opt/sparc-elf-4.4.2/bin/../lib/gcc/sparc-elf/4.4.2/../../../../sparc-elf/lib/soft/libc.a(memset.o)
 .data          0x400184e8        0x0 /opt/sparc-elf-4.4.2/bin/../lib/gcc/sparc-elf/4.4.2/../../../../sparc-elf/lib/soft/libc.a(mprec.o)
 .data          0x400184e8        0x0 /opt/sparc-elf-4.4.2/bin/../lib/gcc/sparc-elf/4.4.2/../../../../sparc-elf/lib/soft/libc.a(reallocr.o)
 .data          0x400184e8        0x0 /opt/sparc-elf-4.4.2/bin/../lib/gcc/sparc-elf/4.4.2/../../../../sparc-elf/lib/soft/libc.a(reent.o)
 .data          0x400184e8        0x0 /opt/sparc-elf-4.4.2/bin/../lib/gcc/sparc-elf/4.4.2/../../../../sparc-elf/lib/soft/libc.a(s_isinf.o)
 .data          0x400184e8        0x0 /opt/sparc-elf-4.4.2/bin/../lib/gcc/sparc-elf/4.4.2/../../../../sparc-elf/lib/soft/libc.a(s_isnan.o)
 .data          0x400184e8        0x0 /opt/sparc-elf-4.4.2/bin/../lib/gcc/sparc-elf/4.4.2/../../../../sparc-elf/lib/soft/libc.a(stdio.o)
 .data          0x400184e8        0x0 /opt/sparc-elf-4.4.2/bin/../lib/gcc/sparc-elf/4.4.2/../../../../sparc-elf/lib/soft/libc.a(strcmp.o)
 .data          0x400184e8        0x0 /opt/sparc-elf-4.4.2/bin/../lib/gcc/sparc-elf/4.4.2/../../../../sparc-elf/lib/soft/libc.a(strlen.o)
 .data          0x400184e8        0x0 /opt/sparc-elf-4.4.2/bin/../lib/gcc/sparc-elf/4.4.2/../../../../sparc-elf/lib/soft/libc.a(writer.o)
 .data          0x400184e8        0x0 /opt/sparc-elf-4.4.2/bin/../lib/gcc/sparc-elf/4.4.2/../../../../sparc-elf/lib/soft/libc.a(callocr.o)
 .data          0x400184e8        0x0 /opt/sparc-elf-4.4.2/bin/../lib/gcc/sparc-elf/4.4.2/../../../../sparc-elf/lib/soft/libc.a(closer.o)
 .data          0x400184e8        0x0 /opt/sparc-elf-4.4.2/bin/../lib/gcc/sparc-elf/4.4.2/../../../../sparc-elf/lib/soft/libc.a(fclose.o)
 .data          0x400184e8        0x0 /opt/sparc-elf-4.4.2/bin/../lib/gcc/sparc-elf/4.4.2/../../../../sparc-elf/lib/soft/libc.a(fstatr.o)
 .data          0x400184e8        0x0 /opt/sparc-elf-4.4.2/bin/../lib/gcc/sparc-elf/4.4.2/../../../../sparc-elf/lib/soft/libc.a(lseekr.o)
 .data          0x400184e8        0x0 /opt/sparc-elf-4.4.2/bin/../lib/gcc/sparc-elf/4.4.2/../../../../sparc-elf/lib/soft/libc.a(readr.o)
 .data          0x400184e8        0x0 /opt/sparc-elf-4.4.2/bin/../lib/gcc/sparc-elf/4.4.2/soft/libgcc.a(_divsi3.o)
 .data          0x400184e8        0x0 /opt/sparc-elf-4.4.2/bin/../lib/gcc/sparc-elf/4.4.2/soft/libgcc.a(_modsi3.o)
 .data          0x400184e8        0x0 /opt/sparc-elf-4.4.2/bin/../lib/gcc/sparc-elf/4.4.2/soft/libgcc.a(_eq_df.o)
 .data          0x400184e8        0x0 /opt/sparc-elf-4.4.2/bin/../lib/gcc/sparc-elf/4.4.2/soft/libgcc.a(_ne_df.o)
 .data          0x400184e8        0x0 /opt/sparc-elf-4.4.2/bin/../lib/gcc/sparc-elf/4.4.2/soft/libgcc.a(_ge_df.o)
 .data          0x400184e8        0x0 /opt/sparc-elf-4.4.2/bin/../lib/gcc/sparc-elf/4.4.2/soft/libgcc.a(_lt_df.o)
 .data          0x400184e8        0x0 /opt/sparc-elf-4.4.2/bin/../lib/gcc/sparc-elf/4.4.2/soft/libgcc.a(_si_to_df.o)
 .data          0x400184e8        0x0 /opt/sparc-elf-4.4.2/bin/../lib/gcc/sparc-elf/4.4.2/soft/libgcc.a(_usi_to_df.o)
 .data          0x400184e8        0x0 /opt/sparc-elf-4.4.2/bin/../lib/gcc/sparc-elf/4.4.2/../../../../sparc-elf/lib/soft/libleonbare.a(close.o)
 .data          0x400184e8        0x0 /opt/sparc-elf-4.4.2/bin/../lib/gcc/sparc-elf/4.4.2/../../../../sparc-elf/lib/soft/libleonbare.a(fstat.o)
 .data          0x400184e8        0x0 /opt/sparc-elf-4.4.2/bin/../lib/gcc/sparc-elf/4.4.2/../../../../sparc-elf/lib/soft/libleonbare.a(isatty.o)
 .data          0x400184e8        0x0 /opt/sparc-elf-4.4.2/bin/../lib/gcc/sparc-elf/4.4.2/../../../../sparc-elf/lib/soft/libleonbare.a(lseek.o)
 .data          0x400184e8        0x0 /opt/sparc-elf-4.4.2/bin/../lib/gcc/sparc-elf/4.4.2/../../../../sparc-elf/lib/soft/libleonbare.a(read.o)
 .data          0x400184e8        0x0 /opt/sparc-elf-4.4.2/bin/../lib/gcc/sparc-elf/4.4.2/../../../../sparc-elf/lib/soft/libleonbare.a(sbrk.o)
 .data          0x400184e8        0x0 /opt/sparc-elf-4.4.2/bin/../lib/gcc/sparc-elf/4.4.2/../../../../sparc-elf/lib/soft/libleonbare.a(write.o)
 .data          0x400184e8        0x0 /opt/sparc-elf-4.4.2/bin/../lib/gcc/sparc-elf/4.4.2/../../../../sparc-elf/lib/soft/libleonbare.a(io.o)
 .data          0x400184e8        0x0 /opt/sparc-elf-4.4.2/bin/../lib/gcc/sparc-elf/4.4.2/../../../../sparc-elf/lib/soft/libleonbare.a(regwin.o)
 .data          0x400184e8       0x20 /opt/sparc-elf-4.4.2/bin/../lib/gcc/sparc-elf/4.4.2/../../../../sparc-elf/lib/soft/libleonbare.a(regwinflush.o)
                0x40018504                _lb_issideflush
                0x400184e8                _lb_spillglobals
 .data          0x40018508        0x0 /opt/sparc-elf-4.4.2/bin/../lib/gcc/sparc-elf/4.4.2/../../../../sparc-elf/lib/soft/libleonbare.a(bdinit.o)
 .data          0x40018508        0xc /opt/sparc-elf-4.4.2/bin/../lib/gcc/sparc-elf/4.4.2/../../../../sparc-elf/lib/soft/libleonbare.a(irqtrap_fast.o)
                0x4001850c                fastirq
                0x40018508                nestedirq
                0x40018510                nestcount
 .data          0x40018514        0x0 /opt/sparc-elf-4.4.2/bin/../lib/gcc/sparc-elf/4.4.2/../../../../sparc-elf/lib/soft/libleonbare.a(catch_interrupt.o)
 .data          0x40018514        0x4 /opt/sparc-elf-4.4.2/bin/../lib/gcc/sparc-elf/4.4.2/../../../../sparc-elf/lib/soft/libleonbare.a(rtc.o)
                0x40018514                rtc
 .data          0x40018518        0x0 /opt/sparc-elf-4.4.2/bin/../lib/gcc/sparc-elf/4.4.2/../../../../sparc-elf/lib/soft/libleonbare.a(lcpuinit.o)
 .data          0x40018518        0x8 /opt/sparc-elf-4.4.2/bin/../lib/gcc/sparc-elf/4.4.2/../../../../sparc-elf/lib/soft/libleonbare.a(lcpudata.o)
                0x40018518                irqmp
                0x40018518                LEON3_IrqCtrl_Regs
 .data          0x40018520        0x4 /opt/sparc-elf-4.4.2/bin/../lib/gcc/sparc-elf/4.4.2/../../../../sparc-elf/lib/soft/libleonbare.a(console.o)
                0x40018520                console
 .data          0x40018524        0x0 /opt/sparc-elf-4.4.2/bin/../lib/gcc/sparc-elf/4.4.2/../../../../sparc-elf/lib/soft/libleonbare.a(_exit.o)
 .data          0x40018524        0x0 /opt/sparc-elf-4.4.2/bin/../lib/gcc/sparc-elf/4.4.2/../../../../sparc-elf/lib/soft/libleonbare.a(amba.o)
 .data          0x40018524        0x0 /opt/sparc-elf-4.4.2/bin/../lib/gcc/sparc-elf/4.4.2/../../../../sparc-elf/lib/soft/libleonbare.a(mutex.o)
 .data          0x40018524        0x0 /opt/sparc-elf-4.4.2/bin/../lib/gcc/sparc-elf/4.4.2/../../../../sparc-elf/lib/soft/libleonbare.a(locore.o)
 .data          0x40018524        0x0 /opt/sparc-elf-4.4.2/bin/../lib/gcc/sparc-elf/4.4.2/../../../../sparc-elf/lib/soft/libleonbare.a(locore_clean.o)
 .data          0x40018524       0x10 /opt/sparc-elf-4.4.2/bin/../lib/gcc/sparc-elf/4.4.2/../../../../sparc-elf/lib/soft/libleonbare.a(locore_var.o)
                0x40018524                _nwindows
                0x40018528                _nwindows_min1
                0x40018530                _leon_version
                0x4001852c                _nwindows_min2
 .data          0x40018534        0x0 /opt/sparc-elf-4.4.2/bin/../lib/gcc/sparc-elf/4.4.2/../../../../sparc-elf/lib/soft/libleonbare.a(locore_var_svt.o)
 *fill*         0x40018534        0x4 00
 .data          0x40018538        0x8 /opt/sparc-elf-4.4.2/bin/../lib/gcc/sparc-elf/4.4.2/../../../../sparc-elf/lib/soft/libleonbare.a(jiffies.o)
                0x40018538                jiffies_64
 .data          0x40018540        0x0 /opt/sparc-elf-4.4.2/bin/../lib/gcc/sparc-elf/4.4.2/../../../../sparc-elf/lib/soft/libleonbare.a(mmu_asm.o)
 .data          0x40018540        0x0 /opt/sparc-elf-4.4.2/bin/../lib/gcc/sparc-elf/4.4.2/../../../../sparc-elf/lib/soft/libleonbare.a(locore_mvt_reset.o)
 .data          0x40018540        0x0 /opt/sparc-elf-4.4.2/bin/../lib/gcc/sparc-elf/4.4.2/../../../../sparc-elf/lib/soft/libleonbare.a(initcalls.o)
 .data          0x40018540        0x0 /opt/sparc-elf-4.4.2/bin/../lib/gcc/sparc-elf/4.4.2/../../../../sparc-elf/lib/soft/libleonbare.a(etrap.o)
 .data          0x40018540        0x0 /opt/sparc-elf-4.4.2/bin/../lib/gcc/sparc-elf/4.4.2/../../../../sparc-elf/lib/soft/libleonbare.a(rtrap.o)
 .data          0x40018540        0x0 /opt/sparc-elf-4.4.2/bin/../lib/gcc/sparc-elf/4.4.2/../../../../sparc-elf/lib/soft/libleonbare.a(etrap_fast.o)
 .data          0x40018540        0x0 /opt/sparc-elf-4.4.2/bin/../lib/gcc/sparc-elf/4.4.2/../../../../sparc-elf/lib/soft/libleonbare.a(rtrap_fast.o)
 .data          0x40018540        0x0 /opt/sparc-elf-4.4.2/bin/../lib/gcc/sparc-elf/4.4.2/../../../../sparc-elf/lib/soft/libleonbare.a(busscan.o)
 .data          0x40018540        0x0 /opt/sparc-elf-4.4.2/bin/../lib/gcc/sparc-elf/4.4.2/soft/crtend.o
 .data          0x40018540        0x0 /opt/sparc-elf-4.4.2/bin/../lib/gcc/sparc-elf/4.4.2/soft/crtn.o
                0x40018540                edata = .
                0x40018540                _edata = .
                0x40018540                __edata = .

.bss            0x40018540    0x237d8
                0x40018540                . = ALIGN (0x8)
                0x40018540                bss_start = .
                0x40018540                _bss_start = .
                0x40018540                __bss_start = .
 *(.bss .bss.*)
 .bss           0x40018540        0x0 /opt/sparc-elf-4.4.2/bin/../lib/gcc/sparc-elf/4.4.2/../../../../sparc-elf/lib/soft/locore_mvt.o
 .bss           0x40018540        0x0 /opt/sparc-elf-4.4.2/bin/../lib/gcc/sparc-elf/4.4.2/../../../../sparc-elf/lib/soft/crt0.o
 .bss           0x40018540        0x0 /opt/sparc-elf-4.4.2/bin/../lib/gcc/sparc-elf/4.4.2/soft/crti.o
 .bss           0x40018540       0x20 /opt/sparc-elf-4.4.2/bin/../lib/gcc/sparc-elf/4.4.2/soft/crtbegin.o
 .bss           0x40018560        0x4 /opt/sparc-elf-4.4.2/bin/../lib/gcc/sparc-elf/4.4.2/../../../../sparc-elf/lib/soft/pnpinit.o
                0x40018560                ambapp_root
 .bss           0x40018564        0x0 wahwah.o
 .bss           0x40018564        0x0 vibrato.o
 .bss           0x40018564        0x0 tremolo.o
 .bss           0x40018564        0x0 spimctrl.o
 .bss           0x40018564        0x0 phaser.o
 .bss           0x40018564        0x0 noiseGate.o
 .bss           0x40018564        0x0 logScale.o
 .bss           0x40018564        0x0 kTable.o
 .bss           0x40018564        0x0 kDistortionTable.o
 .bss           0x40018564        0x0 gainTable.o
 .bss           0x40018564        0x0 gain.o
 .bss           0x40018564        0x0 flex.o
 .bss           0x40018564        0x0 flanger.o
 .bss           0x40018564        0x0 distortion.o
 .bss           0x40018564        0x2 delay.o
                0x40018564                lastOutput
 .bss           0x40018566        0x0 circularBuffer.o
 .bss           0x40018566        0x0 chorus.o
 .bss           0x40018566        0x0 c-irq.o
 .bss           0x40018566        0x0 biquad.o
 .bss           0x40018566        0x0 audio_io.o
 .bss           0x40018566        0x0 audioKernel_03.o
 .bss           0x40018566        0x0 SVFLookupTable.o
 .bss           0x40018566        0x0 SVF.o
 .bss           0x40018566        0x0 LFOTriangleWaveTable.o
 .bss           0x40018566        0x0 LFOSquareWaveTable.o
 .bss           0x40018566        0x0 LFOSineWaveTable.o
 .bss           0x40018566        0x0 LFOSawWaveTable.o
 .bss           0x40018566        0x0 LFORandomWaveTable.o
 .bss           0x40018566        0x0 LFO.o
 .bss           0x40018566        0x0 /opt/sparc-elf-4.4.2/bin/../lib/gcc/sparc-elf/4.4.2/../../../../sparc-elf/lib/soft/libm.a(s_floor.o)
 .bss           0x40018566        0x0 /opt/sparc-elf-4.4.2/bin/../lib/gcc/sparc-elf/4.4.2/../../../../sparc-elf/lib/soft/libm.a(wf_sqrt.o)
 .bss           0x40018566        0x0 /opt/sparc-elf-4.4.2/bin/../lib/gcc/sparc-elf/4.4.2/../../../../sparc-elf/lib/soft/libm.a(ef_sqrt.o)
 .bss           0x40018566        0x0 /opt/sparc-elf-4.4.2/bin/../lib/gcc/sparc-elf/4.4.2/../../../../sparc-elf/lib/soft/libm.a(s_lib_ver.o)
 .bss           0x40018566        0x0 /opt/sparc-elf-4.4.2/bin/../lib/gcc/sparc-elf/4.4.2/../../../../sparc-elf/lib/soft/libm.a(s_matherr.o)
 .bss           0x40018566        0x0 /opt/sparc-elf-4.4.2/bin/../lib/gcc/sparc-elf/4.4.2/../../../../sparc-elf/lib/soft/libm.a(sf_isnan.o)
 .bss           0x40018566        0x0 /opt/sparc-elf-4.4.2/bin/../lib/gcc/sparc-elf/4.4.2/soft/libgcc.a(_addsub_sf.o)
 .bss           0x40018566        0x0 /opt/sparc-elf-4.4.2/bin/../lib/gcc/sparc-elf/4.4.2/soft/libgcc.a(_mul_sf.o)
 .bss           0x40018566        0x0 /opt/sparc-elf-4.4.2/bin/../lib/gcc/sparc-elf/4.4.2/soft/libgcc.a(_div_sf.o)
 .bss           0x40018566        0x0 /opt/sparc-elf-4.4.2/bin/../lib/gcc/sparc-elf/4.4.2/soft/libgcc.a(_ge_sf.o)
 .bss           0x40018566        0x0 /opt/sparc-elf-4.4.2/bin/../lib/gcc/sparc-elf/4.4.2/soft/libgcc.a(_lt_sf.o)
 .bss           0x40018566        0x0 /opt/sparc-elf-4.4.2/bin/../lib/gcc/sparc-elf/4.4.2/soft/libgcc.a(_si_to_sf.o)
 .bss           0x40018566        0x0 /opt/sparc-elf-4.4.2/bin/../lib/gcc/sparc-elf/4.4.2/soft/libgcc.a(_sf_to_si.o)
 .bss           0x40018566        0x0 /opt/sparc-elf-4.4.2/bin/../lib/gcc/sparc-elf/4.4.2/soft/libgcc.a(_sf_to_df.o)
 .bss           0x40018566        0x0 /opt/sparc-elf-4.4.2/bin/../lib/gcc/sparc-elf/4.4.2/soft/libgcc.a(_thenan_sf.o)
 .bss           0x40018566        0x0 /opt/sparc-elf-4.4.2/bin/../lib/gcc/sparc-elf/4.4.2/soft/libgcc.a(_addsub_df.o)
 .bss           0x40018566        0x0 /opt/sparc-elf-4.4.2/bin/../lib/gcc/sparc-elf/4.4.2/soft/libgcc.a(_mul_df.o)
 .bss           0x40018566        0x0 /opt/sparc-elf-4.4.2/bin/../lib/gcc/sparc-elf/4.4.2/soft/libgcc.a(_div_df.o)
 .bss           0x40018566        0x0 /opt/sparc-elf-4.4.2/bin/../lib/gcc/sparc-elf/4.4.2/soft/libgcc.a(_gt_df.o)
 .bss           0x40018566        0x0 /opt/sparc-elf-4.4.2/bin/../lib/gcc/sparc-elf/4.4.2/soft/libgcc.a(_df_to_si.o)
 .bss           0x40018566        0x0 /opt/sparc-elf-4.4.2/bin/../lib/gcc/sparc-elf/4.4.2/soft/libgcc.a(_make_df.o)
 .bss           0x40018566        0x0 /opt/sparc-elf-4.4.2/bin/../lib/gcc/sparc-elf/4.4.2/soft/libgcc.a(_df_to_sf.o)
 .bss           0x40018566        0x0 /opt/sparc-elf-4.4.2/bin/../lib/gcc/sparc-elf/4.4.2/soft/libgcc.a(_thenan_df.o)
 .bss           0x40018566        0x0 /opt/sparc-elf-4.4.2/bin/../lib/gcc/sparc-elf/4.4.2/soft/libgcc.a(_muldi3.o)
 .bss           0x40018566        0x0 /opt/sparc-elf-4.4.2/bin/../lib/gcc/sparc-elf/4.4.2/soft/libgcc.a(_ucmpdi2.o)
 .bss           0x40018566        0x0 /opt/sparc-elf-4.4.2/bin/../lib/gcc/sparc-elf/4.4.2/soft/libgcc.a(_clzsi2.o)
 .bss           0x40018566        0x0 /opt/sparc-elf-4.4.2/bin/../lib/gcc/sparc-elf/4.4.2/soft/libgcc.a(_pack_sf.o)
 .bss           0x40018566        0x0 /opt/sparc-elf-4.4.2/bin/../lib/gcc/sparc-elf/4.4.2/soft/libgcc.a(_unpack_sf.o)
 .bss           0x40018566        0x0 /opt/sparc-elf-4.4.2/bin/../lib/gcc/sparc-elf/4.4.2/soft/libgcc.a(_fpcmp_parts_sf.o)
 .bss           0x40018566        0x0 /opt/sparc-elf-4.4.2/bin/../lib/gcc/sparc-elf/4.4.2/soft/libgcc.a(_make_sf.o)
 .bss           0x40018566        0x0 /opt/sparc-elf-4.4.2/bin/../lib/gcc/sparc-elf/4.4.2/soft/libgcc.a(_pack_df.o)
 .bss           0x40018566        0x0 /opt/sparc-elf-4.4.2/bin/../lib/gcc/sparc-elf/4.4.2/soft/libgcc.a(_unpack_df.o)
 .bss           0x40018566        0x0 /opt/sparc-elf-4.4.2/bin/../lib/gcc/sparc-elf/4.4.2/soft/libgcc.a(_fpcmp_parts_df.o)
 .bss           0x40018566        0x0 /opt/sparc-elf-4.4.2/bin/../lib/gcc/sparc-elf/4.4.2/soft/libgcc.a(_mulsi3.o)
 .bss           0x40018566        0x0 /opt/sparc-elf-4.4.2/bin/../lib/gcc/sparc-elf/4.4.2/soft/libgcc.a(_lshrdi3.o)
 .bss           0x40018566        0x0 /opt/sparc-elf-4.4.2/bin/../lib/gcc/sparc-elf/4.4.2/soft/libgcc.a(_ashldi3.o)
 .bss           0x40018566        0x0 /opt/sparc-elf-4.4.2/bin/../lib/gcc/sparc-elf/4.4.2/soft/libgcc.a(_clz.o)
 .bss           0x40018566        0x0 /opt/sparc-elf-4.4.2/bin/../lib/gcc/sparc-elf/4.4.2/../../../../sparc-elf/lib/soft/libc.a(atexit.o)
 .bss           0x40018566        0x0 /opt/sparc-elf-4.4.2/bin/../lib/gcc/sparc-elf/4.4.2/../../../../sparc-elf/lib/soft/libc.a(errno.o)
 .bss           0x40018566        0x0 /opt/sparc-elf-4.4.2/bin/../lib/gcc/sparc-elf/4.4.2/../../../../sparc-elf/lib/soft/libc.a(impure.o)
 .bss           0x40018566        0x0 /opt/sparc-elf-4.4.2/bin/../lib/gcc/sparc-elf/4.4.2/../../../../sparc-elf/lib/soft/libc.a(malloc.o)
 *fill*         0x40018566        0x2 00
 .bss           0x40018568       0x34 /opt/sparc-elf-4.4.2/bin/../lib/gcc/sparc-elf/4.4.2/../../../../sparc-elf/lib/soft/libc.a(mallocr.o)
                0x40018568                __malloc_top_pad
                0x4001856c                __malloc_max_sbrked_mem
                0x40018574                __malloc_current_mallinfo
                0x40018570                __malloc_max_total_mem
 .bss           0x4001859c        0x0 /opt/sparc-elf-4.4.2/bin/../lib/gcc/sparc-elf/4.4.2/../../../../sparc-elf/lib/soft/libc.a(memcpy.o)
 .bss           0x4001859c        0x0 /opt/sparc-elf-4.4.2/bin/../lib/gcc/sparc-elf/4.4.2/../../../../sparc-elf/lib/soft/libc.a(mlock.o)
 .bss           0x4001859c        0x0 /opt/sparc-elf-4.4.2/bin/../lib/gcc/sparc-elf/4.4.2/../../../../sparc-elf/lib/soft/libc.a(printf.o)
 .bss           0x4001859c        0x0 /opt/sparc-elf-4.4.2/bin/../lib/gcc/sparc-elf/4.4.2/../../../../sparc-elf/lib/soft/libc.a(sbrkr.o)
 .bss           0x4001859c        0x0 /opt/sparc-elf-4.4.2/bin/../lib/gcc/sparc-elf/4.4.2/../../../../sparc-elf/lib/soft/libc.a(vfprintf.o)
 .bss           0x4001859c        0x0 /opt/sparc-elf-4.4.2/bin/../lib/gcc/sparc-elf/4.4.2/../../../../sparc-elf/lib/soft/libc.a(wcrtomb.o)
 .bss           0x4001859c        0x0 /opt/sparc-elf-4.4.2/bin/../lib/gcc/sparc-elf/4.4.2/../../../../sparc-elf/lib/soft/libc.a(wcsrtombs.o)
 .bss           0x4001859c        0x0 /opt/sparc-elf-4.4.2/bin/../lib/gcc/sparc-elf/4.4.2/../../../../sparc-elf/lib/soft/libc.a(wctomb_r.o)
 .bss           0x4001859c        0x0 /opt/sparc-elf-4.4.2/bin/../lib/gcc/sparc-elf/4.4.2/../../../../sparc-elf/lib/soft/libc.a(wsetup.o)
 .bss           0x4001859c       0x74 /opt/sparc-elf-4.4.2/bin/../lib/gcc/sparc-elf/4.4.2/../../../../sparc-elf/lib/soft/libc.a(__atexit.o)
 .bss           0x40018610        0x0 /opt/sparc-elf-4.4.2/bin/../lib/gcc/sparc-elf/4.4.2/../../../../sparc-elf/lib/soft/libc.a(dtoa.o)
 .bss           0x40018610        0x0 /opt/sparc-elf-4.4.2/bin/../lib/gcc/sparc-elf/4.4.2/../../../../sparc-elf/lib/soft/libc.a(fflush.o)
 .bss           0x40018610        0x0 /opt/sparc-elf-4.4.2/bin/../lib/gcc/sparc-elf/4.4.2/../../../../sparc-elf/lib/soft/libc.a(findfp.o)
 .bss           0x40018610        0x0 /opt/sparc-elf-4.4.2/bin/../lib/gcc/sparc-elf/4.4.2/../../../../sparc-elf/lib/soft/libc.a(freer.o)
 .bss           0x40018610        0x0 /opt/sparc-elf-4.4.2/bin/../lib/gcc/sparc-elf/4.4.2/../../../../sparc-elf/lib/soft/libc.a(fvwrite.o)
 .bss           0x40018610        0x0 /opt/sparc-elf-4.4.2/bin/../lib/gcc/sparc-elf/4.4.2/../../../../sparc-elf/lib/soft/libc.a(fwalk.o)
 .bss           0x40018610        0xc /opt/sparc-elf-4.4.2/bin/../lib/gcc/sparc-elf/4.4.2/../../../../sparc-elf/lib/soft/libc.a(locale.o)
                0x40018610                __nlocale_changed
                0x40018614                __mlocale_changed
                0x40018618                _PathLocale
 .bss           0x4001861c        0x0 /opt/sparc-elf-4.4.2/bin/../lib/gcc/sparc-elf/4.4.2/../../../../sparc-elf/lib/soft/libc.a(makebuf.o)
 .bss           0x4001861c        0x0 /opt/sparc-elf-4.4.2/bin/../lib/gcc/sparc-elf/4.4.2/../../../../sparc-elf/lib/soft/libc.a(memchr.o)
 .bss           0x4001861c        0x0 /opt/sparc-elf-4.4.2/bin/../lib/gcc/sparc-elf/4.4.2/../../../../sparc-elf/lib/soft/libc.a(memmove.o)
 .bss           0x4001861c        0x0 /opt/sparc-elf-4.4.2/bin/../lib/gcc/sparc-elf/4.4.2/../../../../sparc-elf/lib/soft/libc.a(memset.o)
 .bss           0x4001861c        0x0 /opt/sparc-elf-4.4.2/bin/../lib/gcc/sparc-elf/4.4.2/../../../../sparc-elf/lib/soft/libc.a(mprec.o)
 .bss           0x4001861c        0x0 /opt/sparc-elf-4.4.2/bin/../lib/gcc/sparc-elf/4.4.2/../../../../sparc-elf/lib/soft/libc.a(reallocr.o)
 .bss           0x4001861c        0x0 /opt/sparc-elf-4.4.2/bin/../lib/gcc/sparc-elf/4.4.2/../../../../sparc-elf/lib/soft/libc.a(reent.o)
 .bss           0x4001861c        0x0 /opt/sparc-elf-4.4.2/bin/../lib/gcc/sparc-elf/4.4.2/../../../../sparc-elf/lib/soft/libc.a(s_isinf.o)