Archive member included because of file (symbol)

/opt/sparc-elf-4.4.2/bin/../lib/gcc/sparc-elf/4.4.2/../../../../sparc-elf/lib/soft/libm.a(s_floor.o)
                              biquad.o (floor)
/opt/sparc-elf-4.4.2/bin/../lib/gcc/sparc-elf/4.4.2/../../../../sparc-elf/lib/soft/libm.a(wf_sqrt.o)
                              biquad.o (sqrtf)
/opt/sparc-elf-4.4.2/bin/../lib/gcc/sparc-elf/4.4.2/../../../../sparc-elf/lib/soft/libm.a(ef_sqrt.o)
                              /opt/sparc-elf-4.4.2/bin/../lib/gcc/sparc-elf/4.4.2/../../../../sparc-elf/lib/soft/libm.a(wf_sqrt.o) (__ieee754_sqrtf)
/opt/sparc-elf-4.4.2/bin/../lib/gcc/sparc-elf/4.4.2/../../../../sparc-elf/lib/soft/libm.a(s_lib_ver.o)
                              /opt/sparc-elf-4.4.2/bin/../lib/gcc/sparc-elf/4.4.2/../../../../sparc-elf/lib/soft/libm.a(wf_sqrt.o) (__fdlib_version)
/opt/sparc-elf-4.4.2/bin/../lib/gcc/sparc-elf/4.4.2/../../../../sparc-elf/lib/soft/libm.a(s_matherr.o)
                              /opt/sparc-elf-4.4.2/bin/../lib/gcc/sparc-elf/4.4.2/../../../../sparc-elf/lib/soft/libm.a(wf_sqrt.o) (matherr)
/opt/sparc-elf-4.4.2/bin/../lib/gcc/sparc-elf/4.4.2/../../../../sparc-elf/lib/soft/libm.a(sf_isnan.o)
                              /opt/sparc-elf-4.4.2/bin/../lib/gcc/sparc-elf/4.4.2/../../../../sparc-elf/lib/soft/libm.a(wf_sqrt.o) (isnanf)
/opt/sparc-elf-4.4.2/bin/../lib/gcc/sparc-elf/4.4.2/soft/libgcc.a(_addsub_sf.o)
                              biquad.o (__subsf3)
/opt/sparc-elf-4.4.2/bin/../lib/gcc/sparc-elf/4.4.2/soft/libgcc.a(_mul_sf.o)
                              biquad.o (__mulsf3)
/opt/sparc-elf-4.4.2/bin/../lib/gcc/sparc-elf/4.4.2/soft/libgcc.a(_div_sf.o)
                              flex.o (__divsf3)
/opt/sparc-elf-4.4.2/bin/../lib/gcc/sparc-elf/4.4.2/soft/libgcc.a(_ge_sf.o)
                              biquad.o (__gesf2)
/opt/sparc-elf-4.4.2/bin/../lib/gcc/sparc-elf/4.4.2/soft/libgcc.a(_lt_sf.o)
                              biquad.o (__ltsf2)
/opt/sparc-elf-4.4.2/bin/../lib/gcc/sparc-elf/4.4.2/soft/libgcc.a(_si_to_sf.o)
                              flex.o (__floatsisf)
/opt/sparc-elf-4.4.2/bin/../lib/gcc/sparc-elf/4.4.2/soft/libgcc.a(_sf_to_si.o)
                              biquad.o (__fixsfsi)
/opt/sparc-elf-4.4.2/bin/../lib/gcc/sparc-elf/4.4.2/soft/libgcc.a(_sf_to_df.o)
                              biquad.o (__extendsfdf2)
/opt/sparc-elf-4.4.2/bin/../lib/gcc/sparc-elf/4.4.2/soft/libgcc.a(_thenan_sf.o)
                              /opt/sparc-elf-4.4.2/bin/../lib/gcc/sparc-elf/4.4.2/soft/libgcc.a(_addsub_sf.o) (__thenan_sf)
/opt/sparc-elf-4.4.2/bin/../lib/gcc/sparc-elf/4.4.2/soft/libgcc.a(_addsub_df.o)
                              /opt/sparc-elf-4.4.2/bin/../lib/gcc/sparc-elf/4.4.2/../../../../sparc-elf/lib/soft/libm.a(s_floor.o) (__adddf3)
/opt/sparc-elf-4.4.2/bin/../lib/gcc/sparc-elf/4.4.2/soft/libgcc.a(_mul_df.o)
                              biquad.o (__muldf3)
/opt/sparc-elf-4.4.2/bin/../lib/gcc/sparc-elf/4.4.2/soft/libgcc.a(_div_df.o)
                              /opt/sparc-elf-4.4.2/bin/../lib/gcc/sparc-elf/4.4.2/../../../../sparc-elf/lib/soft/libm.a(wf_sqrt.o) (__divdf3)
/opt/sparc-elf-4.4.2/bin/../lib/gcc/sparc-elf/4.4.2/soft/libgcc.a(_gt_df.o)
                              /opt/sparc-elf-4.4.2/bin/../lib/gcc/sparc-elf/4.4.2/../../../../sparc-elf/lib/soft/libm.a(s_floor.o) (__gtdf2)
/opt/sparc-elf-4.4.2/bin/../lib/gcc/sparc-elf/4.4.2/soft/libgcc.a(_df_to_si.o)
                              biquad.o (__fixdfsi)
/opt/sparc-elf-4.4.2/bin/../lib/gcc/sparc-elf/4.4.2/soft/libgcc.a(_make_df.o)
                              /opt/sparc-elf-4.4.2/bin/../lib/gcc/sparc-elf/4.4.2/soft/libgcc.a(_sf_to_df.o) (__make_dp)
/opt/sparc-elf-4.4.2/bin/../lib/gcc/sparc-elf/4.4.2/soft/libgcc.a(_df_to_sf.o)
                              biquad.o (__truncdfsf2)
/opt/sparc-elf-4.4.2/bin/../lib/gcc/sparc-elf/4.4.2/soft/libgcc.a(_thenan_df.o)
                              /opt/sparc-elf-4.4.2/bin/../lib/gcc/sparc-elf/4.4.2/soft/libgcc.a(_addsub_df.o) (__thenan_df)
/opt/sparc-elf-4.4.2/bin/../lib/gcc/sparc-elf/4.4.2/soft/libgcc.a(_muldi3.o)
                              /opt/sparc-elf-4.4.2/bin/../lib/gcc/sparc-elf/4.4.2/soft/libgcc.a(_mul_sf.o) (__muldi3)
/opt/sparc-elf-4.4.2/bin/../lib/gcc/sparc-elf/4.4.2/soft/libgcc.a(_ucmpdi2.o)
                              /opt/sparc-elf-4.4.2/bin/../lib/gcc/sparc-elf/4.4.2/soft/libgcc.a(_addsub_df.o) (__ucmpdi2)
/opt/sparc-elf-4.4.2/bin/../lib/gcc/sparc-elf/4.4.2/soft/libgcc.a(_clzsi2.o)
                              /opt/sparc-elf-4.4.2/bin/../lib/gcc/sparc-elf/4.4.2/soft/libgcc.a(_si_to_sf.o) (__clzsi2)
/opt/sparc-elf-4.4.2/bin/../lib/gcc/sparc-elf/4.4.2/soft/libgcc.a(_pack_sf.o)
                              /opt/sparc-elf-4.4.2/bin/../lib/gcc/sparc-elf/4.4.2/soft/libgcc.a(_addsub_sf.o) (__pack_f)
/opt/sparc-elf-4.4.2/bin/../lib/gcc/sparc-elf/4.4.2/soft/libgcc.a(_unpack_sf.o)
[...]
Memory Configuration

Name             Origin             Length             Attributes
rom              0x00000000         0x10000000
ram              0x40000000         0x80000000
*default*        0x00000000         0xffffffff

Linker script and memory map

LOAD /opt/sparc-elf-4.4.2/bin/../lib/gcc/sparc-elf/4.4.2/../../../../sparc-elf/lib/soft/locore_mvt.o
LOAD /opt/sparc-elf-4.4.2/bin/../lib/gcc/sparc-elf/4.4.2/../../../../sparc-elf/lib/soft/crt0.o
LOAD /opt/sparc-elf-4.4.2/bin/../lib/gcc/sparc-elf/4.4.2/soft/crti.o
LOAD /opt/sparc-elf-4.4.2/bin/../lib/gcc/sparc-elf/4.4.2/soft/crtbegin.o
LOAD /opt/sparc-elf-4.4.2/bin/../lib/gcc/sparc-elf/4.4.2/../../../../sparc-elf/lib/soft/pnpinit.o
LOAD wahwah.o
LOAD vibrato.o
LOAD tremolo.o
LOAD phaser.o
LOAD noiseGate.o
LOAD logScale.o
LOAD kTable.o
LOAD kDistortionTable.o
LOAD gainTable.o
LOAD gain.o
LOAD flex.o
LOAD flanger.o
LOAD distortion.o
LOAD delay.o
LOAD circularBuffer.o
LOAD chorus.o
LOAD c-irq.o
LOAD biquad.o
LOAD audio_io.o
LOAD audioKernel_03.o
LOAD SVFLookupTable.o
LOAD SVF.o
LOAD LFOSineWaveTable.o
LOAD LFO.o
LOAD /opt/sparc-elf-4.4.2/bin/../lib/gcc/sparc-elf/4.4.2/../../../../sparc-elf/lib/soft/libm.a
LOAD /opt/sparc-elf-4.4.2/bin/../lib/gcc/sparc-elf/4.4.2/soft/libgcc.a
START GROUP
LOAD /opt/sparc-elf-4.4.2/bin/../lib/gcc/sparc-elf/4.4.2/../../../../sparc-elf/lib/soft/libc.a
LOAD /opt/sparc-elf-4.4.2/bin/../lib/gcc/sparc-elf/4.4.2/soft/libgcc.a
LOAD /opt/sparc-elf-4.4.2/bin/../lib/gcc/sparc-elf/4.4.2/../../../../sparc-elf/lib/soft/libleonbare.a
END GROUP
LOAD /opt/sparc-elf-4.4.2/bin/../lib/gcc/sparc-elf/4.4.2/soft/libgcc.a
START GROUP
LOAD /opt/sparc-elf-4.4.2/bin/../lib/gcc/sparc-elf/4.4.2/../../../../sparc-elf/lib/soft/libc.a
LOAD /opt/sparc-elf-4.4.2/bin/../lib/gcc/sparc-elf/4.4.2/soft/libgcc.a
LOAD /opt/sparc-elf-4.4.2/bin/../lib/gcc/sparc-elf/4.4.2/../../../../sparc-elf/lib/soft/libleonbare.a
END GROUP
LOAD /opt/sparc-elf-4.4.2/bin/../lib/gcc/sparc-elf/4.4.2/soft/crtend.o
LOAD /opt/sparc-elf-4.4.2/bin/../lib/gcc/sparc-elf/4.4.2/soft/crtn.o

.text           0x40000000    0x16440
 CREATE_OBJECT_SYMBOLS
 *(.text .text.*)
 .text          0x40000000     0x1000 /opt/sparc-elf-4.4.2/bin/../lib/gcc/sparc-elf/4.4.2/../../../../sparc-elf/lib/soft/locore_mvt.o
                0x40000000                _trap_table
                0x40000000                start
 .text          0x40001000       0x7c /opt/sparc-elf-4.4.2/bin/../lib/gcc/sparc-elf/4.4.2/../../../../sparc-elf/lib/soft/crt0.o
                0x40001000                _start
 .text          0x4000107c        0x0 /opt/sparc-elf-4.4.2/bin/../lib/gcc/sparc-elf/4.4.2/soft/crti.o
 .text          0x4000107c      0x11c /opt/sparc-elf-4.4.2/bin/../lib/gcc/sparc-elf/4.4.2/soft/crtbegin.o
 .text          0x40001198      0x78c /opt/sparc-elf-4.4.2/bin/../lib/gcc/sparc-elf/4.4.2/../../../../sparc-elf/lib/soft/pnpinit.o
                0x40001198                ambapp_addr_from
                0x40001894                pnpinit
                0x4000180c                find_apbslv
 .text          0x40001924      0x33c wahwah.o
                0x40001924                applyWahwah
                0x40001bc4                initWahwah
 .text          0x40001c60      0x164 vibrato.o
                0x40001c60                applyVibrato
                0x40001d3c                initVibrato
 .text          0x40001dc4       0xe4 tremolo.o
                0x40001dc4                applyTremolo
                0x40001e7c                initTremolo
 .text          0x40001ea8       0xb4 phaser.o
                0x40001f2c                initPhaser
                0x40001ea8                applyPhaser
 .text          0x40001f5c      0x1a0 noiseGate.o
                0x40001f5c                applyNoiseGate
                0x40002094                initNoiseGate
 .text          0x400020fc        0x0 logScale.o
 .text          0x400020fc        0x0 kTable.o
 .text          0x400020fc        0x0 kDistortionTable.o
 .text          0x400020fc        0x0 gainTable.o
 .text          0x400020fc       0x74 gain.o
                0x400020fc                applyGain
 .text          0x40002170      0xae8 flex.o
                0x40002a74                dummyOutGain
                0x40002b94                dummyFlanger
                0x40002b70                dummyTremolo
                0x40002bdc                dummyEQ
                0x40002b4c                dummyVibrato
                0x40002b28                dummyWahwah
                0x40002490                extractParams
                0x40002bb8                dummyChorus
                0x40002ae0                dummyDistortion
                0x40002abc                dummyNoiseGate
                0x40002c24                dummyDelay
                0x40002170                initialize
                0x40002b04                dummyPhaser
                0x40002a98                dummyPreGain
 .text          0x40002c58      0x1c8 flanger.o
                0x40002d84                initFlanger
                0x40002c58                applyFlanger
 .text          0x40002e20      0x8fc distortion.o
                0x40002f00                initDistortion
                0x40002e20                applyDrive
                0x40002f58                applyDistortion
 .text          0x4000371c      0x164 delay.o
                0x4000371c                delay
                0x40003814                delayInitialize
 .text          0x40003880      0x184 circularBuffer.o
                0x400038f8                cbWrite
                0x400038e0                cbIsEmpty
                0x40003978                cbRead
                0x40003880                cbInit
                0x400039f0                cbFree
                0x400039b8                cbIncrement
                0x40003898                cbIsFull
 .text          0x40003a04      0x1b0 chorus.o
                0x40003b28                initChorus
                0x40003a04                applyChorus
 .text          0x40003bb4       0x7c c-irq.o
                0x40003c14                irqhandler
                0x40003bb4                enable_irq
                0x40003bfc                force_irq
                0x40003bdc                disable_irq
 .text          0x40003c30      0xacc biquad.o
                0x40003d34                filterCoefficients
                0x40003c30                filter
 .text          0x400046fc       0x50 audio_io.o
                0x40004728                getByte
                0x40004738                mergeByte
                0x4000471c                writeAddrConst
                0x4000470c                writeAddr
                0x400046fc                readAddr
 .text          0x4000474c      0x33c audioKernel_03.o
                0x40004988                adcHandler
                0x4000474c                progHandler
                0x40004754                selectHandler
                0x4000475c                main
 .text          0x40004a88        0x0 SVFLookupTable.o
 .text          0x40004a88      0x1a8 SVF.o
                0x40004a88                initSVF
                0x40004ac4                applySVF
 .text          0x40004c30        0x0 LFOSineWaveTable.o
 .text          0x40004c30       0xa4 LFO.o
                0x40004cac                initLFO
                0x40004c30                getLFOValue
 .text          0x40004cd4      0x1f8 /opt/sparc-elf-4.4.2/bin/../lib/gcc/sparc-elf/4.4.2/../../../../sparc-elf/lib/soft/libm.a(s_floor.o)
                0x40004cd4                floor
 .text          0x40004ecc      0x100 /opt/sparc-elf-4.4.2/bin/../lib/gcc/sparc-elf/4.4.2/../../../../sparc-elf/lib/soft/libm.a(wf_sqrt.o)
                0x40004ecc                sqrtf
 .text          0x40004fcc      0x13c /opt/sparc-elf-4.4.2/bin/../lib/gcc/sparc-elf/4.4.2/../../../../sparc-elf/lib/soft/libm.a(ef_sqrt.o)
                0x40004fcc                __ieee754_sqrtf
 .text          0x40005108        0x0 /opt/sparc-elf-4.4.2/bin/../lib/gcc/sparc-elf/4.4.2/../../../../sparc-elf/lib/soft/libm.a(s_lib_ver.o)
 .text          0x40005108        0x8 /opt/sparc-elf-4.4.2/bin/../lib/gcc/sparc-elf/4.4.2/../../../../sparc-elf/lib/soft/libm.a(s_matherr.o)
                0x40005108                matherr
 .text          0x40005110       0x24 /opt/sparc-elf-4.4.2/bin/../lib/gcc/sparc-elf/4.4.2/../../../../sparc-elf/lib/soft/libm.a(sf_isnan.o)
                0x40005110                isnanf
 .text          0x40005134      0x2d4 /opt/sparc-elf-4.4.2/bin/../lib/gcc/sparc-elf/4.4.2/soft/libgcc.a(_addsub_sf.o)
                0x40005364                __subsf3
                0x400053bc                __addsf3
 .text          0x40005408      0x1dc /opt/sparc-elf-4.4.2/bin/../lib/gcc/sparc-elf/4.4.2/soft/libgcc.a(_mul_sf.o)
                0x40005408                __mulsf3
 .text          0x400055e4      0x164 /opt/sparc-elf-4.4.2/bin/../lib/gcc/sparc-elf/4.4.2/soft/libgcc.a(_div_sf.o)
                0x400055e4                __divsf3
 .text          0x40005748       0x64 /opt/sparc-elf-4.4.2/bin/../lib/gcc/sparc-elf/4.4.2/soft/libgcc.a(_ge_sf.o)
                0x40005748                __gesf2
 .text          0x400057ac       0x64 /opt/sparc-elf-4.4.2/bin/../lib/gcc/sparc-elf/4.4.2/soft/libgcc.a(_lt_sf.o)
                0x400057ac                __ltsf2
 .text          0x40005810       0xa0 /opt/sparc-elf-4.4.2/bin/../lib/gcc/sparc-elf/4.4.2/soft/libgcc.a(_si_to_sf.o)
                0x40005810                __floatsisf
 .text          0x400058b0       0x94 /opt/sparc-elf-4.4.2/bin/../lib/gcc/sparc-elf/4.4.2/soft/libgcc.a(_sf_to_si.o)
                0x400058b0                __fixsfsi
 .text          0x40005944       0x3c /opt/sparc-elf-4.4.2/bin/../lib/gcc/sparc-elf/4.4.2/soft/libgcc.a(_sf_to_df.o)
                0x40005944                __extendsfdf2
 .text          0x40005980        0x0 /opt/sparc-elf-4.4.2/bin/../lib/gcc/sparc-elf/4.4.2/soft/libgcc.a(_thenan_sf.o)
 .text          0x40005980      0x474 /opt/sparc-elf-4.4.2/bin/../lib/gcc/sparc-elf/4.4.2/soft/libgcc.a(_addsub_df.o)
                0x40005da4                __adddf3
                0x40005d48                __subdf3
 .text          0x40005df4      0x364 /opt/sparc-elf-4.4.2/bin/../lib/gcc/sparc-elf/4.4.2/soft/libgcc.a(_mul_df.o)
                0x40005df4                __muldf3
 .text          0x40006158      0x23c /opt/sparc-elf-4.4.2/bin/../lib/gcc/sparc-elf/4.4.2/soft/libgcc.a(_div_df.o)
                0x40006158                __divdf3
 .text          0x40006394       0x64 /opt/sparc-elf-4.4.2/bin/../lib/gcc/sparc-elf/4.4.2/soft/libgcc.a(_gt_df.o)
                0x40006394                __gtdf2
 .text          0x400063f8       0xdc /opt/sparc-elf-4.4.2/bin/../lib/gcc/sparc-elf/4.4.2/soft/libgcc.a(_df_to_si.o)
                0x400063f8                __fixdfsi
 .text          0x400064d4       0x2c /opt/sparc-elf-4.4.2/bin/../lib/gcc/sparc-elf/4.4.2/soft/libgcc.a(_make_df.o)
                0x400064d4                __make_dp
 .text          0x40006500       0x58 /opt/sparc-elf-4.4.2/bin/../lib/gcc/sparc-elf/4.4.2/soft/libgcc.a(_df_to_sf.o)
                0x40006500                __truncdfsf2
 .text          0x40006558        0x0 /opt/sparc-elf-4.4.2/bin/../lib/gcc/sparc-elf/4.4.2/soft/libgcc.a(_thenan_df.o)
 .text          0x40006558       0xcc /opt/sparc-elf-4.4.2/bin/../lib/gcc/sparc-elf/4.4.2/soft/libgcc.a(_muldi3.o)
                0x40006558                __muldi3
 .text          0x40006624       0x3c /opt/sparc-elf-4.4.2/bin/../lib/gcc/sparc-elf/4.4.2/soft/libgcc.a(_ucmpdi2.o)
                0x40006624                __ucmpdi2
 .text          0x40006660       0x78 /opt/sparc-elf-4.4.2/bin/../lib/gcc/sparc-elf/4.4.2/soft/libgcc.a(_clzsi2.o)
                0x40006660                __clzsi2
 .text          0x400066d8      0x164 /opt/sparc-elf-4.4.2/bin/../lib/gcc/sparc-elf/4.4.2/soft/libgcc.a(_pack_sf.o)
                0x400066d8                __pack_f
 .text          0x4000683c       0xd8 /opt/sparc-elf-4.4.2/bin/../lib/gcc/sparc-elf/4.4.2/soft/libgcc.a(_unpack_sf.o)
                0x4000683c                __unpack_f
 .text          0x40006914       0xfc /opt/sparc-elf-4.4.2/bin/../lib/gcc/sparc-elf/4.4.2/soft/libgcc.a(_fpcmp_parts_sf.o)
                0x40006914                __fpcmp_parts_f
 .text          0x40006a10       0x1c /opt/sparc-elf-4.4.2/bin/../lib/gcc/sparc-elf/4.4.2/soft/libgcc.a(_make_sf.o)
                0x40006a10                __make_fp
 .text          0x40006a2c      0x2a8 /opt/sparc-elf-4.4.2/bin/../lib/gcc/sparc-elf/4.4.2/soft/libgcc.a(_pack_df.o)
                0x40006a2c                __pack_d
 .text          0x40006cd4      0x13c /opt/sparc-elf-4.4.2/bin/../lib/gcc/sparc-elf/4.4.2/soft/libgcc.a(_unpack_df.o)
                0x40006cd4                __unpack_d
 .text          0x40006e10      0x138 /opt/sparc-elf-4.4.2/bin/../lib/gcc/sparc-elf/4.4.2/soft/libgcc.a(_fpcmp_parts_df.o)
                0x40006e10                __fpcmp_parts_d
 .text          0x40006f48       0xe8 /opt/sparc-elf-4.4.2/bin/../lib/gcc/sparc-elf/4.4.2/soft/libgcc.a(_mulsi3.o)
                0x40006f48                .umul
 .text          0x40007030       0x40 /opt/sparc-elf-4.4.2/bin/../lib/gcc/sparc-elf/4.4.2/soft/libgcc.a(_lshrdi3.o)
                0x40007030                __lshrdi3
 .text          0x40007070       0x40 /opt/sparc-elf-4.4.2/bin/../lib/gcc/sparc-elf/4.4.2/soft/libgcc.a(_ashldi3.o)
                0x40007070                __ashldi3
 .text          0x400070b0        0x0 /opt/sparc-elf-4.4.2/bin/../lib/gcc/sparc-elf/4.4.2/soft/libgcc.a(_clz.o)
 .text          0x400070b0       0x20 /opt/sparc-elf-4.4.2/bin/../lib/gcc/sparc-elf/4.4.2/../../../../sparc-elf/lib/soft/libc.a(atexit.o)
                0x400070b0                _atexit
                0x400070b0                atexit
 .text          0x400070d0        0xc /opt/sparc-elf-4.4.2/bin/../lib/gcc/sparc-elf/4.4.2/../../../../sparc-elf/lib/soft/libc.a(errno.o)
                0x400070d0                __errno
 .text          0x400070dc        0x0 /opt/sparc-elf-4.4.2/bin/../lib/gcc/sparc-elf/4.4.2/../../../../sparc-elf/lib/soft/libc.a(impure.o)
 .text          0x400070dc       0x38 /opt/sparc-elf-4.4.2/bin/../lib/gcc/sparc-elf/4.4.2/../../../../sparc-elf/lib/soft/libc.a(malloc.o)
                0x400070f8                malloc
                0x400070dc                free
 .text          0x40007114      0x6d8 /opt/sparc-elf-4.4.2/bin/../lib/gcc/sparc-elf/4.4.2/../../../../sparc-elf/lib/soft/libc.a(mallocr.o)
                0x40007114                _malloc_r
 .text          0x400077ec       0xfc /opt/sparc-elf-4.4.2/bin/../lib/gcc/sparc-elf/4.4.2/../../../../sparc-elf/lib/soft/libc.a(memcpy.o)
                0x400077ec                memcpy
 .text          0x400078e8       0x30 /opt/sparc-elf-4.4.2/bin/../lib/gcc/sparc-elf/4.4.2/../../../../sparc-elf/lib/soft/libc.a(mlock.o)
                0x400078e8                __malloc_unlock
                0x40007900                __malloc_lock
 .text          0x40007918       0x70 /opt/sparc-elf-4.4.2/bin/../lib/gcc/sparc-elf/4.4.2/../../../../sparc-elf/lib/soft/libc.a(printf.o)
                0x40007918                printf
                0x40007954                _printf_r
 .text          0x40007988       0x40 /opt/sparc-elf-4.4.2/bin/../lib/gcc/sparc-elf/4.4.2/../../../../sparc-elf/lib/soft/libc.a(sbrkr.o)
                0x40007988                _sbrk_r
 .text          0x400079c8     0x1f74 /opt/sparc-elf-4.4.2/bin/../lib/gcc/sparc-elf/4.4.2/../../../../sparc-elf/lib/soft/libc.a(vfprintf.o)
                0x40007b64                _vfprintf_r
                0x40009910                vfprintf
 .text          0x4000993c       0x8c /opt/sparc-elf-4.4.2/bin/../lib/gcc/sparc-elf/4.4.2/../../../../sparc-elf/lib/soft/libc.a(wcrtomb.o)
                0x4000993c                _wcrtomb_r
                0x4000999c                wcrtomb
 .text          0x400099c8      0x16c /opt/sparc-elf-4.4.2/bin/../lib/gcc/sparc-elf/4.4.2/../../../../sparc-elf/lib/soft/libc.a(wcsrtombs.o)
                0x400099c8                _wcsrtombs_r
                0x40009b00                wcsrtombs
 .text          0x40009b34      0x3f4 /opt/sparc-elf-4.4.2/bin/../lib/gcc/sparc-elf/4.4.2/../../../../sparc-elf/lib/soft/libc.a(wctomb_r.o)
                0x40009b34                _wctomb_r
 .text          0x40009f28      0x134 /opt/sparc-elf-4.4.2/bin/../lib/gcc/sparc-elf/4.4.2/../../../../sparc-elf/lib/soft/libc.a(wsetup.o)
                0x40009f28                __swsetup
 .text          0x4000a05c      0x12c /opt/sparc-elf-4.4.2/bin/../lib/gcc/sparc-elf/4.4.2/../../../../sparc-elf/lib/soft/libc.a(__atexit.o)
                0x4000a05c                __register_exitproc
 .text          0x4000a188     0x1644 /opt/sparc-elf-4.4.2/bin/../lib/gcc/sparc-elf/4.4.2/../../../../sparc-elf/lib/soft/libc.a(dtoa.o)
                0x4000a3a0                _dtoa_r
 .text          0x4000b7cc      0x15c /opt/sparc-elf-4.4.2/bin/../lib/gcc/sparc-elf/4.4.2/../../../../sparc-elf/lib/soft/libc.a(fflush.o)
                0x4000b7cc                fflush
 .text          0x4000b928      0x350 /opt/sparc-elf-4.4.2/bin/../lib/gcc/sparc-elf/4.4.2/../../../../sparc-elf/lib/soft/libc.a(findfp.o)
                0x4000baa0                __sinit
                0x4000bb0c                __sfmoreglue
                0x4000b940                _cleanup
                0x4000b928                _cleanup_r
                0x4000b9f4                __fp_lock_all
                0x4000b9dc                __sfp_lock_acquire
                0x4000bb5c                __sfp
                0x4000b994                __fp_unlock_all
                0x4000b97c                __sfp_lock_release
 .text          0x4000bc78      0x388 /opt/sparc-elf-4.4.2/bin/../lib/gcc/sparc-elf/4.4.2/../../../../sparc-elf/lib/soft/libc.a(freer.o)
                0x4000bd64                _free_r
                0x4000bc78                _malloc_trim_r
 .text          0x4000c000      0x420 /opt/sparc-elf-4.4.2/bin/../lib/gcc/sparc-elf/4.4.2/../../../../sparc-elf/lib/soft/libc.a(fvwrite.o)
                0x4000c000                __sfvwrite
 .text          0x4000c420      0x1c4 /opt/sparc-elf-4.4.2/bin/../lib/gcc/sparc-elf/4.4.2/../../../../sparc-elf/lib/soft/libc.a(fwalk.o)
                0x4000c504                _fwalk
                0x4000c420                _fwalk_reent
 .text          0x4000c5e4       0xb0 /opt/sparc-elf-4.4.2/bin/../lib/gcc/sparc-elf/4.4.2/../../../../sparc-elf/lib/soft/libc.a(locale.o)
                0x4000c608                _setlocale_r
                0x4000c5e4                __locale_charset
                0x4000c5f0                _localeconv_r
                0x4000c670                setlocale
                0x4000c5fc                localeconv
 .text          0x4000c694      0x160 /opt/sparc-elf-4.4.2/bin/../lib/gcc/sparc-elf/4.4.2/../../../../sparc-elf/lib/soft/libc.a(makebuf.o)
                0x4000c694                __smakebuf
 .text          0x4000c7f4       0xf0 /opt/sparc-elf-4.4.2/bin/../lib/gcc/sparc-elf/4.4.2/../../../../sparc-elf/lib/soft/libc.a(memchr.o)
                0x4000c7f4                memchr
 .text          0x4000c8e4      0x150 /opt/sparc-elf-4.4.2/bin/../lib/gcc/sparc-elf/4.4.2/../../../../sparc-elf/lib/soft/libc.a(memmove.o)
                0x4000c8e4                memmove
 .text          0x4000ca34       0xdc /opt/sparc-elf-4.4.2/bin/../lib/gcc/sparc-elf/4.4.2/../../../../sparc-elf/lib/soft/libc.a(memset.o)
                0x4000ca34                memset
 .text          0x4000cb10      0xe2c /opt/sparc-elf-4.4.2/bin/../lib/gcc/sparc-elf/4.4.2/../../../../sparc-elf/lib/soft/libc.a(mprec.o)
                0x4000cf1c                _mprec_log10
                0x4000cb3c                _hi0bits
                0x4000cf74                _Balloc
                0x4000d01c                _d2b
                0x4000d42c                _multiply
                0x4000ce80                _ratio
                0x4000d86c                _s2b
                0x4000d64c                _i2b
                0x4000cbc0                _lo0bits
                0x4000cca4                __mcmp
                0x4000d758                _pow5mult
                0x4000cd18                _ulp
                0x4000cd8c                _b2d
                0x4000d670                _multadd
                0x4000d144                __mdiff
                0x4000d2f8                _lshift
                0x4000cb10                _Bfree
 .text          0x4000d93c      0x4f8 /opt/sparc-elf-4.4.2/bin/../lib/gcc/sparc-elf/4.4.2/../../../../sparc-elf/lib/soft/libc.a(reallocr.o)
                0x4000d93c                _realloc_r
 .text          0x4000de34      0x1b8 /opt/sparc-elf-4.4.2/bin/../lib/gcc/sparc-elf/4.4.2/../../../../sparc-elf/lib/soft/libc.a(reent.o)
                0x4000dec0                cleanup_glue
                0x4000dee8                _reclaim_reent
                0x4000de34                _wrapup_reent
 .text          0x4000dfec       0x34 /opt/sparc-elf-4.4.2/bin/../lib/gcc/sparc-elf/4.4.2/../../../../sparc-elf/lib/soft/libc.a(s_isinf.o)
                0x4000dfec                isinf
 .text          0x4000e020       0x28 /opt/sparc-elf-4.4.2/bin/../lib/gcc/sparc-elf/4.4.2/../../../../sparc-elf/lib/soft/libc.a(s_isnan.o)
                0x4000e020                isnan
 .text          0x4000e048      0x11c /opt/sparc-elf-4.4.2/bin/../lib/gcc/sparc-elf/4.4.2/../../../../sparc-elf/lib/soft/libc.a(stdio.o)
                0x4000e064                __sseek
                0x4000e114                __sread
                0x4000e048                __sclose
                0x4000e0bc                __swrite
 .text          0x4000e164       0xe8 /opt/sparc-elf-4.4.2/bin/../lib/gcc/sparc-elf/4.4.2/../../../../sparc-elf/lib/soft/libc.a(strcmp.o)
                0x4000e164                strcmp
 .text          0x4000e24c       0x94 /opt/sparc-elf-4.4.2/bin/../lib/gcc/sparc-elf/4.4.2/../../../../sparc-elf/lib/soft/libc.a(strlen.o)
                0x4000e24c                strlen
 .text          0x4000e2e0       0x48 /opt/sparc-elf-4.4.2/bin/../lib/gcc/sparc-elf/4.4.2/../../../../sparc-elf/lib/soft/libc.a(writer.o)
                0x4000e2e0                _write_r
 .text          0x4000e328       0xa0 /opt/sparc-elf-4.4.2/bin/../lib/gcc/sparc-elf/4.4.2/../../../../sparc-elf/lib/soft/libc.a(callocr.o)
                0x4000e328                _calloc_r
 .text          0x4000e3c8       0x40 /opt/sparc-elf-4.4.2/bin/../lib/gcc/sparc-elf/4.4.2/../../../../sparc-elf/lib/soft/libc.a(closer.o)
                0x4000e3c8                _close_r
 .text          0x4000e408      0x18c /opt/sparc-elf-4.4.2/bin/../lib/gcc/sparc-elf/4.4.2/../../../../sparc-elf/lib/soft/libc.a(fclose.o)
                0x4000e408                _fclose_r
                0x4000e578                fclose
 .text          0x4000e594       0x44 /opt/sparc-elf-4.4.2/bin/../lib/gcc/sparc-elf/4.4.2/../../../../sparc-elf/lib/soft/libc.a(fstatr.o)
                0x4000e594                _fstat_r
 .text          0x4000e5d8       0x48 /opt/sparc-elf-4.4.2/bin/../lib/gcc/sparc-elf/4.4.2/../../../../sparc-elf/lib/soft/libc.a(lseekr.o)
                0x4000e5d8                _lseek_r
 .text          0x4000e620       0x48 /opt/sparc-elf-4.4.2/bin/../lib/gcc/sparc-elf/4.4.2/../../../../sparc-elf/lib/soft/libc.a(readr.o)
                0x4000e620                _read_r
 .text          0x4000e668      0x2b0 /opt/sparc-elf-4.4.2/bin/../lib/gcc/sparc-elf/4.4.2/soft/libgcc.a(_divsi3.o)
                0x4000e668                .udiv
                0x4000e670                .div
 .text          0x4000e918      0x2b0 /opt/sparc-elf-4.4.2/bin/../lib/gcc/sparc-elf/4.4.2/soft/libgcc.a(_modsi3.o)
                0x4000e918                .urem
                0x4000e920                .rem
 .text          0x4000ebc8       0x64 /opt/sparc-elf-4.4.2/bin/../lib/gcc/sparc-elf/4.4.2/soft/libgcc.a(_eq_df.o)
                0x4000ebc8                __eqdf2
 .text          0x4000ec2c       0x64 /opt/sparc-elf-4.4.2/bin/../lib/gcc/sparc-elf/4.4.2/soft/libgcc.a(_ne_df.o)
                0x4000ec2c                __nedf2
 .text          0x4000ec90       0x64 /opt/sparc-elf-4.4.2/bin/../lib/gcc/sparc-elf/4.4.2/soft/libgcc.a(_ge_df.o)
                0x4000ec90                __gedf2
 .text          0x4000ecf4       0x64 /opt/sparc-elf-4.4.2/bin/../lib/gcc/sparc-elf/4.4.2/soft/libgcc.a(_lt_df.o)
                0x4000ecf4                __ltdf2
 .text          0x4000ed58       0xd8 /opt/sparc-elf-4.4.2/bin/../lib/gcc/sparc-elf/4.4.2/soft/libgcc.a(_si_to_df.o)
                0x4000ed58                __floatsidf
 .text          0x4000ee30      0x13c /opt/sparc-elf-4.4.2/bin/../lib/gcc/sparc-elf/4.4.2/soft/libgcc.a(_usi_to_df.o)
                0x4000ee30                __floatunsidf
 .text          0x4000ef6c        0x8 /opt/sparc-elf-4.4.2/bin/../lib/gcc/sparc-elf/4.4.2/../../../../sparc-elf/lib/soft/libleonbare.a(close.o)
                0x4000ef6c                close
 .text          0x4000ef74       0x14 /opt/sparc-elf-4.4.2/bin/../lib/gcc/sparc-elf/4.4.2/../../../../sparc-elf/lib/soft/libleonbare.a(fstat.o)
                0x4000ef74                fstat
 .text          0x4000ef88        0x8 /opt/sparc-elf-4.4.2/bin/../lib/gcc/sparc-elf/4.4.2/../../../../sparc-elf/lib/soft/libleonbare.a(isatty.o)
                0x4000ef88                isatty
 .text          0x4000ef90       0x1c /opt/sparc-elf-4.4.2/bin/../lib/gcc/sparc-elf/4.4.2/../../../../sparc-elf/lib/soft/libleonbare.a(lseek.o)
                0x4000ef90                lseek
 .text          0x4000efac       0x5c /opt/sparc-elf-4.4.2/bin/../lib/gcc/sparc-elf/4.4.2/../../../../sparc-elf/lib/soft/libleonbare.a(read.o)
                0x4000efac                read
 .text          0x4000f008       0x3c /opt/sparc-elf-4.4.2/bin/../lib/gcc/sparc-elf/4.4.2/../../../../sparc-elf/lib/soft/libleonbare.a(sbrk.o)
                0x4000f008                sbrk
 .text          0x4000f044       0x78 /opt/sparc-elf-4.4.2/bin/../lib/gcc/sparc-elf/4.4.2/../../../../sparc-elf/lib/soft/libleonbare.a(write.o)
                0x4000f044                write
 .text          0x4000f0bc       0x84 /opt/sparc-elf-4.4.2/bin/../lib/gcc/sparc-elf/4.4.2/../../../../sparc-elf/lib/soft/libleonbare.a(io.o)
                0x4000f0bc                outbyte
                0x4000f10c                inbyte
 .text          0x4000f140       0xcc /opt/sparc-elf-4.4.2/bin/../lib/gcc/sparc-elf/4.4.2/../../../../sparc-elf/lib/soft/libleonbare.a(regwin.o)
                0x4000f1a4                __window_overflow_slow1
                0x4000f140                _window_overflow
                0x4000f140                _window_overflow_svt
                0x4000f140                __window_overflow_rettseq
                0x4000f1ac                _window_underflow
                0x4000f1ac                _window_underflow_svt
                0x4000f14c                __window_overflow_rettseq_ret
 .text          0x4000f20c      0x230 /opt/sparc-elf-4.4.2/bin/../lib/gcc/sparc-elf/4.4.2/../../../../sparc-elf/lib/soft/libleonbare.a(regwinflush.o)
                0x4000f364                _irqcall_disableirq
                0x4000f20c                _flush_windows_svt
                0x4000f380                _irqcall_svt
                0x4000f210                _flush_windows
                0x4000f364                _irqcall_disableirq_svt
                0x4000f380                _irqcall
                0x4000f430                leonbare_flush_windows
                0x4000f424                leonbare_disable_traps
                0x4000f418                leonbare_enable_traps
 .text          0x4000f43c       0x18 /opt/sparc-elf-4.4.2/bin/../lib/gcc/sparc-elf/4.4.2/../../../../sparc-elf/lib/soft/libleonbare.a(bdinit.o)
                0x4000f44c                prelibchook
                0x4000f43c                bdinit1
                0x4000f444                bdinit2
 .text          0x4000f454       0xa0 /opt/sparc-elf-4.4.2/bin/../lib/gcc/sparc-elf/4.4.2/../../../../sparc-elf/lib/soft/libleonbare.a(irqtrap_fast.o)
                0x4000f45c                leonbare_irq_entry
                0x4000f454                _leonbare_irq_entry_svt
 .text          0x4000f4f4      0x218 /opt/sparc-elf-4.4.2/bin/../lib/gcc/sparc-elf/4.4.2/../../../../sparc-elf/lib/soft/libleonbare.a(catch_interrupt.o)
                0x4000f700                sparc_leon23_get_tbr_base
                0x4000f4f4                catch_interrupt
                0x4000f57c                chained_catch_interrupt
                0x4000f598                handler_irq
                0x4000f6b8                traptable_genjmp
 .text          0x4000f70c        0x0 /opt/sparc-elf-4.4.2/bin/../lib/gcc/sparc-elf/4.4.2/../../../../sparc-elf/lib/soft/libleonbare.a(rtc.o)
 .text          0x4000f70c      0x110 /opt/sparc-elf-4.4.2/bin/../lib/gcc/sparc-elf/4.4.2/../../../../sparc-elf/lib/soft/libleonbare.a(lcpuinit.o)
                0x4000f70c                cpuinit
 .text          0x4000f81c        0x0 /opt/sparc-elf-4.4.2/bin/../lib/gcc/sparc-elf/4.4.2/../../../../sparc-elf/lib/soft/libleonbare.a(lcpudata.o)
 .text          0x4000f81c        0x0 /opt/sparc-elf-4.4.2/bin/../lib/gcc/sparc-elf/4.4.2/../../../../sparc-elf/lib/soft/libleonbare.a(console.o)
 .text          0x4000f81c       0x10 /opt/sparc-elf-4.4.2/bin/../lib/gcc/sparc-elf/4.4.2/../../../../sparc-elf/lib/soft/libleonbare.a(_exit.o)
                0x4000f81c                _exit
 .text          0x4000f82c      0x2c4 /opt/sparc-elf-4.4.2/bin/../lib/gcc/sparc-elf/4.4.2/../../../../sparc-elf/lib/soft/libleonbare.a(amba.o)
                0x4000f8e4                amba_init
                0x4000f82c                amba_find_apbslv_addr
 .text          0x4000faf0      0x170 /opt/sparc-elf-4.4.2/bin/../lib/gcc/sparc-elf/4.4.2/../../../../sparc-elf/lib/soft/libleonbare.a(mutex.o)
                0x4000fb7c                __st_pthread_mutex_trylock
                0x4000fb50                __st_pthread_mutex_lock
                0x4000fc00                __st_pthread_mutexattr_destroy
                0x4000fb7c                ___st_pthread_mutex_trylock
                0x4000fc2c                __st_pthread_mutexattr_settype
                0x4000faf0                __st_pthread_mutex_init
                0x4000fb50                ___st_pthread_mutex_lock
                0x4000fc00                ___st_pthread_mutexattr_destroy
                0x4000faf0                ___st_pthread_mutex_init
                0x4000fb24                ___st_pthread_mutex_destroy
                0x4000fbd4                __st_pthread_mutexattr_init
                0x4000fba8                ___st_pthread_mutex_unlock
                0x4000fbd4                ___st_pthread_mutexattr_init
                0x4000fc2c                ___st_pthread_mutexattr_settype
                0x4000fba8                __st_pthread_mutex_unlock
                0x4000fb24                __st_pthread_mutex_destroy
 .text          0x4000fc60       0xa8 /opt/sparc-elf-4.4.2/bin/../lib/gcc/sparc-elf/4.4.2/../../../../sparc-elf/lib/soft/libleonbare.a(locore.o)
                0x4000fc60                _hardreset_real
                0x4000fc64                _hardreset
                0x4000fcdc                _fpdis_svt
                0x4000fcdc                _fpdis
 .text          0x4000fd08       0x10 /opt/sparc-elf-4.4.2/bin/../lib/gcc/sparc-elf/4.4.2/../../../../sparc-elf/lib/soft/libleonbare.a(locore_clean.o)
                0x4000fd08                _cleanregs_libgloss
                0x4000fd08                _cleanregs_custom_weak
 .text          0x4000fd18       0x68 /opt/sparc-elf-4.4.2/bin/../lib/gcc/sparc-elf/4.4.2/../../../../sparc-elf/lib/soft/libleonbare.a(locore_var.o)
                0x4000fd18                _hardreset_custom_weak
 .text          0x4000fd80        0x8 /opt/sparc-elf-4.4.2/bin/../lib/gcc/sparc-elf/4.4.2/../../../../sparc-elf/lib/soft/libleonbare.a(locore_var_svt.o)
                0x4000fd80                _hardreset_custom_svt_weak
 .text          0x4000fd88        0x0 /opt/sparc-elf-4.4.2/bin/../lib/gcc/sparc-elf/4.4.2/../../../../sparc-elf/lib/soft/libleonbare.a(jiffies.o)
 .text          0x4000fd88       0x18 /opt/sparc-elf-4.4.2/bin/../lib/gcc/sparc-elf/4.4.2/../../../../sparc-elf/lib/soft/libleonbare.a(mmu_asm.o)
                0x4000fd88                _srmmu_fault_svt
                0x4000fd88                _srmmu_fault
 .text          0x4000fda0       0x38 /opt/sparc-elf-4.4.2/bin/../lib/gcc/sparc-elf/4.4.2/../../../../sparc-elf/lib/soft/libleonbare.a(locore_mvt_reset.o)
                0x4000fda0                _hardreset_mvt
 .text          0x4000fdd8       0x4c /opt/sparc-elf-4.4.2/bin/../lib/gcc/sparc-elf/4.4.2/../../../../sparc-elf/lib/soft/libleonbare.a(initcalls.o)
                0x4000fdd8                _call_initcalls
 .text          0x4000fe24       0x98 /opt/sparc-elf-4.4.2/bin/../lib/gcc/sparc-elf/4.4.2/../../../../sparc-elf/lib/soft/libleonbare.a(etrap.o)
                0x4000fe24                leonbare_trapsetup
 .text          0x4000febc      0x110 /opt/sparc-elf-4.4.2/bin/../lib/gcc/sparc-elf/4.4.2/../../../../sparc-elf/lib/soft/libleonbare.a(rtrap.o)
                0x4000febc                leonbare_trapreturn
 .text          0x4000ffcc       0x7c /opt/sparc-elf-4.4.2/bin/../lib/gcc/sparc-elf/4.4.2/../../../../sparc-elf/lib/soft/libleonbare.a(etrap_fast.o)
                0x4000ffcc                leonbare_trapsetup_fast
 .text          0x40010048       0xd8 /opt/sparc-elf-4.4.2/bin/../lib/gcc/sparc-elf/4.4.2/../../../../sparc-elf/lib/soft/libleonbare.a(rtrap_fast.o)
                0x40010048                leonbare_trapreturn_fast
 .text          0x40010120       0xe4 /opt/sparc-elf-4.4.2/bin/../lib/gcc/sparc-elf/4.4.2/../../../../sparc-elf/lib/soft/libleonbare.a(busscan.o)
                0x40010178                apbslv_scan
                0x400101cc                iobar_getbase
                0x40010120                ahbslv_scan
 .text          0x40010204       0x48 /opt/sparc-elf-4.4.2/bin/../lib/gcc/sparc-elf/4.4.2/soft/crtend.o
 .text          0x4001024c        0x0 /opt/sparc-elf-4.4.2/bin/../lib/gcc/sparc-elf/4.4.2/soft/crtn.o
                0x4001024c                etext = .
                0x40010250                . = ALIGN (0x10)
 *fill*         0x4001024c        0x4 00
 *(.eh_frame)
 .eh_frame      0x40010250        0x0 /opt/sparc-elf-4.4.2/bin/../lib/gcc/sparc-elf/4.4.2/soft/crtbegin.o
 .eh_frame      0x40010250       0xb4 /opt/sparc-elf-4.4.2/bin/../lib/gcc/sparc-elf/4.4.2/../../../../sparc-elf/lib/soft/pnpinit.o
 .eh_frame      0x40010304       0x38 wahwah.o
                                 0x4c (size before relaxing)
 .eh_frame      0x4001033c       0x38 vibrato.o
                                 0x4c (size before relaxing)
 .eh_frame      0x40010374       0x38 tremolo.o
                                 0x4c (size before relaxing)
 .eh_frame      0x400103ac       0x38 phaser.o
                                 0x4c (size before relaxing)
 .eh_frame      0x400103e4       0x38 noiseGate.o
                                 0x4c (size before relaxing)
 .eh_frame      0x4001041c       0x1c gain.o
                                 0x30 (size before relaxing)
 .eh_frame      0x40010438      0x130 flex.o
                                0x144 (size before relaxing)
 .eh_frame      0x40010568       0x38 flanger.o
                                 0x4c (size before relaxing)
 .eh_frame      0x400105a0       0x54 distortion.o
                                 0x68 (size before relaxing)
 .eh_frame      0x400105f4       0x38 delay.o
                                 0x4c (size before relaxing)
 .eh_frame      0x4001062c       0x94 circularBuffer.o
                                 0xa8 (size before relaxing)
 .eh_frame      0x400106c0       0x38 chorus.o
                                 0x4c (size before relaxing)
 .eh_frame      0x400106f8       0x50 c-irq.o
                                 0x64 (size before relaxing)
 .eh_frame      0x40010748       0x38 biquad.o
                                 0x4c (size before relaxing)
 .eh_frame      0x40010780       0x64 audio_io.o
                                 0x78 (size before relaxing)
 .eh_frame      0x400107e4       0x60 audioKernel_03.o
                                 0x74 (size before relaxing)
 .eh_frame      0x40010844       0x30 SVF.o
                                 0x44 (size before relaxing)
 .eh_frame      0x40010874       0x30 LFO.o
                                 0x44 (size before relaxing)
 .eh_frame      0x400108a4       0x1c /opt/sparc-elf-4.4.2/bin/../lib/gcc/sparc-elf/4.4.2/../../../../sparc-elf/lib/soft/libm.a(s_floor.o)
                                 0x30 (size before relaxing)
 .eh_frame      0x400108c0       0x18 /opt/sparc-elf-4.4.2/bin/../lib/gcc/sparc-elf/4.4.2/../../../../sparc-elf/lib/soft/libm.a(wf_sqrt.o)
                                 0x2c (size before relaxing)
 .eh_frame      0x400108d8       0x1c /opt/sparc-elf-4.4.2/bin/../lib/gcc/sparc-elf/4.4.2/../../../../sparc-elf/lib/soft/libm.a(ef_sqrt.o)
                                 0x30 (size before relaxing)
 .eh_frame      0x400108f4       0x14 /opt/sparc-elf-4.4.2/bin/../lib/gcc/sparc-elf/4.4.2/../../../../sparc-elf/lib/soft/libm.a(s_matherr.o)
                                 0x28 (size before relaxing)
 .eh_frame      0x40010908       0x14 /opt/sparc-elf-4.4.2/bin/../lib/gcc/sparc-elf/4.4.2/../../../../sparc-elf/lib/soft/libm.a(sf_isnan.o)
                                 0x28 (size before relaxing)
 .eh_frame      0x4001091c       0x54 /opt/sparc-elf-4.4.2/bin/../lib/gcc/sparc-elf/4.4.2/soft/libgcc.a(_addsub_sf.o)
                                 0x68 (size before relaxing)
 .eh_frame      0x40010970       0x1c /opt/sparc-elf-4.4.2/bin/../lib/gcc/sparc-elf/4.4.2/soft/libgcc.a(_mul_sf.o)
                                 0x30 (size before relaxing)
 .eh_frame      0x4001098c       0x1c /opt/sparc-elf-4.4.2/bin/../lib/gcc/sparc-elf/4.4.2/soft/libgcc.a(_div_sf.o)
                                 0x30 (size before relaxing)
 .eh_frame      0x400109a8       0x1c /opt/sparc-elf-4.4.2/bin/../lib/gcc/sparc-elf/4.4.2/soft/libgcc.a(_ge_sf.o)
                                 0x30 (size before relaxing)
 .eh_frame      0x400109c4       0x1c /opt/sparc-elf-4.4.2/bin/../lib/gcc/sparc-elf/4.4.2/soft/libgcc.a(_lt_sf.o)
                                 0x30 (size before relaxing)
 .eh_frame      0x400109e0       0x1c /opt/sparc-elf-4.4.2/bin/../lib/gcc/sparc-elf/4.4.2/soft/libgcc.a(_si_to_sf.o)
                                 0x30 (size before relaxing)
 .eh_frame      0x400109fc       0x1c /opt/sparc-elf-4.4.2/bin/../lib/gcc/sparc-elf/4.4.2/soft/libgcc.a(_sf_to_si.o)
                                 0x30 (size before relaxing)
 .eh_frame      0x40010a18       0x1c /opt/sparc-elf-4.4.2/bin/../lib/gcc/sparc-elf/4.4.2/soft/libgcc.a(_sf_to_df.o)
                                 0x30 (size before relaxing)
 .eh_frame      0x40010a34       0x54 /opt/sparc-elf-4.4.2/bin/../lib/gcc/sparc-elf/4.4.2/soft/libgcc.a(_addsub_df.o)
                                 0x68 (size before relaxing)
 .eh_frame      0x40010a88       0x1c /opt/sparc-elf-4.4.2/bin/../lib/gcc/sparc-elf/4.4.2/soft/libgcc.a(_mul_df.o)
                                 0x30 (size before relaxing)
 .eh_frame      0x40010aa4       0x1c /opt/sparc-elf-4.4.2/bin/../lib/gcc/sparc-elf/4.4.2/soft/libgcc.a(_div_df.o)
                                 0x30 (size before relaxing)
 .eh_frame      0x40010ac0       0x1c /opt/sparc-elf-4.4.2/bin/../lib/gcc/sparc-elf/4.4.2/soft/libgcc.a(_gt_df.o)
                                 0x30 (size before relaxing)
 .eh_frame      0x40010adc       0x1c /opt/sparc-elf-4.4.2/bin/../lib/gcc/sparc-elf/4.4.2/soft/libgcc.a(_df_to_si.o)
                                 0x30 (size before relaxing)
 .eh_frame      0x40010af8       0x1c /opt/sparc-elf-4.4.2/bin/../lib/gcc/sparc-elf/4.4.2/soft/libgcc.a(_make_df.o)
                                 0x30 (size before relaxing)
 .eh_frame      0x40010b14       0x1c /opt/sparc-elf-4.4.2/bin/../lib/gcc/sparc-elf/4.4.2/soft/libgcc.a(_df_to_sf.o)
                                 0x30 (size before relaxing)
 .eh_frame      0x40010b30       0x1c /opt/sparc-elf-4.4.2/bin/../lib/gcc/sparc-elf/4.4.2/soft/libgcc.a(_muldi3.o)
                                 0x30 (size before relaxing)
 .eh_frame      0x40010b4c       0x14 /opt/sparc-elf-4.4.2/bin/../lib/gcc/sparc-elf/4.4.2/soft/libgcc.a(_ucmpdi2.o)
                                 0x28 (size before relaxing)
 .eh_frame      0x40010b60       0x14 /opt/sparc-elf-4.4.2/bin/../lib/gcc/sparc-elf/4.4.2/soft/libgcc.a(_clzsi2.o)
                                 0x28 (size before relaxing)
 .eh_frame      0x40010b74       0x1c /opt/sparc-elf-4.4.2/bin/../lib/gcc/sparc-elf/4.4.2/soft/libgcc.a(_pack_sf.o)
                                 0x30 (size before relaxing)
 .eh_frame      0x40010b90       0x14 /opt/sparc-elf-4.4.2/bin/../lib/gcc/sparc-elf/4.4.2/soft/libgcc.a(_unpack_sf.o)
                                 0x28 (size before relaxing)
 .eh_frame      0x40010ba4       0x14 /opt/sparc-elf-4.4.2/bin/../lib/gcc/sparc-elf/4.4.2/soft/libgcc.a(_fpcmp_parts_sf.o)
                                 0x28 (size before relaxing)
 .eh_frame      0x40010bb8       0x1c /opt/sparc-elf-4.4.2/bin/../lib/gcc/sparc-elf/4.4.2/soft/libgcc.a(_make_sf.o)
                                 0x30 (size before relaxing)
 .eh_frame      0x40010bd4       0x1c /opt/sparc-elf-4.4.2/bin/../lib/gcc/sparc-elf/4.4.2/soft/libgcc.a(_pack_df.o)
                                 0x30 (size before relaxing)
 .eh_frame      0x40010bf0       0x1c /opt/sparc-elf-4.4.2/bin/../lib/gcc/sparc-elf/4.4.2/soft/libgcc.a(_unpack_df.o)
                                 0x30 (size before relaxing)
 .eh_frame      0x40010c0c       0x1c /opt/sparc-elf-4.4.2/bin/../lib/gcc/sparc-elf/4.4.2/soft/libgcc.a(_fpcmp_parts_df.o)
                                 0x30 (size before relaxing)
 .eh_frame      0x40010c28       0x14 /opt/sparc-elf-4.4.2/bin/../lib/gcc/sparc-elf/4.4.2/soft/libgcc.a(_lshrdi3.o)
                                 0x28 (size before relaxing)
 .eh_frame      0x40010c3c       0x14 /opt/sparc-elf-4.4.2/bin/../lib/gcc/sparc-elf/4.4.2/soft/libgcc.a(_ashldi3.o)
                                 0x28 (size before relaxing)
 .eh_frame      0x40010c50       0x14 /opt/sparc-elf-4.4.2/bin/../lib/gcc/sparc-elf/4.4.2/../../../../sparc-elf/lib/soft/libc.a(atexit.o)
                                 0x28 (size before relaxing)
 .eh_frame      0x40010c64       0x14 /opt/sparc-elf-4.4.2/bin/../lib/gcc/sparc-elf/4.4.2/../../../../sparc-elf/lib/soft/libc.a(errno.o)
                                 0x28 (size before relaxing)
 .eh_frame      0x40010c78       0x28 /opt/sparc-elf-4.4.2/bin/../lib/gcc/sparc-elf/4.4.2/../../../../sparc-elf/lib/soft/libc.a(malloc.o)
                                 0x3c (size before relaxing)
 .eh_frame      0x40010ca0       0x1c /opt/sparc-elf-4.4.2/bin/../lib/gcc/sparc-elf/4.4.2/../../../../sparc-elf/lib/soft/libc.a(mallocr.o)
                                 0x30 (size before relaxing)
 .eh_frame      0x40010cbc       0x1c /opt/sparc-elf-4.4.2/bin/../lib/gcc/sparc-elf/4.4.2/../../../../sparc-elf/lib/soft/libc.a(memcpy.o)
                                 0x30 (size before relaxing)
 .eh_frame      0x40010cd8       0x28 /opt/sparc-elf-4.4.2/bin/../lib/gcc/sparc-elf/4.4.2/../../../../sparc-elf/lib/soft/libc.a(mlock.o)
                                 0x3c (size before relaxing)
 .eh_frame      0x40010d00       0x38 /opt/sparc-elf-4.4.2/bin/../lib/gcc/sparc-elf/4.4.2/../../../../sparc-elf/lib/soft/libc.a(printf.o)
                                 0x4c (size before relaxing)
 .eh_frame      0x40010d38       0x1c /opt/sparc-elf-4.4.2/bin/../lib/gcc/sparc-elf/4.4.2/../../../../sparc-elf/lib/soft/libc.a(sbrkr.o)
                                 0x30 (size before relaxing)
 .eh_frame      0x40010d54       0x48 /opt/sparc-elf-4.4.2/bin/../lib/gcc/sparc-elf/4.4.2/../../../../sparc-elf/lib/soft/libc.a(vfprintf.o)
                                 0x5c (size before relaxing)
 .eh_frame      0x40010d9c       0x30 /opt/sparc-elf-4.4.2/bin/../lib/gcc/sparc-elf/4.4.2/../../../../sparc-elf/lib/soft/libc.a(wcrtomb.o)
                                 0x44 (size before relaxing)
 .eh_frame      0x40010dcc       0x30 /opt/sparc-elf-4.4.2/bin/../lib/gcc/sparc-elf/4.4.2/../../../../sparc-elf/lib/soft/libc.a(wcsrtombs.o)
                                 0x44 (size before relaxing)
 .eh_frame      0x40010dfc       0x1c /opt/sparc-elf-4.4.2/bin/../lib/gcc/sparc-elf/4.4.2/../../../../sparc-elf/lib/soft/libc.a(wctomb_r.o)
                                 0x30 (size before relaxing)
 .eh_frame      0x40010e18       0x1c /opt/sparc-elf-4.4.2/bin/../lib/gcc/sparc-elf/4.4.2/../../../../sparc-elf/lib/soft/libc.a(wsetup.o)
                                 0x30 (size before relaxing)
 .eh_frame      0x40010e34       0x1c /opt/sparc-elf-4.4.2/bin/../lib/gcc/sparc-elf/4.4.2/../../../../sparc-elf/lib/soft/libc.a(__atexit.o)
                                 0x30 (size before relaxing)
 .eh_frame      0x40010e50       0x38 /opt/sparc-elf-4.4.2/bin/../lib/gcc/sparc-elf/4.4.2/../../../../sparc-elf/lib/soft/libc.a(dtoa.o)
                                 0x4c (size before relaxing)
 .eh_frame      0x40010e88       0x1c /opt/sparc-elf-4.4.2/bin/../lib/gcc/sparc-elf/4.4.2/../../../../sparc-elf/lib/soft/libc.a(fflush.o)
                                 0x30 (size before relaxing)
 .eh_frame      0x40010ea4      0x128 /opt/sparc-elf-4.4.2/bin/../lib/gcc/sparc-elf/4.4.2/../../../../sparc-elf/lib/soft/libc.a(findfp.o)
                                0x13c (size before relaxing)
 .eh_frame      0x40010fcc       0x34 /opt/sparc-elf-4.4.2/bin/../lib/gcc/sparc-elf/4.4.2/../../../../sparc-elf/lib/soft/libc.a(freer.o)
                                 0x48 (size before relaxing)
 .eh_frame      0x40011000       0x1c /opt/sparc-elf-4.4.2/bin/../lib/gcc/sparc-elf/4.4.2/../../../../sparc-elf/lib/soft/libc.a(fvwrite.o)
                                 0x30 (size before relaxing)
 .eh_frame      0x4001101c       0x30 /opt/sparc-elf-4.4.2/bin/../lib/gcc/sparc-elf/4.4.2/../../../../sparc-elf/lib/soft/libc.a(fwalk.o)
                                 0x44 (size before relaxing)
 .eh_frame      0x4001104c       0x6c /opt/sparc-elf-4.4.2/bin/../lib/gcc/sparc-elf/4.4.2/../../../../sparc-elf/lib/soft/libc.a(locale.o)
                                 0x80 (size before relaxing)
 .eh_frame      0x400110b8       0x1c /opt/sparc-elf-4.4.2/bin/../lib/gcc/sparc-elf/4.4.2/../../../../sparc-elf/lib/soft/libc.a(makebuf.o)
                                 0x30 (size before relaxing)
 .eh_frame      0x400110d4       0x1c /opt/sparc-elf-4.4.2/bin/../lib/gcc/sparc-elf/4.4.2/../../../../sparc-elf/lib/soft/libc.a(memchr.o)
                                 0x30 (size before relaxing)
 .eh_frame      0x400110f0       0x1c /opt/sparc-elf-4.4.2/bin/../lib/gcc/sparc-elf/4.4.2/../../../../sparc-elf/lib/soft/libc.a(memmove.o)
                                 0x30 (size before relaxing)
 .eh_frame      0x4001110c       0x1c /opt/sparc-elf-4.4.2/bin/../lib/gcc/sparc-elf/4.4.2/../../../../sparc-elf/lib/soft/libc.a(memset.o)
                                 0x30 (size before relaxing)
 .eh_frame      0x40011128      0x1bc /opt/sparc-elf-4.4.2/bin/../lib/gcc/sparc-elf/4.4.2/../../../../sparc-elf/lib/soft/libc.a(mprec.o)
                                0x1d0 (size before relaxing)
 .eh_frame      0x400112e4       0x1c /opt/sparc-elf-4.4.2/bin/../lib/gcc/sparc-elf/4.4.2/../../../../sparc-elf/lib/soft/libc.a(reallocr.o)
                                 0x30 (size before relaxing)
 .eh_frame      0x40011300       0x54 /opt/sparc-elf-4.4.2/bin/../lib/gcc/sparc-elf/4.4.2/../../../../sparc-elf/lib/soft/libc.a(reent.o)
                                 0x68 (size before relaxing)
 .eh_frame      0x40011354       0x14 /opt/sparc-elf-4.4.2/bin/../lib/gcc/sparc-elf/4.4.2/../../../../sparc-elf/lib/soft/libc.a(s_isinf.o)
                                 0x28 (size before relaxing)
 .eh_frame      0x40011368       0x14 /opt/sparc-elf-4.4.2/bin/../lib/gcc/sparc-elf/4.4.2/../../../../sparc-elf/lib/soft/libc.a(s_isnan.o)
                                 0x28 (size before relaxing)
 .eh_frame      0x4001137c       0x68 /opt/sparc-elf-4.4.2/bin/../lib/gcc/sparc-elf/4.4.2/../../../../sparc-elf/lib/soft/libc.a(stdio.o)
                                 0x7c (size before relaxing)
 .eh_frame      0x400113e4       0x14 /opt/sparc-elf-4.4.2/bin/../lib/gcc/sparc-elf/4.4.2/../../../../sparc-elf/lib/soft/libc.a(strcmp.o)
                                 0x28 (size before relaxing)
 .eh_frame      0x400113f8       0x1c /opt/sparc-elf-4.4.2/bin/../lib/gcc/sparc-elf/4.4.2/../../../../sparc-elf/lib/soft/libc.a(strlen.o)
                                 0x30 (size before relaxing)
 .eh_frame      0x40011414       0x1c /opt/sparc-elf-4.4.2/bin/../lib/gcc/sparc-elf/4.4.2/../../../../sparc-elf/lib/soft/libc.a(writer.o)
                                 0x30 (size before relaxing)
 .eh_frame      0x40011430       0x1c /opt/sparc-elf-4.4.2/bin/../lib/gcc/sparc-elf/4.4.2/../../../../sparc-elf/lib/soft/libc.a(callocr.o)
                                 0x30 (size before relaxing)
 .eh_frame      0x4001144c       0x1c /opt/sparc-elf-4.4.2/bin/../lib/gcc/sparc-elf/4.4.2/../../../../sparc-elf/lib/soft/libc.a(closer.o)
                                 0x30 (size before relaxing)
 .eh_frame      0x40011468       0x30 /opt/sparc-elf-4.4.2/bin/../lib/gcc/sparc-elf/4.4.2/../../../../sparc-elf/lib/soft/libc.a(fclose.o)
                                 0x44 (size before relaxing)
 .eh_frame      0x40011498       0x1c /opt/sparc-elf-4.4.2/bin/../lib/gcc/sparc-elf/4.4.2/../../../../sparc-elf/lib/soft/libc.a(fstatr.o)
                                 0x30 (size before relaxing)
 .eh_frame      0x400114b4       0x1c /opt/sparc-elf-4.4.2/bin/../lib/gcc/sparc-elf/4.4.2/../../../../sparc-elf/lib/soft/libc.a(lseekr.o)
                                 0x30 (size before relaxing)
 .eh_frame      0x400114d0       0x1c /opt/sparc-elf-4.4.2/bin/../lib/gcc/sparc-elf/4.4.2/../../../../sparc-elf/lib/soft/libc.a(readr.o)
                                 0x30 (size before relaxing)
 .eh_frame      0x400114ec       0x1c /opt/sparc-elf-4.4.2/bin/../lib/gcc/sparc-elf/4.4.2/soft/libgcc.a(_eq_df.o)
                                 0x30 (size before relaxing)
 .eh_frame      0x40011508       0x1c /opt/sparc-elf-4.4.2/bin/../lib/gcc/sparc-elf/4.4.2/soft/libgcc.a(_ne_df.o)
                                 0x30 (size before relaxing)
 .eh_frame      0x40011524       0x1c /opt/sparc-elf-4.4.2/bin/../lib/gcc/sparc-elf/4.4.2/soft/libgcc.a(_ge_df.o)
                                 0x30 (size before relaxing)
 .eh_frame      0x40011540       0x1c /opt/sparc-elf-4.4.2/bin/../lib/gcc/sparc-elf/4.4.2/soft/libgcc.a(_lt_df.o)
                                 0x30 (size before relaxing)
 .eh_frame      0x4001155c       0x1c /opt/sparc-elf-4.4.2/bin/../lib/gcc/sparc-elf/4.4.2/soft/libgcc.a(_si_to_df.o)
                                 0x30 (size before relaxing)
 .eh_frame      0x40011578       0x1c /opt/sparc-elf-4.4.2/bin/../lib/gcc/sparc-elf/4.4.2/soft/libgcc.a(_usi_to_df.o)
                                 0x30 (size before relaxing)
 .eh_frame      0x40011594       0x14 /opt/sparc-elf-4.4.2/bin/../lib/gcc/sparc-elf/4.4.2/../../../../sparc-elf/lib/soft/libleonbare.a(close.o)
                                 0x28 (size before relaxing)
 .eh_frame      0x400115a8       0x14 /opt/sparc-elf-4.4.2/bin/../lib/gcc/sparc-elf/4.4.2/../../../../sparc-elf/lib/soft/libleonbare.a(fstat.o)
                                 0x28 (size before relaxing)
 .eh_frame      0x400115bc       0x14 /opt/sparc-elf-4.4.2/bin/../lib/gcc/sparc-elf/4.4.2/../../../../sparc-elf/lib/soft/libleonbare.a(isatty.o)
                                 0x28 (size before relaxing)
 .eh_frame      0x400115d0       0x18 /opt/sparc-elf-4.4.2/bin/../lib/gcc/sparc-elf/4.4.2/../../../../sparc-elf/lib/soft/libleonbare.a(lseek.o)
                                 0x2c (size before relaxing)
 .eh_frame      0x400115e8       0x1c /opt/sparc-elf-4.4.2/bin/../lib/gcc/sparc-elf/4.4.2/../../../../sparc-elf/lib/soft/libleonbare.a(read.o)
                                 0x30 (size before relaxing)
 .eh_frame      0x40011604       0x14 /opt/sparc-elf-4.4.2/bin/../lib/gcc/sparc-elf/4.4.2/../../../../sparc-elf/lib/soft/libleonbare.a(sbrk.o)
                                 0x28 (size before relaxing)
 .eh_frame      0x40011618       0x1c /opt/sparc-elf-4.4.2/bin/../lib/gcc/sparc-elf/4.4.2/../../../../sparc-elf/lib/soft/libleonbare.a(write.o)
                                 0x30 (size before relaxing)
 .eh_frame      0x40011634       0x28 /opt/sparc-elf-4.4.2/bin/../lib/gcc/sparc-elf/4.4.2/../../../../sparc-elf/lib/soft/libleonbare.a(io.o)
                                 0x3c (size before relaxing)
 .eh_frame      0x4001165c       0x74 /opt/sparc-elf-4.4.2/bin/../lib/gcc/sparc-elf/4.4.2/../../../../sparc-elf/lib/soft/libleonbare.a(catch_interrupt.o)
                                 0x88 (size before relaxing)
 .eh_frame      0x400116d0       0x14 /opt/sparc-elf-4.4.2/bin/../lib/gcc/sparc-elf/4.4.2/../../../../sparc-elf/lib/soft/libleonbare.a(_exit.o)
                                 0x28 (size before relaxing)
 .eh_frame      0x400116e4       0x38 /opt/sparc-elf-4.4.2/bin/../lib/gcc/sparc-elf/4.4.2/../../../../sparc-elf/lib/soft/libleonbare.a(amba.o)
                                 0x4c (size before relaxing)
 .eh_frame      0x4001171c       0xe0 /opt/sparc-elf-4.4.2/bin/../lib/gcc/sparc-elf/4.4.2/../../../../sparc-elf/lib/soft/libleonbare.a(mutex.o)
                                 0xf4 (size before relaxing)
 .eh_frame      0x400117fc       0x1c /opt/sparc-elf-4.4.2/bin/../lib/gcc/sparc-elf/4.4.2/../../../../sparc-elf/lib/soft/libleonbare.a(initcalls.o)
                                 0x30 (size before relaxing)
 .eh_frame      0x40011818        0x4 /opt/sparc-elf-4.4.2/bin/../lib/gcc/sparc-elf/4.4.2/soft/crtend.o
                0x40011820                . = ALIGN (0x10)
 *fill*         0x4001181c        0x4 00
 *(.gnu.linkonce.t*)
                0x40011820                ___CTOR_LIST__ = .
                0x40011820        0x4 LONG 0x2 (((___CTOR_END__ - ___CTOR_LIST__) / 0x4) - 0x2)
 *(SORT(.ctors.*))
 *(.ctors)
 .ctors         0x40011824        0x4 /opt/sparc-elf-4.4.2/bin/../lib/gcc/sparc-elf/4.4.2/soft/crtbegin.o
 .ctors         0x40011828        0x4 /opt/sparc-elf-4.4.2/bin/../lib/gcc/sparc-elf/4.4.2/soft/crtend.o
                0x4001182c        0x4 LONG 0x0
                0x40011830                ___CTOR_END__ = .
                0x40011830                ___DTOR_LIST__ = .
                0x40011830        0x4 LONG 0x2 (((___DTOR_END__ - ___DTOR_LIST__) / 0x4) - 0x2)
 *(SORT(.dtors.*))
 *(.dtors)
 .dtors         0x40011834        0x4 /opt/sparc-elf-4.4.2/bin/../lib/gcc/sparc-elf/4.4.2/soft/crtbegin.o
 .dtors         0x40011838        0x4 /opt/sparc-elf-4.4.2/bin/../lib/gcc/sparc-elf/4.4.2/soft/crtend.o
                0x40011838                __DTOR_END__
                0x4001183c        0x4 LONG 0x0
                0x40011840                ___DTOR_END__ = .
                0x40011840                __leonbare_initcall_start = .
 *(.initcall1.init)
 *(.initcall2.init)
 *(.initcall3.init)
 *(.initcall4.init)
 *(.initcall5.init)
 *(.initcall6.init)
 *(.initcall7.init)
                0x40011840                __leonbare_initcall_end = .
                0x40011840                _rodata_start = .
 *(.rodata*)
 .rodata        0x40011840     0x2000 logScale.o
                0x40011840                logScale
 .rodata        0x40013840      0x200 kTable.o
                0x40013840                kTable
 .rodata        0x40013a40      0x200 kDistortionTable.o
                0x40013a40                kDistortionTable
 .rodata        0x40013c40      0x200 gainTable.o
                0x40013c40                gainTable
 .rodata.cst4   0x40013e40        0x8 flex.o
 .rodata.cst4   0x40013e48       0x10 distortion.o
 .rodata.cst2   0x40013e58        0x2 distortion.o
 *fill*         0x40013e5a        0x6 00
 .rodata.str1.8
                0x40013e60       0x10 c-irq.o
 .rodata.cst4   0x40013e70       0x18 biquad.o
 .rodata.cst8   0x40013e88        0x8 biquad.o
 .rodata.cst4   0x40013e90       0x14 audioKernel_03.o
                                 0x18 (size before relaxing)
 .rodata        0x40013ea4     0x1fa0 SVFLookupTable.o
                0x40013ea4                SVFLookupTable
 .rodata        0x40015e44      0x200 LFOSineWaveTable.o
                0x40015e44                LFOSineWaveTable
 *fill*         0x40016044        0x4 00
 .rodata.cst8   0x40016048       0x10 /opt/sparc-elf-4.4.2/bin/../lib/gcc/sparc-elf/4.4.2/../../../../sparc-elf/lib/soft/libm.a(s_floor.o)
 .rodata.str1.8
                0x40016058        0x6 /opt/sparc-elf-4.4.2/bin/../lib/gcc/sparc-elf/4.4.2/../../../../sparc-elf/lib/soft/libm.a(wf_sqrt.o)
                                  0x8 (size before relaxing)
 .rodata.cst8   0x00000000        0x8 /opt/sparc-elf-4.4.2/bin/../lib/gcc/sparc-elf/4.4.2/../../../../sparc-elf/lib/soft/libm.a(wf_sqrt.o)
 *fill*         0x4001605e        0x2 00
 .rodata        0x40016060        0x4 /opt/sparc-elf-4.4.2/bin/../lib/gcc/sparc-elf/4.4.2/../../../../sparc-elf/lib/soft/libm.a(s_lib_ver.o)
                0x40016060                __fdlib_version
 .rodata.cst4   0x40016064        0x4 /opt/sparc-elf-4.4.2/bin/../lib/gcc/sparc-elf/4.4.2/soft/libgcc.a(_si_to_sf.o)
 .rodata        0x40016068       0x10 /opt/sparc-elf-4.4.2/bin/../lib/gcc/sparc-elf/4.4.2/soft/libgcc.a(_thenan_sf.o)
                0x40016068                __thenan_sf
 .rodata        0x40016078       0x18 /opt/sparc-elf-4.4.2/bin/../lib/gcc/sparc-elf/4.4.2/soft/libgcc.a(_thenan_df.o)
                0x40016078                __thenan_df
 .rodata        0x40016090      0x100 /opt/sparc-elf-4.4.2/bin/../lib/gcc/sparc-elf/4.4.2/soft/libgcc.a(_clz.o)
                0x40016090                __clz_tab
 .rodata        0x40016190        0x4 /opt/sparc-elf-4.4.2/bin/../lib/gcc/sparc-elf/4.4.2/../../../../sparc-elf/lib/soft/libc.a(impure.o)
                0x40016190                _global_impure_ptr
 *fill*         0x40016194        0x4 00
 .rodata.str1.8
                0x40016198        0x2 /opt/sparc-elf-4.4.2/bin/../lib/gcc/sparc-elf/4.4.2/../../../../sparc-elf/lib/soft/libc.a(impure.o)
                                  0x8 (size before relaxing)
 *fill*         0x4001619a        0x6 00
 .rodata.str1.8
                0x400161a0       0x57 /opt/sparc-elf-4.4.2/bin/../lib/gcc/sparc-elf/4.4.2/../../../../sparc-elf/lib/soft/libc.a(vfprintf.o)
                                 0x58 (size before relaxing)
 .rodata.cst8   0x00000000        0x8 /opt/sparc-elf-4.4.2/bin/../lib/gcc/sparc-elf/4.4.2/../../../../sparc-elf/lib/soft/libc.a(vfprintf.o)
 *fill*         0x400161f7        0x1 00
 .rodata        0x400161f8       0x20 /opt/sparc-elf-4.4.2/bin/../lib/gcc/sparc-elf/4.4.2/../../../../sparc-elf/lib/soft/libc.a(vfprintf.o)
 .rodata.str1.8
                0x40016218       0x1e /opt/sparc-elf-4.4.2/bin/../lib/gcc/sparc-elf/4.4.2/../../../../sparc-elf/lib/soft/libc.a(wctomb_r.o)
                                 0x20 (size before relaxing)
 *fill*         0x40016236        0x2 00
 .rodata.str1.8
                0x40016238        0x9 /opt/sparc-elf-4.4.2/bin/../lib/gcc/sparc-elf/4.4.2/../../../../sparc-elf/lib/soft/libc.a(dtoa.o)
                                 0x20 (size before relaxing)
 *fill*         0x40016241        0x7 00
 .rodata.cst8   0x40016248       0x48 /opt/sparc-elf-4.4.2/bin/../lib/gcc/sparc-elf/4.4.2/../../../../sparc-elf/lib/soft/libc.a(dtoa.o)
                                 0x50 (size before relaxing)
 .rodata.str1.8
                0x40016290       0x10 /opt/sparc-elf-4.4.2/bin/../lib/gcc/sparc-elf/4.4.2/../../../../sparc-elf/lib/soft/libc.a(locale.o)
                                 0x28 (size before relaxing)
 .rodata        0x400162a0       0x34 /opt/sparc-elf-4.4.2/bin/../lib/gcc/sparc-elf/4.4.2/../../../../sparc-elf/lib/soft/libc.a(locale.o)
 .rodata.cst8   0x00000000       0x10 /opt/sparc-elf-4.4.2/bin/../lib/gcc/sparc-elf/4.4.2/../../../../sparc-elf/lib/soft/libc.a(mprec.o)
 *fill*         0x400162d4        0x4 00
 .rodata        0x400162d8      0x128 /opt/sparc-elf-4.4.2/bin/../lib/gcc/sparc-elf/4.4.2/../../../../sparc-elf/lib/soft/libc.a(mprec.o)
                0x400163c8                __mprec_tinytens
                0x400162d8                __mprec_tens
                0x400163a0                __mprec_bigtens
 .rodata.cst8   0x40016400        0x8 /opt/sparc-elf-4.4.2/bin/../lib/gcc/sparc-elf/4.4.2/soft/libgcc.a(_si_to_df.o)
 *(.gnu.linkonce.r*)
                0x40016410                _erodata = ALIGN (0x10)
 *(.gnu.linkonce*)
 *(.init)
 .init          0x40016408        0x4 /opt/sparc-elf-4.4.2/bin/../lib/gcc/sparc-elf/4.4.2/soft/crti.o
                0x40016408                _init
 .init          0x4001640c        0x8 /opt/sparc-elf-4.4.2/bin/../lib/gcc/sparc-elf/4.4.2/soft/crtbegin.o
 .init          0x40016414        0x8 /opt/sparc-elf-4.4.2/bin/../lib/gcc/sparc-elf/4.4.2/soft/crtend.o
 .init          0x4001641c        0x8 /opt/sparc-elf-4.4.2/bin/../lib/gcc/sparc-elf/4.4.2/soft/crtn.o
 *(.fini)
 .fini          0x40016424        0x4 /opt/sparc-elf-4.4.2/bin/../lib/gcc/sparc-elf/4.4.2/soft/crti.o
                0x40016424                _fini
 .fini          0x40016428        0x8 /opt/sparc-elf-4.4.2/bin/../lib/gcc/sparc-elf/4.4.2/soft/crtbegin.o
 .fini          0x40016430        0x8 /opt/sparc-elf-4.4.2/bin/../lib/gcc/sparc-elf/4.4.2/soft/crtn.o
 *(.lit)
 *(.shdata)
                0x40016440                . = ALIGN (0x10)
 *fill*         0x40016438        0x8 00
                0x40016440                etext = .

.gcc_except_table
 *(.gcc_except_table)

.data           0x40016440      0xad0
 *(.data .data.*)
 .data          0x40016440        0x0 /opt/sparc-elf-4.4.2/bin/../lib/gcc/sparc-elf/4.4.2/../../../../sparc-elf/lib/soft/locore_mvt.o
 .data          0x40016440        0x8 /opt/sparc-elf-4.4.2/bin/../lib/gcc/sparc-elf/4.4.2/../../../../sparc-elf/lib/soft/crt0.o
                0x40016440                _environ
                0x40016440                .bdata
 .data          0x40016448        0x0 /opt/sparc-elf-4.4.2/bin/../lib/gcc/sparc-elf/4.4.2/soft/crti.o
 .data          0x40016448        0x4 /opt/sparc-elf-4.4.2/bin/../lib/gcc/sparc-elf/4.4.2/soft/crtbegin.o
                0x40016448                __dso_handle
 .data          0x4001644c        0x0 /opt/sparc-elf-4.4.2/bin/../lib/gcc/sparc-elf/4.4.2/../../../../sparc-elf/lib/soft/pnpinit.o
 .data          0x4001644c        0x0 wahwah.o
 .data          0x4001644c        0x0 vibrato.o
 .data          0x4001644c        0x0 tremolo.o
 .data          0x4001644c        0x0 phaser.o
 .data          0x4001644c        0x0 noiseGate.o
 .data          0x4001644c        0x0 logScale.o
 .data          0x4001644c        0x0 kTable.o
 .data          0x4001644c        0x0 kDistortionTable.o
 .data          0x4001644c        0x0 gainTable.o
 .data          0x4001644c        0x0 gain.o
 .data          0x4001644c        0x0 flex.o
 .data          0x4001644c        0x0 flanger.o
 .data          0x4001644c        0x0 distortion.o
 .data          0x4001644c        0x0 delay.o
 .data          0x4001644c        0x0 circularBuffer.o
 .data          0x4001644c        0x0 chorus.o
 .data          0x4001644c        0x4 c-irq.o
                0x4001644c                lreg
 .data          0x40016450        0x0 biquad.o
 .data          0x40016450        0x0 audio_io.o
 .data          0x40016450        0x0 audioKernel_03.o
 .data          0x40016450        0x0 SVFLookupTable.o
 .data          0x40016450        0x0 SVF.o
 .data          0x40016450        0x0 LFOSineWaveTable.o
 .data          0x40016450        0x0 LFO.o
 .data          0x40016450        0x0 /opt/sparc-elf-4.4.2/bin/../lib/gcc/sparc-elf/4.4.2/../../../../sparc-elf/lib/soft/libm.a(s_floor.o)
 .data          0x40016450        0x0 /opt/sparc-elf-4.4.2/bin/../lib/gcc/sparc-elf/4.4.2/../../../../sparc-elf/lib/soft/libm.a(wf_sqrt.o)
 .data          0x40016450        0x0 /opt/sparc-elf-4.4.2/bin/../lib/gcc/sparc-elf/4.4.2/../../../../sparc-elf/lib/soft/libm.a(ef_sqrt.o)
 .data          0x40016450        0x0 /opt/sparc-elf-4.4.2/bin/../lib/gcc/sparc-elf/4.4.2/../../../../sparc-elf/lib/soft/libm.a(s_lib_ver.o)
 .data          0x40016450        0x0 /opt/sparc-elf-4.4.2/bin/../lib/gcc/sparc-elf/4.4.2/../../../../sparc-elf/lib/soft/libm.a(s_matherr.o)
 .data          0x40016450        0x0 /opt/sparc-elf-4.4.2/bin/../lib/gcc/sparc-elf/4.4.2/../../../../sparc-elf/lib/soft/libm.a(sf_isnan.o)
 .data          0x40016450        0x0 /opt/sparc-elf-4.4.2/bin/../lib/gcc/sparc-elf/4.4.2/soft/libgcc.a(_addsub_sf.o)
 .data          0x40016450        0x0 /opt/sparc-elf-4.4.2/bin/../lib/gcc/sparc-elf/4.4.2/soft/libgcc.a(_mul_sf.o)
 .data          0x40016450        0x0 /opt/sparc-elf-4.4.2/bin/../lib/gcc/sparc-elf/4.4.2/soft/libgcc.a(_div_sf.o)
 .data          0x40016450        0x0 /opt/sparc-elf-4.4.2/bin/../lib/gcc/sparc-elf/4.4.2/soft/libgcc.a(_ge_sf.o)
 .data          0x40016450        0x0 /opt/sparc-elf-4.4.2/bin/../lib/gcc/sparc-elf/4.4.2/soft/libgcc.a(_lt_sf.o)
 .data          0x40016450        0x0 /opt/sparc-elf-4.4.2/bin/../lib/gcc/sparc-elf/4.4.2/soft/libgcc.a(_si_to_sf.o)
 .data          0x40016450        0x0 /opt/sparc-elf-4.4.2/bin/../lib/gcc/sparc-elf/4.4.2/soft/libgcc.a(_sf_to_si.o)
 .data          0x40016450        0x0 /opt/sparc-elf-4.4.2/bin/../lib/gcc/sparc-elf/4.4.2/soft/libgcc.a(_sf_to_df.o)
 .data          0x40016450        0x0 /opt/sparc-elf-4.4.2/bin/../lib/gcc/sparc-elf/4.4.2/soft/libgcc.a(_thenan_sf.o)
 .data          0x40016450        0x0 /opt/sparc-elf-4.4.2/bin/../lib/gcc/sparc-elf/4.4.2/soft/libgcc.a(_addsub_df.o)
 .data          0x40016450        0x0 /opt/sparc-elf-4.4.2/bin/../lib/gcc/sparc-elf/4.4.2/soft/libgcc.a(_mul_df.o)
 .data          0x40016450        0x0 /opt/sparc-elf-4.4.2/bin/../lib/gcc/sparc-elf/4.4.2/soft/libgcc.a(_div_df.o)
 .data          0x40016450        0x0 /opt/sparc-elf-4.4.2/bin/../lib/gcc/sparc-elf/4.4.2/soft/libgcc.a(_gt_df.o)
 .data          0x40016450        0x0 /opt/sparc-elf-4.4.2/bin/../lib/gcc/sparc-elf/4.4.2/soft/libgcc.a(_df_to_si.o)
 .data          0x40016450        0x0 /opt/sparc-elf-4.4.2/bin/../lib/gcc/sparc-elf/4.4.2/soft/libgcc.a(_make_df.o)
 .data          0x40016450        0x0 /opt/sparc-elf-4.4.2/bin/../lib/gcc/sparc-elf/4.4.2/soft/libgcc.a(_df_to_sf.o)
 .data          0x40016450        0x0 /opt/sparc-elf-4.4.2/bin/../lib/gcc/sparc-elf/4.4.2/soft/libgcc.a(_thenan_df.o)
 .data          0x40016450        0x0 /opt/sparc-elf-4.4.2/bin/../lib/gcc/sparc-elf/4.4.2/soft/libgcc.a(_muldi3.o)
 .data          0x40016450        0x0 /opt/sparc-elf-4.4.2/bin/../lib/gcc/sparc-elf/4.4.2/soft/libgcc.a(_ucmpdi2.o)
 .data          0x40016450        0x0 /opt/sparc-elf-4.4.2/bin/../lib/gcc/sparc-elf/4.4.2/soft/libgcc.a(_clzsi2.o)
 .data          0x40016450        0x0 /opt/sparc-elf-4.4.2/bin/../lib/gcc/sparc-elf/4.4.2/soft/libgcc.a(_pack_sf.o)
 .data          0x40016450        0x0 /opt/sparc-elf-4.4.2/bin/../lib/gcc/sparc-elf/4.4.2/soft/libgcc.a(_unpack_sf.o)
 .data          0x40016450        0x0 /opt/sparc-elf-4.4.2/bin/../lib/gcc/sparc-elf/4.4.2/soft/libgcc.a(_fpcmp_parts_sf.o)
 .data          0x40016450        0x0 /opt/sparc-elf-4.4.2/bin/../lib/gcc/sparc-elf/4.4.2/soft/libgcc.a(_make_sf.o)
 .data          0x40016450        0x0 /opt/sparc-elf-4.4.2/bin/../lib/gcc/sparc-elf/4.4.2/soft/libgcc.a(_pack_df.o)
 .data          0x40016450        0x0 /opt/sparc-elf-4.4.2/bin/../lib/gcc/sparc-elf/4.4.2/soft/libgcc.a(_unpack_df.o)
 .data          0x40016450        0x0 /opt/sparc-elf-4.4.2/bin/../lib/gcc/sparc-elf/4.4.2/soft/libgcc.a(_fpcmp_parts_df.o)
 .data          0x40016450        0x0 /opt/sparc-elf-4.4.2/bin/../lib/gcc/sparc-elf/4.4.2/soft/libgcc.a(_mulsi3.o)
 .data          0x40016450        0x0 /opt/sparc-elf-4.4.2/bin/../lib/gcc/sparc-elf/4.4.2/soft/libgcc.a(_lshrdi3.o)
 .data          0x40016450        0x0 /opt/sparc-elf-4.4.2/bin/../lib/gcc/sparc-elf/4.4.2/soft/libgcc.a(_ashldi3.o)
 .data          0x40016450        0x0 /opt/sparc-elf-4.4.2/bin/../lib/gcc/sparc-elf/4.4.2/soft/libgcc.a(_clz.o)
 .data          0x40016450        0x0 /opt/sparc-elf-4.4.2/bin/../lib/gcc/sparc-elf/4.4.2/../../../../sparc-elf/lib/soft/libc.a(atexit.o)
 .data          0x40016450        0x0 /opt/sparc-elf-4.4.2/bin/../lib/gcc/sparc-elf/4.4.2/../../../../sparc-elf/lib/soft/libc.a(errno.o)
 .data          0x40016450      0x558 /opt/sparc-elf-4.4.2/bin/../lib/gcc/sparc-elf/4.4.2/../../../../sparc-elf/lib/soft/libc.a(impure.o)
                0x40016450                _impure_ptr
 .data          0x400169a8        0x0 /opt/sparc-elf-4.4.2/bin/../lib/gcc/sparc-elf/4.4.2/../../../../sparc-elf/lib/soft/libc.a(malloc.o)
 .data          0x400169a8      0x410 /opt/sparc-elf-4.4.2/bin/../lib/gcc/sparc-elf/4.4.2/../../../../sparc-elf/lib/soft/libc.a(mallocr.o)
                0x40016db4                __malloc_sbrk_base
                0x400169a8                __malloc_av_
                0x40016db0                __malloc_trim_threshold
 .data          0x40016db8        0x0 /opt/sparc-elf-4.4.2/bin/../lib/gcc/sparc-elf/4.4.2/../../../../sparc-elf/lib/soft/libc.a(memcpy.o)
 .data          0x40016db8       0x74 /opt/sparc-elf-4.4.2/bin/../lib/gcc/sparc-elf/4.4.2/../../../../sparc-elf/lib/soft/libc.a(mlock.o)
 .data          0x40016e2c        0x0 /opt/sparc-elf-4.4.2/bin/../lib/gcc/sparc-elf/4.4.2/../../../../sparc-elf/lib/soft/libc.a(printf.o)
 .data          0x40016e2c        0x0 /opt/sparc-elf-4.4.2/bin/../lib/gcc/sparc-elf/4.4.2/../../../../sparc-elf/lib/soft/libc.a(sbrkr.o)
 .data          0x40016e2c        0x0 /opt/sparc-elf-4.4.2/bin/../lib/gcc/sparc-elf/4.4.2/../../../../sparc-elf/lib/soft/libc.a(vfprintf.o)
 .data          0x40016e2c        0x0 /opt/sparc-elf-4.4.2/bin/../lib/gcc/sparc-elf/4.4.2/../../../../sparc-elf/lib/soft/libc.a(wcrtomb.o)
 .data          0x40016e2c        0x0 /opt/sparc-elf-4.4.2/bin/../lib/gcc/sparc-elf/4.4.2/../../../../sparc-elf/lib/soft/libc.a(wcsrtombs.o)
 .data          0x40016e2c        0x0 /opt/sparc-elf-4.4.2/bin/../lib/gcc/sparc-elf/4.4.2/../../../../sparc-elf/lib/soft/libc.a(wctomb_r.o)
 .data          0x40016e2c        0x0 /opt/sparc-elf-4.4.2/bin/../lib/gcc/sparc-elf/4.4.2/../../../../sparc-elf/lib/soft/libc.a(wsetup.o)
 .data          0x40016e2c        0x0 /opt/sparc-elf-4.4.2/bin/../lib/gcc/sparc-elf/4.4.2/../../../../sparc-elf/lib/soft/libc.a(__atexit.o)
 .data          0x40016e2c        0x0 /opt/sparc-elf-4.4.2/bin/../lib/gcc/sparc-elf/4.4.2/../../../../sparc-elf/lib/soft/libc.a(dtoa.o)
 .data          0x40016e2c        0x0 /opt/sparc-elf-4.4.2/bin/../lib/gcc/sparc-elf/4.4.2/../../../../sparc-elf/lib/soft/libc.a(fflush.o)
 .data          0x40016e2c       0x74 /opt/sparc-elf-4.4.2/bin/../lib/gcc/sparc-elf/4.4.2/../../../../sparc-elf/lib/soft/libc.a(findfp.o)
 .data          0x40016ea0        0x0 /opt/sparc-elf-4.4.2/bin/../lib/gcc/sparc-elf/4.4.2/../../../../sparc-elf/lib/soft/libc.a(freer.o)
 .data          0x40016ea0        0x0 /opt/sparc-elf-4.4.2/bin/../lib/gcc/sparc-elf/4.4.2/../../../../sparc-elf/lib/soft/libc.a(fvwrite.o)
 .data          0x40016ea0        0x0 /opt/sparc-elf-4.4.2/bin/../lib/gcc/sparc-elf/4.4.2/../../../../sparc-elf/lib/soft/libc.a(fwalk.o)
 .data          0x40016ea0       0x18 /opt/sparc-elf-4.4.2/bin/../lib/gcc/sparc-elf/4.4.2/../../../../sparc-elf/lib/soft/libc.a(locale.o)
                0x40016ea0                __mb_cur_max
                0x40016ea8                __lc_ctype
 .data          0x40016eb8        0x0 /opt/sparc-elf-4.4.2/bin/../lib/gcc/sparc-elf/4.4.2/../../../../sparc-elf/lib/soft/libc.a(makebuf.o)
 .data          0x40016eb8        0x0 /opt/sparc-elf-4.4.2/bin/../lib/gcc/sparc-elf/4.4.2/../../../../sparc-elf/lib/soft/libc.a(memchr.o)
 .data          0x40016eb8        0x0 /opt/sparc-elf-4.4.2/bin/../lib/gcc/sparc-elf/4.4.2/../../../../sparc-elf/lib/soft/libc.a(memmove.o)
 .data          0x40016eb8        0x0 /opt/sparc-elf-4.4.2/bin/../lib/gcc/sparc-elf/4.4.2/../../../../sparc-elf/lib/soft/libc.a(memset.o)
 .data          0x40016eb8        0x0 /opt/sparc-elf-4.4.2/bin/../lib/gcc/sparc-elf/4.4.2/../../../../sparc-elf/lib/soft/libc.a(mprec.o)
 .data          0x40016eb8        0x0 /opt/sparc-elf-4.4.2/bin/../lib/gcc/sparc-elf/4.4.2/../../../../sparc-elf/lib/soft/libc.a(reallocr.o)
 .data          0x40016eb8        0x0 /opt/sparc-elf-4.4.2/bin/../lib/gcc/sparc-elf/4.4.2/../../../../sparc-elf/lib/soft/libc.a(reent.o)
 .data          0x40016eb8        0x0 /opt/sparc-elf-4.4.2/bin/../lib/gcc/sparc-elf/4.4.2/../../../../sparc-elf/lib/soft/libc.a(s_isinf.o)
 .data          0x40016eb8        0x0 /opt/sparc-elf-4.4.2/bin/../lib/gcc/sparc-elf/4.4.2/../../../../sparc-elf/lib/soft/libc.a(s_isnan.o)
 .data          0x40016eb8        0x0 /opt/sparc-elf-4.4.2/bin/../lib/gcc/sparc-elf/4.4.2/../../../../sparc-elf/lib/soft/libc.a(stdio.o)
 .data          0x40016eb8        0x0 /opt/sparc-elf-4.4.2/bin/../lib/gcc/sparc-elf/4.4.2/../../../../sparc-elf/lib/soft/libc.a(strcmp.o)
 .data          0x40016eb8        0x0 /opt/sparc-elf-4.4.2/bin/../lib/gcc/sparc-elf/4.4.2/../../../../sparc-elf/lib/soft/libc.a(strlen.o)
 .data          0x40016eb8        0x0 /opt/sparc-elf-4.4.2/bin/../lib/gcc/sparc-elf/4.4.2/../../../../sparc-elf/lib/soft/libc.a(writer.o)
 .data          0x40016eb8        0x0 /opt/sparc-elf-4.4.2/bin/../lib/gcc/sparc-elf/4.4.2/../../../../sparc-elf/lib/soft/libc.a(callocr.o)
 .data          0x40016eb8        0x0 /opt/sparc-elf-4.4.2/bin/../lib/gcc/sparc-elf/4.4.2/../../../../sparc-elf/lib/soft/libc.a(closer.o)
 .data          0x40016eb8        0x0 /opt/sparc-elf-4.4.2/bin/../lib/gcc/sparc-elf/4.4.2/../../../../sparc-elf/lib/soft/libc.a(fclose.o)
 .data          0x40016eb8        0x0 /opt/sparc-elf-4.4.2/bin/../lib/gcc/sparc-elf/4.4.2/../../../../sparc-elf/lib/soft/libc.a(fstatr.o)
 .data          0x40016eb8        0x0 /opt/sparc-elf-4.4.2/bin/../lib/gcc/sparc-elf/4.4.2/../../../../sparc-elf/lib/soft/libc.a(lseekr.o)
 .data          0x40016eb8        0x0 /opt/sparc-elf-4.4.2/bin/../lib/gcc/sparc-elf/4.4.2/../../../../sparc-elf/lib/soft/libc.a(readr.o)
 .data          0x40016eb8        0x0 /opt/sparc-elf-4.4.2/bin/../lib/gcc/sparc-elf/4.4.2/soft/libgcc.a(_divsi3.o)
 .data          0x40016eb8        0x0 /opt/sparc-elf-4.4.2/bin/../lib/gcc/sparc-elf/4.4.2/soft/libgcc.a(_modsi3.o)
 .data          0x40016eb8        0x0 /opt/sparc-elf-4.4.2/bin/../lib/gcc/sparc-elf/4.4.2/soft/libgcc.a(_eq_df.o)
 .data          0x40016eb8        0x0 /opt/sparc-elf-4.4.2/bin/../lib/gcc/sparc-elf/4.4.2/soft/libgcc.a(_ne_df.o)
 .data          0x40016eb8        0x0 /opt/sparc-elf-4.4.2/bin/../lib/gcc/sparc-elf/4.4.2/soft/libgcc.a(_ge_df.o)
 .data          0x40016eb8        0x0 /opt/sparc-elf-4.4.2/bin/../lib/gcc/sparc-elf/4.4.2/soft/libgcc.a(_lt_df.o)
 .data          0x40016eb8        0x0 /opt/sparc-elf-4.4.2/bin/../lib/gcc/sparc-elf/4.4.2/soft/libgcc.a(_si_to_df.o)
 .data          0x40016eb8        0x0 /opt/sparc-elf-4.4.2/bin/../lib/gcc/sparc-elf/4.4.2/soft/libgcc.a(_usi_to_df.o)
 .data          0x40016eb8        0x0 /opt/sparc-elf-4.4.2/bin/../lib/gcc/sparc-elf/4.4.2/../../../../sparc-elf/lib/soft/libleonbare.a(close.o)
 .data          0x40016eb8        0x0 /opt/sparc-elf-4.4.2/bin/../lib/gcc/sparc-elf/4.4.2/../../../../sparc-elf/lib/soft/libleonbare.a(fstat.o)
 .data          0x40016eb8        0x0 /opt/sparc-elf-4.4.2/bin/../lib/gcc/sparc-elf/4.4.2/../../../../sparc-elf/lib/soft/libleonbare.a(isatty.o)
 .data          0x40016eb8        0x0 /opt/sparc-elf-4.4.2/bin/../lib/gcc/sparc-elf/4.4.2/../../../../sparc-elf/lib/soft/libleonbare.a(lseek.o)
 .data          0x40016eb8        0x0 /opt/sparc-elf-4.4.2/bin/../lib/gcc/sparc-elf/4.4.2/../../../../sparc-elf/lib/soft/libleonbare.a(read.o)
 .data          0x40016eb8        0x0 /opt/sparc-elf-4.4.2/bin/../lib/gcc/sparc-elf/4.4.2/../../../../sparc-elf/lib/soft/libleonbare.a(sbrk.o)
 .data          0x40016eb8        0x0 /opt/sparc-elf-4.4.2/bin/../lib/gcc/sparc-elf/4.4.2/../../../../sparc-elf/lib/soft/libleonbare.a(write.o)
 .data          0x40016eb8        0x0 /opt/sparc-elf-4.4.2/bin/../lib/gcc/sparc-elf/4.4.2/../../../../sparc-elf/lib/soft/libleonbare.a(io.o)
 .data          0x40016eb8        0x0 /opt/sparc-elf-4.4.2/bin/../lib/gcc/sparc-elf/4.4.2/../../../../sparc-elf/lib/soft/libleonbare.a(regwin.o)
 .data          0x40016eb8       0x20 /opt/sparc-elf-4.4.2/bin/../lib/gcc/sparc-elf/4.4.2/../../../../sparc-elf/lib/soft/libleonbare.a(regwinflush.o)
                0x40016ed4                _lb_issideflush
                0x40016eb8                _lb_spillglobals
 .data          0x40016ed8        0x0 /opt/sparc-elf-4.4.2/bin/../lib/gcc/sparc-elf/4.4.2/../../../../sparc-elf/lib/soft/libleonbare.a(bdinit.o)
 .data          0x40016ed8        0xc /opt/sparc-elf-4.4.2/bin/../lib/gcc/sparc-elf/4.4.2/../../../../sparc-elf/lib/soft/libleonbare.a(irqtrap_fast.o)
                0x40016edc                fastirq
                0x40016ed8                nestedirq
                0x40016ee0                nestcount
 .data          0x40016ee4        0x0 /opt/sparc-elf-4.4.2/bin/../lib/gcc/sparc-elf/4.4.2/../../../../sparc-elf/lib/soft/libleonbare.a(catch_interrupt.o)
 .data          0x40016ee4        0x4 /opt/sparc-elf-4.4.2/bin/../lib/gcc/sparc-elf/4.4.2/../../../../sparc-elf/lib/soft/libleonbare.a(rtc.o)
                0x40016ee4                rtc
 .data          0x40016ee8        0x0 /opt/sparc-elf-4.4.2/bin/../lib/gcc/sparc-elf/4.4.2/../../../../sparc-elf/lib/soft/libleonbare.a(lcpuinit.o)
 .data          0x40016ee8        0x8 /opt/sparc-elf-4.4.2/bin/../lib/gcc/sparc-elf/4.4.2/../../../../sparc-elf/lib/soft/libleonbare.a(lcpudata.o)
                0x40016ee8                irqmp
                0x40016ee8                LEON3_IrqCtrl_Regs
 .data          0x40016ef0        0x4 /opt/sparc-elf-4.4.2/bin/../lib/gcc/sparc-elf/4.4.2/../../../../sparc-elf/lib/soft/libleonbare.a(console.o)
                0x40016ef0                console
 .data          0x40016ef4        0x0 /opt/sparc-elf-4.4.2/bin/../lib/gcc/sparc-elf/4.4.2/../../../../sparc-elf/lib/soft/libleonbare.a(_exit.o)
 .data          0x40016ef4        0x0 /opt/sparc-elf-4.4.2/bin/../lib/gcc/sparc-elf/4.4.2/../../../../sparc-elf/lib/soft/libleonbare.a(amba.o)
 .data          0x40016ef4        0x0 /opt/sparc-elf-4.4.2/bin/../lib/gcc/sparc-elf/4.4.2/../../../../sparc-elf/lib/soft/libleonbare.a(mutex.o)
 .data          0x40016ef4        0x0 /opt/sparc-elf-4.4.2/bin/../lib/gcc/sparc-elf/4.4.2/../../../../sparc-elf/lib/soft/libleonbare.a(locore.o)
 .data          0x40016ef4        0x0 /opt/sparc-elf-4.4.2/bin/../lib/gcc/sparc-elf/4.4.2/../../../../sparc-elf/lib/soft/libleonbare.a(locore_clean.o)
 .data          0x40016ef4       0x10 /opt/sparc-elf-4.4.2/bin/../lib/gcc/sparc-elf/4.4.2/../../../../sparc-elf/lib/soft/libleonbare.a(locore_var.o)
                0x40016ef4                _nwindows
                0x40016ef8                _nwindows_min1
                0x40016f00                _leon_version
                0x40016efc                _nwindows_min2
 .data          0x40016f04        0x0 /opt/sparc-elf-4.4.2/bin/../lib/gcc/sparc-elf/4.4.2/../../../../sparc-elf/lib/soft/libleonbare.a(locore_var_svt.o)
 *fill*         0x40016f04        0x4 00
 .data          0x40016f08        0x8 /opt/sparc-elf-4.4.2/bin/../lib/gcc/sparc-elf/4.4.2/../../../../sparc-elf/lib/soft/libleonbare.a(jiffies.o)
                0x40016f08                jiffies_64
 .data          0x40016f10        0x0 /opt/sparc-elf-4.4.2/bin/../lib/gcc/sparc-elf/4.4.2/../../../../sparc-elf/lib/soft/libleonbare.a(mmu_asm.o)
 .data          0x40016f10        0x0 /opt/sparc-elf-4.4.2/bin/../lib/gcc/sparc-elf/4.4.2/../../../../sparc-elf/lib/soft/libleonbare.a(locore_mvt_reset.o)
 .data          0x40016f10        0x0 /opt/sparc-elf-4.4.2/bin/../lib/gcc/sparc-elf/4.4.2/../../../../sparc-elf/lib/soft/libleonbare.a(initcalls.o)
 .data          0x40016f10        0x0 /opt/sparc-elf-4.4.2/bin/../lib/gcc/sparc-elf/4.4.2/../../../../sparc-elf/lib/soft/libleonbare.a(etrap.o)
 .data          0x40016f10        0x0 /opt/sparc-elf-4.4.2/bin/../lib/gcc/sparc-elf/4.4.2/../../../../sparc-elf/lib/soft/libleonbare.a(rtrap.o)
 .data          0x40016f10        0x0 /opt/sparc-elf-4.4.2/bin/../lib/gcc/sparc-elf/4.4.2/../../../../sparc-elf/lib/soft/libleonbare.a(etrap_fast.o)
 .data          0x40016f10        0x0 /opt/sparc-elf-4.4.2/bin/../lib/gcc/sparc-elf/4.4.2/../../../../sparc-elf/lib/soft/libleonbare.a(rtrap_fast.o)
 .data          0x40016f10        0x0 /opt/sparc-elf-4.4.2/bin/../lib/gcc/sparc-elf/4.4.2/../../../../sparc-elf/lib/soft/libleonbare.a(busscan.o)
 .data          0x40016f10        0x0 /opt/sparc-elf-4.4.2/bin/../lib/gcc/sparc-elf/4.4.2/soft/crtend.o
 .data          0x40016f10        0x0 /opt/sparc-elf-4.4.2/bin/../lib/gcc/sparc-elf/4.4.2/soft/crtn.o
                0x40016f10                edata = .
                0x40016f10                _edata = .
                0x40016f10                __edata = .

.bss            0x40016f10    0x23f28
                0x40016f10                . = ALIGN (0x8)
                0x40016f10                bss_start = .
                0x40016f10                _bss_start = .
                0x40016f10                __bss_start = .
 *(.bss .bss.*)
 .bss           0x40016f10        0x0 /opt/sparc-elf-4.4.2/bin/../lib/gcc/sparc-elf/4.4.2/../../../../sparc-elf/lib/soft/locore_mvt.o
 .bss           0x40016f10        0x0 /opt/sparc-elf-4.4.2/bin/../lib/gcc/sparc-elf/4.4.2/../../../../sparc-elf/lib/soft/crt0.o
 .bss           0x40016f10        0x0 /opt/sparc-elf-4.4.2/bin/../lib/gcc/sparc-elf/4.4.2/soft/crti.o
 .bss           0x40016f10       0x20 /opt/sparc-elf-4.4.2/bin/../lib/gcc/sparc-elf/4.4.2/soft/crtbegin.o
 .bss           0x40016f30        0x4 /opt/sparc-elf-4.4.2/bin/../lib/gcc/sparc-elf/4.4.2/../../../../sparc-elf/lib/soft/pnpinit.o
                0x40016f30                ambapp_root
 .bss           0x40016f34        0x0 wahwah.o
 .bss           0x40016f34        0x0 vibrato.o
 .bss           0x40016f34        0x0 tremolo.o
 .bss           0x40016f34        0x0 phaser.o
 .bss           0x40016f34        0x0 noiseGate.o
 .bss           0x40016f34        0x0 logScale.o
 .bss           0x40016f34        0x0 kTable.o
 .bss           0x40016f34        0x0 kDistortionTable.o
 .bss           0x40016f34        0x0 gainTable.o
 .bss           0x40016f34        0x0 gain.o
 .bss           0x40016f34        0x0 flex.o
 .bss           0x40016f34        0x0 flanger.o
 .bss           0x40016f34        0x0 distortion.o
 .bss           0x40016f34        0x2 delay.o
                0x40016f34                lastOutput
 .bss           0x40016f36        0x0 circularBuffer.o
 .bss           0x40016f36        0x0 chorus.o
 .bss           0x40016f36        0x0 c-irq.o
 .bss           0x40016f36        0x0 biquad.o
 .bss           0x40016f36        0x0 audio_io.o
 .bss           0x40016f36        0x0 audioKernel_03.o
 .bss           0x40016f36        0x0 SVFLookupTable.o
 .bss           0x40016f36        0x0 SVF.o
 .bss           0x40016f36        0x0 LFOSineWaveTable.o
 .bss           0x40016f36        0x0 LFO.o
 .bss           0x40016f36        0x0 /opt/sparc-elf-4.4.2/bin/../lib/gcc/sparc-elf/4.4.2/../../../../sparc-elf/lib/soft/libm.a(s_floor.o)
 .bss           0x40016f36        0x0 /opt/sparc-elf-4.4.2/bin/../lib/gcc/sparc-elf/4.4.2/../../../../sparc-elf/lib/soft/libm.a(wf_sqrt.o)
 .bss           0x40016f36        0x0 /opt/sparc-elf-4.4.2/bin/../lib/gcc/sparc-elf/4.4.2/../../../../sparc-elf/lib/soft/libm.a(ef_sqrt.o)
 .bss           0x40016f36        0x0 /opt/sparc-elf-4.4.2/bin/../lib/gcc/sparc-elf/4.4.2/../../../../sparc-elf/lib/soft/libm.a(s_lib_ver.o)
 .bss           0x40016f36        0x0 /opt/sparc-elf-4.4.2/bin/../lib/gcc/sparc-elf/4.4.2/../../../../sparc-elf/lib/soft/libm.a(s_matherr.o)
 .bss           0x40016f36        0x0 /opt/sparc-elf-4.4.2/bin/../lib/gcc/sparc-elf/4.4.2/../../../../sparc-elf/lib/soft/libm.a(sf_isnan.o)
 .bss           0x40016f36        0x0 /opt/sparc-elf-4.4.2/bin/../lib/gcc/sparc-elf/4.4.2/soft/libgcc.a(_addsub_sf.o)
 .bss           0x40016f36        0x0 /opt/sparc-elf-4.4.2/bin/../lib/gcc/sparc-elf/4.4.2/soft/libgcc.a(_mul_sf.o)
 .bss           0x40016f36        0x0 /opt/sparc-elf-4.4.2/bin/../lib/gcc/sparc-elf/4.4.2/soft/libgcc.a(_div_sf.o)
 .bss           0x40016f36        0x0 /opt/sparc-elf-4.4.2/bin/../lib/gcc/sparc-elf/4.4.2/soft/libgcc.a(_ge_sf.o)
 .bss           0x40016f36        0x0 /opt/sparc-elf-4.4.2/bin/../lib/gcc/sparc-elf/4.4.2/soft/libgcc.a(_lt_sf.o)
 .bss           0x40016f36        0x0 /opt/sparc-elf-4.4.2/bin/../lib/gcc/sparc-elf/4.4.2/soft/libgcc.a(_si_to_sf.o)
 .bss           0x40016f36        0x0 /opt/sparc-elf-4.4.2/bin/../lib/gcc/sparc-elf/4.4.2/soft/libgcc.a(_sf_to_si.o)
 .bss           0x40016f36        0x0 /opt/sparc-elf-4.4.2/bin/../lib/gcc/sparc-elf/4.4.2/soft/libgcc.a(_sf_to_df.o)
 .bss           0x40016f36        0x0 /opt/sparc-elf-4.4.2/bin/../lib/gcc/sparc-elf/4.4.2/soft/libgcc.a(_thenan_sf.o)
 .bss           0x40016f36        0x0 /opt/sparc-elf-4.4.2/bin/../lib/gcc/sparc-elf/4.4.2/soft/libgcc.a(_addsub_df.o)
 .bss           0x40016f36        0x0 /opt/sparc-elf-4.4.2/bin/../lib/gcc/sparc-elf/4.4.2/soft/libgcc.a(_mul_df.o)
 .bss           0x40016f36        0x0 /opt/sparc-elf-4.4.2/bin/../lib/gcc/sparc-elf/4.4.2/soft/libgcc.a(_div_df.o)
 .bss           0x40016f36        0x0 /opt/sparc-elf-4.4.2/bin/../lib/gcc/sparc-elf/4.4.2/soft/libgcc.a(_gt_df.o)
 .bss           0x40016f36        0x0 /opt/sparc-elf-4.4.2/bin/../lib/gcc/sparc-elf/4.4.2/soft/libgcc.a(_df_to_si.o)
 .bss           0x40016f36        0x0 /opt/sparc-elf-4.4.2/bin/../lib/gcc/sparc-elf/4.4.2/soft/libgcc.a(_make_df.o)
 .bss           0x40016f36        0x0 /opt/sparc-elf-4.4.2/bin/../lib/gcc/sparc-elf/4.4.2/soft/libgcc.a(_df_to_sf.o)
 .bss           0x40016f36        0x0 /opt/sparc-elf-4.4.2/bin/../lib/gcc/sparc-elf/4.4.2/soft/libgcc.a(_thenan_df.o)
 .bss           0x40016f36        0x0 /opt/sparc-elf-4.4.2/bin/../lib/gcc/sparc-elf/4.4.2/soft/libgcc.a(_muldi3.o)
 .bss           0x40016f36        0x0 /opt/sparc-elf-4.4.2/bin/../lib/gcc/sparc-elf/4.4.2/soft/libgcc.a(_ucmpdi2.o)
 .bss           0x40016f36        0x0 /opt/sparc-elf-4.4.2/bin/../lib/gcc/sparc-elf/4.4.2/soft/libgcc.a(_clzsi2.o)
 .bss           0x40016f36        0x0 /opt/sparc-elf-4.4.2/bin/../lib/gcc/sparc-elf/4.4.2/soft/libgcc.a(_pack_sf.o)
 .bss           0x40016f36        0x0 /opt/sparc-elf-4.4.2/bin/../lib/gcc/sparc-elf/4.4.2/soft/libgcc.a(_unpack_sf.o)
 .bss           0x40016f36        0x0 /opt/sparc-elf-4.4.2/bin/../lib/gcc/sparc-elf/4.4.2/soft/libgcc.a(_fpcmp_parts_sf.o)
 .bss           0x40016f36        0x0 /opt/sparc-elf-4.4.2/bin/../lib/gcc/sparc-elf/4.4.2/soft/libgcc.a(_make_sf.o)
 .bss           0x40016f36        0x0 /opt/sparc-elf-4.4.2/bin/../lib/gcc/sparc-elf/4.4.2/soft/libgcc.a(_pack_df.o)
 .bss           0x40016f36        0x0 /opt/sparc-elf-4.4.2/bin/../lib/gcc/sparc-elf/4.4.2/soft/libgcc.a(_unpack_df.o)
 .bss           0x40016f36        0x0 /opt/sparc-elf-4.4.2/bin/../lib/gcc/sparc-elf/4.4.2/soft/libgcc.a(_fpcmp_parts_df.o)
 .bss           0x40016f36        0x0 /opt/sparc-elf-4.4.2/bin/../lib/gcc/sparc-elf/4.4.2/soft/libgcc.a(_mulsi3.o)
 .bss           0x40016f36        0x0 /opt/sparc-elf-4.4.2/bin/../lib/gcc/sparc-elf/4.4.2/soft/libgcc.a(_lshrdi3.o)
 .bss           0x40016f36        0x0 /opt/sparc-elf-4.4.2/bin/../lib/gcc/sparc-elf/4.4.2/soft/libgcc.a(_ashldi3.o)
 .bss           0x40016f36        0x0 /opt/sparc-elf-4.4.2/bin/../lib/gcc/sparc-elf/4.4.2/soft/libgcc.a(_clz.o)
 .bss           0x40016f36        0x0 /opt/sparc-elf-4.4.2/bin/../lib/gcc/sparc-elf/4.4.2/../../../../sparc-elf/lib/soft/libc.a(atexit.o)
 .bss           0x40016f36        0x0 /opt/sparc-elf-4.4.2/bin/../lib/gcc/sparc-elf/4.4.2/../../../../sparc-elf/lib/soft/libc.a(errno.o)
 .bss           0x40016f36        0x0 /opt/sparc-elf-4.4.2/bin/../lib/gcc/sparc-elf/4.4.2/../../../../sparc-elf/lib/soft/libc.a(impure.o)
 .bss           0x40016f36        0x0 /opt/sparc-elf-4.4.2/bin/../lib/gcc/sparc-elf/4.4.2/../../../../sparc-elf/lib/soft/libc.a(malloc.o)
 *fill*         0x40016f36        0x2 00
 .bss           0x40016f38       0x34 /opt/sparc-elf-4.4.2/bin/../lib/gcc/sparc-elf/4.4.2/../../../../sparc-elf/lib/soft/libc.a(mallocr.o)
                0x40016f38                __malloc_top_pad
                0x40016f3c                __malloc_max_sbrked_mem
                0x40016f44                __malloc_current_mallinfo
                0x40016f40                __malloc_max_total_mem
 .bss           0x40016f6c        0x0 /opt/sparc-elf-4.4.2/bin/../lib/gcc/sparc-elf/4.4.2/../../../../sparc-elf/lib/soft/libc.a(memcpy.o)
 .bss           0x40016f6c        0x0 /opt/sparc-elf-4.4.2/bin/../lib/gcc/sparc-elf/4.4.2/../../../../sparc-elf/lib/soft/libc.a(mlock.o)
 .bss           0x40016f6c        0x0 /opt/sparc-elf-4.4.2/bin/../lib/gcc/sparc-elf/4.4.2/../../../../sparc-elf/lib/soft/libc.a(printf.o)
 .bss           0x40016f6c        0x0 /opt/sparc-elf-4.4.2/bin/../lib/gcc/sparc-elf/4.4.2/../../../../sparc-elf/lib/soft/libc.a(sbrkr.o)
 .bss           0x40016f6c        0x0 /opt/sparc-elf-4.4.2/bin/../lib/gcc/sparc-elf/4.4.2/../../../../sparc-elf/lib/soft/libc.a(vfprintf.o)
 .bss           0x40016f6c        0x0 /opt/sparc-elf-4.4.2/bin/../lib/gcc/sparc-elf/4.4.2/../../../../sparc-elf/lib/soft/libc.a(wcrtomb.o)
 .bss           0x40016f6c        0x0 /opt/sparc-elf-4.4.2/bin/../lib/gcc/sparc-elf/4.4.2/../../../../sparc-elf/lib/soft/libc.a(wcsrtombs.o)
 .bss           0x40016f6c        0x0 /opt/sparc-elf-4.4.2/bin/../lib/gcc/sparc-elf/4.4.2/../../../../sparc-elf/lib/soft/libc.a(wctomb_r.o)
 .bss           0x40016f6c        0x0 /opt/sparc-elf-4.4.2/bin/../lib/gcc/sparc-elf/4.4.2/../../../../sparc-elf/lib/soft/libc.a(wsetup.o)
 .bss           0x40016f6c       0x74 /opt/sparc-elf-4.4.2/bin/../lib/gcc/sparc-elf/4.4.2/../../../../sparc-elf/lib/soft/libc.a(__atexit.o)
 .bss           0x40016fe0        0x0 /opt/sparc-elf-4.4.2/bin/../lib/gcc/sparc-elf/4.4.2/../../../../sparc-elf/lib/soft/libc.a(dtoa.o)
 .bss           0x40016fe0        0x0 /opt/sparc-elf-4.4.2/bin/../lib/gcc/sparc-elf/4.4.2/../../../../sparc-elf/lib/soft/libc.a(fflush.o)
 .bss           0x40016fe0        0x0 /opt/sparc-elf-4.4.2/bin/../lib/gcc/sparc-elf/4.4.2/../../../../sparc-elf/lib/soft/libc.a(findfp.o)
 .bss           0x40016fe0        0x0 /opt/sparc-elf-4.4.2/bin/../lib/gcc/sparc-elf/4.4.2/../../../../sparc-elf/lib/soft/libc.a(freer.o)
 .bss           0x40016fe0        0x0 /opt/sparc-elf-4.4.2/bin/../lib/gcc/sparc-elf/4.4.2/../../../../sparc-elf/lib/soft/libc.a(fvwrite.o)
 .bss           0x40016fe0        0x0 /opt/sparc-elf-4.4.2/bin/../lib/gcc/sparc-elf/4.4.2/../../../../sparc-elf/lib/soft/libc.a(fwalk.o)
 .bss           0x40016fe0        0xc /opt/sparc-elf-4.4.2/bin/../lib/gcc/sparc-elf/4.4.2/../../../../sparc-elf/lib/soft/libc.a(locale.o)
                0x40016fe0                __nlocale_changed
                0x40016fe4                __mlocale_changed
                0x40016fe8                _PathLocale
 .bss           0x40016fec        0x0 /opt/sparc-elf-4.4.2/bin/../lib/gcc/sparc-elf/4.4.2/../../../../sparc-elf/lib/soft/libc.a(makebuf.o)
 .bss           0x40016fec        0x0 /opt/sparc-elf-4.4.2/bin/../lib/gcc/sparc-elf/4.4.2/../../../../sparc-elf/lib/soft/libc.a(memchr.o)
 .bss           0x40016fec        0x0 /opt/sparc-elf-4.4.2/bin/../lib/gcc/sparc-elf/4.4.2/../../../../sparc-elf/lib/soft/libc.a(memmove.o)
 .bss           0x40016fec        0x0 /opt/sparc-elf-4.4.2/bin/../lib/gcc/sparc-elf/4.4.2/../../../../sparc-elf/lib/soft/libc.a(memset.o)
 .bss           0x40016fec        0x0 /opt/sparc-elf-4.4.2/bin/../lib/gcc/sparc-elf/4.4.2/../../../../sparc-elf/lib/soft/libc.a(mprec.o)
 .bss           0x40016fec        0x0 /opt/sparc-elf-4.4.2/bin/../lib/gcc/sparc-elf/4.4.2/../../../../sparc-elf/lib/soft/libc.a(reallocr.o)
 .bss           0x40016fec        0x0 /opt/sparc-elf-4.4.2/bin/../lib/gcc/sparc-elf/4.4.2/../../../../sparc-elf/lib/soft/libc.a(reent.o)
 .bss           0x40016fec        0x0 /opt/sparc-elf-4.4.2/bin/../lib/gcc/sparc-elf/4.4.2/../../../../sparc-elf/lib/soft/libc.a(s_isinf.o)
 .bss           0x40016fec        0x0 /opt/sparc-elf-4.4.2/bin/../lib/gcc/sparc-elf/4.4.2/../../../../sparc-elf/lib/soft/libc.a(s_isnan.o)
 .bss           0x40016fec        0x0 /opt/sparc-elf-4.4.2/bin/../lib/gcc/sparc-elf/4.4.2/../../../../sparc-elf/lib/soft/libc.a(stdio.o)
 .bss           0x40016fec        0x0 /opt/sparc-elf-4.4.2/bin/../lib/gcc/sparc-elf/4.4.2/../../../../sparc-elf/lib/soft/libc.a(strcmp.o)
 .bss           0x40016fec        0x0 /opt/sparc-elf-4.4.2/bin/../lib/gcc/sparc-elf/4.4.2/../../../../sparc-elf/lib/soft/libc.a(strlen.o)
 .bss           0x40016fec        0x0 /opt/sparc-elf-4.4.2/bin/../lib/gcc/sparc-elf/4.4.2/../../../../sparc-elf/lib/soft/libc.a(writer.o)
 .bss           0x40016fec        0x0 /opt/sparc-elf-4.4.2/bin/../lib/gcc/sparc-elf/4.4.2/../../../../sparc-elf/lib/soft/libc.a(callocr.o)
 .bss           0x40016fec        0x0 /opt/sparc-elf-4.4.2/bin/../lib/gcc/sparc-elf/4.4.2/../../../../sparc-elf/lib/soft/libc.a(closer.o)
 .bss           0x40016fec        0x0 /opt/sparc-elf-4.4.2/bin/../lib/gcc/sparc-elf/4.4.2/../../../../sparc-elf/lib/soft/libc.a(fclose.o)
 .bss           0x40016fec        0x0 /opt/sparc-elf-4.4.2/bin/../lib/gcc/sparc-elf/4.4.2/../../../../sparc-elf/lib/soft/libc.a(fstatr.o)
 .bss           0x40016fec        0x0 /opt/sparc-elf-4.4.2/bin/../lib/gcc/sparc-elf/4.4.2/../../../../sparc-elf/lib/soft/libc.a(lseekr.o)
 .bss           0x40016fec        0x0 /opt/sparc-elf-4.4.2/bin/../lib/gcc/sparc-elf/4.4.2/../../../../sparc-elf/lib/soft/libc.a(readr.o)
 .bss           0x40016fec        0x0 /opt/sparc-elf-4.4.2/bin/../lib/gcc/sparc-elf/4.4.2/soft/libgcc.a(_divsi3.o)
 .bss           0x40016fec        0x0 /opt/sparc-elf-4.4.2/bin/../lib/gcc/sparc-elf/4.4.2/soft/libgcc.a(_modsi3.o)
 .bss           0x40016fec        0x0 /opt/sparc-elf-4.4.2/bin/../lib/gcc/sparc-elf/4.4.2/soft/libgcc.a(_eq_df.o)