Copyright 1986-2014 Xilinx, Inc. All Rights Reserved.
-----------------------------------------------------------------------------------------------------------
| Tool Version : Vivado v.2014.1 (win32) Build 881834 Fri Apr  4 14:09:24 MDT 2014
| Date         : Tue Apr 22 14:40:46 2014
| Host         : MININT-VV401LP running 32-bit Service Pack 1  (build 7601)
| Command      : report_utilization -file leon3mp_utilization_placed.rpt -pb leon3mp_utilization_placed.pb
| Design       : leon3mp
| Device       : xc7a100t
| Design State : Fully Placed
-----------------------------------------------------------------------------------------------------------

Utilization Design Information

Table of Contents
-----------------
1. Slice Logic
2. Slice Logic Distribution
3. Memory
4. DSP
5. IO and GT Specific
6. Clocking
7. Specific Feature
8. Primitives
9. Black Boxes
10. Instantiated Netlists

1. Slice Logic
--------------

+----------------------------+-------+-------+-----------+-------+
|          Site Type         |  Used | Loced | Available | Util% |
+----------------------------+-------+-------+-----------+-------+
| Slice LUTs                 | 15884 |     0 |     63400 | 25.05 |
|   LUT as Logic             | 15429 |     0 |     63400 | 24.33 |
|   LUT as Memory            |   455 |     0 |     19000 |  2.39 |
|     LUT as Distributed RAM |   112 |     0 |           |       |
|     LUT as Shift Register  |   343 |     0 |           |       |
| Slice Registers            | 14764 |     0 |    126800 | 11.64 |
|   Register as Flip Flop    | 14732 |     0 |    126800 | 11.61 |
|   Register as Latch        |    32 |     0 |    126800 |  0.02 |
| F7 Muxes                   |  1011 |     0 |     31700 |  3.18 |
| F8 Muxes                   |   360 |     0 |     15850 |  2.27 |
+----------------------------+-------+-------+-----------+-------+


2. Slice Logic Distribution
---------------------------

+-------------------------------------------------------------+-----------+-------+-----------+-------+
|                          Site Type                          |    Used   | Loced | Available | Util% |
+-------------------------------------------------------------+-----------+-------+-----------+-------+
| Slice                                                       |      6916 |     0 |     15850 | 43.63 |
|   SLICEL                                                    |      4710 |     0 |           |       |
|   SLICEM                                                    |      2206 |     0 |           |       |
| LUT as Logic                                                |     15429 |     0 |     63400 | 24.33 |
|   using O5 output only                                      |         1 |       |           |       |
|   using O6 output only                                      |     13118 |       |           |       |
|   using O5 and O6                                           |      2310 |       |           |       |
| LUT as Memory                                               |       455 |     0 |     19000 |  2.39 |
|   LUT as Distributed RAM                                    |       112 |     0 |           |       |
|     using O5 output only                                    |         0 |       |           |       |
|     using O6 output only                                    |        64 |       |           |       |
|     using O5 and O6                                         |        48 |       |           |       |
|   LUT as Shift Register                                     |       343 |     0 |           |       |
|     using O5 output only                                    |         5 |       |           |       |
|     using O6 output only                                    |        97 |       |           |       |
|     using O5 and O6                                         |       241 |       |           |       |
| LUT Flip Flop Pairs                                         |     21334 |     0 |     63400 | 33.64 |
|   fully used LUT-FF pairs                                   |      7691 |       |           |       |
|   LUT-FF pairs with unused LUT                              |      5456 |       |           |       |
|   LUT-FF pairs with unused Flip Flop                        |      8187 |       |           |       |
| Unique Control Sets                                         |       627 |       |           |       |
| Minimum number of registers lost to control set restriction | 860(Lost) |       |           |       |
+-------------------------------------------------------------+-----------+-------+-----------+-------+


3. Memory
---------

+-------------------+------+-------+-----------+-------+
|     Site Type     | Used | Loced | Available | Util% |
+-------------------+------+-------+-----------+-------+
| Block RAM Tile    |   80 |     0 |       135 | 59.25 |
|   RAMB36/FIFO*    |   74 |     0 |       135 | 54.81 |
|     RAMB36E1 only |   74 |       |           |       |
|   RAMB18          |   12 |     0 |       270 |  4.44 |
|     RAMB18E1 only |   12 |       |           |       |
+-------------------+------+-------+-----------+-------+
* Note: Each Block RAM Tile only has one FIFO logic available and therefore can accommodate only one FIFO36E1 or one FIFO18E1. However, if a FIFO18E1 occupies a Block RAM Tile, that tile can still accommodate a RAMB18E1


4. DSP
------

+----------------+------+-------+-----------+-------+
|    Site Type   | Used | Loced | Available | Util% |
+----------------+------+-------+-----------+-------+
| DSPs           |    8 |     0 |       240 |  3.33 |
|   DSP48E1 only |    8 |       |           |       |
+----------------+------+-------+-----------+-------+


5. IO and GT Specific
---------------------

+-----------------------------+------+-------+-----------+-------+
|          Site Type          | Used | Loced | Available | Util% |
+-----------------------------+------+-------+-----------+-------+
| Bonded IOB                  |  106 |   106 |       210 | 50.47 |
|   IOB Master Pads           |   50 |       |           |       |
|   IOB Slave Pads            |   53 |       |           |       |
| Bonded IPADs                |    0 |     0 |         2 |  0.00 |
| PHY_CONTROL                 |    0 |     0 |         6 |  0.00 |
| PHASER_REF                  |    0 |     0 |         6 |  0.00 |
| OUT_FIFO                    |    0 |     0 |        24 |  0.00 |
| IN_FIFO                     |    0 |     0 |        24 |  0.00 |
| IDELAYCTRL                  |    0 |     0 |         6 |  0.00 |
| IBUFGDS                     |    0 |     0 |       202 |  0.00 |
| PHASER_OUT/PHASER_OUT_PHY   |    0 |     0 |        24 |  0.00 |
| PHASER_IN/PHASER_IN_PHY     |    0 |     0 |        24 |  0.00 |
| IDELAYE2/IDELAYE2_FINEDELAY |    0 |     0 |       300 |  0.00 |
| ODELAYE2/ODELAYE2_FINEDELAY |    0 |     0 |         0 |  0.00 |
| IBUFDS_GTE2                 |    0 |     0 |         4 |  0.00 |
| ILOGIC                      |    0 |     0 |       210 |  0.00 |
| OLOGIC                      |    0 |     0 |       210 |  0.00 |
+-----------------------------+------+-------+-----------+-------+


6. Clocking
-----------

+------------+------+-------+-----------+-------+
|  Site Type | Used | Loced | Available | Util% |
+------------+------+-------+-----------+-------+
| BUFGCTRL   |    6 |     0 |        32 | 18.75 |
| BUFIO      |    0 |     0 |        24 |  0.00 |
| MMCME2_ADV |    0 |     0 |         6 |  0.00 |
| PLLE2_ADV  |    2 |     0 |         6 | 33.33 |
| BUFMRCE    |    0 |     0 |        12 |  0.00 |
| BUFHCE     |    0 |     0 |        96 |  0.00 |
| BUFR       |    0 |     0 |        24 |  0.00 |
+------------+------+-------+-----------+-------+


7. Specific Feature
-------------------

+-------------+------+-------+-----------+--------+
|  Site Type  | Used | Loced | Available |  Util% |
+-------------+------+-------+-----------+--------+
| BSCANE2     |    1 |     1 |         4 |  25.00 |
| CAPTUREE2   |    0 |     0 |         1 |   0.00 |
| DNA_PORT    |    0 |     0 |         1 |   0.00 |
| EFUSE_USR   |    0 |     0 |         1 |   0.00 |
| FRAME_ECCE2 |    0 |     0 |         1 |   0.00 |
| ICAPE2      |    0 |     0 |         2 |   0.00 |
| PCIE_2_1    |    0 |     0 |         1 |   0.00 |
| STARTUPE2   |    0 |     0 |         1 |   0.00 |
| XADC        |    1 |     1 |         1 | 100.00 |
+-------------+------+-------+-----------+--------+


8. Primitives
-------------

+-----------+------+---------------------+
|  Ref Name | Used | Functional Category |
+-----------+------+---------------------+
| FDRE      | 8882 |        Flop & Latch |
| LUT6      | 8191 |                 LUT |
| FDCE      | 5695 |        Flop & Latch |
| LUT5      | 2913 |                 LUT |
| LUT4      | 2592 |                 LUT |
| LUT3      | 2531 |                 LUT |
| LUT2      | 1302 |                 LUT |
| MUXF7     | 1011 |               MuxFx |
| CARRY4    |  478 |          CarryLogic |
| MUXF8     |  360 |               MuxFx |
| SRLC32E   |  290 |  Distributed Memory |
| SRL16E    |  290 |  Distributed Memory |
| LUT1      |  210 |                 LUT |
| FDSE      |  125 |        Flop & Latch |
| RAMB36E1  |   74 |        Block Memory |
| RAMD32    |   72 |  Distributed Memory |
| RAMD64E   |   64 |  Distributed Memory |
| OBUF      |   59 |                  IO |
| IBUF      |   47 |                  IO |
| LDCE      |   32 |        Flop & Latch |
| FDPE      |   30 |        Flop & Latch |
| RAMS32    |   24 |  Distributed Memory |
| OBUFT     |   17 |                  IO |
| RAMB18E1  |   12 |        Block Memory |
| DSP48E1   |    8 |    Block Arithmetic |
| BUFG      |    6 |               Clock |
| SRLC16E   |    4 |  Distributed Memory |
| PLLE2_ADV |    2 |               Clock |
| XADC      |    1 |              Others |
| BSCANE2   |    1 |              Others |
+-----------+------+---------------------+


9. Black Boxes
--------------

+----------+------+
| Ref Name | Used |
+----------+------+


10. Instantiated Netlists
-------------------------

+------------+------+
|  Ref Name  | Used |
+------------+------+
| ila_1      |    1 |
| dbg_hub_CV |    1 |
| ADC        |    1 |
+------------+------+


