Copyright 1986-2014 Xilinx, Inc. All Rights Reserved.
-------------------------------------------------------------------------------------
| Tool Version : Vivado v.2014.1 (win32) Build 881834 Fri Apr  4 14:09:24 MDT 2014
| Date         : Wed Apr 23 15:24:02 2014
| Host         : MININT-VV401LP running 32-bit Service Pack 1  (build 7601)
| Command      : report_clock_utilization -file leon3mp_clock_utilization_placed.rpt
| Design       : leon3mp
| Device       : xc7a100t
-------------------------------------------------------------------------------------

Clock Utilization Report

Table of Contents
-----------------
1. Clock Primitive Utilization
2. Details of Global Clocks
3. Details of Regional Clocks
4. Details of Multi-Regional Clocks
5. Details of I/O Clocks
6. Details of Local Clocks
7. Clock Regions : Key Resource Utilization
8. Net wise resources used in clock region X0Y0
9. Net wise resources used in clock region X1Y0
10. Net wise resources used in clock region X0Y1
11. Net wise resources used in clock region X1Y1
12. Net wise resources used in clock region X0Y2
13. Net wise resources used in clock region X1Y2
14. Net wise resources used in clock region X0Y3
15. Net wise resources used in clock region X1Y3

1. Clock Primitive Utilization
------------------------------

+-------+------+-----------+------------+
| Type  | Used | Available | Num Locked |
+-------+------+-----------+------------+
| BUFG  |    6 |        32 |          0 |
| BUFH  |    0 |        96 |          0 |
| BUFIO |    0 |        24 |          0 |
| MMCM  |    0 |         6 |          0 |
| PLL   |    2 |         6 |          0 |
| BUFR  |    0 |        24 |          0 |
| BUFMR |    0 |        12 |          0 |
+-------+------+-----------+------------+


2. Details of Global Clocks
---------------------------

+-------+--------------------------+--------------------+---------------+--------+---------------+-----------+
|       |                          |                    |   Num Loads   |        |               |           |
+-------+--------------------------+--------------------+-------+-------+--------+---------------+-----------+
| Index | BUFG Cell                | Net Name           |  BELs | Sites | Locked | MaxDelay (ns) | Skew (ns) |
+-------+--------------------------+--------------------+-------+-------+--------+---------------+-----------+
|     1 | bufgclk0                 | O                  |     1 |     1 |     no |         2.859 |     0.143 |
|     2 | n_0_13363_BUFG_inst      | n_0_13363_BUFG     |    32 |    13 |     no |         1.791 |     0.162 |
|     3 | dbg_hub/inst/u_bufg_icon | dbg_hub/inst/idrck |   267 |    59 |     no |         1.776 |     0.172 |
|     4 | bufgclk45                | n_2_bufgclk45      |   343 |   145 |     no |         2.037 |     0.417 |
|     5 | clkgen0/xc7l.v/bufgclk0  | clkgen0/xc7l.v/O1  |  6768 |  3058 |     no |         1.970 |     0.444 |
|     6 | clk_IBUF_BUFG_inst       | clk_IBUF_BUFG      | 11476 |  3744 |     no |         2.053 |     0.504 |
+-------+--------------------------+--------------------+-------+-------+--------+---------------+-----------+


+-------+-------------------------------+-------------------------+--------------+--------+---------------+-----------+
|       |                               |                         |   Num Loads  |        |               |           |
+-------+-------------------------------+-------------------------+------+-------+--------+---------------+-----------+
| Index | PLL Cell                      | Net Name                | BELs | Sites | Locked | MaxDelay (ns) | Skew (ns) |
+-------+-------------------------------+-------------------------+------+-------+--------+---------------+-----------+
|     1 | clkgen0/xc7l.v/PLLE2_ADV_inst | clkgen0/xc7l.v/CLKOUT1  |    0 |     0 |     no |         0.000 |     0.000 |
|     2 | clkgen0/xc7l.v/PLLE2_ADV_inst | clkgen0/xc7l.v/CLKOUT2  |    0 |     0 |     no |         0.000 |     0.000 |
|     3 | PLLE2_ADV_inst                | CLKFBOUT                |    1 |     1 |     no |         0.014 |     0.001 |
|     4 | PLLE2_ADV_inst                | CLKOUT0                 |    1 |     1 |     no |         1.704 |     0.085 |
|     5 | PLLE2_ADV_inst                | CLKOUT1                 |    1 |     1 |     no |         1.704 |     0.085 |
|     6 | clkgen0/xc7l.v/PLLE2_ADV_inst | clkgen0/xc7l.v/CLKFBOUT |    1 |     1 |     no |         0.014 |     0.001 |
|     7 | clkgen0/xc7l.v/PLLE2_ADV_inst | clkgen0/xc7l.v/CLKOUT0  |    1 |     1 |     no |         2.012 |     0.101 |
+-------+-------------------------------+-------------------------+------+-------+--------+---------------+-----------+


3. Details of Regional Clocks
-----------------------------

4. Details of Multi-Regional Clocks
-----------------------------------

5. Details of I/O Clocks
------------------------

6. Details of Local Clocks
--------------------------

+-------+--------------------------------------------------+-----------------------------------+--------------+--------+---------------+-----------+
|       |                                                  |                                   |   Num Loads  |        |               |           |
+-------+--------------------------------------------------+-----------------------------------+------+-------+--------+---------------+-----------+
| Index | Local Clk Src                                    | Net Name                          | BELs | Sites | Locked | MaxDelay (ns) | Skew (ns) |
+-------+--------------------------------------------------+-----------------------------------+------+-------+--------+---------------+-----------+
|     1 | dbg_hub/inst/bscan_inst/SERIES7_BSCAN.bscan_inst | dbg_hub/inst/bscan_inst/UPDATE    |    1 |     1 |    yes |         0.000 |     0.000 |
|     2 | io0/inst_top/inst_clk_divider/clk25MHz_reg       | io0/inst_top/inst_clk_divider/CLK |   25 |     7 |     no |         2.777 |     1.138 |
+-------+--------------------------------------------------+-----------------------------------+------+-------+--------+---------------+-----------+


7. Clock Regions : Key Resource Utilization
-------------------------------------------

+-------------------+--------------+--------------+--------------+--------------+--------------+--------------+--------------+--------------+--------------+--------------+--------------+--------------+--------------+--------------+--------------+
|                   | Global Clock |     BUFRs    |    BUFMRs    |    BUFIOs    |     MMCM     |      PLL     |      GT      |      PCI     |    ILOGIC    |    OLOGIC    |      FF      |     LUTM     |    RAMB18    |    RAMB36    |    DSP48E1   |
+-------------------+------+-------+------+-------+------+-------+------+-------+------+-------+------+-------+------+-------+------+-------+------+-------+------+-------+------+-------+------+-------+------+-------+------+-------+------+-------+
| Clock Region Name | Used | Avail | Used | Avail | Used | Avail | Used | Avail | Used | Avail | Used | Avail | Used | Avail | Used | Avail | Used | Avail | Used | Avail | Used | Avail | Used | Avail | Used | Avail | Used | Avail | Used | Avail |
+-------------------+------+-------+------+-------+------+-------+------+-------+------+-------+------+-------+------+-------+------+-------+------+-------+------+-------+------+-------+------+-------+------+-------+------+-------+------+-------+
| X0Y0              |    2 |    12 |    0 |     4 |    0 |     2 |    0 |     4 |    0 |     1 |    1 |     1 |    0 |     0 |    0 |     0 |    0 |    50 |    0 |    50 |  155 | 20800 |    0 |  2400 |    0 |    20 |    4 |    10 |    0 |    20 |
| X1Y0              |    1 |    12 |    0 |     0 |    0 |     0 |    0 |     0 |    0 |     0 |    0 |     0 |    0 |     5 |    0 |     0 |    0 |     0 |    0 |     0 |    2 | 12000 |    0 |  2200 |    0 |    40 |   11 |    20 |    0 |    40 |
| X0Y1              |    4 |    12 |    0 |     4 |    0 |     2 |    0 |     4 |    0 |     1 |    1 |     1 |    0 |     0 |    0 |     0 |    0 |    50 |    0 |    50 | 2304 | 16000 |   48 |  2400 |    0 |    20 |   10 |    10 |    0 |    20 |
| X1Y1              |    3 |    12 |    0 |     4 |    0 |     2 |    0 |     4 |    0 |     1 |    0 |     1 |    0 |     0 |    0 |     0 |    0 |    50 |    0 |    50 | 2884 | 15200 |   19 |  2600 |   12 |    60 |   23 |    30 |    4 |    40 |
| X0Y2              |    4 |    12 |    0 |     4 |    0 |     2 |    0 |     4 |    0 |     1 |    0 |     1 |    0 |     0 |    0 |     0 |    0 |    50 |    0 |    50 | 4366 | 16000 |  341 |  2400 |    0 |    20 |   10 |    10 |    0 |    20 |
| X1Y2              |    4 |    12 |    0 |     4 |    0 |     2 |    0 |     4 |    0 |     1 |    0 |     1 |    0 |     0 |    0 |     0 |    0 |    50 |    0 |    50 | 5507 | 15200 |  530 |  2600 |    0 |    60 |   30 |    30 |    4 |    40 |
| X0Y3              |    3 |    12 |    0 |     4 |    0 |     2 |    0 |     4 |    0 |     1 |    0 |     1 |    0 |     0 |    0 |     0 |    0 |    50 |    0 |    50 | 1687 | 20800 |   96 |  2400 |    0 |    20 |    8 |    10 |    0 |    20 |
| X1Y3              |    2 |    12 |    0 |     0 |    0 |     0 |    0 |     0 |    0 |     0 |    0 |     0 |    0 |     5 |    0 |     1 |    0 |     0 |    0 |     0 |  766 | 10800 |   82 |  2000 |    0 |    30 |   10 |    15 |    0 |    40 |
+-------------------+------+-------+------+-------+------+-------+------+-------+------+-------+------+-------+------+-------+------+-------+------+-------+------+-------+------+-------+------+-------+------+-------+------+-------+------+-------+
* RAMB36 site can be used as two RAMB18/FIFO18 sites


8. Net wise resources used in clock region X0Y0
-----------------------------------------------

+-------------+-------------+--------+-----------+----------+---------+-----------+---------+---------+-----+-------+----------+-------------------+
| Source Type | BUFHCE Site | Locked | MMCM Pins | PLL Pins | GT Pins | BRAM Pins | ILOGICs | OLOGICs | FFs | LUTMs | DSP48E1s |   Clock Net Name  |
+-------------+-------------+--------+-----------+----------+---------+-----------+---------+---------+-----+-------+----------+-------------------+
| BUFG        |     ---     |   no   |         0 |        0 |       0 |         0 |       0 |       0 |  40 |     0 |        0 | clkgen0/xc7l.v/O1 |
| BUFG        |     ---     |   no   |         0 |        1 |       0 |         8 |       0 |       0 | 115 |     0 |        0 | clk_IBUF_BUFG     |
+-------------+-------------+--------+-----------+----------+---------+-----------+---------+---------+-----+-------+----------+-------------------+


9. Net wise resources used in clock region X1Y0
-----------------------------------------------

+-------------+-------------+--------+-----------+----------+---------+-----------+---------+---------+-----+-------+----------+----------------+
| Source Type | BUFHCE Site | Locked | MMCM Pins | PLL Pins | GT Pins | BRAM Pins | ILOGICs | OLOGICs | FFs | LUTMs | DSP48E1s | Clock Net Name |
+-------------+-------------+--------+-----------+----------+---------+-----------+---------+---------+-----+-------+----------+----------------+
| BUFG        |     ---     |   no   |         0 |        0 |       0 |        22 |       0 |       0 |   2 |     0 |        0 | clk_IBUF_BUFG  |
+-------------+-------------+--------+-----------+----------+---------+-----------+---------+---------+-----+-------+----------+----------------+


10. Net wise resources used in clock region X0Y1
------------------------------------------------

+-------------+-------------+--------+-----------+----------+---------+-----------+---------+---------+------+-------+----------+--------------------+
| Source Type | BUFHCE Site | Locked | MMCM Pins | PLL Pins | GT Pins | BRAM Pins | ILOGICs | OLOGICs |  FFs | LUTMs | DSP48E1s |   Clock Net Name   |
+-------------+-------------+--------+-----------+----------+---------+-----------+---------+---------+------+-------+----------+--------------------+
| BUFG        |     ---     |   no   |         0 |        0 |       0 |         0 |       0 |       0 |    1 |     0 |        0 | dbg_hub/inst/idrck |
| BUFG        |     ---     |   no   |         0 |        1 |       0 |        16 |       0 |       0 |   57 |     0 |        0 | clk_IBUF_BUFG      |
| BUFG        |     ---     |   no   |         0 |        0 |       0 |         0 |       0 |       0 |  243 |     0 |        0 | n_2_bufgclk45      |
| BUFG        |     ---     |   no   |         0 |        0 |       0 |         4 |       0 |       0 | 1985 |    48 |        0 | clkgen0/xc7l.v/O1  |
+-------------+-------------+--------+-----------+----------+---------+-----------+---------+---------+------+-------+----------+--------------------+


11. Net wise resources used in clock region X1Y1
------------------------------------------------

+-------------+-------------+--------+-----------+----------+---------+-----------+---------+---------+------+-------+----------+-------------------+
| Source Type | BUFHCE Site | Locked | MMCM Pins | PLL Pins | GT Pins | BRAM Pins | ILOGICs | OLOGICs |  FFs | LUTMs | DSP48E1s |   Clock Net Name  |
+-------------+-------------+--------+-----------+----------+---------+-----------+---------+---------+------+-------+----------+-------------------+
| BUFG        |     ---     |   no   |         0 |        0 |       0 |         0 |       0 |       0 |   30 |     0 |        0 | n_2_bufgclk45     |
| BUFG        |     ---     |   no   |         0 |        0 |       0 |        24 |       0 |       0 |  158 |     8 |        0 | clk_IBUF_BUFG     |
| BUFG        |     ---     |   no   |         0 |        0 |       0 |        32 |       0 |       0 | 2686 |    11 |        2 | clkgen0/xc7l.v/O1 |
+-------------+-------------+--------+-----------+----------+---------+-----------+---------+---------+------+-------+----------+-------------------+


12. Net wise resources used in clock region X0Y2
------------------------------------------------

+-------------+-------------+--------+-----------+----------+---------+-----------+---------+---------+------+-------+----------+--------------------+
| Source Type | BUFHCE Site | Locked | MMCM Pins | PLL Pins | GT Pins | BRAM Pins | ILOGICs | OLOGICs |  FFs | LUTMs | DSP48E1s |   Clock Net Name   |
+-------------+-------------+--------+-----------+----------+---------+-----------+---------+---------+------+-------+----------+--------------------+
| BUFG        |     ---     |   no   |         0 |        0 |       0 |         0 |       0 |       0 |   69 |     0 |        0 | n_2_bufgclk45      |
| BUFG        |     ---     |   no   |         0 |        0 |       0 |         0 |       0 |       0 |  144 |     0 |        0 | dbg_hub/inst/idrck |
| BUFG        |     ---     |   no   |         0 |        0 |       0 |         0 |       0 |       0 | 1016 |     0 |        0 | clkgen0/xc7l.v/O1  |
| BUFG        |     ---     |   no   |         0 |        0 |       0 |        20 |       0 |       0 | 3108 |   341 |        0 | clk_IBUF_BUFG      |
+-------------+-------------+--------+-----------+----------+---------+-----------+---------+---------+------+-------+----------+--------------------+


13. Net wise resources used in clock region X1Y2
------------------------------------------------

+-------------+-------------+--------+-----------+----------+---------+-----------+---------+---------+------+-------+----------+--------------------+
| Source Type | BUFHCE Site | Locked | MMCM Pins | PLL Pins | GT Pins | BRAM Pins | ILOGICs | OLOGICs |  FFs | LUTMs | DSP48E1s |   Clock Net Name   |
+-------------+-------------+--------+-----------+----------+---------+-----------+---------+---------+------+-------+----------+--------------------+
| BUFG        |     ---     |   no   |         0 |        0 |       0 |         0 |       0 |       0 |   98 |    24 |        0 | dbg_hub/inst/idrck |
| BUFG        |     ---     |   no   |         0 |        0 |       0 |         1 |       0 |       0 |  905 |    32 |        0 | clkgen0/xc7l.v/O1  |
| BUFG        |     ---     |   no   |         0 |        0 |       0 |        59 |       0 |       0 | 4504 |   474 |        0 | clk_IBUF_BUFG      |
+-------------+-------------+--------+-----------+----------+---------+-----------+---------+---------+------+-------+----------+--------------------+


14. Net wise resources used in clock region X0Y3
------------------------------------------------

+-------------+-------------+--------+-----------+----------+---------+-----------+---------+---------+------+-------+----------+-------------------+
| Source Type | BUFHCE Site | Locked | MMCM Pins | PLL Pins | GT Pins | BRAM Pins | ILOGICs | OLOGICs |  FFs | LUTMs | DSP48E1s |   Clock Net Name  |
+-------------+-------------+--------+-----------+----------+---------+-----------+---------+---------+------+-------+----------+-------------------+
| BUFG        |     ---     |   no   |         0 |        0 |       0 |         0 |       0 |       0 |    1 |     0 |        0 | n_2_bufgclk45     |
| BUFG        |     ---     |   no   |         0 |        0 |       0 |         0 |       0 |       0 |   11 |     0 |        0 | clkgen0/xc7l.v/O1 |
| BUFG        |     ---     |   no   |         0 |        0 |       0 |        16 |       0 |       0 | 1675 |    96 |        0 | clk_IBUF_BUFG     |
+-------------+-------------+--------+-----------+----------+---------+-----------+---------+---------+------+-------+----------+-------------------+


15. Net wise resources used in clock region X1Y3
------------------------------------------------

+-------------+-------------+--------+-----------+----------+---------+-----------+---------+---------+-----+-------+----------+-------------------+
| Source Type | BUFHCE Site | Locked | MMCM Pins | PLL Pins | GT Pins | BRAM Pins | ILOGICs | OLOGICs | FFs | LUTMs | DSP48E1s |   Clock Net Name  |
+-------------+-------------+--------+-----------+----------+---------+-----------+---------+---------+-----+-------+----------+-------------------+
| BUFG        |     ---     |   no   |         0 |        0 |       0 |         0 |       0 |       0 |   5 |     0 |        0 | clkgen0/xc7l.v/O1 |
| BUFG        |     ---     |   no   |         0 |        0 |       0 |        20 |       0 |       0 | 761 |    82 |        0 | clk_IBUF_BUFG     |
+-------------+-------------+--------+-----------+----------+---------+-----------+---------+---------+-----+-------+----------+-------------------+



# Location of BUFG Primitives 
set_property LOC BUFGCTRL_X0Y1 [get_cells bufgclk0]
set_property LOC BUFGCTRL_X0Y4 [get_cells n_0_13363_BUFG_inst]
set_property LOC BUFGCTRL_X0Y3 [get_cells dbg_hub/inst/u_bufg_icon]
set_property LOC BUFGCTRL_X0Y2 [get_cells bufgclk45]
set_property LOC BUFGCTRL_X0Y0 [get_cells clkgen0/xc7l.v/bufgclk0]
set_property LOC BUFGCTRL_X0Y16 [get_cells clk_IBUF_BUFG_inst]

# Location of IO Clock Primitives

# Location of MMCM Clock Primitives

# Location of BUFH Clock Primitives

# Location of BUFR Clock Primitives

# Location of BUFMR Clock Primitives

# Location of PLL Clock Primitives
set_property LOC PLLE2_ADV_X0Y0 [get_cells clkgen0/xc7l.v/PLLE2_ADV_inst]
set_property LOC PLLE2_ADV_X0Y1 [get_cells PLLE2_ADV_inst]

# Location of IO Primitives which is load of clock spine
set_property LOC IOB_X1Y128 [get_cells etxc_pad/xcv.x0/ttl0.slow0.op]
set_property LOC IOB_X0Y74 [get_cells jb_OBUF[1]_inst]

# Location of clock ports
set_property LOC IOB_X1Y126 [get_ports clk]

# Clock net "n_2_bufgclk45" driven by instance "bufgclk45" located at site "BUFGCTRL_X0Y2"
#startgroup
create_pblock CLKAG_n_2_bufgclk45
add_cells_to_pblock [get_pblocks  CLKAG_n_2_bufgclk45] [get_cells  -filter { IS_PRIMITIVE==1 && PRIMITIVE_LEVEL !=INTERNAL } -of_object [get_pins -filter {DIRECTION==IN} -of_objects [get_nets -hierarchical -filter {PARENT=="n_2_bufgclk45"}]]]
resize_pblock [get_pblocks CLKAG_n_2_bufgclk45] -add {CLOCKREGION_X0Y0:CLOCKREGION_X0Y0 CLOCKREGION_X0Y1:CLOCKREGION_X0Y1 CLOCKREGION_X0Y2:CLOCKREGION_X0Y2 CLOCKREGION_X0Y3:CLOCKREGION_X0Y3 CLOCKREGION_X1Y0:CLOCKREGION_X1Y0 CLOCKREGION_X1Y1:CLOCKREGION_X1Y1 CLOCKREGION_X1Y2:CLOCKREGION_X1Y2 CLOCKREGION_X1Y3:CLOCKREGION_X1Y3}
#endgroup

# Clock net "clk_IBUF_BUFG" driven by instance "clk_IBUF_BUFG_inst" located at site "BUFGCTRL_X0Y16"
#startgroup
create_pblock CLKAG_clk_IBUF_BUFG
add_cells_to_pblock [get_pblocks  CLKAG_clk_IBUF_BUFG] [get_cells  -filter { IS_PRIMITIVE==1 && PRIMITIVE_LEVEL !=INTERNAL && NAME!=clkgen0/xc7l.v/PLLE2_ADV_inst && NAME!=PLLE2_ADV_inst} -of_object [get_pins -filter {DIRECTION==IN} -of_objects [get_nets -hierarchical -filter {PARENT=="clk_IBUF_BUFG"}]]]
resize_pblock [get_pblocks CLKAG_clk_IBUF_BUFG] -add {CLOCKREGION_X0Y0:CLOCKREGION_X0Y0 CLOCKREGION_X0Y1:CLOCKREGION_X0Y1 CLOCKREGION_X0Y2:CLOCKREGION_X0Y2 CLOCKREGION_X0Y3:CLOCKREGION_X0Y3 CLOCKREGION_X1Y0:CLOCKREGION_X1Y0 CLOCKREGION_X1Y1:CLOCKREGION_X1Y1 CLOCKREGION_X1Y2:CLOCKREGION_X1Y2 CLOCKREGION_X1Y3:CLOCKREGION_X1Y3}
#endgroup

# Clock net "clkgen0/xc7l.v/O1" driven by instance "clkgen0/xc7l.v/bufgclk0" located at site "BUFGCTRL_X0Y0"
#startgroup
create_pblock CLKAG_clkgen0/xc7l.v/O1
add_cells_to_pblock [get_pblocks  CLKAG_clkgen0/xc7l.v/O1] [get_cells  -filter { IS_PRIMITIVE==1 && PRIMITIVE_LEVEL !=INTERNAL } -of_object [get_pins -filter {DIRECTION==IN} -of_objects [get_nets -hierarchical -filter {PARENT=="clkgen0/xc7l.v/O1"}]]]
resize_pblock [get_pblocks CLKAG_clkgen0/xc7l.v/O1] -add {CLOCKREGION_X0Y0:CLOCKREGION_X0Y0 CLOCKREGION_X0Y1:CLOCKREGION_X0Y1 CLOCKREGION_X0Y2:CLOCKREGION_X0Y2 CLOCKREGION_X0Y3:CLOCKREGION_X0Y3 CLOCKREGION_X1Y0:CLOCKREGION_X1Y0 CLOCKREGION_X1Y1:CLOCKREGION_X1Y1 CLOCKREGION_X1Y2:CLOCKREGION_X1Y2 CLOCKREGION_X1Y3:CLOCKREGION_X1Y3}
#endgroup

# Clock net "dbg_hub/inst/idrck" driven by instance "dbg_hub/inst/u_bufg_icon" located at site "BUFGCTRL_X0Y3"
#startgroup
create_pblock CLKAG_dbg_hub/inst/idrck
add_cells_to_pblock [get_pblocks  CLKAG_dbg_hub/inst/idrck] [get_cells  -filter { IS_PRIMITIVE==1 && PRIMITIVE_LEVEL !=INTERNAL } -of_object [get_pins -filter {DIRECTION==IN} -of_objects [get_nets -hierarchical -filter {PARENT=="dbg_hub/inst/idrck"}]]]
resize_pblock [get_pblocks CLKAG_dbg_hub/inst/idrck] -add {CLOCKREGION_X0Y0:CLOCKREGION_X0Y0 CLOCKREGION_X0Y1:CLOCKREGION_X0Y1 CLOCKREGION_X0Y2:CLOCKREGION_X0Y2 CLOCKREGION_X0Y3:CLOCKREGION_X0Y3 CLOCKREGION_X1Y0:CLOCKREGION_X1Y0 CLOCKREGION_X1Y1:CLOCKREGION_X1Y1 CLOCKREGION_X1Y2:CLOCKREGION_X1Y2 CLOCKREGION_X1Y3:CLOCKREGION_X1Y3}
#endgroup

# Clock net "n_0_13363_BUFG" driven by instance "n_0_13363_BUFG_inst" located at site "BUFGCTRL_X0Y4"
#startgroup
create_pblock CLKAG_n_0_13363_BUFG
add_cells_to_pblock [get_pblocks  CLKAG_n_0_13363_BUFG] [get_cells  -filter { IS_PRIMITIVE==1 && PRIMITIVE_LEVEL !=INTERNAL } -of_object [get_pins -filter {DIRECTION==IN} -of_objects [get_nets -hierarchical -filter {PARENT=="n_0_13363_BUFG"}]]]
resize_pblock [get_pblocks CLKAG_n_0_13363_BUFG] -add {CLOCKREGION_X0Y0:CLOCKREGION_X0Y0 CLOCKREGION_X0Y1:CLOCKREGION_X0Y1 CLOCKREGION_X0Y2:CLOCKREGION_X0Y2 CLOCKREGION_X0Y3:CLOCKREGION_X0Y3 CLOCKREGION_X1Y0:CLOCKREGION_X1Y0 CLOCKREGION_X1Y1:CLOCKREGION_X1Y1 CLOCKREGION_X1Y2:CLOCKREGION_X1Y2 CLOCKREGION_X1Y3:CLOCKREGION_X1Y3}
#endgroup

# Clock net "io0/inst_top/inst_clk_divider/CLK" driven by instance "io0/inst_top/inst_clk_divider/clk25MHz_reg" located at site "SLICE_X1Y107"
#startgroup
create_pblock CLKAG_io0/inst_top/inst_clk_divider/CLK
add_cells_to_pblock [get_pblocks  CLKAG_io0/inst_top/inst_clk_divider/CLK] [get_cells  -filter { IS_PRIMITIVE==1 && PRIMITIVE_LEVEL !=INTERNAL && NAME!=jb_OBUF[1]_inst} -of_object [get_pins -filter {DIRECTION==IN} -of_objects [get_nets -hierarchical -filter {PARENT=="io0/inst_top/inst_clk_divider/CLK"}]]]
resize_pblock [get_pblocks CLKAG_io0/inst_top/inst_clk_divider/CLK] -add {CLOCKREGION_X0Y0:CLOCKREGION_X0Y0 CLOCKREGION_X0Y1:CLOCKREGION_X0Y1 CLOCKREGION_X0Y2:CLOCKREGION_X0Y2 CLOCKREGION_X0Y3:CLOCKREGION_X0Y3 CLOCKREGION_X1Y0:CLOCKREGION_X1Y0 CLOCKREGION_X1Y1:CLOCKREGION_X1Y1 CLOCKREGION_X1Y2:CLOCKREGION_X1Y2 CLOCKREGION_X1Y3:CLOCKREGION_X1Y3}
#endgroup

# Clock net "dbg_hub/inst/bscan_inst/UPDATE" driven by instance "dbg_hub/inst/bscan_inst/SERIES7_BSCAN.bscan_inst" located at site "BSCAN_X0Y0"
#startgroup
create_pblock CLKAG_dbg_hub/inst/bscan_inst/UPDATE
add_cells_to_pblock [get_pblocks  CLKAG_dbg_hub/inst/bscan_inst/UPDATE] [get_cells  -filter { IS_PRIMITIVE==1 && PRIMITIVE_LEVEL !=INTERNAL } -of_object [get_pins -filter {DIRECTION==IN} -of_objects [get_nets -hierarchical -filter {PARENT=="dbg_hub/inst/bscan_inst/UPDATE"}]]]
resize_pblock [get_pblocks CLKAG_dbg_hub/inst/bscan_inst/UPDATE] -add {CLOCKREGION_X0Y0:CLOCKREGION_X0Y0 CLOCKREGION_X0Y1:CLOCKREGION_X0Y1 CLOCKREGION_X0Y2:CLOCKREGION_X0Y2 CLOCKREGION_X0Y3:CLOCKREGION_X0Y3 CLOCKREGION_X1Y0:CLOCKREGION_X1Y0 CLOCKREGION_X1Y1:CLOCKREGION_X1Y1 CLOCKREGION_X1Y2:CLOCKREGION_X1Y2 CLOCKREGION_X1Y3:CLOCKREGION_X1Y3}
#endgroup
